[0.380s] Invoking command in '/workspace/build/explore_lite': AMENT_PREFIX_PATH=/workspace/install/explore_lite_msgs:${AMENT_PREFIX_PATH} CMAKE_PREFIX_PATH=/workspace/install/explore_lite_msgs:/opt/ros/humble LD_LIBRARY_PATH=/workspace/install/explore_lite_msgs/lib:${LD_LIBRARY_PATH} PYTHONPATH=/workspace/install/explore_lite_msgs/local/lib/python3.10/dist-packages:${PYTHONPATH} /usr/bin/cmake --build /workspace/build/explore_lite -- -j8 -l8
[0.491s] [ 40%] Built target gtest_main
[0.491s] [ 40%] Built target gtest
[0.521s] [ 80%] Built target explore
[0.529s] [100%] Built target test_explore
[0.547s] Invoked command in '/workspace/build/explore_lite' returned '0': AMENT_PREFIX_PATH=/workspace/install/explore_lite_msgs:${AMENT_PREFIX_PATH} CMAKE_PREFIX_PATH=/workspace/install/explore_lite_msgs:/opt/ros/humble LD_LIBRARY_PATH=/workspace/install/explore_lite_msgs/lib:${LD_LIBRARY_PATH} PYTHONPATH=/workspace/install/explore_lite_msgs/local/lib/python3.10/dist-packages:${PYTHONPATH} /usr/bin/cmake --build /workspace/build/explore_lite -- -j8 -l8
[0.550s] Invoking command in '/workspace/build/explore_lite': AMENT_PREFIX_PATH=/workspace/install/explore_lite_msgs:${AMENT_PREFIX_PATH} CMAKE_PREFIX_PATH=/workspace/install/explore_lite_msgs:/opt/ros/humble LD_LIBRARY_PATH=/workspace/install/explore_lite_msgs/lib:${LD_LIBRARY_PATH} PYTHONPATH=/workspace/install/explore_lite_msgs/local/lib/python3.10/dist-packages:${PYTHONPATH} /usr/bin/cmake --install /workspace/build/explore_lite
[0.561s] -- Install configuration: ""
[0.561s] -- Up-to-date: /workspace/install/explore_lite/include/explore/
[0.561s] -- Up-to-date: /workspace/install/explore_lite/include/explore//costmap_client.h
[0.562s] -- Up-to-date: /workspace/install/explore_lite/include/explore//explore.h
[0.562s] -- Up-to-date: /workspace/install/explore_lite/include/explore//costmap_tools.h
[0.562s] -- Up-to-date: /workspace/install/explore_lite/include/explore//frontier_search.h
[0.562s] -- Up-to-date: /workspace/install/explore_lite/share/explore_lite/config
[0.562s] -- Up-to-date: /workspace/install/explore_lite/share/explore_lite/config/params.yaml
[0.562s] -- Up-to-date: /workspace/install/explore_lite/share/explore_lite/config/params_costmap.yaml
[0.562s] -- Up-to-date: /workspace/install/explore_lite/share/explore_lite/launch
[0.562s] -- Up-to-date: /workspace/install/explore_lite/share/explore_lite/launch/explore.launch.py
[0.563s] -- Up-to-date: /workspace/install/explore_lite/lib/explore_lite/explore
[0.564s] -- Up-to-date: /workspace/install/explore_lite/share/ament_index/resource_index/package_run_dependencies/explore_lite
[0.564s] -- Up-to-date: /workspace/install/explore_lite/share/ament_index/resource_index/parent_prefix_path/explore_lite
[0.564s] -- Up-to-date: /workspace/install/explore_lite/share/explore_lite/environment/ament_prefix_path.sh
[0.565s] -- Up-to-date: /workspace/install/explore_lite/share/explore_lite/environment/ament_prefix_path.dsv
[0.565s] -- Up-to-date: /workspace/install/explore_lite/share/explore_lite/environment/path.sh
[0.565s] -- Up-to-date: /workspace/install/explore_lite/share/explore_lite/environment/path.dsv
[0.565s] -- Up-to-date: /workspace/install/explore_lite/share/explore_lite/local_setup.bash
[0.565s] -- Up-to-date: /workspace/install/explore_lite/share/explore_lite/local_setup.sh
[0.565s] -- Up-to-date: /workspace/install/explore_lite/share/explore_lite/local_setup.zsh
[0.565s] -- Up-to-date: /workspace/install/explore_lite/share/explore_lite/local_setup.dsv
[0.565s] -- Installing: /workspace/install/explore_lite/share/explore_lite/package.dsv
[0.566s] -- Up-to-date: /workspace/install/explore_lite/share/ament_index/resource_index/packages/explore_lite
[0.566s] -- Up-to-date: /workspace/install/explore_lite/share/explore_lite/cmake/ament_cmake_export_dependencies-extras.cmake
[0.566s] -- Up-to-date: /workspace/install/explore_lite/share/explore_lite/cmake/ament_cmake_export_include_directories-extras.cmake
[0.566s] -- Up-to-date: /workspace/install/explore_lite/share/explore_lite/cmake/explore_liteConfig.cmake
[0.566s] -- Up-to-date: /workspace/install/explore_lite/share/explore_lite/cmake/explore_liteConfig-version.cmake
[0.566s] -- Up-to-date: /workspace/install/explore_lite/share/explore_lite/package.xml
[0.570s] Invoked command in '/workspace/build/explore_lite' returned '0': AMENT_PREFIX_PATH=/workspace/install/explore_lite_msgs:${AMENT_PREFIX_PATH} CMAKE_PREFIX_PATH=/workspace/install/explore_lite_msgs:/opt/ros/humble LD_LIBRARY_PATH=/workspace/install/explore_lite_msgs/lib:${LD_LIBRARY_PATH} PYTHONPATH=/workspace/install/explore_lite_msgs/local/lib/python3.10/dist-packages:${PYTHONPATH} /usr/bin/cmake --install /workspace/build/explore_lite
