[0.184s] DEBUG:colcon:Command line arguments: ['/usr/bin/colcon', 'build', '--packages-select', 'multirobot_map_merge', 'explore_lite_msgs']
[0.184s] DEBUG:colcon:Parsed command line arguments: Namespace(log_base=None, log_level=None, verb_name='build', build_base='build', install_base='install', merge_install=False, symlink_install=False, test_result_base=None, continue_on_error=False, executor='parallel', parallel_workers=8, event_handlers=None, ignore_user_meta=False, metas=['./colcon.meta'], base_paths=['.'], packages_ignore=None, packages_ignore_regex=None, paths=None, packages_up_to=None, packages_up_to_regex=None, packages_above=None, packages_above_and_dependencies=None, packages_above_depth=None, packages_select_by_dep=None, packages_skip_by_dep=None, packages_skip_up_to=None, packages_select_build_failed=False, packages_skip_build_finished=False, packages_select_test_failures=False, packages_skip_test_passed=False, packages_select=['multirobot_map_merge', 'explore_lite_msgs'], packages_skip=None, packages_select_regex=None, packages_skip_regex=None, packages_start=None, packages_end=None, cmake_args=None, cmake_target=None, cmake_target_skip_unavailable=False, cmake_clean_cache=False, cmake_clean_first=False, cmake_force_configure=False, ament_cmake_args=None, catkin_cmake_args=None, catkin_skip_building_tests=False, mixin_files=None, mixin=None, verb_parser=<colcon_mixin.mixin.mixin_argument.MixinArgumentDecorator object at 0xffffaa162080>, verb_extension=<colcon_core.verb.build.BuildVerb object at 0xffffaa161bd0>, main=<bound method BuildVerb.main of <colcon_core.verb.build.BuildVerb object at 0xffffaa161bd0>>, mixin_verb=('build',))
[0.370s] Level 1:colcon.colcon_core.package_discovery:discover_packages(colcon_meta) check parameters
[0.372s] INFO:colcon.colcon_metadata.package_discovery.colcon_meta:Using configuration from '/root/.colcon/metadata/default/Gazebo.meta'
[0.372s] INFO:colcon.colcon_metadata.package_discovery.colcon_meta:Using configuration from '/root/.colcon/metadata/default/fastdds.meta'
[0.373s] INFO:colcon.colcon_metadata.package_discovery.colcon_meta:Using configuration from '/root/.colcon/metadata/default/fastrtps.meta'
[0.373s] Level 1:colcon.colcon_core.package_discovery:discover_packages(recursive) check parameters
[0.373s] Level 1:colcon.colcon_core.package_discovery:discover_packages(ignore) check parameters
[0.373s] Level 1:colcon.colcon_core.package_discovery:discover_packages(path) check parameters
[0.373s] Level 1:colcon.colcon_core.package_discovery:discover_packages(colcon_meta) discover
[0.373s] Level 1:colcon.colcon_core.package_discovery:discover_packages(recursive) discover
[0.374s] INFO:colcon.colcon_core.package_discovery:Crawling recursively for packages in '/workspace'
[0.374s] Level 1:colcon.colcon_core.package_identification:_identify(.) by extensions ['ignore', 'ignore_ament_install']
[0.374s] Level 1:colcon.colcon_core.package_identification:_identify(.) by extension 'ignore'
[0.374s] Level 1:colcon.colcon_core.package_identification:_identify(.) by extension 'ignore_ament_install'
[0.374s] Level 1:colcon.colcon_core.package_identification:_identify(.) by extensions ['colcon_pkg']
[0.374s] Level 1:colcon.colcon_core.package_identification:_identify(.) by extension 'colcon_pkg'
[0.374s] Level 1:colcon.colcon_core.package_identification:_identify(.) by extensions ['colcon_meta']
[0.374s] Level 1:colcon.colcon_core.package_identification:_identify(.) by extension 'colcon_meta'
[0.374s] Level 1:colcon.colcon_core.package_identification:_identify(.) by extensions ['ros']
[0.374s] Level 1:colcon.colcon_core.package_identification:_identify(.) by extension 'ros'
[0.392s] Level 1:colcon.colcon_core.package_identification:_identify(.) by extensions ['cmake', 'python']
[0.392s] Level 1:colcon.colcon_core.package_identification:_identify(.) by extension 'cmake'
[0.392s] Level 1:colcon.colcon_core.package_identification:_identify(.) by extension 'python'
[0.392s] Level 1:colcon.colcon_core.package_identification:_identify(.) by extensions ['python_setup_py']
[0.392s] Level 1:colcon.colcon_core.package_identification:_identify(.) by extension 'python_setup_py'
[0.392s] Level 1:colcon.colcon_core.package_identification:_identify(build) by extensions ['ignore', 'ignore_ament_install']
[0.393s] Level 1:colcon.colcon_core.package_identification:_identify(build) by extension 'ignore'
[0.393s] Level 1:colcon.colcon_core.package_identification:_identify(build) ignored
[0.393s] Level 1:colcon.colcon_core.package_identification:_identify(install) by extensions ['ignore', 'ignore_ament_install']
[0.393s] Level 1:colcon.colcon_core.package_identification:_identify(install) by extension 'ignore'
[0.393s] Level 1:colcon.colcon_core.package_identification:_identify(install) ignored
[0.393s] Level 1:colcon.colcon_core.package_identification:_identify(log) by extensions ['ignore', 'ignore_ament_install']
[0.393s] Level 1:colcon.colcon_core.package_identification:_identify(log) by extension 'ignore'
[0.394s] Level 1:colcon.colcon_core.package_identification:_identify(log) ignored
[0.394s] Level 1:colcon.colcon_core.package_identification:_identify(sdk) by extensions ['ignore', 'ignore_ament_install']
[0.394s] Level 1:colcon.colcon_core.package_identification:_identify(sdk) by extension 'ignore'
[0.394s] Level 1:colcon.colcon_core.package_identification:_identify(sdk) by extension 'ignore_ament_install'
[0.394s] Level 1:colcon.colcon_core.package_identification:_identify(sdk) by extensions ['colcon_pkg']
[0.394s] Level 1:colcon.colcon_core.package_identification:_identify(sdk) by extension 'colcon_pkg'
[0.394s] Level 1:colcon.colcon_core.package_identification:_identify(sdk) by extensions ['colcon_meta']
[0.394s] Level 1:colcon.colcon_core.package_identification:_identify(sdk) by extension 'colcon_meta'
[0.394s] Level 1:colcon.colcon_core.package_identification:_identify(sdk) by extensions ['ros']
[0.394s] Level 1:colcon.colcon_core.package_identification:_identify(sdk) by extension 'ros'
[0.394s] Level 1:colcon.colcon_core.package_identification:_identify(sdk) by extensions ['cmake', 'python']
[0.394s] Level 1:colcon.colcon_core.package_identification:_identify(sdk) by extension 'cmake'
[0.395s] Level 1:colcon.colcon_core.package_identification:_identify(sdk) by extension 'python'
[0.395s] Level 1:colcon.colcon_core.package_identification:_identify(sdk) by extensions ['python_setup_py']
[0.395s] Level 1:colcon.colcon_core.package_identification:_identify(sdk) by extension 'python_setup_py'
[0.395s] Level 1:colcon.colcon_core.package_identification:_identify(sdk/unitree_sdk2_python) by extensions ['ignore', 'ignore_ament_install']
[0.395s] Level 1:colcon.colcon_core.package_identification:_identify(sdk/unitree_sdk2_python) by extension 'ignore'
[0.395s] Level 1:colcon.colcon_core.package_identification:_identify(sdk/unitree_sdk2_python) by extension 'ignore_ament_install'
[0.395s] Level 1:colcon.colcon_core.package_identification:_identify(sdk/unitree_sdk2_python) by extensions ['colcon_pkg']
[0.395s] Level 1:colcon.colcon_core.package_identification:_identify(sdk/unitree_sdk2_python) by extension 'colcon_pkg'
[0.395s] Level 1:colcon.colcon_core.package_identification:_identify(sdk/unitree_sdk2_python) by extensions ['colcon_meta']
[0.395s] Level 1:colcon.colcon_core.package_identification:_identify(sdk/unitree_sdk2_python) by extension 'colcon_meta'
[0.395s] Level 1:colcon.colcon_core.package_identification:_identify(sdk/unitree_sdk2_python) by extensions ['ros']
[0.395s] Level 1:colcon.colcon_core.package_identification:_identify(sdk/unitree_sdk2_python) by extension 'ros'
[0.395s] Level 1:colcon.colcon_core.package_identification:_identify(sdk/unitree_sdk2_python) by extensions ['cmake', 'python']
[0.396s] Level 1:colcon.colcon_core.package_identification:_identify(sdk/unitree_sdk2_python) by extension 'cmake'
[0.396s] Level 1:colcon.colcon_core.package_identification:_identify(sdk/unitree_sdk2_python) by extension 'python'
[0.396s] Level 1:colcon.colcon_core.package_identification:_identify(sdk/unitree_sdk2_python) by extensions ['python_setup_py']
[0.396s] Level 1:colcon.colcon_core.package_identification:_identify(sdk/unitree_sdk2_python) by extension 'python_setup_py'
[0.719s] DEBUG:colcon.colcon_core.package_identification:Package 'sdk/unitree_sdk2_python' with type 'python' and name 'unitree_sdk2py'
[0.719s] Level 1:colcon.colcon_core.package_identification:_identify(src) by extensions ['ignore', 'ignore_ament_install']
[0.719s] Level 1:colcon.colcon_core.package_identification:_identify(src) by extension 'ignore'
[0.719s] Level 1:colcon.colcon_core.package_identification:_identify(src) by extension 'ignore_ament_install'
[0.720s] Level 1:colcon.colcon_core.package_identification:_identify(src) by extensions ['colcon_pkg']
[0.720s] Level 1:colcon.colcon_core.package_identification:_identify(src) by extension 'colcon_pkg'
[0.720s] Level 1:colcon.colcon_core.package_identification:_identify(src) by extensions ['colcon_meta']
[0.720s] Level 1:colcon.colcon_core.package_identification:_identify(src) by extension 'colcon_meta'
[0.720s] Level 1:colcon.colcon_core.package_identification:_identify(src) by extensions ['ros']
[0.720s] Level 1:colcon.colcon_core.package_identification:_identify(src) by extension 'ros'
[0.720s] Level 1:colcon.colcon_core.package_identification:_identify(src) by extensions ['cmake', 'python']
[0.720s] Level 1:colcon.colcon_core.package_identification:_identify(src) by extension 'cmake'
[0.720s] Level 1:colcon.colcon_core.package_identification:_identify(src) by extension 'python'
[0.720s] Level 1:colcon.colcon_core.package_identification:_identify(src) by extensions ['python_setup_py']
[0.720s] Level 1:colcon.colcon_core.package_identification:_identify(src) by extension 'python_setup_py'
[0.720s] Level 1:colcon.colcon_core.package_identification:_identify(src/go2_nav) by extensions ['ignore', 'ignore_ament_install']
[0.721s] Level 1:colcon.colcon_core.package_identification:_identify(src/go2_nav) by extension 'ignore'
[0.721s] Level 1:colcon.colcon_core.package_identification:_identify(src/go2_nav) by extension 'ignore_ament_install'
[0.721s] Level 1:colcon.colcon_core.package_identification:_identify(src/go2_nav) by extensions ['colcon_pkg']
[0.721s] Level 1:colcon.colcon_core.package_identification:_identify(src/go2_nav) by extension 'colcon_pkg'
[0.721s] Level 1:colcon.colcon_core.package_identification:_identify(src/go2_nav) by extensions ['colcon_meta']
[0.721s] Level 1:colcon.colcon_core.package_identification:_identify(src/go2_nav) by extension 'colcon_meta'
[0.721s] Level 1:colcon.colcon_core.package_identification:_identify(src/go2_nav) by extensions ['ros']
[0.721s] Level 1:colcon.colcon_core.package_identification:_identify(src/go2_nav) by extension 'ros'
[0.725s] DEBUG:colcon.colcon_core.package_identification:Package 'src/go2_nav' with type 'ros.ament_python' and name 'go2_nav'
[0.725s] Level 1:colcon.colcon_core.package_identification:_identify(src/go2_vision) by extensions ['ignore', 'ignore_ament_install']
[0.726s] Level 1:colcon.colcon_core.package_identification:_identify(src/go2_vision) by extension 'ignore'
[0.726s] Level 1:colcon.colcon_core.package_identification:_identify(src/go2_vision) by extension 'ignore_ament_install'
[0.726s] Level 1:colcon.colcon_core.package_identification:_identify(src/go2_vision) by extensions ['colcon_pkg']
[0.726s] Level 1:colcon.colcon_core.package_identification:_identify(src/go2_vision) by extension 'colcon_pkg'
[0.726s] Level 1:colcon.colcon_core.package_identification:_identify(src/go2_vision) by extensions ['colcon_meta']
[0.726s] Level 1:colcon.colcon_core.package_identification:_identify(src/go2_vision) by extension 'colcon_meta'
[0.726s] Level 1:colcon.colcon_core.package_identification:_identify(src/go2_vision) by extensions ['ros']
[0.726s] Level 1:colcon.colcon_core.package_identification:_identify(src/go2_vision) by extension 'ros'
[0.727s] DEBUG:colcon.colcon_core.package_identification:Package 'src/go2_vision' with type 'ros.ament_python' and name 'go2_vision'
[0.727s] Level 1:colcon.colcon_core.package_identification:_identify(src/m-explore-ros2) by extensions ['ignore', 'ignore_ament_install']
[0.727s] Level 1:colcon.colcon_core.package_identification:_identify(src/m-explore-ros2) by extension 'ignore'
[0.727s] Level 1:colcon.colcon_core.package_identification:_identify(src/m-explore-ros2) by extension 'ignore_ament_install'
[0.727s] Level 1:colcon.colcon_core.package_identification:_identify(src/m-explore-ros2) by extensions ['colcon_pkg']
[0.727s] Level 1:colcon.colcon_core.package_identification:_identify(src/m-explore-ros2) by extension 'colcon_pkg'
[0.727s] Level 1:colcon.colcon_core.package_identification:_identify(src/m-explore-ros2) by extensions ['colcon_meta']
[0.727s] Level 1:colcon.colcon_core.package_identification:_identify(src/m-explore-ros2) by extension 'colcon_meta'
[0.728s] Level 1:colcon.colcon_core.package_identification:_identify(src/m-explore-ros2) by extensions ['ros']
[0.728s] Level 1:colcon.colcon_core.package_identification:_identify(src/m-explore-ros2) by extension 'ros'
[0.728s] Level 1:colcon.colcon_core.package_identification:_identify(src/m-explore-ros2) by extensions ['cmake', 'python']
[0.728s] Level 1:colcon.colcon_core.package_identification:_identify(src/m-explore-ros2) by extension 'cmake'
[0.728s] Level 1:colcon.colcon_core.package_identification:_identify(src/m-explore-ros2) by extension 'python'
[0.728s] Level 1:colcon.colcon_core.package_identification:_identify(src/m-explore-ros2) by extensions ['python_setup_py']
[0.728s] Level 1:colcon.colcon_core.package_identification:_identify(src/m-explore-ros2) by extension 'python_setup_py'
[0.728s] Level 1:colcon.colcon_core.package_identification:_identify(src/m-explore-ros2/explore) by extensions ['ignore', 'ignore_ament_install']
[0.728s] Level 1:colcon.colcon_core.package_identification:_identify(src/m-explore-ros2/explore) by extension 'ignore'
[0.728s] Level 1:colcon.colcon_core.package_identification:_identify(src/m-explore-ros2/explore) by extension 'ignore_ament_install'
[0.728s] Level 1:colcon.colcon_core.package_identification:_identify(src/m-explore-ros2/explore) by extensions ['colcon_pkg']
[0.728s] Level 1:colcon.colcon_core.package_identification:_identify(src/m-explore-ros2/explore) by extension 'colcon_pkg'
[0.728s] Level 1:colcon.colcon_core.package_identification:_identify(src/m-explore-ros2/explore) by extensions ['colcon_meta']
[0.729s] Level 1:colcon.colcon_core.package_identification:_identify(src/m-explore-ros2/explore) by extension 'colcon_meta'
[0.729s] Level 1:colcon.colcon_core.package_identification:_identify(src/m-explore-ros2/explore) by extensions ['ros']
[0.729s] Level 1:colcon.colcon_core.package_identification:_identify(src/m-explore-ros2/explore) by extension 'ros'
[0.731s] DEBUG:colcon.colcon_core.package_identification:Package 'src/m-explore-ros2/explore' with type 'ros.ament_cmake' and name 'explore_lite'
[0.731s] Level 1:colcon.colcon_core.package_identification:_identify(src/m-explore-ros2/explore_lite_msgs) by extensions ['ignore', 'ignore_ament_install']
[0.731s] Level 1:colcon.colcon_core.package_identification:_identify(src/m-explore-ros2/explore_lite_msgs) by extension 'ignore'
[0.731s] Level 1:colcon.colcon_core.package_identification:_identify(src/m-explore-ros2/explore_lite_msgs) by extension 'ignore_ament_install'
[0.731s] Level 1:colcon.colcon_core.package_identification:_identify(src/m-explore-ros2/explore_lite_msgs) by extensions ['colcon_pkg']
[0.731s] Level 1:colcon.colcon_core.package_identification:_identify(src/m-explore-ros2/explore_lite_msgs) by extension 'colcon_pkg'
[0.731s] Level 1:colcon.colcon_core.package_identification:_identify(src/m-explore-ros2/explore_lite_msgs) by extensions ['colcon_meta']
[0.731s] Level 1:colcon.colcon_core.package_identification:_identify(src/m-explore-ros2/explore_lite_msgs) by extension 'colcon_meta'
[0.731s] Level 1:colcon.colcon_core.package_identification:_identify(src/m-explore-ros2/explore_lite_msgs) by extensions ['ros']
[0.731s] Level 1:colcon.colcon_core.package_identification:_identify(src/m-explore-ros2/explore_lite_msgs) by extension 'ros'
[0.732s] DEBUG:colcon.colcon_core.package_identification:Package 'src/m-explore-ros2/explore_lite_msgs' with type 'ros.ament_cmake' and name 'explore_lite_msgs'
[0.732s] Level 1:colcon.colcon_core.package_identification:_identify(src/m-explore-ros2/map_merge) by extensions ['ignore', 'ignore_ament_install']
[0.732s] Level 1:colcon.colcon_core.package_identification:_identify(src/m-explore-ros2/map_merge) by extension 'ignore'
[0.732s] Level 1:colcon.colcon_core.package_identification:_identify(src/m-explore-ros2/map_merge) by extension 'ignore_ament_install'
[0.733s] Level 1:colcon.colcon_core.package_identification:_identify(src/m-explore-ros2/map_merge) by extensions ['colcon_pkg']
[0.733s] Level 1:colcon.colcon_core.package_identification:_identify(src/m-explore-ros2/map_merge) by extension 'colcon_pkg'
[0.733s] Level 1:colcon.colcon_core.package_identification:_identify(src/m-explore-ros2/map_merge) by extensions ['colcon_meta']
[0.733s] Level 1:colcon.colcon_core.package_identification:_identify(src/m-explore-ros2/map_merge) by extension 'colcon_meta'
[0.733s] Level 1:colcon.colcon_core.package_identification:_identify(src/m-explore-ros2/map_merge) by extensions ['ros']
[0.733s] Level 1:colcon.colcon_core.package_identification:_identify(src/m-explore-ros2/map_merge) by extension 'ros'
[0.734s] DEBUG:colcon.colcon_core.package_identification:Package 'src/m-explore-ros2/map_merge' with type 'ros.ament_cmake' and name 'multirobot_map_merge'
[0.734s] Level 1:colcon.colcon_core.package_discovery:discover_packages(recursive) using defaults
[0.734s] Level 1:colcon.colcon_core.package_discovery:discover_packages(ignore) discover
[0.734s] Level 1:colcon.colcon_core.package_discovery:discover_packages(ignore) using defaults
[0.735s] Level 1:colcon.colcon_core.package_discovery:discover_packages(path) discover
[0.735s] Level 1:colcon.colcon_core.package_discovery:discover_packages(path) using defaults
[0.768s] INFO:colcon.colcon_core.package_selection:Skipping not selected package 'go2_nav' in 'src/go2_nav'
[0.768s] INFO:colcon.colcon_core.package_selection:Skipping not selected package 'go2_vision' in 'src/go2_vision'
[0.768s] INFO:colcon.colcon_core.package_selection:Skipping not selected package 'unitree_sdk2py' in 'sdk/unitree_sdk2_python'
[0.768s] INFO:colcon.colcon_core.package_selection:Skipping not selected package 'explore_lite' in 'src/m-explore-ros2/explore'
[0.769s] Level 5:colcon.colcon_core.verb:set package 'explore_lite_msgs' build argument 'cmake_args' from command line to 'None'
[0.769s] Level 5:colcon.colcon_core.verb:set package 'explore_lite_msgs' build argument 'cmake_target' from command line to 'None'
[0.769s] Level 5:colcon.colcon_core.verb:set package 'explore_lite_msgs' build argument 'cmake_target_skip_unavailable' from command line to 'False'
[0.769s] Level 5:colcon.colcon_core.verb:set package 'explore_lite_msgs' build argument 'cmake_clean_cache' from command line to 'False'
[0.769s] Level 5:colcon.colcon_core.verb:set package 'explore_lite_msgs' build argument 'cmake_clean_first' from command line to 'False'
[0.769s] Level 5:colcon.colcon_core.verb:set package 'explore_lite_msgs' build argument 'cmake_force_configure' from command line to 'False'
[0.769s] Level 5:colcon.colcon_core.verb:set package 'explore_lite_msgs' build argument 'ament_cmake_args' from command line to 'None'
[0.769s] Level 5:colcon.colcon_core.verb:set package 'explore_lite_msgs' build argument 'catkin_cmake_args' from command line to 'None'
[0.769s] Level 5:colcon.colcon_core.verb:set package 'explore_lite_msgs' build argument 'catkin_skip_building_tests' from command line to 'False'
[0.769s] DEBUG:colcon.colcon_core.verb:Building package 'explore_lite_msgs' with the following arguments: {'ament_cmake_args': None, 'build_base': '/workspace/build/explore_lite_msgs', 'catkin_cmake_args': None, 'catkin_skip_building_tests': False, 'cmake_args': None, 'cmake_clean_cache': False, 'cmake_clean_first': False, 'cmake_force_configure': False, 'cmake_target': None, 'cmake_target_skip_unavailable': False, 'install_base': '/workspace/install/explore_lite_msgs', 'merge_install': False, 'path': '/workspace/src/m-explore-ros2/explore_lite_msgs', 'symlink_install': False, 'test_result_base': None}
[0.770s] Level 5:colcon.colcon_core.verb:set package 'multirobot_map_merge' build argument 'cmake_args' from command line to 'None'
[0.770s] Level 5:colcon.colcon_core.verb:set package 'multirobot_map_merge' build argument 'cmake_target' from command line to 'None'
[0.770s] Level 5:colcon.colcon_core.verb:set package 'multirobot_map_merge' build argument 'cmake_target_skip_unavailable' from command line to 'False'
[0.770s] Level 5:colcon.colcon_core.verb:set package 'multirobot_map_merge' build argument 'cmake_clean_cache' from command line to 'False'
[0.770s] Level 5:colcon.colcon_core.verb:set package 'multirobot_map_merge' build argument 'cmake_clean_first' from command line to 'False'
[0.770s] Level 5:colcon.colcon_core.verb:set package 'multirobot_map_merge' build argument 'cmake_force_configure' from command line to 'False'
[0.770s] Level 5:colcon.colcon_core.verb:set package 'multirobot_map_merge' build argument 'ament_cmake_args' from command line to 'None'
[0.770s] Level 5:colcon.colcon_core.verb:set package 'multirobot_map_merge' build argument 'catkin_cmake_args' from command line to 'None'
[0.770s] Level 5:colcon.colcon_core.verb:set package 'multirobot_map_merge' build argument 'catkin_skip_building_tests' from command line to 'False'
[0.770s] DEBUG:colcon.colcon_core.verb:Building package 'multirobot_map_merge' with the following arguments: {'ament_cmake_args': None, 'build_base': '/workspace/build/multirobot_map_merge', 'catkin_cmake_args': None, 'catkin_skip_building_tests': False, 'cmake_args': None, 'cmake_clean_cache': False, 'cmake_clean_first': False, 'cmake_force_configure': False, 'cmake_target': None, 'cmake_target_skip_unavailable': False, 'install_base': '/workspace/install/multirobot_map_merge', 'merge_install': False, 'path': '/workspace/src/m-explore-ros2/map_merge', 'symlink_install': False, 'test_result_base': None}
[0.770s] INFO:colcon.colcon_core.executor:Executing jobs using 'parallel' executor
[0.772s] DEBUG:colcon.colcon_parallel_executor.executor.parallel:run_until_complete
[0.773s] INFO:colcon.colcon_ros.task.ament_cmake.build:Building ROS package in '/workspace/src/m-explore-ros2/explore_lite_msgs' with build type 'ament_cmake'
[0.773s] INFO:colcon.colcon_cmake.task.cmake.build:Building CMake package in '/workspace/src/m-explore-ros2/explore_lite_msgs'
[0.777s] INFO:colcon.colcon_core.plugin_system:Skipping extension 'colcon_core.shell.bat': Not used on non-Windows systems
[0.777s] INFO:colcon.colcon_core.shell:Skip shell extension 'powershell' for command environment: Not usable outside of PowerShell
[0.777s] DEBUG:colcon.colcon_core.shell:Skip shell extension 'dsv' for command environment
[0.783s] INFO:colcon.colcon_ros.task.ament_cmake.build:Building ROS package in '/workspace/src/m-explore-ros2/map_merge' with build type 'ament_cmake'
[0.784s] INFO:colcon.colcon_cmake.task.cmake.build:Building CMake package in '/workspace/src/m-explore-ros2/map_merge'
[0.784s] INFO:colcon.colcon_core.shell:Skip shell extension 'powershell' for command environment: Not usable outside of PowerShell
[0.784s] DEBUG:colcon.colcon_core.shell:Skip shell extension 'dsv' for command environment
[0.792s] DEBUG:colcon.colcon_core.event_handler.log_command:Invoking command in '/workspace/build/explore_lite_msgs': CMAKE_PREFIX_PATH=/opt/ros/humble /usr/bin/cmake --build /workspace/build/explore_lite_msgs -- -j8 -l8
[0.800s] DEBUG:colcon.colcon_core.event_handler.log_command:Invoking command in '/workspace/build/multirobot_map_merge': CMAKE_PREFIX_PATH=/opt/ros/humble /usr/bin/cmake /workspace/src/m-explore-ros2/map_merge -DCMAKE_INSTALL_PREFIX=/workspace/install/multirobot_map_merge
[1.265s] DEBUG:colcon.colcon_core.event_handler.log_command:Invoked command in '/workspace/build/explore_lite_msgs' returned '0': CMAKE_PREFIX_PATH=/opt/ros/humble /usr/bin/cmake --build /workspace/build/explore_lite_msgs -- -j8 -l8
[1.279s] DEBUG:colcon.colcon_core.event_handler.log_command:Invoking command in '/workspace/build/explore_lite_msgs': CMAKE_PREFIX_PATH=/opt/ros/humble /usr/bin/cmake --install /workspace/build/explore_lite_msgs
[1.377s] Level 1:colcon.colcon_core.environment:create_environment_scripts_only(explore_lite_msgs)
[1.378s] DEBUG:colcon.colcon_core.event_handler.log_command:Invoked command in '/workspace/build/explore_lite_msgs' returned '0': CMAKE_PREFIX_PATH=/opt/ros/humble /usr/bin/cmake --install /workspace/build/explore_lite_msgs
[1.383s] Level 1:colcon.colcon_core.environment:checking '/workspace/install/explore_lite_msgs' for CMake module files
[1.385s] Level 1:colcon.colcon_core.environment:checking '/workspace/install/explore_lite_msgs' for CMake config files
[1.387s] Level 1:colcon.colcon_core.shell:create_environment_hook('explore_lite_msgs', 'cmake_prefix_path')
[1.388s] INFO:colcon.colcon_core.shell:Creating environment hook '/workspace/install/explore_lite_msgs/share/explore_lite_msgs/hook/cmake_prefix_path.ps1'
[1.390s] INFO:colcon.colcon_core.shell:Creating environment descriptor '/workspace/install/explore_lite_msgs/share/explore_lite_msgs/hook/cmake_prefix_path.dsv'
[1.391s] INFO:colcon.colcon_core.shell:Creating environment hook '/workspace/install/explore_lite_msgs/share/explore_lite_msgs/hook/cmake_prefix_path.sh'
[1.394s] Level 1:colcon.colcon_core.environment:checking '/workspace/install/explore_lite_msgs/lib'
[1.395s] Level 1:colcon.colcon_core.shell:create_environment_hook('explore_lite_msgs', 'ld_library_path_lib')
[1.396s] INFO:colcon.colcon_core.shell:Creating environment hook '/workspace/install/explore_lite_msgs/share/explore_lite_msgs/hook/ld_library_path_lib.ps1'
[1.397s] INFO:colcon.colcon_core.shell:Creating environment descriptor '/workspace/install/explore_lite_msgs/share/explore_lite_msgs/hook/ld_library_path_lib.dsv'
[1.398s] INFO:colcon.colcon_core.shell:Creating environment hook '/workspace/install/explore_lite_msgs/share/explore_lite_msgs/hook/ld_library_path_lib.sh'
[1.399s] Level 1:colcon.colcon_core.environment:checking '/workspace/install/explore_lite_msgs/bin'
[1.400s] Level 1:colcon.colcon_core.environment:checking '/workspace/install/explore_lite_msgs/lib/pkgconfig/explore_lite_msgs.pc'
[1.404s] Level 1:colcon.colcon_core.environment:checking '/workspace/install/explore_lite_msgs/lib/python3.10/site-packages'
[1.406s] Level 1:colcon.colcon_core.environment:checking '/workspace/install/explore_lite_msgs/bin'
[1.407s] INFO:colcon.colcon_core.shell:Creating package script '/workspace/install/explore_lite_msgs/share/explore_lite_msgs/package.ps1'
[1.411s] INFO:colcon.colcon_core.shell:Creating package descriptor '/workspace/install/explore_lite_msgs/share/explore_lite_msgs/package.dsv'
[1.412s] INFO:colcon.colcon_core.shell:Creating package script '/workspace/install/explore_lite_msgs/share/explore_lite_msgs/package.sh'
[1.415s] INFO:colcon.colcon_core.shell:Creating package script '/workspace/install/explore_lite_msgs/share/explore_lite_msgs/package.bash'
[1.416s] INFO:colcon.colcon_core.shell:Creating package script '/workspace/install/explore_lite_msgs/share/explore_lite_msgs/package.zsh'
[1.418s] Level 1:colcon.colcon_core.environment:create_file_with_runtime_dependencies(/workspace/install/explore_lite_msgs/share/colcon-core/packages/explore_lite_msgs)
[1.420s] Level 1:colcon.colcon_core.environment:create_environment_scripts_only(explore_lite_msgs)
[1.420s] Level 1:colcon.colcon_core.environment:checking '/workspace/install/explore_lite_msgs' for CMake module files
[1.421s] Level 1:colcon.colcon_core.environment:checking '/workspace/install/explore_lite_msgs' for CMake config files
[1.422s] Level 1:colcon.colcon_core.shell:create_environment_hook('explore_lite_msgs', 'cmake_prefix_path')
[1.423s] INFO:colcon.colcon_core.shell:Creating environment hook '/workspace/install/explore_lite_msgs/share/explore_lite_msgs/hook/cmake_prefix_path.ps1'
[1.424s] INFO:colcon.colcon_core.shell:Creating environment descriptor '/workspace/install/explore_lite_msgs/share/explore_lite_msgs/hook/cmake_prefix_path.dsv'
[1.424s] INFO:colcon.colcon_core.shell:Creating environment hook '/workspace/install/explore_lite_msgs/share/explore_lite_msgs/hook/cmake_prefix_path.sh'
[1.426s] Level 1:colcon.colcon_core.environment:checking '/workspace/install/explore_lite_msgs/lib'
[1.426s] Level 1:colcon.colcon_core.shell:create_environment_hook('explore_lite_msgs', 'ld_library_path_lib')
[1.426s] INFO:colcon.colcon_core.shell:Creating environment hook '/workspace/install/explore_lite_msgs/share/explore_lite_msgs/hook/ld_library_path_lib.ps1'
[1.427s] INFO:colcon.colcon_core.shell:Creating environment descriptor '/workspace/install/explore_lite_msgs/share/explore_lite_msgs/hook/ld_library_path_lib.dsv'
[1.428s] INFO:colcon.colcon_core.shell:Creating environment hook '/workspace/install/explore_lite_msgs/share/explore_lite_msgs/hook/ld_library_path_lib.sh'
[1.428s] Level 1:colcon.colcon_core.environment:checking '/workspace/install/explore_lite_msgs/bin'
[1.428s] Level 1:colcon.colcon_core.environment:checking '/workspace/install/explore_lite_msgs/lib/pkgconfig/explore_lite_msgs.pc'
[1.429s] Level 1:colcon.colcon_core.environment:checking '/workspace/install/explore_lite_msgs/lib/python3.10/site-packages'
[1.430s] Level 1:colcon.colcon_core.environment:checking '/workspace/install/explore_lite_msgs/bin'
[1.430s] INFO:colcon.colcon_core.shell:Creating package script '/workspace/install/explore_lite_msgs/share/explore_lite_msgs/package.ps1'
[1.431s] INFO:colcon.colcon_core.shell:Creating package descriptor '/workspace/install/explore_lite_msgs/share/explore_lite_msgs/package.dsv'
[1.432s] INFO:colcon.colcon_core.shell:Creating package script '/workspace/install/explore_lite_msgs/share/explore_lite_msgs/package.sh'
[1.433s] INFO:colcon.colcon_core.shell:Creating package script '/workspace/install/explore_lite_msgs/share/explore_lite_msgs/package.bash'
[1.434s] INFO:colcon.colcon_core.shell:Creating package script '/workspace/install/explore_lite_msgs/share/explore_lite_msgs/package.zsh'
[1.434s] Level 1:colcon.colcon_core.environment:create_file_with_runtime_dependencies(/workspace/install/explore_lite_msgs/share/colcon-core/packages/explore_lite_msgs)
[1.998s] DEBUG:colcon.colcon_core.event_handler.log_command:Invoked command in '/workspace/build/multirobot_map_merge' returned '0': CMAKE_PREFIX_PATH=/opt/ros/humble /usr/bin/cmake /workspace/src/m-explore-ros2/map_merge -DCMAKE_INSTALL_PREFIX=/workspace/install/multirobot_map_merge
[2.003s] DEBUG:colcon.colcon_core.event_handler.log_command:Invoking command in '/workspace/build/multirobot_map_merge': CMAKE_PREFIX_PATH=/opt/ros/humble /usr/bin/cmake --build /workspace/build/multirobot_map_merge -- -j8 -l8
[37.172s] DEBUG:colcon.colcon_core.event_handler.log_command:Invoked command in '/workspace/build/multirobot_map_merge' returned '0': CMAKE_PREFIX_PATH=/opt/ros/humble /usr/bin/cmake --build /workspace/build/multirobot_map_merge -- -j8 -l8
[37.176s] DEBUG:colcon.colcon_core.event_handler.log_command:Invoking command in '/workspace/build/multirobot_map_merge': CMAKE_PREFIX_PATH=/opt/ros/humble /usr/bin/cmake --install /workspace/build/multirobot_map_merge
[37.208s] Level 1:colcon.colcon_core.environment:create_environment_scripts_only(multirobot_map_merge)
[37.208s] Level 1:colcon.colcon_core.environment:checking '/workspace/install/multirobot_map_merge' for CMake module files
[37.209s] DEBUG:colcon.colcon_core.event_handler.log_command:Invoked command in '/workspace/build/multirobot_map_merge' returned '0': CMAKE_PREFIX_PATH=/opt/ros/humble /usr/bin/cmake --install /workspace/build/multirobot_map_merge
[37.210s] Level 1:colcon.colcon_core.environment:checking '/workspace/install/multirobot_map_merge' for CMake config files
[37.211s] Level 1:colcon.colcon_core.shell:create_environment_hook('multirobot_map_merge', 'cmake_prefix_path')
[37.212s] INFO:colcon.colcon_core.shell:Creating environment hook '/workspace/install/multirobot_map_merge/share/multirobot_map_merge/hook/cmake_prefix_path.ps1'
[37.214s] INFO:colcon.colcon_core.shell:Creating environment descriptor '/workspace/install/multirobot_map_merge/share/multirobot_map_merge/hook/cmake_prefix_path.dsv'
[37.215s] INFO:colcon.colcon_core.shell:Creating environment hook '/workspace/install/multirobot_map_merge/share/multirobot_map_merge/hook/cmake_prefix_path.sh'
[37.217s] Level 1:colcon.colcon_core.environment:checking '/workspace/install/multirobot_map_merge/lib'
[37.217s] Level 1:colcon.colcon_core.environment:checking '/workspace/install/multirobot_map_merge/bin'
[37.218s] Level 1:colcon.colcon_core.environment:checking '/workspace/install/multirobot_map_merge/lib/pkgconfig/multirobot_map_merge.pc'
[37.218s] Level 1:colcon.colcon_core.environment:checking '/workspace/install/multirobot_map_merge/lib/python3.10/site-packages'
[37.220s] Level 1:colcon.colcon_core.environment:checking '/workspace/install/multirobot_map_merge/bin'
[37.221s] INFO:colcon.colcon_core.shell:Creating package script '/workspace/install/multirobot_map_merge/share/multirobot_map_merge/package.ps1'
[37.223s] INFO:colcon.colcon_core.shell:Creating package descriptor '/workspace/install/multirobot_map_merge/share/multirobot_map_merge/package.dsv'
[37.225s] INFO:colcon.colcon_core.shell:Creating package script '/workspace/install/multirobot_map_merge/share/multirobot_map_merge/package.sh'
[37.226s] INFO:colcon.colcon_core.shell:Creating package script '/workspace/install/multirobot_map_merge/share/multirobot_map_merge/package.bash'
[37.227s] INFO:colcon.colcon_core.shell:Creating package script '/workspace/install/multirobot_map_merge/share/multirobot_map_merge/package.zsh'
[37.229s] Level 1:colcon.colcon_core.environment:create_file_with_runtime_dependencies(/workspace/install/multirobot_map_merge/share/colcon-core/packages/multirobot_map_merge)
[37.231s] Level 1:colcon.colcon_core.environment:create_environment_scripts_only(multirobot_map_merge)
[37.232s] Level 1:colcon.colcon_core.environment:checking '/workspace/install/multirobot_map_merge' for CMake module files
[37.233s] Level 1:colcon.colcon_core.environment:checking '/workspace/install/multirobot_map_merge' for CMake config files
[37.234s] Level 1:colcon.colcon_core.shell:create_environment_hook('multirobot_map_merge', 'cmake_prefix_path')
[37.235s] INFO:colcon.colcon_core.shell:Creating environment hook '/workspace/install/multirobot_map_merge/share/multirobot_map_merge/hook/cmake_prefix_path.ps1'
[37.236s] INFO:colcon.colcon_core.shell:Creating environment descriptor '/workspace/install/multirobot_map_merge/share/multirobot_map_merge/hook/cmake_prefix_path.dsv'
[37.237s] INFO:colcon.colcon_core.shell:Creating environment hook '/workspace/install/multirobot_map_merge/share/multirobot_map_merge/hook/cmake_prefix_path.sh'
[37.239s] Level 1:colcon.colcon_core.environment:checking '/workspace/install/multirobot_map_merge/lib'
[37.239s] Level 1:colcon.colcon_core.environment:checking '/workspace/install/multirobot_map_merge/bin'
[37.239s] Level 1:colcon.colcon_core.environment:checking '/workspace/install/multirobot_map_merge/lib/pkgconfig/multirobot_map_merge.pc'
[37.240s] Level 1:colcon.colcon_core.environment:checking '/workspace/install/multirobot_map_merge/lib/python3.10/site-packages'
[37.241s] Level 1:colcon.colcon_core.environment:checking '/workspace/install/multirobot_map_merge/bin'
[37.242s] INFO:colcon.colcon_core.shell:Creating package script '/workspace/install/multirobot_map_merge/share/multirobot_map_merge/package.ps1'
[37.244s] INFO:colcon.colcon_core.shell:Creating package descriptor '/workspace/install/multirobot_map_merge/share/multirobot_map_merge/package.dsv'
[37.245s] INFO:colcon.colcon_core.shell:Creating package script '/workspace/install/multirobot_map_merge/share/multirobot_map_merge/package.sh'
[37.246s] INFO:colcon.colcon_core.shell:Creating package script '/workspace/install/multirobot_map_merge/share/multirobot_map_merge/package.bash'
[37.247s] INFO:colcon.colcon_core.shell:Creating package script '/workspace/install/multirobot_map_merge/share/multirobot_map_merge/package.zsh'
[37.248s] Level 1:colcon.colcon_core.environment:create_file_with_runtime_dependencies(/workspace/install/multirobot_map_merge/share/colcon-core/packages/multirobot_map_merge)
[37.249s] DEBUG:colcon.colcon_parallel_executor.executor.parallel:closing loop
[37.249s] DEBUG:colcon.colcon_parallel_executor.executor.parallel:loop closed
[37.249s] DEBUG:colcon.colcon_parallel_executor.executor.parallel:run_until_complete finished with '0'
[37.250s] DEBUG:colcon.colcon_core.event_reactor:joining thread
[37.267s] INFO:colcon.colcon_core.plugin_system:Skipping extension 'colcon_notification.desktop_notification.notify_send': Could not find 'notify-send'
[37.267s] INFO:colcon.colcon_core.plugin_system:Skipping extension 'colcon_notification.desktop_notification.terminal_notifier': Not used on non-Darwin systems
[37.268s] INFO:colcon.colcon_core.plugin_system:Skipping extension 'colcon_notification.desktop_notification.win32': Not used on non-Windows systems
[37.268s] INFO:colcon.colcon_notification.desktop_notification:Sending desktop notification using 'notify2'
[37.268s] DEBUG:colcon.colcon_notification.desktop_notification.notify2:Failed to initialize notify2: org.freedesktop.DBus.Error.NotSupported: Unable to autolaunch a dbus-daemon without a $DISPLAY for X11
[37.268s] DEBUG:colcon.colcon_core.event_reactor:joined thread
[37.269s] INFO:colcon.colcon_core.shell:Creating prefix script '/workspace/install/local_setup.ps1'
[37.272s] INFO:colcon.colcon_core.shell:Creating prefix util module '/workspace/install/_local_setup_util_ps1.py'
[37.276s] INFO:colcon.colcon_core.shell:Creating prefix chain script '/workspace/install/setup.ps1'
[37.279s] INFO:colcon.colcon_core.shell:Creating prefix script '/workspace/install/local_setup.sh'
[37.280s] INFO:colcon.colcon_core.shell:Creating prefix util module '/workspace/install/_local_setup_util_sh.py'
[37.282s] INFO:colcon.colcon_core.shell:Creating prefix chain script '/workspace/install/setup.sh'
[37.285s] INFO:colcon.colcon_core.shell:Creating prefix script '/workspace/install/local_setup.bash'
[37.286s] INFO:colcon.colcon_core.shell:Creating prefix chain script '/workspace/install/setup.bash'
[37.288s] INFO:colcon.colcon_core.shell:Creating prefix script '/workspace/install/local_setup.zsh'
[37.289s] INFO:colcon.colcon_core.shell:Creating prefix chain script '/workspace/install/setup.zsh'
