[1.403s] Invoking command in '/workspace/src/go2_nav': PYTHONPATH=/workspace/build/go2_nav/prefix_override:/usr/lib/python3/dist-packages/colcon_core/task/python/colcon_distutils_commands:/workspace/install/go2_nav/lib/python3.10/site-packages:${PYTHONPATH} /usr/bin/python3 -W ignore:setup.py install is deprecated -W ignore:easy_install command is deprecated setup.py egg_info --egg-base ../../build/go2_nav build --build-base /workspace/build/go2_nav/build install --record /workspace/build/go2_nav/install.log --install-scripts $base/lib/go2_nav --single-version-externally-managed install_data
[1.740s] running egg_info
[1.742s] writing ../../build/go2_nav/go2_nav.egg-info/PKG-INFO
[1.742s] writing dependency_links to ../../build/go2_nav/go2_nav.egg-info/dependency_links.txt
[1.743s] writing entry points to ../../build/go2_nav/go2_nav.egg-info/entry_points.txt
[1.743s] writing requirements to ../../build/go2_nav/go2_nav.egg-info/requires.txt
[1.743s] writing top-level names to ../../build/go2_nav/go2_nav.egg-info/top_level.txt
[1.746s] reading manifest file '../../build/go2_nav/go2_nav.egg-info/SOURCES.txt'
[1.747s] writing manifest file '../../build/go2_nav/go2_nav.egg-info/SOURCES.txt'
[1.748s] running build
[1.748s] running build_py
[1.748s] copying go2_nav/moveapinode.py -> /workspace/build/go2_nav/build/lib/go2_nav
[1.749s] running install
[1.750s] running install_lib
[1.751s] copying /workspace/build/go2_nav/build/lib/go2_nav/moveapinode.py -> /workspace/install/go2_nav/lib/python3.10/site-packages/go2_nav
[1.752s] byte-compiling /workspace/install/go2_nav/lib/python3.10/site-packages/go2_nav/moveapinode.py to moveapinode.cpython-310.pyc
[1.754s] running install_data
[1.754s] running install_egg_info
[1.758s] removing '/workspace/install/go2_nav/lib/python3.10/site-packages/go2_nav-0.0.0-py3.10.egg-info' (and everything under it)
[1.758s] Copying ../../build/go2_nav/go2_nav.egg-info to /workspace/install/go2_nav/lib/python3.10/site-packages/go2_nav-0.0.0-py3.10.egg-info
[1.760s] running install_scripts
[1.795s] Installing go2_sport_bridge script to /workspace/install/go2_nav/lib/go2_nav
[1.795s] Installing odom_broadcast script to /workspace/install/go2_nav/lib/go2_nav
[1.795s] Installing restamp_node script to /workspace/install/go2_nav/lib/go2_nav
[1.796s] writing list of installed files to '/workspace/build/go2_nav/install.log'
[1.885s] Invoked command in '/workspace/src/go2_nav' returned '0': PYTHONPATH=/workspace/build/go2_nav/prefix_override:/usr/lib/python3/dist-packages/colcon_core/task/python/colcon_distutils_commands:/workspace/install/go2_nav/lib/python3.10/site-packages:${PYTHONPATH} /usr/bin/python3 -W ignore:setup.py install is deprecated -W ignore:easy_install command is deprecated setup.py egg_info --egg-base ../../build/go2_nav build --build-base /workspace/build/go2_nav/build install --record /workspace/build/go2_nav/install.log --install-scripts $base/lib/go2_nav --single-version-externally-managed install_data
