[0.016s] Invoking command in '/workspace/build/multirobot_map_merge': CMAKE_PREFIX_PATH=/opt/ros/humble /usr/bin/cmake /workspace/src/m-explore-ros2/map_merge -DCMAKE_INSTALL_PREFIX=/workspace/install/multirobot_map_merge
[0.031s] -- Found ament_cmake: 1.3.14 (/opt/ros/humble/share/ament_cmake/cmake)
[0.229s] -- Found rclcpp: 16.0.19 (/opt/ros/humble/share/rclcpp/cmake)
[0.272s] -- Found rosidl_generator_c: 3.1.8 (/opt/ros/humble/share/rosidl_generator_c/cmake)
[0.276s] -- Found rosidl_adapter: 3.1.8 (/opt/ros/humble/share/rosidl_adapter/cmake)
[0.285s] -- Found rosidl_generator_cpp: 3.1.8 (/opt/ros/humble/share/rosidl_generator_cpp/cmake)
[0.301s] -- Using all available rosidl_typesupport_c: rosidl_typesupport_fastrtps_c;rosidl_typesupport_introspection_c
[0.319s] -- Using all available rosidl_typesupport_cpp: rosidl_typesupport_fastrtps_cpp;rosidl_typesupport_introspection_cpp
[0.366s] -- Found rmw_implementation_cmake: 6.1.2 (/opt/ros/humble/share/rmw_implementation_cmake/cmake)
[0.367s] -- Found rmw_fastrtps_cpp: 6.2.10 (/opt/ros/humble/share/rmw_fastrtps_cpp/cmake)
[0.528s] -- Using RMW implementation 'rmw_fastrtps_cpp' as default
[0.600s] -- Found geometry_msgs: 4.9.1 (/opt/ros/humble/share/geometry_msgs/cmake)
[0.620s] -- Found image_geometry: 3.2.1 (/opt/ros/humble/share/image_geometry/cmake)
[0.653s] -- Found map_msgs: 2.1.0 (/opt/ros/humble/share/map_msgs/cmake)
[0.704s] -- Found tf2_geometry_msgs: 0.25.20 (/opt/ros/humble/share/tf2_geometry_msgs/cmake)
[0.710s] -- Found eigen3_cmake_module: 0.1.1 (/opt/ros/humble/share/eigen3_cmake_module/cmake)
[0.712s] -- Ensuring Eigen3 include directory is part of orocos-kdl CMake target
[0.847s] -- Found Boost: /usr/lib/aarch64-linux-gnu/cmake/Boost-1.74.0/BoostConfig.cmake (found version "1.74.0") found components: thread 
[0.854s] -- Found OpenCV: /usr (found version "4.5.4") 
[0.871s] -- Found ament_lint_auto: 0.12.15 (/opt/ros/humble/share/ament_lint_auto/cmake)
[0.987s] -- Found ament_cmake_gtest: 1.3.14 (/opt/ros/humble/share/ament_cmake_gtest/cmake)
[0.993s] download.sh: line 7: wget: command not found
[0.993s] Checking MD5 sum of /workspace/build/multirobot_map_merge/map00.pgm
[0.994s] md5sum: /workspace/build/multirobot_map_merge/map00.pgm: No such file or directory
[0.994s] /workspace/build/multirobot_map_merge/map00.pgm: FAILED open or read
[0.995s] md5sum: WARNING: 1 listed file could not be read
[0.995s] MD5 sum of /workspace/build/multirobot_map_merge/map00.pgm does not match. Downloading it again
[0.995s] download.sh: line 15: wget: command not found
[0.996s] /workspace/build/multirobot_map_merge/map00.pgm: FAILED open or read
[0.996s] md5sum: /workspace/build/multirobot_map_merge/map00.pgm: No such file or directory
[0.996s] md5sum: WARNING: 1 listed file could not be read
[0.996s] MD5 sum of /workspace/build/multirobot_map_merge/map00.pgm still does not match. Aborting.
[1.001s] download.sh: line 7: wget: command not found
[1.001s] Checking MD5 sum of /workspace/build/multirobot_map_merge/map05.pgm
[1.002s] /workspace/build/multirobot_map_merge/map05.pgm: FAILED open or read
[1.003s] md5sum: /workspace/build/multirobot_map_merge/map05.pgm: No such file or directory
[1.003s] md5sum: WARNING: 1 listed file could not be read
[1.003s] MD5 sum of /workspace/build/multirobot_map_merge/map05.pgm does not match. Downloading it again
[1.003s] download.sh: line 15: wget: command not found
[1.004s] md5sum: /workspace/build/multirobot_map_merge/map05.pgm: No such file or directory
[1.005s] md5sum: WARNING: 1 listed file could not be read
[1.005s] /workspace/build/multirobot_map_merge/map05.pgm: FAILED open or read
[1.005s] MD5 sum of /workspace/build/multirobot_map_merge/map05.pgm still does not match. Aborting.
[1.008s] download.sh: line 7: wget: command not found
[1.008s] Checking MD5 sum of /workspace/build/multirobot_map_merge/2011-08-09-12-22-52.pgm
[1.009s] md5sum: /workspace/build/multirobot_map_merge/2011-08-09-12-22-52.pgm: No such file or directory
[1.009s] md5sum: WARNING: 1 listed file could not be read
[1.010s] /workspace/build/multirobot_map_merge/2011-08-09-12-22-52.pgm: FAILED open or read
[1.010s] MD5 sum of /workspace/build/multirobot_map_merge/2011-08-09-12-22-52.pgm does not match. Downloading it again
[1.010s] download.sh: line 15: wget: command not found
[1.013s] md5sum: /workspace/build/multirobot_map_merge/2011-08-09-12-22-52.pgm: No such file or directory
[1.013s] /workspace/build/multirobot_map_merge/2011-08-09-12-22-52.pgm: FAILED open or read
[1.013s] md5sum: WARNING: 1 listed file could not be read
[1.013s] MD5 sum of /workspace/build/multirobot_map_merge/2011-08-09-12-22-52.pgm still does not match. Aborting.
[1.017s] download.sh: line 7: wget: command not found
[1.017s] Checking MD5 sum of /workspace/build/multirobot_map_merge/2012-01-28-11-12-01.pgm
[1.019s] md5sum: /workspace/build/multirobot_map_merge/2012-01-28-11-12-01.pgm: No such file or directory
[1.019s] /workspace/build/multirobot_map_merge/2012-01-28-11-12-01.pgm: FAILED open or read
[1.019s] md5sum: WARNING: 1 listed file could not be read
[1.019s] MD5 sum of /workspace/build/multirobot_map_merge/2012-01-28-11-12-01.pgm does not match. Downloading it again
[1.019s] download.sh: line 15: wget: command not found
[1.021s] md5sum: /workspace/build/multirobot_map_merge/2012-01-28-11-12-01.pgm: No such file or directory
[1.021s] /workspace/build/multirobot_map_merge/2012-01-28-11-12-01.pgm: FAILED open or read
[1.021s] MD5 sum of /workspace/build/multirobot_map_merge/2012-01-28-11-12-01.pgm still does not match. Aborting.
[1.021s] md5sum: WARNING: 1 listed file could not be read
[1.025s] -- Found gtest sources under '/opt/ros/humble/src/gtest_vendor': C++ tests using 'Google Test' will be built
[1.042s] -- Added test 'cppcheck' to perform static code analysis on C / C++ code
[1.043s] -- Configured cppcheck include dirs: /workspace/src/m-explore-ros2/map_merge/include;$<BUILD_INTERFACE:/workspace/src/m-explore-ros2/map_merge/include>
[1.043s] -- Configured cppcheck exclude dirs and/or files: 
[1.044s] -- Added test 'flake8' to check Python code syntax and style conventions
[1.045s] -- Added test 'lint_cmake' to check CMake code style
[1.046s] -- Added test 'pep257' to check Python code against some of the docstring style conventions in PEP 257
[1.049s] -- Added test 'uncrustify' to check C / C++ code style
[1.049s] -- Configured uncrustify additional arguments: 
[1.050s] -- Added test 'xmllint' to check XML markup files
[1.053s] -- Configuring done
[1.175s] -- Generating done
[1.193s] -- Build files have been written to: /workspace/build/multirobot_map_merge
[1.214s] Invoked command in '/workspace/build/multirobot_map_merge' returned '0': CMAKE_PREFIX_PATH=/opt/ros/humble /usr/bin/cmake /workspace/src/m-explore-ros2/map_merge -DCMAKE_INSTALL_PREFIX=/workspace/install/multirobot_map_merge
[1.218s] Invoking command in '/workspace/build/multirobot_map_merge': CMAKE_PREFIX_PATH=/opt/ros/humble /usr/bin/cmake --build /workspace/build/multirobot_map_merge -- -j8 -l8
[1.289s] [ 41%] [32mBuilding CXX object CMakeFiles/combine_grids.dir/src/combine_grids/merging_pipeline.cpp.o[0m
[1.290s] [ 41%] [32mBuilding CXX object CMakeFiles/combine_grids.dir/src/combine_grids/grid_warper.cpp.o[0m
[1.290s] [ 41%] [32mBuilding CXX object gtest/CMakeFiles/gtest_main.dir/src/gtest_main.cc.o[0m
[1.290s] [ 41%] [32mBuilding CXX object gtest/CMakeFiles/gtest.dir/src/gtest-all.cc.o[0m
[1.291s] [ 41%] [32mBuilding CXX object CMakeFiles/combine_grids.dir/src/combine_grids/grid_compositor.cpp.o[0m
[2.968s] [ 50%] [32m[1mLinking CXX static library libgtest_main.a[0m
[3.018s] [ 50%] Built target gtest_main
[6.850s] [ 58%] [32m[1mLinking CXX static library libgtest.a[0m
[6.931s] [ 58%] Built target gtest
[9.260s] [ 66%] [32m[1mLinking CXX static library libcombine_grids.a[0m
[9.329s] [ 66%] Built target combine_grids
[9.360s] [ 83%] [32mBuilding CXX object CMakeFiles/test_merging_pipeline.dir/test/test_merging_pipeline.cpp.o[0m
[9.360s] [ 83%] [32mBuilding CXX object CMakeFiles/map_merge.dir/src/map_merge.cpp.o[0m
[18.545s] [ 91%] [32m[1mLinking CXX executable test_merging_pipeline[0m
[19.772s] [ 91%] Built target test_merging_pipeline
[34.101s] [100%] [32m[1mLinking CXX executable map_merge[0m
[36.365s] [100%] Built target map_merge
[36.388s] Invoked command in '/workspace/build/multirobot_map_merge' returned '0': CMAKE_PREFIX_PATH=/opt/ros/humble /usr/bin/cmake --build /workspace/build/multirobot_map_merge -- -j8 -l8
[36.392s] Invoking command in '/workspace/build/multirobot_map_merge': CMAKE_PREFIX_PATH=/opt/ros/humble /usr/bin/cmake --install /workspace/build/multirobot_map_merge
[36.403s] -- Install configuration: ""
[36.403s] -- Installing: /workspace/install/multirobot_map_merge/include/map_merge/
[36.403s] -- Installing: /workspace/install/multirobot_map_merge/include/map_merge//ros1_names.hpp
[36.403s] -- Installing: /workspace/install/multirobot_map_merge/include/map_merge//map_merge.h
[36.403s] -- Installing: /workspace/install/multirobot_map_merge/share/multirobot_map_merge/launch
[36.404s] -- Installing: /workspace/install/multirobot_map_merge/share/multirobot_map_merge/launch/map_merge.rviz
[36.404s] -- Installing: /workspace/install/multirobot_map_merge/share/multirobot_map_merge/launch/tb3_simulation
[36.404s] -- Installing: /workspace/install/multirobot_map_merge/share/multirobot_map_merge/launch/tb3_simulation/slam_toolbox.py
[36.404s] -- Installing: /workspace/install/multirobot_map_merge/share/multirobot_map_merge/launch/tb3_simulation/bringup_launch.py
[36.404s] -- Installing: /workspace/install/multirobot_map_merge/share/multirobot_map_merge/launch/tb3_simulation/multi_tb3_simulation_launch.py
[36.404s] -- Installing: /workspace/install/multirobot_map_merge/share/multirobot_map_merge/launch/tb3_simulation/tb3_simulation_launch.py
[36.404s] -- Installing: /workspace/install/multirobot_map_merge/share/multirobot_map_merge/launch/tb3_simulation/worlds
[36.405s] -- Installing: /workspace/install/multirobot_map_merge/share/multirobot_map_merge/launch/tb3_simulation/worlds/world_only.model
[36.405s] -- Installing: /workspace/install/multirobot_map_merge/share/multirobot_map_merge/launch/tb3_simulation/config
[36.405s] -- Installing: /workspace/install/multirobot_map_merge/share/multirobot_map_merge/launch/tb3_simulation/config/nav2_multirobot_params_1.yaml
[36.405s] -- Installing: /workspace/install/multirobot_map_merge/share/multirobot_map_merge/launch/tb3_simulation/config/nav2_multirobot_params_2.yaml
[36.405s] -- Installing: /workspace/install/multirobot_map_merge/share/multirobot_map_merge/launch/map_merge.launch.py
[36.405s] -- Installing: /workspace/install/multirobot_map_merge/share/multirobot_map_merge/launch/from_map_server.launch.py
[36.406s] -- Installing: /workspace/install/multirobot_map_merge/share/multirobot_map_merge/config
[36.406s] -- Installing: /workspace/install/multirobot_map_merge/share/multirobot_map_merge/config/params.yaml
[36.406s] -- Installing: /workspace/install/multirobot_map_merge/lib/libcombine_grids.a
[36.408s] -- Installing: /workspace/install/multirobot_map_merge/lib/multirobot_map_merge/map_merge
[36.416s] -- Set runtime path of "/workspace/install/multirobot_map_merge/lib/multirobot_map_merge/map_merge" to ""
[36.417s] -- Installing: /workspace/install/multirobot_map_merge/share/multirobot_map_merge/environment/library_path.sh
[36.417s] -- Installing: /workspace/install/multirobot_map_merge/share/multirobot_map_merge/environment/library_path.dsv
[36.417s] -- Installing: /workspace/install/multirobot_map_merge/share/ament_index/resource_index/package_run_dependencies/multirobot_map_merge
[36.418s] -- Installing: /workspace/install/multirobot_map_merge/share/ament_index/resource_index/parent_prefix_path/multirobot_map_merge
[36.418s] -- Installing: /workspace/install/multirobot_map_merge/share/multirobot_map_merge/environment/ament_prefix_path.sh
[36.418s] -- Installing: /workspace/install/multirobot_map_merge/share/multirobot_map_merge/environment/ament_prefix_path.dsv
[36.418s] -- Installing: /workspace/install/multirobot_map_merge/share/multirobot_map_merge/environment/path.sh
[36.418s] -- Installing: /workspace/install/multirobot_map_merge/share/multirobot_map_merge/environment/path.dsv
[36.419s] -- Installing: /workspace/install/multirobot_map_merge/share/multirobot_map_merge/local_setup.bash
[36.419s] -- Installing: /workspace/install/multirobot_map_merge/share/multirobot_map_merge/local_setup.sh
[36.419s] -- Installing: /workspace/install/multirobot_map_merge/share/multirobot_map_merge/local_setup.zsh
[36.419s] -- Installing: /workspace/install/multirobot_map_merge/share/multirobot_map_merge/local_setup.dsv
[36.419s] -- Installing: /workspace/install/multirobot_map_merge/share/multirobot_map_merge/package.dsv
[36.420s] -- Installing: /workspace/install/multirobot_map_merge/share/ament_index/resource_index/packages/multirobot_map_merge
[36.420s] -- Installing: /workspace/install/multirobot_map_merge/share/multirobot_map_merge/cmake/ament_cmake_export_include_directories-extras.cmake
[36.420s] -- Installing: /workspace/install/multirobot_map_merge/share/multirobot_map_merge/cmake/ament_cmake_export_libraries-extras.cmake
[36.420s] -- Installing: /workspace/install/multirobot_map_merge/share/multirobot_map_merge/cmake/multirobot_map_mergeConfig.cmake
[36.420s] -- Installing: /workspace/install/multirobot_map_merge/share/multirobot_map_merge/cmake/multirobot_map_mergeConfig-version.cmake
[36.421s] -- Installing: /workspace/install/multirobot_map_merge/share/multirobot_map_merge/package.xml
[36.425s] Invoked command in '/workspace/build/multirobot_map_merge' returned '0': CMAKE_PREFIX_PATH=/opt/ros/humble /usr/bin/cmake --install /workspace/build/multirobot_map_merge
