[0.029s] Invoking command in '/home/safal/Desktop/unitreego2nav/build/explore_lite_msgs': CMAKE_PREFIX_PATH=${CMAKE_PREFIX_PATH}:/home/safal/Desktop/unitreego2nav/install/go2_nav:/opt/ros/humble /usr/bin/cmake /home/safal/Desktop/unitreego2nav/src/m-explore-ros2/explore_lite_msgs -DCMAKE_INSTALL_PREFIX=/home/safal/Desktop/unitreego2nav/install/explore_lite_msgs
[0.451s] -- The C compiler identification is GNU 11.4.0
[0.451s] -- The CXX compiler identification is GNU 11.4.0
[0.452s] -- Detecting C compiler ABI info
[0.452s] -- Detecting C compiler ABI info - done
[0.452s] -- Check for working C compiler: /usr/bin/cc - skipped
[0.452s] -- Detecting C compile features
[0.452s] -- Detecting C compile features - done
[0.452s] -- Detecting CXX compiler ABI info
[0.452s] -- Detecting CXX compiler ABI info - done
[0.453s] -- Check for working CXX compiler: /usr/bin/c++ - skipped
[0.453s] -- Detecting CXX compile features
[0.453s] -- Detecting CXX compile features - done
[0.453s] -- Found ament_cmake: 1.3.14 (/opt/ros/humble/share/ament_cmake/cmake)
[0.453s] [0mCMake Deprecation Warning at CMakeLists.txt:1 (cmake_minimum_required):
[0.453s]   Compatibility with CMake < 3.10 will be removed from a future version of
[0.453s]   CMake.
[0.453s] 
[0.453s]   Update the VERSION argument <min> value.  Or, use the <min>...<max> syntax
[0.453s]   to tell CMake that the project requires at least <min> but has been updated
[0.454s]   to work with policies introduced by <max> or earlier.
[0.454s] 
[0.454s] [0m
[0.650s] -- Found Python3: /usr/bin/python3 (found version "3.10.12") found components: Interpreter
[0.797s] -- Found rosidl_default_generators: 1.2.1 (/opt/ros/humble/share/rosidl_default_generators/cmake)
[0.804s] -- Using all available rosidl_typesupport_c: rosidl_typesupport_fastrtps_c;rosidl_typesupport_introspection_c
[0.818s] -- Found rosidl_adapter: 3.1.8 (/opt/ros/humble/share/rosidl_adapter/cmake)
[0.910s] -- Using all available rosidl_typesupport_cpp: rosidl_typesupport_fastrtps_cpp;rosidl_typesupport_introspection_cpp
[1.642s] -- Found ament_cmake_ros: 0.10.0 (/opt/ros/humble/share/ament_cmake_ros/cmake)
[2.294s] -- Using all available rosidl_typesupport_c: rosidl_typesupport_fastrtps_c;rosidl_typesupport_introspection_c
[3.115s] -- Using all available rosidl_typesupport_cpp: rosidl_typesupport_fastrtps_cpp;rosidl_typesupport_introspection_cpp
[3.127s] [33mCMake Warning (dev) at /opt/ros/humble/share/rosidl_generator_py/cmake/rosidl_generator_py_generate_interfaces.cmake:20 (find_package):
[3.127s]   Policy CMP0148 is not set: The FindPythonInterp and FindPythonLibs modules
[3.127s]   are removed.  Run "cmake --help-policy CMP0148" for policy details.  Use
[3.127s]   the cmake_policy command to set the policy and suppress this warning.
[3.127s] 
[3.127s] Call Stack (most recent call first):
[3.128s]   /opt/ros/humble/share/ament_cmake_core/cmake/core/ament_execute_extensions.cmake:48 (include)
[3.128s]   /opt/ros/humble/share/rosidl_cmake/cmake/rosidl_generate_interfaces.cmake:286 (ament_execute_extensions)
[3.128s]   CMakeLists.txt:7 (rosidl_generate_interfaces)
[3.128s] This warning is for project developers.  Use -Wno-dev to suppress it.
[3.128s] [0m
[3.159s] -- Found PythonInterp: /usr/bin/python3 (found suitable version "3.10.12", minimum required is "3.6")
[3.162s] -- Found python_cmake_module: 0.10.0 (/opt/ros/humble/share/python_cmake_module/cmake)
[3.163s] [33mCMake Warning (dev) at /opt/ros/humble/share/python_cmake_module/cmake/Modules/FindPythonExtra.cmake:52 (find_package):
[3.163s]   Policy CMP0148 is not set: The FindPythonInterp and FindPythonLibs modules
[3.163s]   are removed.  Run "cmake --help-policy CMP0148" for policy details.  Use
[3.163s]   the cmake_policy command to set the policy and suppress this warning.
[3.164s] 
[3.164s] Call Stack (most recent call first):
[3.164s]   /opt/ros/humble/share/rosidl_generator_py/cmake/rosidl_generator_py_generate_interfaces.cmake:23 (find_package)
[3.164s]   /opt/ros/humble/share/ament_cmake_core/cmake/core/ament_execute_extensions.cmake:48 (include)
[3.164s]   /opt/ros/humble/share/rosidl_cmake/cmake/rosidl_generate_interfaces.cmake:286 (ament_execute_extensions)
[3.164s]   CMakeLists.txt:7 (rosidl_generate_interfaces)
[3.164s] This warning is for project developers.  Use -Wno-dev to suppress it.
[3.164s] [0m
[3.196s] [33mCMake Warning (dev) at /opt/ros/humble/share/python_cmake_module/cmake/Modules/FindPythonExtra.cmake:140 (find_package):
[3.196s]   Policy CMP0148 is not set: The FindPythonInterp and FindPythonLibs modules
[3.196s]   are removed.  Run "cmake --help-policy CMP0148" for policy details.  Use
[3.197s]   the cmake_policy command to set the policy and suppress this warning.
[3.197s] 
[3.197s] Call Stack (most recent call first):
[3.197s]   /opt/ros/humble/share/rosidl_generator_py/cmake/rosidl_generator_py_generate_interfaces.cmake:23 (find_package)
[3.197s]   /opt/ros/humble/share/ament_cmake_core/cmake/core/ament_execute_extensions.cmake:48 (include)
[3.197s]   /opt/ros/humble/share/rosidl_cmake/cmake/rosidl_generate_interfaces.cmake:286 (ament_execute_extensions)
[3.197s]   CMakeLists.txt:7 (rosidl_generate_interfaces)
[3.197s] This warning is for project developers.  Use -Wno-dev to suppress it.
[3.197s] [0m
[3.207s] -- Found PythonLibs: /usr/lib/x86_64-linux-gnu/libpython3.10.so (found suitable version "3.10.12", minimum required is "3.5")
[3.207s] -- Using PYTHON_EXECUTABLE: /usr/bin/python3
[3.207s] -- Using PYTHON_INCLUDE_DIRS: /usr/include/python3.10
[3.207s] -- Using PYTHON_LIBRARIES: /usr/lib/x86_64-linux-gnu/libpython3.10.so
[3.240s] -- Found PythonExtra: .so
[3.513s] -- Configuring done (3.5s)
[3.563s] -- Generating done (0.0s)
[3.580s] -- Build files have been written to: /home/safal/Desktop/unitreego2nav/build/explore_lite_msgs
[3.587s] Invoked command in '/home/safal/Desktop/unitreego2nav/build/explore_lite_msgs' returned '0': CMAKE_PREFIX_PATH=${CMAKE_PREFIX_PATH}:/home/safal/Desktop/unitreego2nav/install/go2_nav:/opt/ros/humble /usr/bin/cmake /home/safal/Desktop/unitreego2nav/src/m-explore-ros2/explore_lite_msgs -DCMAKE_INSTALL_PREFIX=/home/safal/Desktop/unitreego2nav/install/explore_lite_msgs
[3.589s] Invoking command in '/home/safal/Desktop/unitreego2nav/build/explore_lite_msgs': CMAKE_PREFIX_PATH=${CMAKE_PREFIX_PATH}:/home/safal/Desktop/unitreego2nav/install/go2_nav:/opt/ros/humble /usr/bin/cmake --build /home/safal/Desktop/unitreego2nav/build/explore_lite_msgs -- -j8 -l8
[3.611s] [  3%] [1m[34mGenerating C code for ROS interfaces[0m
[3.617s] [  6%] [1m[34mGenerating C++ code for ROS interfaces[0m
[3.618s] [  9%] [1m[34mGenerating Rust code for ROS interfaces[0m
[3.622s] [  9%] Built target ament_cmake_python_copy_explore_lite_msgs
[4.008s] [  9%] Built target explore_lite_msgs__rs
[4.025s] [  9%] Built target explore_lite_msgs__cpp
[4.031s] [ 12%] [1m[34mGenerating C++ introspection for ROS interfaces[0m
[4.031s] [ 15%] [1m[34mGenerating C++ type support dispatch for ROS interfaces[0m
[4.033s] [ 18%] [1m[34mGenerating C++ type support for eProsima Fast-RTPS[0m
[4.039s] running egg_info
[4.040s] creating explore_lite_msgs.egg-info
[4.041s] writing explore_lite_msgs.egg-info/PKG-INFO
[4.041s] writing dependency_links to explore_lite_msgs.egg-info/dependency_links.txt
[4.041s] writing top-level names to explore_lite_msgs.egg-info/top_level.txt
[4.042s] writing manifest file 'explore_lite_msgs.egg-info/SOURCES.txt'
[4.045s] reading manifest file 'explore_lite_msgs.egg-info/SOURCES.txt'
[4.046s] writing manifest file 'explore_lite_msgs.egg-info/SOURCES.txt'
[4.078s] [ 21%] [32mBuilding C object CMakeFiles/explore_lite_msgs__rosidl_generator_c.dir/rosidl_generator_c/explore_lite_msgs/msg/detail/explore_status__functions.c.o[0m
[4.087s] [ 21%] Built target ament_cmake_python_build_explore_lite_msgs_egg
[4.132s] [ 25%] [1m[32mLinking C shared library libexplore_lite_msgs__rosidl_generator_c.so[0m
[4.170s] [ 25%] Built target explore_lite_msgs__rosidl_generator_c
[4.180s] [ 28%] [1m[34mGenerating C type support for eProsima Fast-RTPS[0m
[4.182s] [ 34%] [1m[34mGenerating C type support dispatch for ROS interfaces[0m
[4.183s] [ 34%] [1m[34mGenerating C introspection for ROS interfaces[0m
[4.465s] [ 37%] [32mBuilding CXX object CMakeFiles/explore_lite_msgs__rosidl_typesupport_introspection_cpp.dir/rosidl_typesupport_introspection_cpp/explore_lite_msgs/msg/detail/explore_status__type_support.cpp.o[0m
[4.576s] [ 40%] [32mBuilding CXX object CMakeFiles/explore_lite_msgs__rosidl_typesupport_cpp.dir/rosidl_typesupport_cpp/explore_lite_msgs/msg/explore_status__type_support.cpp.o[0m
[4.599s] [ 43%] [32mBuilding CXX object CMakeFiles/explore_lite_msgs__rosidl_typesupport_fastrtps_c.dir/rosidl_typesupport_fastrtps_c/explore_lite_msgs/msg/detail/explore_status__type_support_c.cpp.o[0m
[4.621s] [ 46%] [32mBuilding CXX object CMakeFiles/explore_lite_msgs__rosidl_typesupport_fastrtps_cpp.dir/rosidl_typesupport_fastrtps_cpp/explore_lite_msgs/msg/detail/dds_fastrtps/explore_status__type_support.cpp.o[0m
[4.810s] [ 50%] [32mBuilding C object CMakeFiles/explore_lite_msgs__rosidl_typesupport_introspection_c.dir/rosidl_typesupport_introspection_c/explore_lite_msgs/msg/detail/explore_status__type_support.c.o[0m
[4.811s] [ 53%] [32mBuilding CXX object CMakeFiles/explore_lite_msgs__rosidl_typesupport_c.dir/rosidl_typesupport_c/explore_lite_msgs/msg/explore_status__type_support.cpp.o[0m
[4.846s] [ 56%] [1m[32mLinking C shared library libexplore_lite_msgs__rosidl_typesupport_introspection_c.so[0m
[4.855s] [ 59%] [1m[32mLinking CXX shared library libexplore_lite_msgs__rosidl_typesupport_c.so[0m
[4.877s] [ 59%] Built target explore_lite_msgs__rosidl_typesupport_introspection_c
[4.918s] [ 59%] Built target explore_lite_msgs__rosidl_typesupport_c
[4.990s] [ 62%] [1m[32mLinking CXX shared library libexplore_lite_msgs__rosidl_typesupport_introspection_cpp.so[0m
[4.993s] [ 65%] [1m[32mLinking CXX shared library libexplore_lite_msgs__rosidl_typesupport_cpp.so[0m
[5.031s] [ 65%] Built target explore_lite_msgs__rosidl_typesupport_cpp
[5.064s] [ 65%] Built target explore_lite_msgs__rosidl_typesupport_introspection_cpp
[5.109s] [ 68%] [1m[32mLinking CXX shared library libexplore_lite_msgs__rosidl_typesupport_fastrtps_c.so[0m
[5.161s] [ 71%] [1m[32mLinking CXX shared library libexplore_lite_msgs__rosidl_typesupport_fastrtps_cpp.so[0m
[5.190s] [ 71%] Built target explore_lite_msgs__rosidl_typesupport_fastrtps_c
[5.238s] [ 71%] Built target explore_lite_msgs__rosidl_typesupport_fastrtps_cpp
[5.250s] [ 71%] Built target explore_lite_msgs
[5.262s] [ 75%] [1m[34mGenerating Python code for ROS interfaces[0m
[5.674s] [ 75%] Built target explore_lite_msgs__py
[5.685s] [ 78%] [32mBuilding C object CMakeFiles/explore_lite_msgs__rosidl_generator_py.dir/rosidl_generator_py/explore_lite_msgs/msg/_explore_status_s.c.o[0m
[5.800s] [ 81%] [1m[32mLinking C shared library rosidl_generator_py/explore_lite_msgs/libexplore_lite_msgs__rosidl_generator_py.so[0m
[5.830s] [ 81%] Built target explore_lite_msgs__rosidl_generator_py
[5.844s] [ 84%] [32mBuilding C object CMakeFiles/explore_lite_msgs__rosidl_typesupport_fastrtps_c__pyext.dir/rosidl_generator_py/explore_lite_msgs/_explore_lite_msgs_s.ep.rosidl_typesupport_fastrtps_c.c.o[0m
[5.844s] [ 87%] [32mBuilding C object CMakeFiles/explore_lite_msgs__rosidl_typesupport_introspection_c__pyext.dir/rosidl_generator_py/explore_lite_msgs/_explore_lite_msgs_s.ep.rosidl_typesupport_introspection_c.c.o[0m
[5.844s] [ 90%] [32mBuilding C object CMakeFiles/explore_lite_msgs__rosidl_typesupport_c__pyext.dir/rosidl_generator_py/explore_lite_msgs/_explore_lite_msgs_s.ep.rosidl_typesupport_c.c.o[0m
[5.942s] [ 93%] [1m[32mLinking C shared library rosidl_generator_py/explore_lite_msgs/explore_lite_msgs_s__rosidl_typesupport_c.cpython-310-x86_64-linux-gnu.so[0m
[5.944s] [ 96%] [1m[32mLinking C shared library rosidl_generator_py/explore_lite_msgs/explore_lite_msgs_s__rosidl_typesupport_fastrtps_c.cpython-310-x86_64-linux-gnu.so[0m
[5.945s] [100%] [1m[32mLinking C shared library rosidl_generator_py/explore_lite_msgs/explore_lite_msgs_s__rosidl_typesupport_introspection_c.cpython-310-x86_64-linux-gnu.so[0m
[5.970s] [100%] Built target explore_lite_msgs__rosidl_typesupport_introspection_c__pyext
[5.970s] [100%] Built target explore_lite_msgs__rosidl_typesupport_c__pyext
[5.972s] [100%] Built target explore_lite_msgs__rosidl_typesupport_fastrtps_c__pyext
[5.979s] Invoked command in '/home/safal/Desktop/unitreego2nav/build/explore_lite_msgs' returned '0': CMAKE_PREFIX_PATH=${CMAKE_PREFIX_PATH}:/home/safal/Desktop/unitreego2nav/install/go2_nav:/opt/ros/humble /usr/bin/cmake --build /home/safal/Desktop/unitreego2nav/build/explore_lite_msgs -- -j8 -l8
[5.985s] Invoking command in '/home/safal/Desktop/unitreego2nav/build/explore_lite_msgs': CMAKE_PREFIX_PATH=${CMAKE_PREFIX_PATH}:/home/safal/Desktop/unitreego2nav/install/go2_nav:/opt/ros/humble /usr/bin/cmake --install /home/safal/Desktop/unitreego2nav/build/explore_lite_msgs
[5.989s] -- Install configuration: ""
[5.989s] -- Installing: /home/safal/Desktop/unitreego2nav/install/explore_lite_msgs/share/ament_index/resource_index/rosidl_interfaces/explore_lite_msgs
[5.990s] -- Up-to-date: /home/safal/Desktop/unitreego2nav/install/explore_lite_msgs/include/explore_lite_msgs/explore_lite_msgs
[5.990s] -- Up-to-date: /home/safal/Desktop/unitreego2nav/install/explore_lite_msgs/include/explore_lite_msgs/explore_lite_msgs/msg
[5.990s] -- Up-to-date: /home/safal/Desktop/unitreego2nav/install/explore_lite_msgs/include/explore_lite_msgs/explore_lite_msgs/msg/detail
[5.990s] -- Installing: /home/safal/Desktop/unitreego2nav/install/explore_lite_msgs/include/explore_lite_msgs/explore_lite_msgs/msg/detail/explore_status__type_support.h
[5.990s] -- Installing: /home/safal/Desktop/unitreego2nav/install/explore_lite_msgs/include/explore_lite_msgs/explore_lite_msgs/msg/detail/explore_status__struct.h
[5.990s] -- Installing: /home/safal/Desktop/unitreego2nav/install/explore_lite_msgs/include/explore_lite_msgs/explore_lite_msgs/msg/detail/explore_status__functions.h
[5.990s] -- Installing: /home/safal/Desktop/unitreego2nav/install/explore_lite_msgs/include/explore_lite_msgs/explore_lite_msgs/msg/detail/explore_status__functions.c
[5.991s] -- Installing: /home/safal/Desktop/unitreego2nav/install/explore_lite_msgs/include/explore_lite_msgs/explore_lite_msgs/msg/rosidl_generator_c__visibility_control.h
[5.991s] -- Installing: /home/safal/Desktop/unitreego2nav/install/explore_lite_msgs/include/explore_lite_msgs/explore_lite_msgs/msg/explore_status.h
[5.991s] -- Installing: /home/safal/Desktop/unitreego2nav/install/explore_lite_msgs/share/explore_lite_msgs/environment/library_path.sh
[5.991s] -- Installing: /home/safal/Desktop/unitreego2nav/install/explore_lite_msgs/share/explore_lite_msgs/environment/library_path.dsv
[5.992s] -- Installing: /home/safal/Desktop/unitreego2nav/install/explore_lite_msgs/lib/libexplore_lite_msgs__rosidl_generator_c.so
[5.992s] -- Set non-toolchain portion of runtime path of "/home/safal/Desktop/unitreego2nav/install/explore_lite_msgs/lib/libexplore_lite_msgs__rosidl_generator_c.so" to ""
[5.992s] -- Up-to-date: /home/safal/Desktop/unitreego2nav/install/explore_lite_msgs/include/explore_lite_msgs/explore_lite_msgs
[5.992s] -- Up-to-date: /home/safal/Desktop/unitreego2nav/install/explore_lite_msgs/include/explore_lite_msgs/explore_lite_msgs/msg
[5.992s] -- Up-to-date: /home/safal/Desktop/unitreego2nav/install/explore_lite_msgs/include/explore_lite_msgs/explore_lite_msgs/msg/detail
[5.993s] -- Installing: /home/safal/Desktop/unitreego2nav/install/explore_lite_msgs/include/explore_lite_msgs/explore_lite_msgs/msg/detail/explore_status__rosidl_typesupport_fastrtps_c.h
[5.993s] -- Installing: /home/safal/Desktop/unitreego2nav/install/explore_lite_msgs/include/explore_lite_msgs/explore_lite_msgs/msg/rosidl_typesupport_fastrtps_c__visibility_control.h
[5.993s] -- Installing: /home/safal/Desktop/unitreego2nav/install/explore_lite_msgs/lib/libexplore_lite_msgs__rosidl_typesupport_fastrtps_c.so
[5.993s] -- Set non-toolchain portion of runtime path of "/home/safal/Desktop/unitreego2nav/install/explore_lite_msgs/lib/libexplore_lite_msgs__rosidl_typesupport_fastrtps_c.so" to ""
[5.993s] -- Up-to-date: /home/safal/Desktop/unitreego2nav/install/explore_lite_msgs/include/explore_lite_msgs/explore_lite_msgs
[5.994s] -- Up-to-date: /home/safal/Desktop/unitreego2nav/install/explore_lite_msgs/include/explore_lite_msgs/explore_lite_msgs/msg
[5.994s] -- Installing: /home/safal/Desktop/unitreego2nav/install/explore_lite_msgs/include/explore_lite_msgs/explore_lite_msgs/msg/rosidl_typesupport_introspection_c__visibility_control.h
[5.994s] -- Up-to-date: /home/safal/Desktop/unitreego2nav/install/explore_lite_msgs/include/explore_lite_msgs/explore_lite_msgs/msg/detail
[5.994s] -- Installing: /home/safal/Desktop/unitreego2nav/install/explore_lite_msgs/include/explore_lite_msgs/explore_lite_msgs/msg/detail/explore_status__rosidl_typesupport_introspection_c.h
[5.994s] -- Installing: /home/safal/Desktop/unitreego2nav/install/explore_lite_msgs/include/explore_lite_msgs/explore_lite_msgs/msg/detail/explore_status__type_support.c
[5.994s] -- Installing: /home/safal/Desktop/unitreego2nav/install/explore_lite_msgs/lib/libexplore_lite_msgs__rosidl_typesupport_introspection_c.so
[5.995s] -- Set non-toolchain portion of runtime path of "/home/safal/Desktop/unitreego2nav/install/explore_lite_msgs/lib/libexplore_lite_msgs__rosidl_typesupport_introspection_c.so" to ""
[5.995s] -- Installing: /home/safal/Desktop/unitreego2nav/install/explore_lite_msgs/lib/libexplore_lite_msgs__rosidl_typesupport_c.so
[5.995s] -- Set non-toolchain portion of runtime path of "/home/safal/Desktop/unitreego2nav/install/explore_lite_msgs/lib/libexplore_lite_msgs__rosidl_typesupport_c.so" to ""
[5.995s] -- Up-to-date: /home/safal/Desktop/unitreego2nav/install/explore_lite_msgs/include/explore_lite_msgs/explore_lite_msgs
[5.996s] -- Up-to-date: /home/safal/Desktop/unitreego2nav/install/explore_lite_msgs/include/explore_lite_msgs/explore_lite_msgs/msg
[5.996s] -- Installing: /home/safal/Desktop/unitreego2nav/install/explore_lite_msgs/include/explore_lite_msgs/explore_lite_msgs/msg/rosidl_generator_cpp__visibility_control.hpp
[5.996s] -- Up-to-date: /home/safal/Desktop/unitreego2nav/install/explore_lite_msgs/include/explore_lite_msgs/explore_lite_msgs/msg/detail
[5.996s] -- Installing: /home/safal/Desktop/unitreego2nav/install/explore_lite_msgs/include/explore_lite_msgs/explore_lite_msgs/msg/detail/explore_status__traits.hpp
[5.996s] -- Installing: /home/safal/Desktop/unitreego2nav/install/explore_lite_msgs/include/explore_lite_msgs/explore_lite_msgs/msg/detail/explore_status__struct.hpp
[5.996s] -- Installing: /home/safal/Desktop/unitreego2nav/install/explore_lite_msgs/include/explore_lite_msgs/explore_lite_msgs/msg/detail/explore_status__type_support.hpp
[5.996s] -- Installing: /home/safal/Desktop/unitreego2nav/install/explore_lite_msgs/include/explore_lite_msgs/explore_lite_msgs/msg/detail/explore_status__builder.hpp
[5.997s] -- Installing: /home/safal/Desktop/unitreego2nav/install/explore_lite_msgs/include/explore_lite_msgs/explore_lite_msgs/msg/explore_status.hpp
[5.997s] -- Up-to-date: /home/safal/Desktop/unitreego2nav/install/explore_lite_msgs/include/explore_lite_msgs/explore_lite_msgs
[5.997s] -- Up-to-date: /home/safal/Desktop/unitreego2nav/install/explore_lite_msgs/include/explore_lite_msgs/explore_lite_msgs/msg
[5.997s] -- Up-to-date: /home/safal/Desktop/unitreego2nav/install/explore_lite_msgs/include/explore_lite_msgs/explore_lite_msgs/msg/detail
[5.997s] -- Installing: /home/safal/Desktop/unitreego2nav/install/explore_lite_msgs/include/explore_lite_msgs/explore_lite_msgs/msg/detail/explore_status__rosidl_typesupport_fastrtps_cpp.hpp
[5.997s] -- Up-to-date: /home/safal/Desktop/unitreego2nav/install/explore_lite_msgs/include/explore_lite_msgs/explore_lite_msgs/msg/detail/dds_fastrtps
[5.997s] -- Installing: /home/safal/Desktop/unitreego2nav/install/explore_lite_msgs/include/explore_lite_msgs/explore_lite_msgs/msg/rosidl_typesupport_fastrtps_cpp__visibility_control.h
[5.997s] -- Installing: /home/safal/Desktop/unitreego2nav/install/explore_lite_msgs/lib/libexplore_lite_msgs__rosidl_typesupport_fastrtps_cpp.so
[5.998s] -- Set non-toolchain portion of runtime path of "/home/safal/Desktop/unitreego2nav/install/explore_lite_msgs/lib/libexplore_lite_msgs__rosidl_typesupport_fastrtps_cpp.so" to ""
[5.998s] -- Up-to-date: /home/safal/Desktop/unitreego2nav/install/explore_lite_msgs/include/explore_lite_msgs/explore_lite_msgs
[5.998s] -- Up-to-date: /home/safal/Desktop/unitreego2nav/install/explore_lite_msgs/include/explore_lite_msgs/explore_lite_msgs/msg
[5.998s] -- Up-to-date: /home/safal/Desktop/unitreego2nav/install/explore_lite_msgs/include/explore_lite_msgs/explore_lite_msgs/msg/detail
[5.998s] -- Installing: /home/safal/Desktop/unitreego2nav/install/explore_lite_msgs/include/explore_lite_msgs/explore_lite_msgs/msg/detail/explore_status__type_support.cpp
[5.999s] -- Installing: /home/safal/Desktop/unitreego2nav/install/explore_lite_msgs/include/explore_lite_msgs/explore_lite_msgs/msg/detail/explore_status__rosidl_typesupport_introspection_cpp.hpp
[5.999s] -- Installing: /home/safal/Desktop/unitreego2nav/install/explore_lite_msgs/lib/libexplore_lite_msgs__rosidl_typesupport_introspection_cpp.so
[5.999s] -- Set non-toolchain portion of runtime path of "/home/safal/Desktop/unitreego2nav/install/explore_lite_msgs/lib/libexplore_lite_msgs__rosidl_typesupport_introspection_cpp.so" to ""
[5.999s] -- Installing: /home/safal/Desktop/unitreego2nav/install/explore_lite_msgs/lib/libexplore_lite_msgs__rosidl_typesupport_cpp.so
[6.000s] -- Set non-toolchain portion of runtime path of "/home/safal/Desktop/unitreego2nav/install/explore_lite_msgs/lib/libexplore_lite_msgs__rosidl_typesupport_cpp.so" to ""
[6.000s] -- Installing: /home/safal/Desktop/unitreego2nav/install/explore_lite_msgs/share/explore_lite_msgs/environment/pythonpath.sh
[6.000s] -- Installing: /home/safal/Desktop/unitreego2nav/install/explore_lite_msgs/share/explore_lite_msgs/environment/pythonpath.dsv
[6.000s] -- Installing: /home/safal/Desktop/unitreego2nav/install/explore_lite_msgs/local/lib/python3.10/dist-packages/explore_lite_msgs-1.0.0-py3.10.egg-info
[6.001s] -- Installing: /home/safal/Desktop/unitreego2nav/install/explore_lite_msgs/local/lib/python3.10/dist-packages/explore_lite_msgs-1.0.0-py3.10.egg-info/SOURCES.txt
[6.001s] -- Installing: /home/safal/Desktop/unitreego2nav/install/explore_lite_msgs/local/lib/python3.10/dist-packages/explore_lite_msgs-1.0.0-py3.10.egg-info/dependency_links.txt
[6.001s] -- Installing: /home/safal/Desktop/unitreego2nav/install/explore_lite_msgs/local/lib/python3.10/dist-packages/explore_lite_msgs-1.0.0-py3.10.egg-info/top_level.txt
[6.001s] -- Installing: /home/safal/Desktop/unitreego2nav/install/explore_lite_msgs/local/lib/python3.10/dist-packages/explore_lite_msgs-1.0.0-py3.10.egg-info/PKG-INFO
[6.001s] -- Installing: /home/safal/Desktop/unitreego2nav/install/explore_lite_msgs/local/lib/python3.10/dist-packages/explore_lite_msgs
[6.002s] -- Installing: /home/safal/Desktop/unitreego2nav/install/explore_lite_msgs/local/lib/python3.10/dist-packages/explore_lite_msgs/explore_lite_msgs_s__rosidl_typesupport_introspection_c.cpython-310-x86_64-linux-gnu.so
[6.002s] -- Installing: /home/safal/Desktop/unitreego2nav/install/explore_lite_msgs/local/lib/python3.10/dist-packages/explore_lite_msgs/msg
[6.002s] -- Installing: /home/safal/Desktop/unitreego2nav/install/explore_lite_msgs/local/lib/python3.10/dist-packages/explore_lite_msgs/msg/__init__.py
[6.002s] -- Installing: /home/safal/Desktop/unitreego2nav/install/explore_lite_msgs/local/lib/python3.10/dist-packages/explore_lite_msgs/msg/_explore_status.py
[6.002s] -- Installing: /home/safal/Desktop/unitreego2nav/install/explore_lite_msgs/local/lib/python3.10/dist-packages/explore_lite_msgs/msg/_explore_status_s.c
[6.002s] -- Installing: /home/safal/Desktop/unitreego2nav/install/explore_lite_msgs/local/lib/python3.10/dist-packages/explore_lite_msgs/explore_lite_msgs_s__rosidl_typesupport_c.cpython-310-x86_64-linux-gnu.so
[6.002s] -- Installing: /home/safal/Desktop/unitreego2nav/install/explore_lite_msgs/local/lib/python3.10/dist-packages/explore_lite_msgs/__init__.py
[6.002s] -- Installing: /home/safal/Desktop/unitreego2nav/install/explore_lite_msgs/local/lib/python3.10/dist-packages/explore_lite_msgs/libexplore_lite_msgs__rosidl_generator_py.so
[6.003s] -- Installing: /home/safal/Desktop/unitreego2nav/install/explore_lite_msgs/local/lib/python3.10/dist-packages/explore_lite_msgs/explore_lite_msgs_s__rosidl_typesupport_fastrtps_c.cpython-310-x86_64-linux-gnu.so
[6.003s] -- Installing: /home/safal/Desktop/unitreego2nav/install/explore_lite_msgs/local/lib/python3.10/dist-packages/explore_lite_msgs/_explore_lite_msgs_s.ep.rosidl_typesupport_fastrtps_c.c
[6.003s] -- Installing: /home/safal/Desktop/unitreego2nav/install/explore_lite_msgs/local/lib/python3.10/dist-packages/explore_lite_msgs/_explore_lite_msgs_s.ep.rosidl_typesupport_introspection_c.c
[6.003s] -- Installing: /home/safal/Desktop/unitreego2nav/install/explore_lite_msgs/local/lib/python3.10/dist-packages/explore_lite_msgs/_explore_lite_msgs_s.ep.rosidl_typesupport_c.c
[6.045s] Listing '/home/safal/Desktop/unitreego2nav/install/explore_lite_msgs/local/lib/python3.10/dist-packages/explore_lite_msgs'...
[6.046s] Compiling '/home/safal/Desktop/unitreego2nav/install/explore_lite_msgs/local/lib/python3.10/dist-packages/explore_lite_msgs/__init__.py'...
[6.046s] Listing '/home/safal/Desktop/unitreego2nav/install/explore_lite_msgs/local/lib/python3.10/dist-packages/explore_lite_msgs/msg'...
[6.046s] Compiling '/home/safal/Desktop/unitreego2nav/install/explore_lite_msgs/local/lib/python3.10/dist-packages/explore_lite_msgs/msg/__init__.py'...
[6.046s] Compiling '/home/safal/Desktop/unitreego2nav/install/explore_lite_msgs/local/lib/python3.10/dist-packages/explore_lite_msgs/msg/_explore_status.py'...
[6.052s] -- Installing: /home/safal/Desktop/unitreego2nav/install/explore_lite_msgs/local/lib/python3.10/dist-packages/explore_lite_msgs/explore_lite_msgs_s__rosidl_typesupport_fastrtps_c.cpython-310-x86_64-linux-gnu.so
[6.052s] -- Set non-toolchain portion of runtime path of "/home/safal/Desktop/unitreego2nav/install/explore_lite_msgs/local/lib/python3.10/dist-packages/explore_lite_msgs/explore_lite_msgs_s__rosidl_typesupport_fastrtps_c.cpython-310-x86_64-linux-gnu.so" to ""
[6.052s] -- Installing: /home/safal/Desktop/unitreego2nav/install/explore_lite_msgs/local/lib/python3.10/dist-packages/explore_lite_msgs/explore_lite_msgs_s__rosidl_typesupport_introspection_c.cpython-310-x86_64-linux-gnu.so
[6.053s] -- Set non-toolchain portion of runtime path of "/home/safal/Desktop/unitreego2nav/install/explore_lite_msgs/local/lib/python3.10/dist-packages/explore_lite_msgs/explore_lite_msgs_s__rosidl_typesupport_introspection_c.cpython-310-x86_64-linux-gnu.so" to ""
[6.053s] -- Installing: /home/safal/Desktop/unitreego2nav/install/explore_lite_msgs/local/lib/python3.10/dist-packages/explore_lite_msgs/explore_lite_msgs_s__rosidl_typesupport_c.cpython-310-x86_64-linux-gnu.so
[6.053s] -- Set non-toolchain portion of runtime path of "/home/safal/Desktop/unitreego2nav/install/explore_lite_msgs/local/lib/python3.10/dist-packages/explore_lite_msgs/explore_lite_msgs_s__rosidl_typesupport_c.cpython-310-x86_64-linux-gnu.so" to ""
[6.054s] -- Installing: /home/safal/Desktop/unitreego2nav/install/explore_lite_msgs/lib/libexplore_lite_msgs__rosidl_generator_py.so
[6.054s] -- Set non-toolchain portion of runtime path of "/home/safal/Desktop/unitreego2nav/install/explore_lite_msgs/lib/libexplore_lite_msgs__rosidl_generator_py.so" to ""
[6.054s] -- Installing: /home/safal/Desktop/unitreego2nav/install/explore_lite_msgs/share/ament_index/resource_index/rust_packages/explore_lite_msgs
[6.054s] -- Installing: /home/safal/Desktop/unitreego2nav/install/explore_lite_msgs/share/explore_lite_msgs/rust
[6.055s] -- Installing: /home/safal/Desktop/unitreego2nav/install/explore_lite_msgs/share/explore_lite_msgs/rust/Cargo.toml
[6.055s] -- Installing: /home/safal/Desktop/unitreego2nav/install/explore_lite_msgs/share/explore_lite_msgs/rust/src
[6.055s] -- Installing: /home/safal/Desktop/unitreego2nav/install/explore_lite_msgs/share/explore_lite_msgs/rust/src/msg
[6.055s] -- Installing: /home/safal/Desktop/unitreego2nav/install/explore_lite_msgs/share/explore_lite_msgs/rust/src/msg/rmw.rs
[6.055s] -- Installing: /home/safal/Desktop/unitreego2nav/install/explore_lite_msgs/share/explore_lite_msgs/rust/src/lib.rs
[6.055s] -- Installing: /home/safal/Desktop/unitreego2nav/install/explore_lite_msgs/share/explore_lite_msgs/rust/src/msg.rs
[6.055s] -- Installing: /home/safal/Desktop/unitreego2nav/install/explore_lite_msgs/share/explore_lite_msgs/rust/build.rs
[6.056s] -- Installing: /home/safal/Desktop/unitreego2nav/install/explore_lite_msgs/share/explore_lite_msgs/msg/ExploreStatus.idl
[6.056s] -- Installing: /home/safal/Desktop/unitreego2nav/install/explore_lite_msgs/share/explore_lite_msgs/msg/ExploreStatus.msg
[6.056s] -- Installing: /home/safal/Desktop/unitreego2nav/install/explore_lite_msgs/share/ament_index/resource_index/package_run_dependencies/explore_lite_msgs
[6.057s] -- Installing: /home/safal/Desktop/unitreego2nav/install/explore_lite_msgs/share/ament_index/resource_index/parent_prefix_path/explore_lite_msgs
[6.057s] -- Installing: /home/safal/Desktop/unitreego2nav/install/explore_lite_msgs/share/explore_lite_msgs/environment/ament_prefix_path.sh
[6.057s] -- Installing: /home/safal/Desktop/unitreego2nav/install/explore_lite_msgs/share/explore_lite_msgs/environment/ament_prefix_path.dsv
[6.057s] -- Installing: /home/safal/Desktop/unitreego2nav/install/explore_lite_msgs/share/explore_lite_msgs/environment/path.sh
[6.058s] -- Installing: /home/safal/Desktop/unitreego2nav/install/explore_lite_msgs/share/explore_lite_msgs/environment/path.dsv
[6.058s] -- Installing: /home/safal/Desktop/unitreego2nav/install/explore_lite_msgs/share/explore_lite_msgs/local_setup.bash
[6.058s] -- Installing: /home/safal/Desktop/unitreego2nav/install/explore_lite_msgs/share/explore_lite_msgs/local_setup.sh
[6.058s] -- Installing: /home/safal/Desktop/unitreego2nav/install/explore_lite_msgs/share/explore_lite_msgs/local_setup.zsh
[6.059s] -- Installing: /home/safal/Desktop/unitreego2nav/install/explore_lite_msgs/share/explore_lite_msgs/local_setup.dsv
[6.059s] -- Installing: /home/safal/Desktop/unitreego2nav/install/explore_lite_msgs/share/explore_lite_msgs/package.dsv
[6.059s] -- Installing: /home/safal/Desktop/unitreego2nav/install/explore_lite_msgs/share/ament_index/resource_index/packages/explore_lite_msgs
[6.059s] -- Installing: /home/safal/Desktop/unitreego2nav/install/explore_lite_msgs/share/explore_lite_msgs/cmake/export_explore_lite_msgs__rosidl_generator_cExport.cmake
[6.059s] -- Installing: /home/safal/Desktop/unitreego2nav/install/explore_lite_msgs/share/explore_lite_msgs/cmake/export_explore_lite_msgs__rosidl_generator_cExport-noconfig.cmake
[6.060s] -- Installing: /home/safal/Desktop/unitreego2nav/install/explore_lite_msgs/share/explore_lite_msgs/cmake/export_explore_lite_msgs__rosidl_typesupport_fastrtps_cExport.cmake
[6.060s] -- Installing: /home/safal/Desktop/unitreego2nav/install/explore_lite_msgs/share/explore_lite_msgs/cmake/export_explore_lite_msgs__rosidl_typesupport_fastrtps_cExport-noconfig.cmake
[6.060s] -- Installing: /home/safal/Desktop/unitreego2nav/install/explore_lite_msgs/share/explore_lite_msgs/cmake/explore_lite_msgs__rosidl_typesupport_introspection_cExport.cmake
[6.060s] -- Installing: /home/safal/Desktop/unitreego2nav/install/explore_lite_msgs/share/explore_lite_msgs/cmake/explore_lite_msgs__rosidl_typesupport_introspection_cExport-noconfig.cmake
[6.061s] -- Installing: /home/safal/Desktop/unitreego2nav/install/explore_lite_msgs/share/explore_lite_msgs/cmake/explore_lite_msgs__rosidl_typesupport_cExport.cmake
[6.061s] -- Installing: /home/safal/Desktop/unitreego2nav/install/explore_lite_msgs/share/explore_lite_msgs/cmake/explore_lite_msgs__rosidl_typesupport_cExport-noconfig.cmake
[6.061s] -- Installing: /home/safal/Desktop/unitreego2nav/install/explore_lite_msgs/share/explore_lite_msgs/cmake/export_explore_lite_msgs__rosidl_generator_cppExport.cmake
[6.062s] -- Installing: /home/safal/Desktop/unitreego2nav/install/explore_lite_msgs/share/explore_lite_msgs/cmake/export_explore_lite_msgs__rosidl_typesupport_fastrtps_cppExport.cmake
[6.062s] -- Installing: /home/safal/Desktop/unitreego2nav/install/explore_lite_msgs/share/explore_lite_msgs/cmake/export_explore_lite_msgs__rosidl_typesupport_fastrtps_cppExport-noconfig.cmake
[6.062s] -- Installing: /home/safal/Desktop/unitreego2nav/install/explore_lite_msgs/share/explore_lite_msgs/cmake/explore_lite_msgs__rosidl_typesupport_introspection_cppExport.cmake
[6.062s] -- Installing: /home/safal/Desktop/unitreego2nav/install/explore_lite_msgs/share/explore_lite_msgs/cmake/explore_lite_msgs__rosidl_typesupport_introspection_cppExport-noconfig.cmake
[6.062s] -- Installing: /home/safal/Desktop/unitreego2nav/install/explore_lite_msgs/share/explore_lite_msgs/cmake/explore_lite_msgs__rosidl_typesupport_cppExport.cmake
[6.063s] -- Installing: /home/safal/Desktop/unitreego2nav/install/explore_lite_msgs/share/explore_lite_msgs/cmake/explore_lite_msgs__rosidl_typesupport_cppExport-noconfig.cmake
[6.063s] -- Installing: /home/safal/Desktop/unitreego2nav/install/explore_lite_msgs/share/explore_lite_msgs/cmake/export_explore_lite_msgs__rosidl_generator_pyExport.cmake
[6.063s] -- Installing: /home/safal/Desktop/unitreego2nav/install/explore_lite_msgs/share/explore_lite_msgs/cmake/export_explore_lite_msgs__rosidl_generator_pyExport-noconfig.cmake
[6.063s] -- Installing: /home/safal/Desktop/unitreego2nav/install/explore_lite_msgs/share/explore_lite_msgs/cmake/rosidl_cmake-extras.cmake
[6.063s] -- Installing: /home/safal/Desktop/unitreego2nav/install/explore_lite_msgs/share/explore_lite_msgs/cmake/ament_cmake_export_include_directories-extras.cmake
[6.063s] -- Installing: /home/safal/Desktop/unitreego2nav/install/explore_lite_msgs/share/explore_lite_msgs/cmake/ament_cmake_export_libraries-extras.cmake
[6.064s] -- Installing: /home/safal/Desktop/unitreego2nav/install/explore_lite_msgs/share/explore_lite_msgs/cmake/ament_cmake_export_targets-extras.cmake
[6.064s] -- Installing: /home/safal/Desktop/unitreego2nav/install/explore_lite_msgs/share/explore_lite_msgs/cmake/rosidl_cmake_export_typesupport_targets-extras.cmake
[6.064s] -- Installing: /home/safal/Desktop/unitreego2nav/install/explore_lite_msgs/share/explore_lite_msgs/cmake/ament_cmake_export_dependencies-extras.cmake
[6.064s] -- Installing: /home/safal/Desktop/unitreego2nav/install/explore_lite_msgs/share/explore_lite_msgs/cmake/rosidl_cmake_export_typesupport_libraries-extras.cmake
[6.064s] -- Installing: /home/safal/Desktop/unitreego2nav/install/explore_lite_msgs/share/explore_lite_msgs/cmake/explore_lite_msgsConfig.cmake
[6.064s] -- Installing: /home/safal/Desktop/unitreego2nav/install/explore_lite_msgs/share/explore_lite_msgs/cmake/explore_lite_msgsConfig-version.cmake
[6.065s] -- Installing: /home/safal/Desktop/unitreego2nav/install/explore_lite_msgs/share/explore_lite_msgs/package.xml
[6.067s] Invoked command in '/home/safal/Desktop/unitreego2nav/build/explore_lite_msgs' returned '0': CMAKE_PREFIX_PATH=${CMAKE_PREFIX_PATH}:/home/safal/Desktop/unitreego2nav/install/go2_nav:/opt/ros/humble /usr/bin/cmake --install /home/safal/Desktop/unitreego2nav/build/explore_lite_msgs
