[0.109s] DEBUG:colcon:Command line arguments: ['/usr/bin/colcon', 'build']
[0.109s] DEBUG:colcon:Parsed command line arguments: Namespace(log_base=None, log_level=None, verb_name='build', build_base='build', install_base='install', merge_install=False, symlink_install=False, test_result_base=None, continue_on_error=False, executor='parallel', parallel_workers=8, event_handlers=None, ignore_user_meta=False, metas=['./colcon.meta'], base_paths=['.'], packages_ignore=None, packages_ignore_regex=None, paths=None, packages_up_to=None, packages_up_to_regex=None, packages_above=None, packages_above_and_dependencies=None, packages_above_depth=None, packages_select_by_dep=None, packages_skip_by_dep=None, packages_skip_up_to=None, packages_select_build_failed=False, packages_skip_build_finished=False, packages_select_test_failures=False, packages_skip_test_passed=False, packages_select=None, packages_skip=None, packages_select_regex=None, packages_skip_regex=None, packages_start=None, packages_end=None, allow_overriding=[], cmake_args=None, cmake_target=None, cmake_target_skip_unavailable=False, cmake_clean_cache=False, cmake_clean_first=False, cmake_force_configure=False, ament_cmake_args=None, catkin_cmake_args=None, catkin_skip_building_tests=False, mixin_files=None, mixin=None, verb_parser=<colcon_mixin.mixin.mixin_argument.MixinArgumentDecorator object at 0x722234894ee0>, verb_extension=<colcon_core.verb.build.BuildVerb object at 0x7222349ae500>, main=<bound method BuildVerb.main of <colcon_core.verb.build.BuildVerb object at 0x7222349ae500>>, mixin_verb=('build',))
[0.304s] Level 1:colcon.colcon_core.package_discovery:discover_packages(colcon_meta) check parameters
[0.304s] Level 1:colcon.colcon_core.package_discovery:discover_packages(recursive) check parameters
[0.304s] Level 1:colcon.colcon_core.package_discovery:discover_packages(ignore) check parameters
[0.304s] Level 1:colcon.colcon_core.package_discovery:discover_packages(path) check parameters
[0.304s] Level 1:colcon.colcon_core.package_discovery:discover_packages(colcon_meta) discover
[0.304s] Level 1:colcon.colcon_core.package_discovery:discover_packages(recursive) discover
[0.304s] INFO:colcon.colcon_core.package_discovery:Crawling recursively for packages in '/home/safal/Desktop/unitreego2nav'
[0.305s] Level 1:colcon.colcon_core.package_identification:_identify(.) by extensions ['ignore', 'ignore_ament_install']
[0.305s] Level 1:colcon.colcon_core.package_identification:_identify(.) by extension 'ignore'
[0.305s] Level 1:colcon.colcon_core.package_identification:_identify(.) by extension 'ignore_ament_install'
[0.305s] Level 1:colcon.colcon_core.package_identification:_identify(.) by extensions ['colcon_pkg']
[0.305s] Level 1:colcon.colcon_core.package_identification:_identify(.) by extension 'colcon_pkg'
[0.305s] Level 1:colcon.colcon_core.package_identification:_identify(.) by extensions ['colcon_meta']
[0.305s] Level 1:colcon.colcon_core.package_identification:_identify(.) by extension 'colcon_meta'
[0.305s] Level 1:colcon.colcon_core.package_identification:_identify(.) by extensions ['ros']
[0.305s] Level 1:colcon.colcon_core.package_identification:_identify(.) by extension 'ros'
[0.321s] Level 1:colcon.colcon_core.package_identification:_identify(.) by extensions ['cmake', 'python']
[0.322s] Level 1:colcon.colcon_core.package_identification:_identify(.) by extension 'cmake'
[0.322s] Level 1:colcon.colcon_core.package_identification:_identify(.) by extension 'python'
[0.322s] Level 1:colcon.colcon_core.package_identification:_identify(.) by extensions ['python_setup_py']
[0.322s] Level 1:colcon.colcon_core.package_identification:_identify(.) by extension 'python_setup_py'
[0.322s] Level 1:colcon.colcon_core.package_identification:_identify(build) by extensions ['ignore', 'ignore_ament_install']
[0.322s] Level 1:colcon.colcon_core.package_identification:_identify(build) by extension 'ignore'
[0.322s] Level 1:colcon.colcon_core.package_identification:_identify(build) ignored
[0.322s] Level 1:colcon.colcon_core.package_identification:_identify(install) by extensions ['ignore', 'ignore_ament_install']
[0.322s] Level 1:colcon.colcon_core.package_identification:_identify(install) by extension 'ignore'
[0.322s] Level 1:colcon.colcon_core.package_identification:_identify(install) ignored
[0.322s] Level 1:colcon.colcon_core.package_identification:_identify(log) by extensions ['ignore', 'ignore_ament_install']
[0.323s] Level 1:colcon.colcon_core.package_identification:_identify(log) by extension 'ignore'
[0.323s] Level 1:colcon.colcon_core.package_identification:_identify(log) ignored
[0.323s] Level 1:colcon.colcon_core.package_identification:_identify(sdk) by extensions ['ignore', 'ignore_ament_install']
[0.323s] Level 1:colcon.colcon_core.package_identification:_identify(sdk) by extension 'ignore'
[0.323s] Level 1:colcon.colcon_core.package_identification:_identify(sdk) ignored
[0.323s] Level 1:colcon.colcon_core.package_identification:_identify(src) by extensions ['ignore', 'ignore_ament_install']
[0.323s] Level 1:colcon.colcon_core.package_identification:_identify(src) by extension 'ignore'
[0.323s] Level 1:colcon.colcon_core.package_identification:_identify(src) by extension 'ignore_ament_install'
[0.323s] Level 1:colcon.colcon_core.package_identification:_identify(src) by extensions ['colcon_pkg']
[0.323s] Level 1:colcon.colcon_core.package_identification:_identify(src) by extension 'colcon_pkg'
[0.323s] Level 1:colcon.colcon_core.package_identification:_identify(src) by extensions ['colcon_meta']
[0.323s] Level 1:colcon.colcon_core.package_identification:_identify(src) by extension 'colcon_meta'
[0.323s] Level 1:colcon.colcon_core.package_identification:_identify(src) by extensions ['ros']
[0.323s] Level 1:colcon.colcon_core.package_identification:_identify(src) by extension 'ros'
[0.323s] Level 1:colcon.colcon_core.package_identification:_identify(src) by extensions ['cmake', 'python']
[0.323s] Level 1:colcon.colcon_core.package_identification:_identify(src) by extension 'cmake'
[0.324s] Level 1:colcon.colcon_core.package_identification:_identify(src) by extension 'python'
[0.324s] Level 1:colcon.colcon_core.package_identification:_identify(src) by extensions ['python_setup_py']
[0.324s] Level 1:colcon.colcon_core.package_identification:_identify(src) by extension 'python_setup_py'
[0.324s] Level 1:colcon.colcon_core.package_identification:_identify(src/go2_nav) by extensions ['ignore', 'ignore_ament_install']
[0.324s] Level 1:colcon.colcon_core.package_identification:_identify(src/go2_nav) by extension 'ignore'
[0.324s] Level 1:colcon.colcon_core.package_identification:_identify(src/go2_nav) by extension 'ignore_ament_install'
[0.324s] Level 1:colcon.colcon_core.package_identification:_identify(src/go2_nav) by extensions ['colcon_pkg']
[0.324s] Level 1:colcon.colcon_core.package_identification:_identify(src/go2_nav) by extension 'colcon_pkg'
[0.324s] Level 1:colcon.colcon_core.package_identification:_identify(src/go2_nav) by extensions ['colcon_meta']
[0.324s] Level 1:colcon.colcon_core.package_identification:_identify(src/go2_nav) by extension 'colcon_meta'
[0.324s] Level 1:colcon.colcon_core.package_identification:_identify(src/go2_nav) by extensions ['ros']
[0.324s] Level 1:colcon.colcon_core.package_identification:_identify(src/go2_nav) by extension 'ros'
[0.327s] DEBUG:colcon.colcon_core.package_identification:Package 'src/go2_nav' with type 'ros.ament_python' and name 'go2_nav'
[0.327s] Level 1:colcon.colcon_core.package_identification:_identify(src/m-explore-ros2) by extensions ['ignore', 'ignore_ament_install']
[0.327s] Level 1:colcon.colcon_core.package_identification:_identify(src/m-explore-ros2) by extension 'ignore'
[0.327s] Level 1:colcon.colcon_core.package_identification:_identify(src/m-explore-ros2) by extension 'ignore_ament_install'
[0.327s] Level 1:colcon.colcon_core.package_identification:_identify(src/m-explore-ros2) by extensions ['colcon_pkg']
[0.327s] Level 1:colcon.colcon_core.package_identification:_identify(src/m-explore-ros2) by extension 'colcon_pkg'
[0.327s] Level 1:colcon.colcon_core.package_identification:_identify(src/m-explore-ros2) by extensions ['colcon_meta']
[0.327s] Level 1:colcon.colcon_core.package_identification:_identify(src/m-explore-ros2) by extension 'colcon_meta'
[0.327s] Level 1:colcon.colcon_core.package_identification:_identify(src/m-explore-ros2) by extensions ['ros']
[0.327s] Level 1:colcon.colcon_core.package_identification:_identify(src/m-explore-ros2) by extension 'ros'
[0.327s] Level 1:colcon.colcon_core.package_identification:_identify(src/m-explore-ros2) by extensions ['cmake', 'python']
[0.327s] Level 1:colcon.colcon_core.package_identification:_identify(src/m-explore-ros2) by extension 'cmake'
[0.327s] Level 1:colcon.colcon_core.package_identification:_identify(src/m-explore-ros2) by extension 'python'
[0.327s] Level 1:colcon.colcon_core.package_identification:_identify(src/m-explore-ros2) by extensions ['python_setup_py']
[0.327s] Level 1:colcon.colcon_core.package_identification:_identify(src/m-explore-ros2) by extension 'python_setup_py'
[0.328s] Level 1:colcon.colcon_core.package_identification:_identify(src/m-explore-ros2/explore) by extensions ['ignore', 'ignore_ament_install']
[0.328s] Level 1:colcon.colcon_core.package_identification:_identify(src/m-explore-ros2/explore) by extension 'ignore'
[0.328s] Level 1:colcon.colcon_core.package_identification:_identify(src/m-explore-ros2/explore) by extension 'ignore_ament_install'
[0.328s] Level 1:colcon.colcon_core.package_identification:_identify(src/m-explore-ros2/explore) by extensions ['colcon_pkg']
[0.328s] Level 1:colcon.colcon_core.package_identification:_identify(src/m-explore-ros2/explore) by extension 'colcon_pkg'
[0.328s] Level 1:colcon.colcon_core.package_identification:_identify(src/m-explore-ros2/explore) by extensions ['colcon_meta']
[0.328s] Level 1:colcon.colcon_core.package_identification:_identify(src/m-explore-ros2/explore) by extension 'colcon_meta'
[0.328s] Level 1:colcon.colcon_core.package_identification:_identify(src/m-explore-ros2/explore) by extensions ['ros']
[0.328s] Level 1:colcon.colcon_core.package_identification:_identify(src/m-explore-ros2/explore) by extension 'ros'
[0.329s] DEBUG:colcon.colcon_core.package_identification:Package 'src/m-explore-ros2/explore' with type 'ros.ament_cmake' and name 'explore_lite'
[0.329s] Level 1:colcon.colcon_core.package_identification:_identify(src/m-explore-ros2/explore_lite_msgs) by extensions ['ignore', 'ignore_ament_install']
[0.329s] Level 1:colcon.colcon_core.package_identification:_identify(src/m-explore-ros2/explore_lite_msgs) by extension 'ignore'
[0.330s] Level 1:colcon.colcon_core.package_identification:_identify(src/m-explore-ros2/explore_lite_msgs) by extension 'ignore_ament_install'
[0.330s] Level 1:colcon.colcon_core.package_identification:_identify(src/m-explore-ros2/explore_lite_msgs) by extensions ['colcon_pkg']
[0.330s] Level 1:colcon.colcon_core.package_identification:_identify(src/m-explore-ros2/explore_lite_msgs) by extension 'colcon_pkg'
[0.330s] Level 1:colcon.colcon_core.package_identification:_identify(src/m-explore-ros2/explore_lite_msgs) by extensions ['colcon_meta']
[0.330s] Level 1:colcon.colcon_core.package_identification:_identify(src/m-explore-ros2/explore_lite_msgs) by extension 'colcon_meta'
[0.330s] Level 1:colcon.colcon_core.package_identification:_identify(src/m-explore-ros2/explore_lite_msgs) by extensions ['ros']
[0.330s] Level 1:colcon.colcon_core.package_identification:_identify(src/m-explore-ros2/explore_lite_msgs) by extension 'ros'
[0.330s] DEBUG:colcon.colcon_core.package_identification:Package 'src/m-explore-ros2/explore_lite_msgs' with type 'ros.ament_cmake' and name 'explore_lite_msgs'
[0.330s] Level 1:colcon.colcon_core.package_identification:_identify(src/m-explore-ros2/map_merge) by extensions ['ignore', 'ignore_ament_install']
[0.331s] Level 1:colcon.colcon_core.package_identification:_identify(src/m-explore-ros2/map_merge) by extension 'ignore'
[0.331s] Level 1:colcon.colcon_core.package_identification:_identify(src/m-explore-ros2/map_merge) by extension 'ignore_ament_install'
[0.331s] Level 1:colcon.colcon_core.package_identification:_identify(src/m-explore-ros2/map_merge) by extensions ['colcon_pkg']
[0.331s] Level 1:colcon.colcon_core.package_identification:_identify(src/m-explore-ros2/map_merge) by extension 'colcon_pkg'
[0.331s] Level 1:colcon.colcon_core.package_identification:_identify(src/m-explore-ros2/map_merge) by extensions ['colcon_meta']
[0.331s] Level 1:colcon.colcon_core.package_identification:_identify(src/m-explore-ros2/map_merge) by extension 'colcon_meta'
[0.331s] Level 1:colcon.colcon_core.package_identification:_identify(src/m-explore-ros2/map_merge) by extensions ['ros']
[0.331s] Level 1:colcon.colcon_core.package_identification:_identify(src/m-explore-ros2/map_merge) by extension 'ros'
[0.333s] DEBUG:colcon.colcon_core.package_identification:Package 'src/m-explore-ros2/map_merge' with type 'ros.ament_cmake' and name 'multirobot_map_merge'
[0.333s] Level 1:colcon.colcon_core.package_discovery:discover_packages(recursive) using defaults
[0.333s] Level 1:colcon.colcon_core.package_discovery:discover_packages(ignore) discover
[0.333s] Level 1:colcon.colcon_core.package_discovery:discover_packages(ignore) using defaults
[0.333s] Level 1:colcon.colcon_core.package_discovery:discover_packages(path) discover
[0.333s] Level 1:colcon.colcon_core.package_discovery:discover_packages(path) using defaults
[0.353s] Level 1:colcon.colcon_core.package_discovery:discover_packages(prefix_path) check parameters
[0.353s] Level 1:colcon.colcon_core.package_discovery:discover_packages(prefix_path) discover
[0.355s] DEBUG:colcon.colcon_installed_package_information.package_discovery:Found 4 installed packages in /home/safal/Desktop/unitreego2nav/install
[0.356s] DEBUG:colcon.colcon_installed_package_information.package_discovery:Found 508 installed packages in /opt/ros/humble
[0.358s] Level 1:colcon.colcon_core.package_discovery:discover_packages(prefix_path) using defaults
[0.420s] Level 5:colcon.colcon_core.verb:set package 'explore_lite_msgs' build argument 'cmake_args' from command line to 'None'
[0.420s] Level 5:colcon.colcon_core.verb:set package 'explore_lite_msgs' build argument 'cmake_target' from command line to 'None'
[0.420s] Level 5:colcon.colcon_core.verb:set package 'explore_lite_msgs' build argument 'cmake_target_skip_unavailable' from command line to 'False'
[0.420s] Level 5:colcon.colcon_core.verb:set package 'explore_lite_msgs' build argument 'cmake_clean_cache' from command line to 'False'
[0.420s] Level 5:colcon.colcon_core.verb:set package 'explore_lite_msgs' build argument 'cmake_clean_first' from command line to 'False'
[0.420s] Level 5:colcon.colcon_core.verb:set package 'explore_lite_msgs' build argument 'cmake_force_configure' from command line to 'False'
[0.420s] Level 5:colcon.colcon_core.verb:set package 'explore_lite_msgs' build argument 'ament_cmake_args' from command line to 'None'
[0.420s] Level 5:colcon.colcon_core.verb:set package 'explore_lite_msgs' build argument 'catkin_cmake_args' from command line to 'None'
[0.420s] Level 5:colcon.colcon_core.verb:set package 'explore_lite_msgs' build argument 'catkin_skip_building_tests' from command line to 'False'
[0.420s] DEBUG:colcon.colcon_core.verb:Building package 'explore_lite_msgs' with the following arguments: {'ament_cmake_args': None, 'build_base': '/home/safal/Desktop/unitreego2nav/build/explore_lite_msgs', 'catkin_cmake_args': None, 'catkin_skip_building_tests': False, 'cmake_args': None, 'cmake_clean_cache': False, 'cmake_clean_first': False, 'cmake_force_configure': False, 'cmake_target': None, 'cmake_target_skip_unavailable': False, 'install_base': '/home/safal/Desktop/unitreego2nav/install/explore_lite_msgs', 'merge_install': False, 'path': '/home/safal/Desktop/unitreego2nav/src/m-explore-ros2/explore_lite_msgs', 'symlink_install': False, 'test_result_base': None}
[0.421s] Level 5:colcon.colcon_core.verb:set package 'go2_nav' build argument 'cmake_args' from command line to 'None'
[0.421s] Level 5:colcon.colcon_core.verb:set package 'go2_nav' build argument 'cmake_target' from command line to 'None'
[0.421s] Level 5:colcon.colcon_core.verb:set package 'go2_nav' build argument 'cmake_target_skip_unavailable' from command line to 'False'
[0.421s] Level 5:colcon.colcon_core.verb:set package 'go2_nav' build argument 'cmake_clean_cache' from command line to 'False'
[0.421s] Level 5:colcon.colcon_core.verb:set package 'go2_nav' build argument 'cmake_clean_first' from command line to 'False'
[0.421s] Level 5:colcon.colcon_core.verb:set package 'go2_nav' build argument 'cmake_force_configure' from command line to 'False'
[0.421s] Level 5:colcon.colcon_core.verb:set package 'go2_nav' build argument 'ament_cmake_args' from command line to 'None'
[0.421s] Level 5:colcon.colcon_core.verb:set package 'go2_nav' build argument 'catkin_cmake_args' from command line to 'None'
[0.421s] Level 5:colcon.colcon_core.verb:set package 'go2_nav' build argument 'catkin_skip_building_tests' from command line to 'False'
[0.421s] DEBUG:colcon.colcon_core.verb:Building package 'go2_nav' with the following arguments: {'ament_cmake_args': None, 'build_base': '/home/safal/Desktop/unitreego2nav/build/go2_nav', 'catkin_cmake_args': None, 'catkin_skip_building_tests': False, 'cmake_args': None, 'cmake_clean_cache': False, 'cmake_clean_first': False, 'cmake_force_configure': False, 'cmake_target': None, 'cmake_target_skip_unavailable': False, 'install_base': '/home/safal/Desktop/unitreego2nav/install/go2_nav', 'merge_install': False, 'path': '/home/safal/Desktop/unitreego2nav/src/go2_nav', 'symlink_install': False, 'test_result_base': None}
[0.421s] Level 5:colcon.colcon_core.verb:set package 'multirobot_map_merge' build argument 'cmake_args' from command line to 'None'
[0.421s] Level 5:colcon.colcon_core.verb:set package 'multirobot_map_merge' build argument 'cmake_target' from command line to 'None'
[0.421s] Level 5:colcon.colcon_core.verb:set package 'multirobot_map_merge' build argument 'cmake_target_skip_unavailable' from command line to 'False'
[0.421s] Level 5:colcon.colcon_core.verb:set package 'multirobot_map_merge' build argument 'cmake_clean_cache' from command line to 'False'
[0.421s] Level 5:colcon.colcon_core.verb:set package 'multirobot_map_merge' build argument 'cmake_clean_first' from command line to 'False'
[0.421s] Level 5:colcon.colcon_core.verb:set package 'multirobot_map_merge' build argument 'cmake_force_configure' from command line to 'False'
[0.421s] Level 5:colcon.colcon_core.verb:set package 'multirobot_map_merge' build argument 'ament_cmake_args' from command line to 'None'
[0.421s] Level 5:colcon.colcon_core.verb:set package 'multirobot_map_merge' build argument 'catkin_cmake_args' from command line to 'None'
[0.421s] Level 5:colcon.colcon_core.verb:set package 'multirobot_map_merge' build argument 'catkin_skip_building_tests' from command line to 'False'
[0.422s] DEBUG:colcon.colcon_core.verb:Building package 'multirobot_map_merge' with the following arguments: {'ament_cmake_args': None, 'build_base': '/home/safal/Desktop/unitreego2nav/build/multirobot_map_merge', 'catkin_cmake_args': None, 'catkin_skip_building_tests': False, 'cmake_args': None, 'cmake_clean_cache': False, 'cmake_clean_first': False, 'cmake_force_configure': False, 'cmake_target': None, 'cmake_target_skip_unavailable': False, 'install_base': '/home/safal/Desktop/unitreego2nav/install/multirobot_map_merge', 'merge_install': False, 'path': '/home/safal/Desktop/unitreego2nav/src/m-explore-ros2/map_merge', 'symlink_install': False, 'test_result_base': None}
[0.422s] Level 5:colcon.colcon_core.verb:set package 'explore_lite' build argument 'cmake_args' from command line to 'None'
[0.422s] Level 5:colcon.colcon_core.verb:set package 'explore_lite' build argument 'cmake_target' from command line to 'None'
[0.422s] Level 5:colcon.colcon_core.verb:set package 'explore_lite' build argument 'cmake_target_skip_unavailable' from command line to 'False'
[0.422s] Level 5:colcon.colcon_core.verb:set package 'explore_lite' build argument 'cmake_clean_cache' from command line to 'False'
[0.422s] Level 5:colcon.colcon_core.verb:set package 'explore_lite' build argument 'cmake_clean_first' from command line to 'False'
[0.422s] Level 5:colcon.colcon_core.verb:set package 'explore_lite' build argument 'cmake_force_configure' from command line to 'False'
[0.422s] Level 5:colcon.colcon_core.verb:set package 'explore_lite' build argument 'ament_cmake_args' from command line to 'None'
[0.422s] Level 5:colcon.colcon_core.verb:set package 'explore_lite' build argument 'catkin_cmake_args' from command line to 'None'
[0.422s] Level 5:colcon.colcon_core.verb:set package 'explore_lite' build argument 'catkin_skip_building_tests' from command line to 'False'
[0.422s] DEBUG:colcon.colcon_core.verb:Building package 'explore_lite' with the following arguments: {'ament_cmake_args': None, 'build_base': '/home/safal/Desktop/unitreego2nav/build/explore_lite', 'catkin_cmake_args': None, 'catkin_skip_building_tests': False, 'cmake_args': None, 'cmake_clean_cache': False, 'cmake_clean_first': False, 'cmake_force_configure': False, 'cmake_target': None, 'cmake_target_skip_unavailable': False, 'install_base': '/home/safal/Desktop/unitreego2nav/install/explore_lite', 'merge_install': False, 'path': '/home/safal/Desktop/unitreego2nav/src/m-explore-ros2/explore', 'symlink_install': False, 'test_result_base': None}
[0.422s] INFO:colcon.colcon_core.executor:Executing jobs using 'parallel' executor
[0.423s] DEBUG:colcon.colcon_parallel_executor.executor.parallel:run_until_complete
[0.424s] INFO:colcon.colcon_ros.task.ament_cmake.build:Building ROS package in '/home/safal/Desktop/unitreego2nav/src/m-explore-ros2/explore_lite_msgs' with build type 'ament_cmake'
[0.424s] INFO:colcon.colcon_cmake.task.cmake.build:Building CMake package in '/home/safal/Desktop/unitreego2nav/src/m-explore-ros2/explore_lite_msgs'
[0.426s] INFO:colcon.colcon_core.plugin_system:Skipping extension 'colcon_core.shell.bat': Not used on non-Windows systems
[0.426s] INFO:colcon.colcon_core.shell:Skip shell extension 'powershell' for command environment: Not usable outside of PowerShell
[0.427s] DEBUG:colcon.colcon_core.shell:Skip shell extension 'dsv' for command environment
[0.431s] INFO:colcon.colcon_ros.task.ament_python.build:Building ROS package in '/home/safal/Desktop/unitreego2nav/src/go2_nav' with build type 'ament_python'
[0.431s] Level 1:colcon.colcon_core.shell:create_environment_hook('go2_nav', 'ament_prefix_path')
[0.432s] INFO:colcon.colcon_core.shell:Creating environment hook '/home/safal/Desktop/unitreego2nav/install/go2_nav/share/go2_nav/hook/ament_prefix_path.ps1'
[0.433s] INFO:colcon.colcon_core.shell:Creating environment descriptor '/home/safal/Desktop/unitreego2nav/install/go2_nav/share/go2_nav/hook/ament_prefix_path.dsv'
[0.433s] INFO:colcon.colcon_core.shell:Creating environment hook '/home/safal/Desktop/unitreego2nav/install/go2_nav/share/go2_nav/hook/ament_prefix_path.sh'
[0.434s] INFO:colcon.colcon_core.shell:Skip shell extension 'powershell' for command environment: Not usable outside of PowerShell
[0.434s] DEBUG:colcon.colcon_core.shell:Skip shell extension 'dsv' for command environment
[0.439s] INFO:colcon.colcon_ros.task.ament_cmake.build:Building ROS package in '/home/safal/Desktop/unitreego2nav/src/m-explore-ros2/map_merge' with build type 'ament_cmake'
[0.439s] INFO:colcon.colcon_cmake.task.cmake.build:Building CMake package in '/home/safal/Desktop/unitreego2nav/src/m-explore-ros2/map_merge'
[0.440s] INFO:colcon.colcon_core.shell:Skip shell extension 'powershell' for command environment: Not usable outside of PowerShell
[0.440s] DEBUG:colcon.colcon_core.shell:Skip shell extension 'dsv' for command environment
[0.451s] DEBUG:colcon.colcon_core.event_handler.log_command:Invoking command in '/home/safal/Desktop/unitreego2nav/build/explore_lite_msgs': CMAKE_PREFIX_PATH=${CMAKE_PREFIX_PATH}:/home/safal/Desktop/unitreego2nav/install/go2_nav:/opt/ros/humble /usr/bin/cmake --build /home/safal/Desktop/unitreego2nav/build/explore_lite_msgs -- -j8 -l8
[0.835s] INFO:colcon.colcon_core.task.python.build:Building Python package in '/home/safal/Desktop/unitreego2nav/src/go2_nav'
[0.836s] INFO:colcon.colcon_core.shell:Skip shell extension 'powershell' for command environment: Not usable outside of PowerShell
[0.836s] DEBUG:colcon.colcon_core.shell:Skip shell extension 'dsv' for command environment
[0.853s] DEBUG:colcon.colcon_core.event_handler.log_command:Invoking command in '/home/safal/Desktop/unitreego2nav/build/multirobot_map_merge': CMAKE_PREFIX_PATH=${CMAKE_PREFIX_PATH}:/home/safal/Desktop/unitreego2nav/install/go2_nav:/opt/ros/humble /usr/bin/cmake --build /home/safal/Desktop/unitreego2nav/build/multirobot_map_merge -- -j8 -l8
[0.913s] DEBUG:colcon.colcon_core.event_handler.log_command:Invoked command in '/home/safal/Desktop/unitreego2nav/build/explore_lite_msgs' returned '0': CMAKE_PREFIX_PATH=${CMAKE_PREFIX_PATH}:/home/safal/Desktop/unitreego2nav/install/go2_nav:/opt/ros/humble /usr/bin/cmake --build /home/safal/Desktop/unitreego2nav/build/explore_lite_msgs -- -j8 -l8
[0.920s] DEBUG:colcon.colcon_core.event_handler.log_command:Invoking command in '/home/safal/Desktop/unitreego2nav/build/explore_lite_msgs': CMAKE_PREFIX_PATH=${CMAKE_PREFIX_PATH}:/home/safal/Desktop/unitreego2nav/install/go2_nav:/opt/ros/humble /usr/bin/cmake --install /home/safal/Desktop/unitreego2nav/build/explore_lite_msgs
[0.926s] DEBUG:colcon.colcon_core.event_handler.log_command:Invoked command in '/home/safal/Desktop/unitreego2nav/build/multirobot_map_merge' returned '0': CMAKE_PREFIX_PATH=${CMAKE_PREFIX_PATH}:/home/safal/Desktop/unitreego2nav/install/go2_nav:/opt/ros/humble /usr/bin/cmake --build /home/safal/Desktop/unitreego2nav/build/multirobot_map_merge -- -j8 -l8
[0.937s] Level 1:colcon.colcon_core.environment:create_environment_scripts_only(multirobot_map_merge)
[0.941s] DEBUG:colcon.colcon_core.event_handler.log_command:Invoking command in '/home/safal/Desktop/unitreego2nav/build/multirobot_map_merge': CMAKE_PREFIX_PATH=${CMAKE_PREFIX_PATH}:/home/safal/Desktop/unitreego2nav/install/go2_nav:/opt/ros/humble /usr/bin/cmake --install /home/safal/Desktop/unitreego2nav/build/multirobot_map_merge
[0.943s] Level 1:colcon.colcon_core.environment:checking '/home/safal/Desktop/unitreego2nav/install/multirobot_map_merge' for CMake module files
[0.944s] Level 1:colcon.colcon_core.environment:checking '/home/safal/Desktop/unitreego2nav/install/multirobot_map_merge' for CMake config files
[0.946s] Level 1:colcon.colcon_core.shell:create_environment_hook('multirobot_map_merge', 'cmake_prefix_path')
[0.947s] INFO:colcon.colcon_core.shell:Creating environment hook '/home/safal/Desktop/unitreego2nav/install/multirobot_map_merge/share/multirobot_map_merge/hook/cmake_prefix_path.ps1'
[0.948s] INFO:colcon.colcon_core.shell:Creating environment descriptor '/home/safal/Desktop/unitreego2nav/install/multirobot_map_merge/share/multirobot_map_merge/hook/cmake_prefix_path.dsv'
[0.949s] DEBUG:colcon.colcon_core.event_handler.log_command:Invoked command in '/home/safal/Desktop/unitreego2nav/build/multirobot_map_merge' returned '0': CMAKE_PREFIX_PATH=${CMAKE_PREFIX_PATH}:/home/safal/Desktop/unitreego2nav/install/go2_nav:/opt/ros/humble /usr/bin/cmake --install /home/safal/Desktop/unitreego2nav/build/multirobot_map_merge
[0.949s] INFO:colcon.colcon_core.shell:Creating environment hook '/home/safal/Desktop/unitreego2nav/install/multirobot_map_merge/share/multirobot_map_merge/hook/cmake_prefix_path.sh'
[0.950s] Level 1:colcon.colcon_core.environment:checking '/home/safal/Desktop/unitreego2nav/install/multirobot_map_merge/lib'
[0.951s] Level 1:colcon.colcon_core.environment:checking '/home/safal/Desktop/unitreego2nav/install/multirobot_map_merge/bin'
[0.951s] Level 1:colcon.colcon_core.environment:checking '/home/safal/Desktop/unitreego2nav/install/multirobot_map_merge/lib/pkgconfig/multirobot_map_merge.pc'
[0.951s] Level 1:colcon.colcon_core.environment:checking '/home/safal/Desktop/unitreego2nav/install/multirobot_map_merge/lib/python3.10/site-packages'
[0.951s] Level 1:colcon.colcon_core.environment:checking '/home/safal/Desktop/unitreego2nav/install/multirobot_map_merge/bin'
[0.952s] INFO:colcon.colcon_core.shell:Creating package script '/home/safal/Desktop/unitreego2nav/install/multirobot_map_merge/share/multirobot_map_merge/package.ps1'
[0.954s] INFO:colcon.colcon_core.shell:Creating package descriptor '/home/safal/Desktop/unitreego2nav/install/multirobot_map_merge/share/multirobot_map_merge/package.dsv'
[0.955s] INFO:colcon.colcon_core.shell:Creating package script '/home/safal/Desktop/unitreego2nav/install/multirobot_map_merge/share/multirobot_map_merge/package.sh'
[0.957s] INFO:colcon.colcon_core.shell:Creating package script '/home/safal/Desktop/unitreego2nav/install/multirobot_map_merge/share/multirobot_map_merge/package.bash'
[0.958s] INFO:colcon.colcon_core.shell:Creating package script '/home/safal/Desktop/unitreego2nav/install/multirobot_map_merge/share/multirobot_map_merge/package.zsh'
[0.958s] Level 1:colcon.colcon_core.environment:create_file_with_runtime_dependencies(/home/safal/Desktop/unitreego2nav/install/multirobot_map_merge/share/colcon-core/packages/multirobot_map_merge)
[0.960s] Level 1:colcon.colcon_core.environment:create_environment_scripts_only(multirobot_map_merge)
[0.961s] Level 1:colcon.colcon_core.environment:checking '/home/safal/Desktop/unitreego2nav/install/multirobot_map_merge' for CMake module files
[0.961s] Level 1:colcon.colcon_core.environment:checking '/home/safal/Desktop/unitreego2nav/install/multirobot_map_merge' for CMake config files
[0.961s] Level 1:colcon.colcon_core.shell:create_environment_hook('multirobot_map_merge', 'cmake_prefix_path')
[0.962s] INFO:colcon.colcon_core.shell:Creating environment hook '/home/safal/Desktop/unitreego2nav/install/multirobot_map_merge/share/multirobot_map_merge/hook/cmake_prefix_path.ps1'
[0.962s] INFO:colcon.colcon_core.shell:Creating environment descriptor '/home/safal/Desktop/unitreego2nav/install/multirobot_map_merge/share/multirobot_map_merge/hook/cmake_prefix_path.dsv'
[0.963s] INFO:colcon.colcon_core.shell:Creating environment hook '/home/safal/Desktop/unitreego2nav/install/multirobot_map_merge/share/multirobot_map_merge/hook/cmake_prefix_path.sh'
[0.963s] Level 1:colcon.colcon_core.environment:checking '/home/safal/Desktop/unitreego2nav/install/multirobot_map_merge/lib'
[0.964s] Level 1:colcon.colcon_core.environment:checking '/home/safal/Desktop/unitreego2nav/install/multirobot_map_merge/bin'
[0.964s] Level 1:colcon.colcon_core.environment:checking '/home/safal/Desktop/unitreego2nav/install/multirobot_map_merge/lib/pkgconfig/multirobot_map_merge.pc'
[0.964s] Level 1:colcon.colcon_core.environment:checking '/home/safal/Desktop/unitreego2nav/install/multirobot_map_merge/lib/python3.10/site-packages'
[0.964s] Level 1:colcon.colcon_core.environment:checking '/home/safal/Desktop/unitreego2nav/install/multirobot_map_merge/bin'
[0.965s] INFO:colcon.colcon_core.shell:Creating package script '/home/safal/Desktop/unitreego2nav/install/multirobot_map_merge/share/multirobot_map_merge/package.ps1'
[0.966s] INFO:colcon.colcon_core.shell:Creating package descriptor '/home/safal/Desktop/unitreego2nav/install/multirobot_map_merge/share/multirobot_map_merge/package.dsv'
[0.966s] INFO:colcon.colcon_core.shell:Creating package script '/home/safal/Desktop/unitreego2nav/install/multirobot_map_merge/share/multirobot_map_merge/package.sh'
[0.967s] INFO:colcon.colcon_core.shell:Creating package script '/home/safal/Desktop/unitreego2nav/install/multirobot_map_merge/share/multirobot_map_merge/package.bash'
[0.967s] INFO:colcon.colcon_core.shell:Creating package script '/home/safal/Desktop/unitreego2nav/install/multirobot_map_merge/share/multirobot_map_merge/package.zsh'
[0.968s] Level 1:colcon.colcon_core.environment:create_file_with_runtime_dependencies(/home/safal/Desktop/unitreego2nav/install/multirobot_map_merge/share/colcon-core/packages/multirobot_map_merge)
[0.990s] Level 1:colcon.colcon_core.environment:create_environment_scripts_only(explore_lite_msgs)
[0.991s] Level 1:colcon.colcon_core.environment:checking '/home/safal/Desktop/unitreego2nav/install/explore_lite_msgs' for CMake module files
[0.992s] Level 1:colcon.colcon_core.environment:checking '/home/safal/Desktop/unitreego2nav/install/explore_lite_msgs' for CMake config files
[0.993s] DEBUG:colcon.colcon_core.event_handler.log_command:Invoked command in '/home/safal/Desktop/unitreego2nav/build/explore_lite_msgs' returned '0': CMAKE_PREFIX_PATH=${CMAKE_PREFIX_PATH}:/home/safal/Desktop/unitreego2nav/install/go2_nav:/opt/ros/humble /usr/bin/cmake --install /home/safal/Desktop/unitreego2nav/build/explore_lite_msgs
[0.994s] Level 1:colcon.colcon_core.shell:create_environment_hook('explore_lite_msgs', 'cmake_prefix_path')
[0.994s] INFO:colcon.colcon_core.shell:Creating environment hook '/home/safal/Desktop/unitreego2nav/install/explore_lite_msgs/share/explore_lite_msgs/hook/cmake_prefix_path.ps1'
[0.995s] INFO:colcon.colcon_core.shell:Creating environment descriptor '/home/safal/Desktop/unitreego2nav/install/explore_lite_msgs/share/explore_lite_msgs/hook/cmake_prefix_path.dsv'
[0.995s] INFO:colcon.colcon_core.shell:Creating environment hook '/home/safal/Desktop/unitreego2nav/install/explore_lite_msgs/share/explore_lite_msgs/hook/cmake_prefix_path.sh'
[0.996s] Level 1:colcon.colcon_core.environment:checking '/home/safal/Desktop/unitreego2nav/install/explore_lite_msgs/lib'
[0.996s] Level 1:colcon.colcon_core.shell:create_environment_hook('explore_lite_msgs', 'ld_library_path_lib')
[0.996s] INFO:colcon.colcon_core.shell:Creating environment hook '/home/safal/Desktop/unitreego2nav/install/explore_lite_msgs/share/explore_lite_msgs/hook/ld_library_path_lib.ps1'
[0.997s] INFO:colcon.colcon_core.shell:Creating environment descriptor '/home/safal/Desktop/unitreego2nav/install/explore_lite_msgs/share/explore_lite_msgs/hook/ld_library_path_lib.dsv'
[0.997s] INFO:colcon.colcon_core.shell:Creating environment hook '/home/safal/Desktop/unitreego2nav/install/explore_lite_msgs/share/explore_lite_msgs/hook/ld_library_path_lib.sh'
[0.998s] Level 1:colcon.colcon_core.environment:checking '/home/safal/Desktop/unitreego2nav/install/explore_lite_msgs/bin'
[0.998s] Level 1:colcon.colcon_core.environment:checking '/home/safal/Desktop/unitreego2nav/install/explore_lite_msgs/lib/pkgconfig/explore_lite_msgs.pc'
[0.998s] Level 1:colcon.colcon_core.environment:checking '/home/safal/Desktop/unitreego2nav/install/explore_lite_msgs/lib/python3.10/site-packages'
[0.999s] Level 1:colcon.colcon_core.environment:checking '/home/safal/Desktop/unitreego2nav/install/explore_lite_msgs/bin'
[0.999s] INFO:colcon.colcon_core.shell:Creating package script '/home/safal/Desktop/unitreego2nav/install/explore_lite_msgs/share/explore_lite_msgs/package.ps1'
[1.000s] INFO:colcon.colcon_core.shell:Creating package descriptor '/home/safal/Desktop/unitreego2nav/install/explore_lite_msgs/share/explore_lite_msgs/package.dsv'
[1.001s] INFO:colcon.colcon_core.shell:Creating package script '/home/safal/Desktop/unitreego2nav/install/explore_lite_msgs/share/explore_lite_msgs/package.sh'
[1.001s] INFO:colcon.colcon_core.shell:Creating package script '/home/safal/Desktop/unitreego2nav/install/explore_lite_msgs/share/explore_lite_msgs/package.bash'
[1.002s] INFO:colcon.colcon_core.shell:Creating package script '/home/safal/Desktop/unitreego2nav/install/explore_lite_msgs/share/explore_lite_msgs/package.zsh'
[1.002s] Level 1:colcon.colcon_core.environment:create_file_with_runtime_dependencies(/home/safal/Desktop/unitreego2nav/install/explore_lite_msgs/share/colcon-core/packages/explore_lite_msgs)
[1.003s] Level 1:colcon.colcon_core.environment:create_environment_scripts_only(explore_lite_msgs)
[1.003s] Level 1:colcon.colcon_core.environment:checking '/home/safal/Desktop/unitreego2nav/install/explore_lite_msgs' for CMake module files
[1.004s] Level 1:colcon.colcon_core.environment:checking '/home/safal/Desktop/unitreego2nav/install/explore_lite_msgs' for CMake config files
[1.005s] Level 1:colcon.colcon_core.shell:create_environment_hook('explore_lite_msgs', 'cmake_prefix_path')
[1.005s] INFO:colcon.colcon_core.shell:Creating environment hook '/home/safal/Desktop/unitreego2nav/install/explore_lite_msgs/share/explore_lite_msgs/hook/cmake_prefix_path.ps1'
[1.005s] INFO:colcon.colcon_core.shell:Creating environment descriptor '/home/safal/Desktop/unitreego2nav/install/explore_lite_msgs/share/explore_lite_msgs/hook/cmake_prefix_path.dsv'
[1.006s] INFO:colcon.colcon_core.shell:Creating environment hook '/home/safal/Desktop/unitreego2nav/install/explore_lite_msgs/share/explore_lite_msgs/hook/cmake_prefix_path.sh'
[1.007s] Level 1:colcon.colcon_core.environment:checking '/home/safal/Desktop/unitreego2nav/install/explore_lite_msgs/lib'
[1.007s] Level 1:colcon.colcon_core.shell:create_environment_hook('explore_lite_msgs', 'ld_library_path_lib')
[1.007s] INFO:colcon.colcon_core.shell:Creating environment hook '/home/safal/Desktop/unitreego2nav/install/explore_lite_msgs/share/explore_lite_msgs/hook/ld_library_path_lib.ps1'
[1.007s] INFO:colcon.colcon_core.shell:Creating environment descriptor '/home/safal/Desktop/unitreego2nav/install/explore_lite_msgs/share/explore_lite_msgs/hook/ld_library_path_lib.dsv'
[1.008s] INFO:colcon.colcon_core.shell:Creating environment hook '/home/safal/Desktop/unitreego2nav/install/explore_lite_msgs/share/explore_lite_msgs/hook/ld_library_path_lib.sh'
[1.008s] Level 1:colcon.colcon_core.environment:checking '/home/safal/Desktop/unitreego2nav/install/explore_lite_msgs/bin'
[1.009s] Level 1:colcon.colcon_core.environment:checking '/home/safal/Desktop/unitreego2nav/install/explore_lite_msgs/lib/pkgconfig/explore_lite_msgs.pc'
[1.009s] Level 1:colcon.colcon_core.environment:checking '/home/safal/Desktop/unitreego2nav/install/explore_lite_msgs/lib/python3.10/site-packages'
[1.009s] Level 1:colcon.colcon_core.environment:checking '/home/safal/Desktop/unitreego2nav/install/explore_lite_msgs/bin'
[1.010s] INFO:colcon.colcon_core.shell:Creating package script '/home/safal/Desktop/unitreego2nav/install/explore_lite_msgs/share/explore_lite_msgs/package.ps1'
[1.011s] INFO:colcon.colcon_core.shell:Creating package descriptor '/home/safal/Desktop/unitreego2nav/install/explore_lite_msgs/share/explore_lite_msgs/package.dsv'
[1.011s] INFO:colcon.colcon_core.shell:Creating package script '/home/safal/Desktop/unitreego2nav/install/explore_lite_msgs/share/explore_lite_msgs/package.sh'
[1.012s] INFO:colcon.colcon_core.shell:Creating package script '/home/safal/Desktop/unitreego2nav/install/explore_lite_msgs/share/explore_lite_msgs/package.bash'
[1.013s] INFO:colcon.colcon_core.shell:Creating package script '/home/safal/Desktop/unitreego2nav/install/explore_lite_msgs/share/explore_lite_msgs/package.zsh'
[1.013s] Level 1:colcon.colcon_core.environment:create_file_with_runtime_dependencies(/home/safal/Desktop/unitreego2nav/install/explore_lite_msgs/share/colcon-core/packages/explore_lite_msgs)
[1.013s] INFO:colcon.colcon_ros.task.ament_cmake.build:Building ROS package in '/home/safal/Desktop/unitreego2nav/src/m-explore-ros2/explore' with build type 'ament_cmake'
[1.014s] INFO:colcon.colcon_cmake.task.cmake.build:Building CMake package in '/home/safal/Desktop/unitreego2nav/src/m-explore-ros2/explore'
[1.014s] INFO:colcon.colcon_core.shell:Skip shell extension 'powershell' for command environment: Not usable outside of PowerShell
[1.014s] DEBUG:colcon.colcon_core.shell:Skip shell extension 'dsv' for command environment
[1.029s] DEBUG:colcon.colcon_core.event_handler.log_command:Invoking command in '/home/safal/Desktop/unitreego2nav/build/explore_lite': CMAKE_PREFIX_PATH=/home/safal/Desktop/unitreego2nav/install/explore_lite_msgs:/home/safal/Desktop/unitreego2nav/install/multirobot_map_merge:/home/safal/Desktop/unitreego2nav/install/explore_lite:/home/safal/Desktop/unitreego2nav/install/go2_nav:/opt/ros/humble LD_LIBRARY_PATH=/home/safal/Desktop/unitreego2nav/install/explore_lite_msgs/lib:/home/safal/Desktop/unitreego2nav/install/multirobot_map_merge/lib:/usr/lib/x86_64-linux-gnu/gazebo-11/plugins:/opt/ros/humble/opt/rviz_ogre_vendor/lib:/opt/ros/humble/lib/x86_64-linux-gnu:/opt/ros/humble/lib /usr/bin/cmake --build /home/safal/Desktop/unitreego2nav/build/explore_lite -- -j8 -l8
[1.085s] DEBUG:colcon.colcon_core.event_handler.log_command:Invoked command in '/home/safal/Desktop/unitreego2nav/build/explore_lite' returned '0': CMAKE_PREFIX_PATH=/home/safal/Desktop/unitreego2nav/install/explore_lite_msgs:/home/safal/Desktop/unitreego2nav/install/multirobot_map_merge:/home/safal/Desktop/unitreego2nav/install/explore_lite:/home/safal/Desktop/unitreego2nav/install/go2_nav:/opt/ros/humble LD_LIBRARY_PATH=/home/safal/Desktop/unitreego2nav/install/explore_lite_msgs/lib:/home/safal/Desktop/unitreego2nav/install/multirobot_map_merge/lib:/usr/lib/x86_64-linux-gnu/gazebo-11/plugins:/opt/ros/humble/opt/rviz_ogre_vendor/lib:/opt/ros/humble/lib/x86_64-linux-gnu:/opt/ros/humble/lib /usr/bin/cmake --build /home/safal/Desktop/unitreego2nav/build/explore_lite -- -j8 -l8
[1.087s] DEBUG:colcon.colcon_core.event_handler.log_command:Invoking command in '/home/safal/Desktop/unitreego2nav/build/explore_lite': CMAKE_PREFIX_PATH=/home/safal/Desktop/unitreego2nav/install/explore_lite_msgs:/home/safal/Desktop/unitreego2nav/install/multirobot_map_merge:/home/safal/Desktop/unitreego2nav/install/explore_lite:/home/safal/Desktop/unitreego2nav/install/go2_nav:/opt/ros/humble LD_LIBRARY_PATH=/home/safal/Desktop/unitreego2nav/install/explore_lite_msgs/lib:/home/safal/Desktop/unitreego2nav/install/multirobot_map_merge/lib:/usr/lib/x86_64-linux-gnu/gazebo-11/plugins:/opt/ros/humble/opt/rviz_ogre_vendor/lib:/opt/ros/humble/lib/x86_64-linux-gnu:/opt/ros/humble/lib /usr/bin/cmake --install /home/safal/Desktop/unitreego2nav/build/explore_lite
[1.095s] Level 1:colcon.colcon_core.environment:create_environment_scripts_only(explore_lite)
[1.095s] Level 1:colcon.colcon_core.environment:checking '/home/safal/Desktop/unitreego2nav/install/explore_lite' for CMake module files
[1.096s] DEBUG:colcon.colcon_core.event_handler.log_command:Invoked command in '/home/safal/Desktop/unitreego2nav/build/explore_lite' returned '0': CMAKE_PREFIX_PATH=/home/safal/Desktop/unitreego2nav/install/explore_lite_msgs:/home/safal/Desktop/unitreego2nav/install/multirobot_map_merge:/home/safal/Desktop/unitreego2nav/install/explore_lite:/home/safal/Desktop/unitreego2nav/install/go2_nav:/opt/ros/humble LD_LIBRARY_PATH=/home/safal/Desktop/unitreego2nav/install/explore_lite_msgs/lib:/home/safal/Desktop/unitreego2nav/install/multirobot_map_merge/lib:/usr/lib/x86_64-linux-gnu/gazebo-11/plugins:/opt/ros/humble/opt/rviz_ogre_vendor/lib:/opt/ros/humble/lib/x86_64-linux-gnu:/opt/ros/humble/lib /usr/bin/cmake --install /home/safal/Desktop/unitreego2nav/build/explore_lite
[1.097s] Level 1:colcon.colcon_core.environment:checking '/home/safal/Desktop/unitreego2nav/install/explore_lite' for CMake config files
[1.097s] Level 1:colcon.colcon_core.shell:create_environment_hook('explore_lite', 'cmake_prefix_path')
[1.097s] INFO:colcon.colcon_core.shell:Creating environment hook '/home/safal/Desktop/unitreego2nav/install/explore_lite/share/explore_lite/hook/cmake_prefix_path.ps1'
[1.098s] INFO:colcon.colcon_core.shell:Creating environment descriptor '/home/safal/Desktop/unitreego2nav/install/explore_lite/share/explore_lite/hook/cmake_prefix_path.dsv'
[1.098s] INFO:colcon.colcon_core.shell:Creating environment hook '/home/safal/Desktop/unitreego2nav/install/explore_lite/share/explore_lite/hook/cmake_prefix_path.sh'
[1.099s] Level 1:colcon.colcon_core.environment:checking '/home/safal/Desktop/unitreego2nav/install/explore_lite/lib'
[1.099s] Level 1:colcon.colcon_core.environment:checking '/home/safal/Desktop/unitreego2nav/install/explore_lite/bin'
[1.099s] Level 1:colcon.colcon_core.environment:checking '/home/safal/Desktop/unitreego2nav/install/explore_lite/lib/pkgconfig/explore_lite.pc'
[1.100s] Level 1:colcon.colcon_core.environment:checking '/home/safal/Desktop/unitreego2nav/install/explore_lite/lib/python3.10/site-packages'
[1.100s] Level 1:colcon.colcon_core.environment:checking '/home/safal/Desktop/unitreego2nav/install/explore_lite/bin'
[1.100s] INFO:colcon.colcon_core.shell:Creating package script '/home/safal/Desktop/unitreego2nav/install/explore_lite/share/explore_lite/package.ps1'
[1.101s] INFO:colcon.colcon_core.shell:Creating package descriptor '/home/safal/Desktop/unitreego2nav/install/explore_lite/share/explore_lite/package.dsv'
[1.102s] INFO:colcon.colcon_core.shell:Creating package script '/home/safal/Desktop/unitreego2nav/install/explore_lite/share/explore_lite/package.sh'
[1.103s] INFO:colcon.colcon_core.shell:Creating package script '/home/safal/Desktop/unitreego2nav/install/explore_lite/share/explore_lite/package.bash'
[1.103s] INFO:colcon.colcon_core.shell:Creating package script '/home/safal/Desktop/unitreego2nav/install/explore_lite/share/explore_lite/package.zsh'
[1.104s] Level 1:colcon.colcon_core.environment:create_file_with_runtime_dependencies(/home/safal/Desktop/unitreego2nav/install/explore_lite/share/colcon-core/packages/explore_lite)
[1.107s] Level 1:colcon.colcon_core.environment:create_environment_scripts_only(explore_lite)
[1.108s] Level 1:colcon.colcon_core.environment:checking '/home/safal/Desktop/unitreego2nav/install/explore_lite' for CMake module files
[1.109s] Level 1:colcon.colcon_core.environment:checking '/home/safal/Desktop/unitreego2nav/install/explore_lite' for CMake config files
[1.109s] Level 1:colcon.colcon_core.shell:create_environment_hook('explore_lite', 'cmake_prefix_path')
[1.109s] INFO:colcon.colcon_core.shell:Creating environment hook '/home/safal/Desktop/unitreego2nav/install/explore_lite/share/explore_lite/hook/cmake_prefix_path.ps1'
[1.110s] INFO:colcon.colcon_core.shell:Creating environment descriptor '/home/safal/Desktop/unitreego2nav/install/explore_lite/share/explore_lite/hook/cmake_prefix_path.dsv'
[1.111s] INFO:colcon.colcon_core.shell:Creating environment hook '/home/safal/Desktop/unitreego2nav/install/explore_lite/share/explore_lite/hook/cmake_prefix_path.sh'
[1.112s] Level 1:colcon.colcon_core.environment:checking '/home/safal/Desktop/unitreego2nav/install/explore_lite/lib'
[1.112s] Level 1:colcon.colcon_core.environment:checking '/home/safal/Desktop/unitreego2nav/install/explore_lite/bin'
[1.112s] Level 1:colcon.colcon_core.environment:checking '/home/safal/Desktop/unitreego2nav/install/explore_lite/lib/pkgconfig/explore_lite.pc'
[1.113s] Level 1:colcon.colcon_core.environment:checking '/home/safal/Desktop/unitreego2nav/install/explore_lite/lib/python3.10/site-packages'
[1.114s] Level 1:colcon.colcon_core.environment:checking '/home/safal/Desktop/unitreego2nav/install/explore_lite/bin'
[1.114s] INFO:colcon.colcon_core.shell:Creating package script '/home/safal/Desktop/unitreego2nav/install/explore_lite/share/explore_lite/package.ps1'
[1.116s] INFO:colcon.colcon_core.shell:Creating package descriptor '/home/safal/Desktop/unitreego2nav/install/explore_lite/share/explore_lite/package.dsv'
[1.117s] INFO:colcon.colcon_core.shell:Creating package script '/home/safal/Desktop/unitreego2nav/install/explore_lite/share/explore_lite/package.sh'
[1.118s] INFO:colcon.colcon_core.shell:Creating package script '/home/safal/Desktop/unitreego2nav/install/explore_lite/share/explore_lite/package.bash'
[1.118s] INFO:colcon.colcon_core.shell:Creating package script '/home/safal/Desktop/unitreego2nav/install/explore_lite/share/explore_lite/package.zsh'
[1.119s] Level 1:colcon.colcon_core.environment:create_file_with_runtime_dependencies(/home/safal/Desktop/unitreego2nav/install/explore_lite/share/colcon-core/packages/explore_lite)
[1.406s] DEBUG:colcon.colcon_core.event_handler.log_command:Invoking command in '/home/safal/Desktop/unitreego2nav/src/go2_nav': PYTHONPATH=/home/safal/Desktop/unitreego2nav/build/go2_nav/prefix_override:/usr/lib/python3/dist-packages/colcon_core/task/python/colcon_distutils_commands:/home/safal/Desktop/unitreego2nav/install/go2_nav/lib/python3.10/site-packages:${PYTHONPATH} /usr/bin/python3 -W ignore:setup.py install is deprecated -W ignore:easy_install command is deprecated setup.py egg_info --egg-base ../../build/go2_nav build --build-base /home/safal/Desktop/unitreego2nav/build/go2_nav/build install --record /home/safal/Desktop/unitreego2nav/build/go2_nav/install.log --single-version-externally-managed install_data
[1.753s] Level 1:colcon.colcon_core.environment:checking '/home/safal/Desktop/unitreego2nav/install/go2_nav' for CMake module files
[1.754s] DEBUG:colcon.colcon_core.event_handler.log_command:Invoked command in '/home/safal/Desktop/unitreego2nav/src/go2_nav' returned '0': PYTHONPATH=/home/safal/Desktop/unitreego2nav/build/go2_nav/prefix_override:/usr/lib/python3/dist-packages/colcon_core/task/python/colcon_distutils_commands:/home/safal/Desktop/unitreego2nav/install/go2_nav/lib/python3.10/site-packages:${PYTHONPATH} /usr/bin/python3 -W ignore:setup.py install is deprecated -W ignore:easy_install command is deprecated setup.py egg_info --egg-base ../../build/go2_nav build --build-base /home/safal/Desktop/unitreego2nav/build/go2_nav/build install --record /home/safal/Desktop/unitreego2nav/build/go2_nav/install.log --single-version-externally-managed install_data
[1.754s] Level 1:colcon.colcon_core.environment:checking '/home/safal/Desktop/unitreego2nav/install/go2_nav' for CMake config files
[1.755s] Level 1:colcon.colcon_core.environment:checking '/home/safal/Desktop/unitreego2nav/install/go2_nav/lib'
[1.755s] Level 1:colcon.colcon_core.environment:checking '/home/safal/Desktop/unitreego2nav/install/go2_nav/bin'
[1.755s] Level 1:colcon.colcon_core.environment:checking '/home/safal/Desktop/unitreego2nav/install/go2_nav/lib/pkgconfig/go2_nav.pc'
[1.756s] Level 1:colcon.colcon_core.environment:checking '/home/safal/Desktop/unitreego2nav/install/go2_nav/lib/python3.10/site-packages'
[1.756s] Level 1:colcon.colcon_core.shell:create_environment_hook('go2_nav', 'pythonpath')
[1.756s] INFO:colcon.colcon_core.shell:Creating environment hook '/home/safal/Desktop/unitreego2nav/install/go2_nav/share/go2_nav/hook/pythonpath.ps1'
[1.757s] INFO:colcon.colcon_core.shell:Creating environment descriptor '/home/safal/Desktop/unitreego2nav/install/go2_nav/share/go2_nav/hook/pythonpath.dsv'
[1.757s] INFO:colcon.colcon_core.shell:Creating environment hook '/home/safal/Desktop/unitreego2nav/install/go2_nav/share/go2_nav/hook/pythonpath.sh'
[1.758s] Level 1:colcon.colcon_core.environment:checking '/home/safal/Desktop/unitreego2nav/install/go2_nav/bin'
[1.758s] Level 1:colcon.colcon_core.environment:create_environment_scripts_only(go2_nav)
[1.758s] INFO:colcon.colcon_core.shell:Creating package script '/home/safal/Desktop/unitreego2nav/install/go2_nav/share/go2_nav/package.ps1'
[1.759s] INFO:colcon.colcon_core.shell:Creating package descriptor '/home/safal/Desktop/unitreego2nav/install/go2_nav/share/go2_nav/package.dsv'
[1.759s] INFO:colcon.colcon_core.shell:Creating package script '/home/safal/Desktop/unitreego2nav/install/go2_nav/share/go2_nav/package.sh'
[1.760s] INFO:colcon.colcon_core.shell:Creating package script '/home/safal/Desktop/unitreego2nav/install/go2_nav/share/go2_nav/package.bash'
[1.761s] INFO:colcon.colcon_core.shell:Creating package script '/home/safal/Desktop/unitreego2nav/install/go2_nav/share/go2_nav/package.zsh'
[1.761s] Level 1:colcon.colcon_core.environment:create_file_with_runtime_dependencies(/home/safal/Desktop/unitreego2nav/install/go2_nav/share/colcon-core/packages/go2_nav)
[1.761s] DEBUG:colcon.colcon_parallel_executor.executor.parallel:closing loop
[1.762s] DEBUG:colcon.colcon_parallel_executor.executor.parallel:loop closed
[1.762s] DEBUG:colcon.colcon_parallel_executor.executor.parallel:run_until_complete finished with '0'
[1.762s] DEBUG:colcon.colcon_core.event_reactor:joining thread
[1.768s] INFO:colcon.colcon_core.plugin_system:Skipping extension 'colcon_notification.desktop_notification.terminal_notifier': Not used on non-Darwin systems
[1.768s] INFO:colcon.colcon_core.plugin_system:Skipping extension 'colcon_notification.desktop_notification.win32': Not used on non-Windows systems
[1.769s] INFO:colcon.colcon_notification.desktop_notification:Sending desktop notification using 'notify2'
[1.780s] DEBUG:colcon.colcon_core.event_reactor:joined thread
[1.781s] INFO:colcon.colcon_core.shell:Creating prefix script '/home/safal/Desktop/unitreego2nav/install/local_setup.ps1'
[1.782s] INFO:colcon.colcon_core.shell:Creating prefix util module '/home/safal/Desktop/unitreego2nav/install/_local_setup_util_ps1.py'
[1.784s] INFO:colcon.colcon_core.shell:Creating prefix chain script '/home/safal/Desktop/unitreego2nav/install/setup.ps1'
[1.785s] INFO:colcon.colcon_core.shell:Creating prefix script '/home/safal/Desktop/unitreego2nav/install/local_setup.sh'
[1.786s] INFO:colcon.colcon_core.shell:Creating prefix util module '/home/safal/Desktop/unitreego2nav/install/_local_setup_util_sh.py'
[1.787s] INFO:colcon.colcon_core.shell:Creating prefix chain script '/home/safal/Desktop/unitreego2nav/install/setup.sh'
[1.788s] INFO:colcon.colcon_core.shell:Creating prefix script '/home/safal/Desktop/unitreego2nav/install/local_setup.bash'
[1.789s] INFO:colcon.colcon_core.shell:Creating prefix chain script '/home/safal/Desktop/unitreego2nav/install/setup.bash'
[1.790s] INFO:colcon.colcon_core.shell:Creating prefix script '/home/safal/Desktop/unitreego2nav/install/local_setup.zsh'
[1.791s] INFO:colcon.colcon_core.shell:Creating prefix chain script '/home/safal/Desktop/unitreego2nav/install/setup.zsh'
