[0.023s] Invoking command in '/home/safal/Desktop/unitreego2nav/build/explore_lite_msgs': CMAKE_PREFIX_PATH=/opt/ros/humble /usr/bin/cmake /home/safal/Desktop/unitreego2nav/src/m-explore-ros2/explore_lite_msgs -DCMAKE_INSTALL_PREFIX=/home/safal/Desktop/unitreego2nav/install/explore_lite_msgs
[0.373s] [0mCMake Deprecation Warning at CMakeLists.txt:1 (cmake_minimum_required):
[0.374s]   Compatibility with CMake < 3.10 will be removed from a future version of
[0.374s]   CMake.
[0.374s] 
[0.374s]   Update the VERSION argument <min> value.  Or, use the <min>...<max> syntax
[0.374s]   to tell CMake that the project requires at least <min> but has been updated
[0.375s]   to work with policies introduced by <max> or earlier.
[0.375s] 
[0.375s] [0m
[0.375s] -- The C compiler identification is GNU 11.4.0
[0.375s] -- The CXX compiler identification is GNU 11.4.0
[0.375s] -- Detecting C compiler ABI info
[0.375s] -- Detecting C compiler ABI info - done
[0.375s] -- Check for working C compiler: /usr/bin/cc - skipped
[0.375s] -- Detecting C compile features
[0.376s] -- Detecting C compile features - done
[0.376s] -- Detecting CXX compiler ABI info
[0.404s] -- Detecting CXX compiler ABI info - done
[0.423s] -- Check for working CXX compiler: /usr/bin/c++ - skipped
[0.424s] -- Detecting CXX compile features
[0.424s] -- Detecting CXX compile features - done
[0.447s] -- Found ament_cmake: 1.3.14 (/opt/ros/humble/share/ament_cmake/cmake)
[0.658s] -- Found Python3: /usr/bin/python3 (found version "3.10.12") found components: Interpreter
[0.791s] -- Found rosidl_default_generators: 1.2.1 (/opt/ros/humble/share/rosidl_default_generators/cmake)
[0.798s] -- Using all available rosidl_typesupport_c: rosidl_typesupport_fastrtps_c;rosidl_typesupport_introspection_c
[0.810s] -- Found rosidl_adapter: 3.1.8 (/opt/ros/humble/share/rosidl_adapter/cmake)
[0.898s] -- Using all available rosidl_typesupport_cpp: rosidl_typesupport_fastrtps_cpp;rosidl_typesupport_introspection_cpp
[1.529s] -- Found ament_cmake_ros: 0.10.0 (/opt/ros/humble/share/ament_cmake_ros/cmake)
[2.222s] -- Using all available rosidl_typesupport_c: rosidl_typesupport_fastrtps_c;rosidl_typesupport_introspection_c
[3.186s] -- Using all available rosidl_typesupport_cpp: rosidl_typesupport_fastrtps_cpp;rosidl_typesupport_introspection_cpp
[3.200s] [33mCMake Warning (dev) at /opt/ros/humble/share/rosidl_generator_py/cmake/rosidl_generator_py_generate_interfaces.cmake:20 (find_package):
[3.200s]   Policy CMP0148 is not set: The FindPythonInterp and FindPythonLibs modules
[3.200s]   are removed.  Run "cmake --help-policy CMP0148" for policy details.  Use
[3.200s]   the cmake_policy command to set the policy and suppress this warning.
[3.200s] 
[3.200s] Call Stack (most recent call first):
[3.200s]   /opt/ros/humble/share/ament_cmake_core/cmake/core/ament_execute_extensions.cmake:48 (include)
[3.200s]   /opt/ros/humble/share/rosidl_cmake/cmake/rosidl_generate_interfaces.cmake:286 (ament_execute_extensions)
[3.200s]   CMakeLists.txt:7 (rosidl_generate_interfaces)
[3.200s] This warning is for project developers.  Use -Wno-dev to suppress it.
[3.201s] [0m
[3.244s] -- Found PythonInterp: /usr/bin/python3 (found suitable version "3.10.12", minimum required is "3.6")
[3.249s] -- Found python_cmake_module: 0.10.0 (/opt/ros/humble/share/python_cmake_module/cmake)
[3.250s] [33mCMake Warning (dev) at /opt/ros/humble/share/python_cmake_module/cmake/Modules/FindPythonExtra.cmake:52 (find_package):
[3.251s]   Policy CMP0148 is not set: The FindPythonInterp and FindPythonLibs modules
[3.251s]   are removed.  Run "cmake --help-policy CMP0148" for policy details.  Use
[3.251s]   the cmake_policy command to set the policy and suppress this warning.
[3.251s] 
[3.251s] Call Stack (most recent call first):
[3.251s]   /opt/ros/humble/share/rosidl_generator_py/cmake/rosidl_generator_py_generate_interfaces.cmake:23 (find_package)
[3.251s]   /opt/ros/humble/share/ament_cmake_core/cmake/core/ament_execute_extensions.cmake:48 (include)
[3.252s]   /opt/ros/humble/share/rosidl_cmake/cmake/rosidl_generate_interfaces.cmake:286 (ament_execute_extensions)
[3.252s]   CMakeLists.txt:7 (rosidl_generate_interfaces)
[3.252s] This warning is for project developers.  Use -Wno-dev to suppress it.
[3.252s] [0m
[3.298s] [33mCMake Warning (dev) at /opt/ros/humble/share/python_cmake_module/cmake/Modules/FindPythonExtra.cmake:140 (find_package):
[3.299s]   Policy CMP0148 is not set: The FindPythonInterp and FindPythonLibs modules
[3.299s]   are removed.  Run "cmake --help-policy CMP0148" for policy details.  Use
[3.299s]   the cmake_policy command to set the policy and suppress this warning.
[3.299s] 
[3.299s] Call Stack (most recent call first):
[3.299s]   /opt/ros/humble/share/rosidl_generator_py/cmake/rosidl_generator_py_generate_interfaces.cmake:23 (find_package)
[3.300s]   /opt/ros/humble/share/ament_cmake_core/cmake/core/ament_execute_extensions.cmake:48 (include)
[3.300s]   /opt/ros/humble/share/rosidl_cmake/cmake/rosidl_generate_interfaces.cmake:286 (ament_execute_extensions)
[3.300s]   CMakeLists.txt:7 (rosidl_generate_interfaces)
[3.300s] This warning is for project developers.  Use -Wno-dev to suppress it.
[3.300s] [0m
[3.315s] -- Found PythonLibs: /usr/lib/x86_64-linux-gnu/libpython3.10.so (found suitable version "3.10.12", minimum required is "3.5")
[3.316s] -- Using PYTHON_EXECUTABLE: /usr/bin/python3
[3.316s] -- Using PYTHON_INCLUDE_DIRS: /usr/include/python3.10
[3.316s] -- Using PYTHON_LIBRARIES: /usr/lib/x86_64-linux-gnu/libpython3.10.so
[3.357s] -- Found PythonExtra: .so
[3.694s] -- Configuring done (3.7s)
[3.741s] -- Generating done (0.0s)
[3.759s] -- Build files have been written to: /home/safal/Desktop/unitreego2nav/build/explore_lite_msgs
[3.767s] Invoked command in '/home/safal/Desktop/unitreego2nav/build/explore_lite_msgs' returned '0': CMAKE_PREFIX_PATH=/opt/ros/humble /usr/bin/cmake /home/safal/Desktop/unitreego2nav/src/m-explore-ros2/explore_lite_msgs -DCMAKE_INSTALL_PREFIX=/home/safal/Desktop/unitreego2nav/install/explore_lite_msgs
[3.770s] Invoking command in '/home/safal/Desktop/unitreego2nav/build/explore_lite_msgs': CMAKE_PREFIX_PATH=/opt/ros/humble /usr/bin/cmake --build /home/safal/Desktop/unitreego2nav/build/explore_lite_msgs -- -j8 -l8
[3.796s] [  3%] [1m[34mGenerating C code for ROS interfaces[0m
[3.802s] [  9%] [1m[34mGenerating C++ code for ROS interfaces[0m
[3.803s] [  9%] [1m[34mGenerating Rust code for ROS interfaces[0m
[3.807s] [  9%] Built target ament_cmake_python_copy_explore_lite_msgs
[4.225s] running egg_info
[4.226s] creating explore_lite_msgs.egg-info
[4.226s] writing explore_lite_msgs.egg-info/PKG-INFO
[4.226s] writing dependency_links to explore_lite_msgs.egg-info/dependency_links.txt
[4.227s] writing top-level names to explore_lite_msgs.egg-info/top_level.txt
[4.227s] writing manifest file 'explore_lite_msgs.egg-info/SOURCES.txt'
[4.231s] reading manifest file 'explore_lite_msgs.egg-info/SOURCES.txt'
[4.232s] writing manifest file 'explore_lite_msgs.egg-info/SOURCES.txt'
[4.238s] [  9%] Built target explore_lite_msgs__rs
[4.253s] [  9%] Built target explore_lite_msgs__cpp
[4.260s] [ 12%] [1m[34mGenerating C++ type support for eProsima Fast-RTPS[0m
[4.261s] [ 15%] [1m[34mGenerating C++ type support dispatch for ROS interfaces[0m
[4.261s] [ 18%] [1m[34mGenerating C++ introspection for ROS interfaces[0m
[4.269s] [ 21%] [32mBuilding C object CMakeFiles/explore_lite_msgs__rosidl_generator_c.dir/rosidl_generator_c/explore_lite_msgs/msg/detail/explore_status__functions.c.o[0m
[4.272s] [ 21%] Built target ament_cmake_python_build_explore_lite_msgs_egg
[4.321s] [ 25%] [1m[32mLinking C shared library libexplore_lite_msgs__rosidl_generator_c.so[0m
[4.351s] [ 25%] Built target explore_lite_msgs__rosidl_generator_c
[4.357s] [ 28%] [1m[34mGenerating C type support dispatch for ROS interfaces[0m
[4.358s] [ 31%] [1m[34mGenerating C type support for eProsima Fast-RTPS[0m
[4.359s] [ 34%] [1m[34mGenerating C introspection for ROS interfaces[0m
[4.610s] [ 40%] [32mBuilding CXX object CMakeFiles/explore_lite_msgs__rosidl_typesupport_introspection_cpp.dir/rosidl_typesupport_introspection_cpp/explore_lite_msgs/msg/detail/explore_status__type_support.cpp.o[0m
[4.610s] [ 40%] [32mBuilding CXX object CMakeFiles/explore_lite_msgs__rosidl_typesupport_fastrtps_cpp.dir/rosidl_typesupport_fastrtps_cpp/explore_lite_msgs/msg/detail/dds_fastrtps/explore_status__type_support.cpp.o[0m
[4.780s] [ 43%] [32mBuilding CXX object CMakeFiles/explore_lite_msgs__rosidl_typesupport_cpp.dir/rosidl_typesupport_cpp/explore_lite_msgs/msg/explore_status__type_support.cpp.o[0m
[4.837s] [ 46%] [32mBuilding CXX object CMakeFiles/explore_lite_msgs__rosidl_typesupport_c.dir/rosidl_typesupport_c/explore_lite_msgs/msg/explore_status__type_support.cpp.o[0m
[4.854s] [ 50%] [32mBuilding CXX object CMakeFiles/explore_lite_msgs__rosidl_typesupport_fastrtps_c.dir/rosidl_typesupport_fastrtps_c/explore_lite_msgs/msg/detail/explore_status__type_support_c.cpp.o[0m
[4.876s] [ 53%] [1m[32mLinking CXX shared library libexplore_lite_msgs__rosidl_typesupport_c.so[0m
[4.888s] [ 56%] [32mBuilding C object CMakeFiles/explore_lite_msgs__rosidl_typesupport_introspection_c.dir/rosidl_typesupport_introspection_c/explore_lite_msgs/msg/detail/explore_status__type_support.c.o[0m
[4.910s] [ 56%] Built target explore_lite_msgs__rosidl_typesupport_c
[4.934s] [ 59%] [1m[32mLinking C shared library libexplore_lite_msgs__rosidl_typesupport_introspection_c.so[0m
[4.968s] [ 59%] Built target explore_lite_msgs__rosidl_typesupport_introspection_c
[5.156s] [ 62%] [1m[32mLinking CXX shared library libexplore_lite_msgs__rosidl_typesupport_cpp.so[0m
[5.189s] [ 62%] Built target explore_lite_msgs__rosidl_typesupport_cpp
[5.212s] [ 65%] [1m[32mLinking CXX shared library libexplore_lite_msgs__rosidl_typesupport_introspection_cpp.so[0m
[5.218s] [ 68%] [1m[32mLinking CXX shared library libexplore_lite_msgs__rosidl_typesupport_fastrtps_cpp.so[0m
[5.252s] [ 71%] [1m[32mLinking CXX shared library libexplore_lite_msgs__rosidl_typesupport_fastrtps_c.so[0m
[5.283s] [ 71%] Built target explore_lite_msgs__rosidl_typesupport_introspection_cpp
[5.307s] [ 71%] Built target explore_lite_msgs__rosidl_typesupport_fastrtps_cpp
[5.327s] [ 71%] Built target explore_lite_msgs__rosidl_typesupport_fastrtps_c
[5.336s] [ 71%] Built target explore_lite_msgs
[5.346s] [ 75%] [1m[34mGenerating Python code for ROS interfaces[0m
[5.691s] [ 75%] Built target explore_lite_msgs__py
[5.700s] [ 78%] [32mBuilding C object CMakeFiles/explore_lite_msgs__rosidl_generator_py.dir/rosidl_generator_py/explore_lite_msgs/msg/_explore_status_s.c.o[0m
[5.803s] [ 81%] [1m[32mLinking C shared library rosidl_generator_py/explore_lite_msgs/libexplore_lite_msgs__rosidl_generator_py.so[0m
[5.829s] [ 81%] Built target explore_lite_msgs__rosidl_generator_py
[5.840s] [ 90%] [32mBuilding C object CMakeFiles/explore_lite_msgs__rosidl_typesupport_fastrtps_c__pyext.dir/rosidl_generator_py/explore_lite_msgs/_explore_lite_msgs_s.ep.rosidl_typesupport_fastrtps_c.c.o[0m
[5.840s] [ 90%] [32mBuilding C object CMakeFiles/explore_lite_msgs__rosidl_typesupport_c__pyext.dir/rosidl_generator_py/explore_lite_msgs/_explore_lite_msgs_s.ep.rosidl_typesupport_c.c.o[0m
[5.840s] [ 90%] [32mBuilding C object CMakeFiles/explore_lite_msgs__rosidl_typesupport_introspection_c__pyext.dir/rosidl_generator_py/explore_lite_msgs/_explore_lite_msgs_s.ep.rosidl_typesupport_introspection_c.c.o[0m
[5.932s] [ 93%] [1m[32mLinking C shared library rosidl_generator_py/explore_lite_msgs/explore_lite_msgs_s__rosidl_typesupport_c.cpython-310-x86_64-linux-gnu.so[0m
[5.932s] [ 96%] [1m[32mLinking C shared library rosidl_generator_py/explore_lite_msgs/explore_lite_msgs_s__rosidl_typesupport_introspection_c.cpython-310-x86_64-linux-gnu.so[0m
[5.946s] [100%] [1m[32mLinking C shared library rosidl_generator_py/explore_lite_msgs/explore_lite_msgs_s__rosidl_typesupport_fastrtps_c.cpython-310-x86_64-linux-gnu.so[0m
[5.957s] [100%] Built target explore_lite_msgs__rosidl_typesupport_c__pyext
[5.958s] [100%] Built target explore_lite_msgs__rosidl_typesupport_introspection_c__pyext
[5.972s] [100%] Built target explore_lite_msgs__rosidl_typesupport_fastrtps_c__pyext
[5.978s] Invoked command in '/home/safal/Desktop/unitreego2nav/build/explore_lite_msgs' returned '0': CMAKE_PREFIX_PATH=/opt/ros/humble /usr/bin/cmake --build /home/safal/Desktop/unitreego2nav/build/explore_lite_msgs -- -j8 -l8
[5.983s] Invoking command in '/home/safal/Desktop/unitreego2nav/build/explore_lite_msgs': CMAKE_PREFIX_PATH=/opt/ros/humble /usr/bin/cmake --install /home/safal/Desktop/unitreego2nav/build/explore_lite_msgs
[5.987s] -- Install configuration: ""
[5.987s] -- Installing: /home/safal/Desktop/unitreego2nav/install/explore_lite_msgs/share/ament_index/resource_index/rosidl_interfaces/explore_lite_msgs
[5.988s] -- Installing: /home/safal/Desktop/unitreego2nav/install/explore_lite_msgs/include/explore_lite_msgs/explore_lite_msgs
[5.988s] -- Installing: /home/safal/Desktop/unitreego2nav/install/explore_lite_msgs/include/explore_lite_msgs/explore_lite_msgs/msg
[5.988s] -- Installing: /home/safal/Desktop/unitreego2nav/install/explore_lite_msgs/include/explore_lite_msgs/explore_lite_msgs/msg/detail
[5.988s] -- Installing: /home/safal/Desktop/unitreego2nav/install/explore_lite_msgs/include/explore_lite_msgs/explore_lite_msgs/msg/detail/explore_status__type_support.h
[5.988s] -- Installing: /home/safal/Desktop/unitreego2nav/install/explore_lite_msgs/include/explore_lite_msgs/explore_lite_msgs/msg/detail/explore_status__struct.h
[5.988s] -- Installing: /home/safal/Desktop/unitreego2nav/install/explore_lite_msgs/include/explore_lite_msgs/explore_lite_msgs/msg/detail/explore_status__functions.h
[5.988s] -- Installing: /home/safal/Desktop/unitreego2nav/install/explore_lite_msgs/include/explore_lite_msgs/explore_lite_msgs/msg/detail/explore_status__functions.c
[5.989s] -- Installing: /home/safal/Desktop/unitreego2nav/install/explore_lite_msgs/include/explore_lite_msgs/explore_lite_msgs/msg/rosidl_generator_c__visibility_control.h
[5.989s] -- Installing: /home/safal/Desktop/unitreego2nav/install/explore_lite_msgs/include/explore_lite_msgs/explore_lite_msgs/msg/explore_status.h
[5.989s] -- Installing: /home/safal/Desktop/unitreego2nav/install/explore_lite_msgs/share/explore_lite_msgs/environment/library_path.sh
[5.989s] -- Installing: /home/safal/Desktop/unitreego2nav/install/explore_lite_msgs/share/explore_lite_msgs/environment/library_path.dsv
[5.989s] -- Installing: /home/safal/Desktop/unitreego2nav/install/explore_lite_msgs/lib/libexplore_lite_msgs__rosidl_generator_c.so
[5.989s] -- Set non-toolchain portion of runtime path of "/home/safal/Desktop/unitreego2nav/install/explore_lite_msgs/lib/libexplore_lite_msgs__rosidl_generator_c.so" to ""
[5.990s] -- Up-to-date: /home/safal/Desktop/unitreego2nav/install/explore_lite_msgs/include/explore_lite_msgs/explore_lite_msgs
[5.990s] -- Up-to-date: /home/safal/Desktop/unitreego2nav/install/explore_lite_msgs/include/explore_lite_msgs/explore_lite_msgs/msg
[5.990s] -- Up-to-date: /home/safal/Desktop/unitreego2nav/install/explore_lite_msgs/include/explore_lite_msgs/explore_lite_msgs/msg/detail
[5.990s] -- Installing: /home/safal/Desktop/unitreego2nav/install/explore_lite_msgs/include/explore_lite_msgs/explore_lite_msgs/msg/detail/explore_status__rosidl_typesupport_fastrtps_c.h
[5.990s] -- Installing: /home/safal/Desktop/unitreego2nav/install/explore_lite_msgs/include/explore_lite_msgs/explore_lite_msgs/msg/rosidl_typesupport_fastrtps_c__visibility_control.h
[5.990s] -- Installing: /home/safal/Desktop/unitreego2nav/install/explore_lite_msgs/lib/libexplore_lite_msgs__rosidl_typesupport_fastrtps_c.so
[5.990s] -- Set non-toolchain portion of runtime path of "/home/safal/Desktop/unitreego2nav/install/explore_lite_msgs/lib/libexplore_lite_msgs__rosidl_typesupport_fastrtps_c.so" to ""
[5.990s] -- Up-to-date: /home/safal/Desktop/unitreego2nav/install/explore_lite_msgs/include/explore_lite_msgs/explore_lite_msgs
[5.991s] -- Up-to-date: /home/safal/Desktop/unitreego2nav/install/explore_lite_msgs/include/explore_lite_msgs/explore_lite_msgs/msg
[5.991s] -- Installing: /home/safal/Desktop/unitreego2nav/install/explore_lite_msgs/include/explore_lite_msgs/explore_lite_msgs/msg/rosidl_typesupport_introspection_c__visibility_control.h
[5.991s] -- Up-to-date: /home/safal/Desktop/unitreego2nav/install/explore_lite_msgs/include/explore_lite_msgs/explore_lite_msgs/msg/detail
[5.991s] -- Installing: /home/safal/Desktop/unitreego2nav/install/explore_lite_msgs/include/explore_lite_msgs/explore_lite_msgs/msg/detail/explore_status__rosidl_typesupport_introspection_c.h
[5.991s] -- Installing: /home/safal/Desktop/unitreego2nav/install/explore_lite_msgs/include/explore_lite_msgs/explore_lite_msgs/msg/detail/explore_status__type_support.c
[5.991s] -- Installing: /home/safal/Desktop/unitreego2nav/install/explore_lite_msgs/lib/libexplore_lite_msgs__rosidl_typesupport_introspection_c.so
[5.991s] -- Set non-toolchain portion of runtime path of "/home/safal/Desktop/unitreego2nav/install/explore_lite_msgs/lib/libexplore_lite_msgs__rosidl_typesupport_introspection_c.so" to ""
[5.991s] -- Installing: /home/safal/Desktop/unitreego2nav/install/explore_lite_msgs/lib/libexplore_lite_msgs__rosidl_typesupport_c.so
[5.992s] -- Set non-toolchain portion of runtime path of "/home/safal/Desktop/unitreego2nav/install/explore_lite_msgs/lib/libexplore_lite_msgs__rosidl_typesupport_c.so" to ""
[5.992s] -- Up-to-date: /home/safal/Desktop/unitreego2nav/install/explore_lite_msgs/include/explore_lite_msgs/explore_lite_msgs
[5.992s] -- Up-to-date: /home/safal/Desktop/unitreego2nav/install/explore_lite_msgs/include/explore_lite_msgs/explore_lite_msgs/msg
[5.992s] -- Installing: /home/safal/Desktop/unitreego2nav/install/explore_lite_msgs/include/explore_lite_msgs/explore_lite_msgs/msg/rosidl_generator_cpp__visibility_control.hpp
[5.992s] -- Up-to-date: /home/safal/Desktop/unitreego2nav/install/explore_lite_msgs/include/explore_lite_msgs/explore_lite_msgs/msg/detail
[5.992s] -- Installing: /home/safal/Desktop/unitreego2nav/install/explore_lite_msgs/include/explore_lite_msgs/explore_lite_msgs/msg/detail/explore_status__traits.hpp
[5.992s] -- Installing: /home/safal/Desktop/unitreego2nav/install/explore_lite_msgs/include/explore_lite_msgs/explore_lite_msgs/msg/detail/explore_status__struct.hpp
[5.993s] -- Installing: /home/safal/Desktop/unitreego2nav/install/explore_lite_msgs/include/explore_lite_msgs/explore_lite_msgs/msg/detail/explore_status__type_support.hpp
[5.993s] -- Installing: /home/safal/Desktop/unitreego2nav/install/explore_lite_msgs/include/explore_lite_msgs/explore_lite_msgs/msg/detail/explore_status__builder.hpp
[5.993s] -- Installing: /home/safal/Desktop/unitreego2nav/install/explore_lite_msgs/include/explore_lite_msgs/explore_lite_msgs/msg/explore_status.hpp
[5.993s] -- Up-to-date: /home/safal/Desktop/unitreego2nav/install/explore_lite_msgs/include/explore_lite_msgs/explore_lite_msgs
[5.993s] -- Up-to-date: /home/safal/Desktop/unitreego2nav/install/explore_lite_msgs/include/explore_lite_msgs/explore_lite_msgs/msg
[5.993s] -- Up-to-date: /home/safal/Desktop/unitreego2nav/install/explore_lite_msgs/include/explore_lite_msgs/explore_lite_msgs/msg/detail
[5.993s] -- Installing: /home/safal/Desktop/unitreego2nav/install/explore_lite_msgs/include/explore_lite_msgs/explore_lite_msgs/msg/detail/explore_status__rosidl_typesupport_fastrtps_cpp.hpp
[5.994s] -- Installing: /home/safal/Desktop/unitreego2nav/install/explore_lite_msgs/include/explore_lite_msgs/explore_lite_msgs/msg/detail/dds_fastrtps
[5.994s] -- Installing: /home/safal/Desktop/unitreego2nav/install/explore_lite_msgs/include/explore_lite_msgs/explore_lite_msgs/msg/rosidl_typesupport_fastrtps_cpp__visibility_control.h
[5.994s] -- Installing: /home/safal/Desktop/unitreego2nav/install/explore_lite_msgs/lib/libexplore_lite_msgs__rosidl_typesupport_fastrtps_cpp.so
[5.994s] -- Set non-toolchain portion of runtime path of "/home/safal/Desktop/unitreego2nav/install/explore_lite_msgs/lib/libexplore_lite_msgs__rosidl_typesupport_fastrtps_cpp.so" to ""
[5.994s] -- Up-to-date: /home/safal/Desktop/unitreego2nav/install/explore_lite_msgs/include/explore_lite_msgs/explore_lite_msgs
[5.994s] -- Up-to-date: /home/safal/Desktop/unitreego2nav/install/explore_lite_msgs/include/explore_lite_msgs/explore_lite_msgs/msg
[5.994s] -- Up-to-date: /home/safal/Desktop/unitreego2nav/install/explore_lite_msgs/include/explore_lite_msgs/explore_lite_msgs/msg/detail
[5.994s] -- Installing: /home/safal/Desktop/unitreego2nav/install/explore_lite_msgs/include/explore_lite_msgs/explore_lite_msgs/msg/detail/explore_status__type_support.cpp
[5.995s] -- Installing: /home/safal/Desktop/unitreego2nav/install/explore_lite_msgs/include/explore_lite_msgs/explore_lite_msgs/msg/detail/explore_status__rosidl_typesupport_introspection_cpp.hpp
[5.995s] -- Installing: /home/safal/Desktop/unitreego2nav/install/explore_lite_msgs/lib/libexplore_lite_msgs__rosidl_typesupport_introspection_cpp.so
[5.995s] -- Set non-toolchain portion of runtime path of "/home/safal/Desktop/unitreego2nav/install/explore_lite_msgs/lib/libexplore_lite_msgs__rosidl_typesupport_introspection_cpp.so" to ""
[5.995s] -- Installing: /home/safal/Desktop/unitreego2nav/install/explore_lite_msgs/lib/libexplore_lite_msgs__rosidl_typesupport_cpp.so
[5.995s] -- Set non-toolchain portion of runtime path of "/home/safal/Desktop/unitreego2nav/install/explore_lite_msgs/lib/libexplore_lite_msgs__rosidl_typesupport_cpp.so" to ""
[5.995s] -- Installing: /home/safal/Desktop/unitreego2nav/install/explore_lite_msgs/share/explore_lite_msgs/environment/pythonpath.sh
[5.996s] -- Installing: /home/safal/Desktop/unitreego2nav/install/explore_lite_msgs/share/explore_lite_msgs/environment/pythonpath.dsv
[5.996s] -- Installing: /home/safal/Desktop/unitreego2nav/install/explore_lite_msgs/local/lib/python3.10/dist-packages/explore_lite_msgs-1.0.0-py3.10.egg-info
[5.996s] -- Installing: /home/safal/Desktop/unitreego2nav/install/explore_lite_msgs/local/lib/python3.10/dist-packages/explore_lite_msgs-1.0.0-py3.10.egg-info/SOURCES.txt
[5.996s] -- Installing: /home/safal/Desktop/unitreego2nav/install/explore_lite_msgs/local/lib/python3.10/dist-packages/explore_lite_msgs-1.0.0-py3.10.egg-info/dependency_links.txt
[5.996s] -- Installing: /home/safal/Desktop/unitreego2nav/install/explore_lite_msgs/local/lib/python3.10/dist-packages/explore_lite_msgs-1.0.0-py3.10.egg-info/top_level.txt
[5.996s] -- Installing: /home/safal/Desktop/unitreego2nav/install/explore_lite_msgs/local/lib/python3.10/dist-packages/explore_lite_msgs-1.0.0-py3.10.egg-info/PKG-INFO
[5.997s] -- Installing: /home/safal/Desktop/unitreego2nav/install/explore_lite_msgs/local/lib/python3.10/dist-packages/explore_lite_msgs
[5.997s] -- Installing: /home/safal/Desktop/unitreego2nav/install/explore_lite_msgs/local/lib/python3.10/dist-packages/explore_lite_msgs/explore_lite_msgs_s__rosidl_typesupport_introspection_c.cpython-310-x86_64-linux-gnu.so
[5.997s] -- Installing: /home/safal/Desktop/unitreego2nav/install/explore_lite_msgs/local/lib/python3.10/dist-packages/explore_lite_msgs/msg
[5.997s] -- Installing: /home/safal/Desktop/unitreego2nav/install/explore_lite_msgs/local/lib/python3.10/dist-packages/explore_lite_msgs/msg/__init__.py
[5.997s] -- Installing: /home/safal/Desktop/unitreego2nav/install/explore_lite_msgs/local/lib/python3.10/dist-packages/explore_lite_msgs/msg/_explore_status.py
[5.997s] -- Installing: /home/safal/Desktop/unitreego2nav/install/explore_lite_msgs/local/lib/python3.10/dist-packages/explore_lite_msgs/msg/_explore_status_s.c
[5.997s] -- Installing: /home/safal/Desktop/unitreego2nav/install/explore_lite_msgs/local/lib/python3.10/dist-packages/explore_lite_msgs/explore_lite_msgs_s__rosidl_typesupport_c.cpython-310-x86_64-linux-gnu.so
[5.998s] -- Installing: /home/safal/Desktop/unitreego2nav/install/explore_lite_msgs/local/lib/python3.10/dist-packages/explore_lite_msgs/__init__.py
[5.998s] -- Installing: /home/safal/Desktop/unitreego2nav/install/explore_lite_msgs/local/lib/python3.10/dist-packages/explore_lite_msgs/libexplore_lite_msgs__rosidl_generator_py.so
[5.998s] -- Installing: /home/safal/Desktop/unitreego2nav/install/explore_lite_msgs/local/lib/python3.10/dist-packages/explore_lite_msgs/explore_lite_msgs_s__rosidl_typesupport_fastrtps_c.cpython-310-x86_64-linux-gnu.so
[5.998s] -- Installing: /home/safal/Desktop/unitreego2nav/install/explore_lite_msgs/local/lib/python3.10/dist-packages/explore_lite_msgs/_explore_lite_msgs_s.ep.rosidl_typesupport_fastrtps_c.c
[5.998s] -- Installing: /home/safal/Desktop/unitreego2nav/install/explore_lite_msgs/local/lib/python3.10/dist-packages/explore_lite_msgs/_explore_lite_msgs_s.ep.rosidl_typesupport_introspection_c.c
[5.998s] -- Installing: /home/safal/Desktop/unitreego2nav/install/explore_lite_msgs/local/lib/python3.10/dist-packages/explore_lite_msgs/_explore_lite_msgs_s.ep.rosidl_typesupport_c.c
[6.030s] Listing '/home/safal/Desktop/unitreego2nav/install/explore_lite_msgs/local/lib/python3.10/dist-packages/explore_lite_msgs'...
[6.030s] Compiling '/home/safal/Desktop/unitreego2nav/install/explore_lite_msgs/local/lib/python3.10/dist-packages/explore_lite_msgs/__init__.py'...
[6.030s] Listing '/home/safal/Desktop/unitreego2nav/install/explore_lite_msgs/local/lib/python3.10/dist-packages/explore_lite_msgs/msg'...
[6.030s] Compiling '/home/safal/Desktop/unitreego2nav/install/explore_lite_msgs/local/lib/python3.10/dist-packages/explore_lite_msgs/msg/__init__.py'...
[6.031s] Compiling '/home/safal/Desktop/unitreego2nav/install/explore_lite_msgs/local/lib/python3.10/dist-packages/explore_lite_msgs/msg/_explore_status.py'...
[6.035s] -- Installing: /home/safal/Desktop/unitreego2nav/install/explore_lite_msgs/local/lib/python3.10/dist-packages/explore_lite_msgs/explore_lite_msgs_s__rosidl_typesupport_fastrtps_c.cpython-310-x86_64-linux-gnu.so
[6.036s] -- Set non-toolchain portion of runtime path of "/home/safal/Desktop/unitreego2nav/install/explore_lite_msgs/local/lib/python3.10/dist-packages/explore_lite_msgs/explore_lite_msgs_s__rosidl_typesupport_fastrtps_c.cpython-310-x86_64-linux-gnu.so" to ""
[6.036s] -- Installing: /home/safal/Desktop/unitreego2nav/install/explore_lite_msgs/local/lib/python3.10/dist-packages/explore_lite_msgs/explore_lite_msgs_s__rosidl_typesupport_introspection_c.cpython-310-x86_64-linux-gnu.so
[6.036s] -- Set non-toolchain portion of runtime path of "/home/safal/Desktop/unitreego2nav/install/explore_lite_msgs/local/lib/python3.10/dist-packages/explore_lite_msgs/explore_lite_msgs_s__rosidl_typesupport_introspection_c.cpython-310-x86_64-linux-gnu.so" to ""
[6.036s] -- Installing: /home/safal/Desktop/unitreego2nav/install/explore_lite_msgs/local/lib/python3.10/dist-packages/explore_lite_msgs/explore_lite_msgs_s__rosidl_typesupport_c.cpython-310-x86_64-linux-gnu.so
[6.037s] -- Set non-toolchain portion of runtime path of "/home/safal/Desktop/unitreego2nav/install/explore_lite_msgs/local/lib/python3.10/dist-packages/explore_lite_msgs/explore_lite_msgs_s__rosidl_typesupport_c.cpython-310-x86_64-linux-gnu.so" to ""
[6.037s] -- Installing: /home/safal/Desktop/unitreego2nav/install/explore_lite_msgs/lib/libexplore_lite_msgs__rosidl_generator_py.so
[6.037s] -- Set non-toolchain portion of runtime path of "/home/safal/Desktop/unitreego2nav/install/explore_lite_msgs/lib/libexplore_lite_msgs__rosidl_generator_py.so" to ""
[6.038s] -- Installing: /home/safal/Desktop/unitreego2nav/install/explore_lite_msgs/share/ament_index/resource_index/rust_packages/explore_lite_msgs
[6.038s] -- Installing: /home/safal/Desktop/unitreego2nav/install/explore_lite_msgs/share/explore_lite_msgs/rust
[6.038s] -- Installing: /home/safal/Desktop/unitreego2nav/install/explore_lite_msgs/share/explore_lite_msgs/rust/Cargo.toml
[6.038s] -- Installing: /home/safal/Desktop/unitreego2nav/install/explore_lite_msgs/share/explore_lite_msgs/rust/src
[6.038s] -- Installing: /home/safal/Desktop/unitreego2nav/install/explore_lite_msgs/share/explore_lite_msgs/rust/src/msg
[6.038s] -- Installing: /home/safal/Desktop/unitreego2nav/install/explore_lite_msgs/share/explore_lite_msgs/rust/src/msg/rmw.rs
[6.039s] -- Installing: /home/safal/Desktop/unitreego2nav/install/explore_lite_msgs/share/explore_lite_msgs/rust/src/lib.rs
[6.039s] -- Installing: /home/safal/Desktop/unitreego2nav/install/explore_lite_msgs/share/explore_lite_msgs/rust/src/msg.rs
[6.039s] -- Installing: /home/safal/Desktop/unitreego2nav/install/explore_lite_msgs/share/explore_lite_msgs/rust/build.rs
[6.039s] -- Installing: /home/safal/Desktop/unitreego2nav/install/explore_lite_msgs/share/explore_lite_msgs/msg/ExploreStatus.idl
[6.039s] -- Installing: /home/safal/Desktop/unitreego2nav/install/explore_lite_msgs/share/explore_lite_msgs/msg/ExploreStatus.msg
[6.039s] -- Installing: /home/safal/Desktop/unitreego2nav/install/explore_lite_msgs/share/ament_index/resource_index/package_run_dependencies/explore_lite_msgs
[6.039s] -- Installing: /home/safal/Desktop/unitreego2nav/install/explore_lite_msgs/share/ament_index/resource_index/parent_prefix_path/explore_lite_msgs
[6.040s] -- Installing: /home/safal/Desktop/unitreego2nav/install/explore_lite_msgs/share/explore_lite_msgs/environment/ament_prefix_path.sh
[6.040s] -- Installing: /home/safal/Desktop/unitreego2nav/install/explore_lite_msgs/share/explore_lite_msgs/environment/ament_prefix_path.dsv
[6.040s] -- Installing: /home/safal/Desktop/unitreego2nav/install/explore_lite_msgs/share/explore_lite_msgs/environment/path.sh
[6.040s] -- Installing: /home/safal/Desktop/unitreego2nav/install/explore_lite_msgs/share/explore_lite_msgs/environment/path.dsv
[6.040s] -- Installing: /home/safal/Desktop/unitreego2nav/install/explore_lite_msgs/share/explore_lite_msgs/local_setup.bash
[6.040s] -- Installing: /home/safal/Desktop/unitreego2nav/install/explore_lite_msgs/share/explore_lite_msgs/local_setup.sh
[6.040s] -- Installing: /home/safal/Desktop/unitreego2nav/install/explore_lite_msgs/share/explore_lite_msgs/local_setup.zsh
[6.040s] -- Installing: /home/safal/Desktop/unitreego2nav/install/explore_lite_msgs/share/explore_lite_msgs/local_setup.dsv
[6.041s] -- Installing: /home/safal/Desktop/unitreego2nav/install/explore_lite_msgs/share/explore_lite_msgs/package.dsv
[6.041s] -- Installing: /home/safal/Desktop/unitreego2nav/install/explore_lite_msgs/share/ament_index/resource_index/packages/explore_lite_msgs
[6.041s] -- Installing: /home/safal/Desktop/unitreego2nav/install/explore_lite_msgs/share/explore_lite_msgs/cmake/export_explore_lite_msgs__rosidl_generator_cExport.cmake
[6.041s] -- Installing: /home/safal/Desktop/unitreego2nav/install/explore_lite_msgs/share/explore_lite_msgs/cmake/export_explore_lite_msgs__rosidl_generator_cExport-noconfig.cmake
[6.041s] -- Installing: /home/safal/Desktop/unitreego2nav/install/explore_lite_msgs/share/explore_lite_msgs/cmake/export_explore_lite_msgs__rosidl_typesupport_fastrtps_cExport.cmake
[6.041s] -- Installing: /home/safal/Desktop/unitreego2nav/install/explore_lite_msgs/share/explore_lite_msgs/cmake/export_explore_lite_msgs__rosidl_typesupport_fastrtps_cExport-noconfig.cmake
[6.041s] -- Installing: /home/safal/Desktop/unitreego2nav/install/explore_lite_msgs/share/explore_lite_msgs/cmake/explore_lite_msgs__rosidl_typesupport_introspection_cExport.cmake
[6.041s] -- Installing: /home/safal/Desktop/unitreego2nav/install/explore_lite_msgs/share/explore_lite_msgs/cmake/explore_lite_msgs__rosidl_typesupport_introspection_cExport-noconfig.cmake
[6.042s] -- Installing: /home/safal/Desktop/unitreego2nav/install/explore_lite_msgs/share/explore_lite_msgs/cmake/explore_lite_msgs__rosidl_typesupport_cExport.cmake
[6.042s] -- Installing: /home/safal/Desktop/unitreego2nav/install/explore_lite_msgs/share/explore_lite_msgs/cmake/explore_lite_msgs__rosidl_typesupport_cExport-noconfig.cmake
[6.042s] -- Installing: /home/safal/Desktop/unitreego2nav/install/explore_lite_msgs/share/explore_lite_msgs/cmake/export_explore_lite_msgs__rosidl_generator_cppExport.cmake
[6.042s] -- Installing: /home/safal/Desktop/unitreego2nav/install/explore_lite_msgs/share/explore_lite_msgs/cmake/export_explore_lite_msgs__rosidl_typesupport_fastrtps_cppExport.cmake
[6.042s] -- Installing: /home/safal/Desktop/unitreego2nav/install/explore_lite_msgs/share/explore_lite_msgs/cmake/export_explore_lite_msgs__rosidl_typesupport_fastrtps_cppExport-noconfig.cmake
[6.042s] -- Installing: /home/safal/Desktop/unitreego2nav/install/explore_lite_msgs/share/explore_lite_msgs/cmake/explore_lite_msgs__rosidl_typesupport_introspection_cppExport.cmake
[6.043s] -- Installing: /home/safal/Desktop/unitreego2nav/install/explore_lite_msgs/share/explore_lite_msgs/cmake/explore_lite_msgs__rosidl_typesupport_introspection_cppExport-noconfig.cmake
[6.043s] -- Installing: /home/safal/Desktop/unitreego2nav/install/explore_lite_msgs/share/explore_lite_msgs/cmake/explore_lite_msgs__rosidl_typesupport_cppExport.cmake
[6.043s] -- Installing: /home/safal/Desktop/unitreego2nav/install/explore_lite_msgs/share/explore_lite_msgs/cmake/explore_lite_msgs__rosidl_typesupport_cppExport-noconfig.cmake
[6.043s] -- Installing: /home/safal/Desktop/unitreego2nav/install/explore_lite_msgs/share/explore_lite_msgs/cmake/export_explore_lite_msgs__rosidl_generator_pyExport.cmake
[6.044s] -- Installing: /home/safal/Desktop/unitreego2nav/install/explore_lite_msgs/share/explore_lite_msgs/cmake/export_explore_lite_msgs__rosidl_generator_pyExport-noconfig.cmake
[6.044s] -- Installing: /home/safal/Desktop/unitreego2nav/install/explore_lite_msgs/share/explore_lite_msgs/cmake/rosidl_cmake-extras.cmake
[6.044s] -- Installing: /home/safal/Desktop/unitreego2nav/install/explore_lite_msgs/share/explore_lite_msgs/cmake/ament_cmake_export_include_directories-extras.cmake
[6.044s] -- Installing: /home/safal/Desktop/unitreego2nav/install/explore_lite_msgs/share/explore_lite_msgs/cmake/ament_cmake_export_libraries-extras.cmake
[6.044s] -- Installing: /home/safal/Desktop/unitreego2nav/install/explore_lite_msgs/share/explore_lite_msgs/cmake/ament_cmake_export_targets-extras.cmake
[6.045s] -- Installing: /home/safal/Desktop/unitreego2nav/install/explore_lite_msgs/share/explore_lite_msgs/cmake/rosidl_cmake_export_typesupport_targets-extras.cmake
[6.045s] -- Installing: /home/safal/Desktop/unitreego2nav/install/explore_lite_msgs/share/explore_lite_msgs/cmake/ament_cmake_export_dependencies-extras.cmake
[6.045s] -- Installing: /home/safal/Desktop/unitreego2nav/install/explore_lite_msgs/share/explore_lite_msgs/cmake/rosidl_cmake_export_typesupport_libraries-extras.cmake
[6.045s] -- Installing: /home/safal/Desktop/unitreego2nav/install/explore_lite_msgs/share/explore_lite_msgs/cmake/explore_lite_msgsConfig.cmake
[6.045s] -- Installing: /home/safal/Desktop/unitreego2nav/install/explore_lite_msgs/share/explore_lite_msgs/cmake/explore_lite_msgsConfig-version.cmake
[6.046s] -- Installing: /home/safal/Desktop/unitreego2nav/install/explore_lite_msgs/share/explore_lite_msgs/package.xml
[6.048s] Invoked command in '/home/safal/Desktop/unitreego2nav/build/explore_lite_msgs' returned '0': CMAKE_PREFIX_PATH=/opt/ros/humble /usr/bin/cmake --install /home/safal/Desktop/unitreego2nav/build/explore_lite_msgs
