[0.689s] Invoking command in '/workspace/build/multirobot_map_merge': CMAKE_PREFIX_PATH=/opt/ros/humble /usr/bin/cmake /workspace/src/m-explore-ros2/map_merge -DCMAKE_INSTALL_PREFIX=/workspace/install/multirobot_map_merge
[1.057s] -- The C compiler identification is GNU 11.4.0
[1.057s] -- The CXX compiler identification is GNU 11.4.0
[1.057s] -- Detecting C compiler ABI info
[1.057s] -- Detecting C compiler ABI info - done
[1.057s] -- Check for working C compiler: /usr/bin/cc - skipped
[1.057s] -- Detecting C compile features
[1.057s] -- Detecting C compile features - done
[1.057s] -- Detecting CXX compiler ABI info
[1.079s] -- Detecting CXX compiler ABI info - done
[1.083s] -- Check for working CXX compiler: /usr/bin/c++ - skipped
[1.083s] -- Detecting CXX compile features
[1.084s] -- Detecting CXX compile features - done
[1.089s] -- Found ament_cmake: 1.3.14 (/opt/ros/humble/share/ament_cmake/cmake)
[1.294s] -- Found Python3: /usr/bin/python3 (found version "3.10.12") found components: Interpreter 
[1.441s] -- Found rclcpp: 16.0.19 (/opt/ros/humble/share/rclcpp/cmake)
[1.504s] -- Found rosidl_generator_c: 3.1.8 (/opt/ros/humble/share/rosidl_generator_c/cmake)
[1.511s] -- Found rosidl_adapter: 3.1.8 (/opt/ros/humble/share/rosidl_adapter/cmake)
[1.525s] -- Found rosidl_generator_cpp: 3.1.8 (/opt/ros/humble/share/rosidl_generator_cpp/cmake)
[1.545s] -- Using all available rosidl_typesupport_c: rosidl_typesupport_fastrtps_c;rosidl_typesupport_introspection_c
[1.575s] -- Using all available rosidl_typesupport_cpp: rosidl_typesupport_fastrtps_cpp;rosidl_typesupport_introspection_cpp
[1.643s] -- Found rmw_implementation_cmake: 6.1.2 (/opt/ros/humble/share/rmw_implementation_cmake/cmake)
[1.647s] -- Found rmw_fastrtps_cpp: 6.2.10 (/opt/ros/humble/share/rmw_fastrtps_cpp/cmake)
[1.778s] -- Found OpenSSL: /usr/lib/aarch64-linux-gnu/libcrypto.so (found version "3.0.2")  
[1.818s] -- Found FastRTPS: /opt/ros/humble/include  
[1.884s] -- Using RMW implementation 'rmw_fastrtps_cpp' as default
[1.898s] -- Looking for pthread.h
[2.023s] -- Looking for pthread.h - found
[2.023s] -- Performing Test CMAKE_HAVE_LIBC_PTHREAD
[2.127s] -- Performing Test CMAKE_HAVE_LIBC_PTHREAD - Success
[2.127s] -- Found Threads: TRUE  
[2.209s] -- Found geometry_msgs: 4.9.1 (/opt/ros/humble/share/geometry_msgs/cmake)
[2.232s] -- Found image_geometry: 3.2.1 (/opt/ros/humble/share/image_geometry/cmake)
[2.280s] -- Found map_msgs: 2.1.0 (/opt/ros/humble/share/map_msgs/cmake)
[2.342s] -- Found tf2_geometry_msgs: 0.25.20 (/opt/ros/humble/share/tf2_geometry_msgs/cmake)
[2.364s] -- Found eigen3_cmake_module: 0.1.1 (/opt/ros/humble/share/eigen3_cmake_module/cmake)
[2.366s] -- Found Eigen3: TRUE (found version "3.4.0") 
[2.366s] -- Ensuring Eigen3 include directory is part of orocos-kdl CMake target
[2.611s] [31mCMake Error at /usr/share/cmake-3.22/Modules/FindPackageHandleStandardArgs.cmake:230 (message):
[2.611s]   Could NOT find Boost (missing: Boost_INCLUDE_DIR thread)
[2.611s] Call Stack (most recent call first):
[2.611s]   /usr/share/cmake-3.22/Modules/FindPackageHandleStandardArgs.cmake:594 (_FPHSA_FAILURE_MESSAGE)
[2.611s]   /usr/share/cmake-3.22/Modules/FindBoost.cmake:2360 (find_package_handle_standard_args)
[2.611s]   CMakeLists.txt:29 (find_package)
[2.611s] 
[2.611s] [0m
[2.612s] -- Configuring incomplete, errors occurred!
[2.612s] See also "/workspace/build/multirobot_map_merge/CMakeFiles/CMakeOutput.log".
[2.639s] Invoked command in '/workspace/build/multirobot_map_merge' returned '1': CMAKE_PREFIX_PATH=/opt/ros/humble /usr/bin/cmake /workspace/src/m-explore-ros2/map_merge -DCMAKE_INSTALL_PREFIX=/workspace/install/multirobot_map_merge
