[0.283s] DEBUG:colcon:Command line arguments: ['/usr/bin/colcon', 'build']
[0.283s] DEBUG:colcon:Parsed command line arguments: Namespace(log_base=None, log_level=None, verb_name='build', build_base='build', install_base='install', merge_install=False, symlink_install=False, test_result_base=None, continue_on_error=False, executor='parallel', parallel_workers=8, event_handlers=None, ignore_user_meta=False, metas=['./colcon.meta'], base_paths=['.'], packages_ignore=None, packages_ignore_regex=None, paths=None, packages_up_to=None, packages_up_to_regex=None, packages_above=None, packages_above_and_dependencies=None, packages_above_depth=None, packages_select_by_dep=None, packages_skip_by_dep=None, packages_skip_up_to=None, packages_select_build_failed=False, packages_skip_build_finished=False, packages_select_test_failures=False, packages_skip_test_passed=False, packages_select=None, packages_skip=None, packages_select_regex=None, packages_skip_regex=None, packages_start=None, packages_end=None, allow_overriding=[], cmake_args=None, cmake_target=None, cmake_target_skip_unavailable=False, cmake_clean_cache=False, cmake_clean_first=False, cmake_force_configure=False, ament_cmake_args=None, catkin_cmake_args=None, catkin_skip_building_tests=False, mixin_files=None, mixin=None, verb_parser=<colcon_mixin.mixin.mixin_argument.MixinArgumentDecorator object at 0x7ce4be190f40>, verb_extension=<colcon_core.verb.build.BuildVerb object at 0x7ce4be2aa560>, main=<bound method BuildVerb.main of <colcon_core.verb.build.BuildVerb object at 0x7ce4be2aa560>>, mixin_verb=('build',))
[0.571s] Level 1:colcon.colcon_core.package_discovery:discover_packages(colcon_meta) check parameters
[0.571s] Level 1:colcon.colcon_core.package_discovery:discover_packages(recursive) check parameters
[0.572s] Level 1:colcon.colcon_core.package_discovery:discover_packages(ignore) check parameters
[0.572s] Level 1:colcon.colcon_core.package_discovery:discover_packages(path) check parameters
[0.572s] Level 1:colcon.colcon_core.package_discovery:discover_packages(colcon_meta) discover
[0.572s] Level 1:colcon.colcon_core.package_discovery:discover_packages(recursive) discover
[0.572s] INFO:colcon.colcon_core.package_discovery:Crawling recursively for packages in '/home/safal/Desktop/unitreego2nav'
[0.572s] Level 1:colcon.colcon_core.package_identification:_identify(.) by extensions ['ignore', 'ignore_ament_install']
[0.572s] Level 1:colcon.colcon_core.package_identification:_identify(.) by extension 'ignore'
[0.572s] Level 1:colcon.colcon_core.package_identification:_identify(.) by extension 'ignore_ament_install'
[0.572s] Level 1:colcon.colcon_core.package_identification:_identify(.) by extensions ['colcon_pkg']
[0.572s] Level 1:colcon.colcon_core.package_identification:_identify(.) by extension 'colcon_pkg'
[0.572s] Level 1:colcon.colcon_core.package_identification:_identify(.) by extensions ['colcon_meta']
[0.572s] Level 1:colcon.colcon_core.package_identification:_identify(.) by extension 'colcon_meta'
[0.572s] Level 1:colcon.colcon_core.package_identification:_identify(.) by extensions ['ros']
[0.572s] Level 1:colcon.colcon_core.package_identification:_identify(.) by extension 'ros'
[0.588s] Level 1:colcon.colcon_core.package_identification:_identify(.) by extensions ['cmake', 'python']
[0.588s] Level 1:colcon.colcon_core.package_identification:_identify(.) by extension 'cmake'
[0.588s] Level 1:colcon.colcon_core.package_identification:_identify(.) by extension 'python'
[0.588s] Level 1:colcon.colcon_core.package_identification:_identify(.) by extensions ['python_setup_py']
[0.588s] Level 1:colcon.colcon_core.package_identification:_identify(.) by extension 'python_setup_py'
[0.588s] Level 1:colcon.colcon_core.package_identification:_identify(build) by extensions ['ignore', 'ignore_ament_install']
[0.588s] Level 1:colcon.colcon_core.package_identification:_identify(build) by extension 'ignore'
[0.588s] Level 1:colcon.colcon_core.package_identification:_identify(build) ignored
[0.588s] Level 1:colcon.colcon_core.package_identification:_identify(install) by extensions ['ignore', 'ignore_ament_install']
[0.588s] Level 1:colcon.colcon_core.package_identification:_identify(install) by extension 'ignore'
[0.588s] Level 1:colcon.colcon_core.package_identification:_identify(install) ignored
[0.588s] Level 1:colcon.colcon_core.package_identification:_identify(log) by extensions ['ignore', 'ignore_ament_install']
[0.588s] Level 1:colcon.colcon_core.package_identification:_identify(log) by extension 'ignore'
[0.588s] Level 1:colcon.colcon_core.package_identification:_identify(log) ignored
[0.589s] Level 1:colcon.colcon_core.package_identification:_identify(sdk) by extensions ['ignore', 'ignore_ament_install']
[0.589s] Level 1:colcon.colcon_core.package_identification:_identify(sdk) by extension 'ignore'
[0.589s] Level 1:colcon.colcon_core.package_identification:_identify(sdk) ignored
[0.589s] Level 1:colcon.colcon_core.package_identification:_identify(src) by extensions ['ignore', 'ignore_ament_install']
[0.589s] Level 1:colcon.colcon_core.package_identification:_identify(src) by extension 'ignore'
[0.589s] Level 1:colcon.colcon_core.package_identification:_identify(src) by extension 'ignore_ament_install'
[0.589s] Level 1:colcon.colcon_core.package_identification:_identify(src) by extensions ['colcon_pkg']
[0.589s] Level 1:colcon.colcon_core.package_identification:_identify(src) by extension 'colcon_pkg'
[0.589s] Level 1:colcon.colcon_core.package_identification:_identify(src) by extensions ['colcon_meta']
[0.589s] Level 1:colcon.colcon_core.package_identification:_identify(src) by extension 'colcon_meta'
[0.589s] Level 1:colcon.colcon_core.package_identification:_identify(src) by extensions ['ros']
[0.589s] Level 1:colcon.colcon_core.package_identification:_identify(src) by extension 'ros'
[0.589s] Level 1:colcon.colcon_core.package_identification:_identify(src) by extensions ['cmake', 'python']
[0.589s] Level 1:colcon.colcon_core.package_identification:_identify(src) by extension 'cmake'
[0.589s] Level 1:colcon.colcon_core.package_identification:_identify(src) by extension 'python'
[0.589s] Level 1:colcon.colcon_core.package_identification:_identify(src) by extensions ['python_setup_py']
[0.589s] Level 1:colcon.colcon_core.package_identification:_identify(src) by extension 'python_setup_py'
[0.590s] Level 1:colcon.colcon_core.package_identification:_identify(src/go2_nav) by extensions ['ignore', 'ignore_ament_install']
[0.590s] Level 1:colcon.colcon_core.package_identification:_identify(src/go2_nav) by extension 'ignore'
[0.590s] Level 1:colcon.colcon_core.package_identification:_identify(src/go2_nav) by extension 'ignore_ament_install'
[0.590s] Level 1:colcon.colcon_core.package_identification:_identify(src/go2_nav) by extensions ['colcon_pkg']
[0.590s] Level 1:colcon.colcon_core.package_identification:_identify(src/go2_nav) by extension 'colcon_pkg'
[0.590s] Level 1:colcon.colcon_core.package_identification:_identify(src/go2_nav) by extensions ['colcon_meta']
[0.590s] Level 1:colcon.colcon_core.package_identification:_identify(src/go2_nav) by extension 'colcon_meta'
[0.590s] Level 1:colcon.colcon_core.package_identification:_identify(src/go2_nav) by extensions ['ros']
[0.590s] Level 1:colcon.colcon_core.package_identification:_identify(src/go2_nav) by extension 'ros'
[0.593s] DEBUG:colcon.colcon_core.package_identification:Package 'src/go2_nav' with type 'ros.ament_python' and name 'go2_nav'
[0.593s] Level 1:colcon.colcon_core.package_identification:_identify(src/m-explore-ros2) by extensions ['ignore', 'ignore_ament_install']
[0.593s] Level 1:colcon.colcon_core.package_identification:_identify(src/m-explore-ros2) by extension 'ignore'
[0.593s] Level 1:colcon.colcon_core.package_identification:_identify(src/m-explore-ros2) by extension 'ignore_ament_install'
[0.593s] Level 1:colcon.colcon_core.package_identification:_identify(src/m-explore-ros2) by extensions ['colcon_pkg']
[0.593s] Level 1:colcon.colcon_core.package_identification:_identify(src/m-explore-ros2) by extension 'colcon_pkg'
[0.593s] Level 1:colcon.colcon_core.package_identification:_identify(src/m-explore-ros2) by extensions ['colcon_meta']
[0.593s] Level 1:colcon.colcon_core.package_identification:_identify(src/m-explore-ros2) by extension 'colcon_meta'
[0.593s] Level 1:colcon.colcon_core.package_identification:_identify(src/m-explore-ros2) by extensions ['ros']
[0.593s] Level 1:colcon.colcon_core.package_identification:_identify(src/m-explore-ros2) by extension 'ros'
[0.593s] Level 1:colcon.colcon_core.package_identification:_identify(src/m-explore-ros2) by extensions ['cmake', 'python']
[0.593s] Level 1:colcon.colcon_core.package_identification:_identify(src/m-explore-ros2) by extension 'cmake'
[0.593s] Level 1:colcon.colcon_core.package_identification:_identify(src/m-explore-ros2) by extension 'python'
[0.593s] Level 1:colcon.colcon_core.package_identification:_identify(src/m-explore-ros2) by extensions ['python_setup_py']
[0.593s] Level 1:colcon.colcon_core.package_identification:_identify(src/m-explore-ros2) by extension 'python_setup_py'
[0.594s] Level 1:colcon.colcon_core.package_identification:_identify(src/m-explore-ros2/explore) by extensions ['ignore', 'ignore_ament_install']
[0.594s] Level 1:colcon.colcon_core.package_identification:_identify(src/m-explore-ros2/explore) by extension 'ignore'
[0.594s] Level 1:colcon.colcon_core.package_identification:_identify(src/m-explore-ros2/explore) by extension 'ignore_ament_install'
[0.594s] Level 1:colcon.colcon_core.package_identification:_identify(src/m-explore-ros2/explore) by extensions ['colcon_pkg']
[0.594s] Level 1:colcon.colcon_core.package_identification:_identify(src/m-explore-ros2/explore) by extension 'colcon_pkg'
[0.594s] Level 1:colcon.colcon_core.package_identification:_identify(src/m-explore-ros2/explore) by extensions ['colcon_meta']
[0.594s] Level 1:colcon.colcon_core.package_identification:_identify(src/m-explore-ros2/explore) by extension 'colcon_meta'
[0.594s] Level 1:colcon.colcon_core.package_identification:_identify(src/m-explore-ros2/explore) by extensions ['ros']
[0.594s] Level 1:colcon.colcon_core.package_identification:_identify(src/m-explore-ros2/explore) by extension 'ros'
[0.596s] DEBUG:colcon.colcon_core.package_identification:Package 'src/m-explore-ros2/explore' with type 'ros.ament_cmake' and name 'explore_lite'
[0.597s] Level 1:colcon.colcon_core.package_identification:_identify(src/m-explore-ros2/explore_lite_msgs) by extensions ['ignore', 'ignore_ament_install']
[0.597s] Level 1:colcon.colcon_core.package_identification:_identify(src/m-explore-ros2/explore_lite_msgs) by extension 'ignore'
[0.597s] Level 1:colcon.colcon_core.package_identification:_identify(src/m-explore-ros2/explore_lite_msgs) by extension 'ignore_ament_install'
[0.597s] Level 1:colcon.colcon_core.package_identification:_identify(src/m-explore-ros2/explore_lite_msgs) by extensions ['colcon_pkg']
[0.597s] Level 1:colcon.colcon_core.package_identification:_identify(src/m-explore-ros2/explore_lite_msgs) by extension 'colcon_pkg'
[0.597s] Level 1:colcon.colcon_core.package_identification:_identify(src/m-explore-ros2/explore_lite_msgs) by extensions ['colcon_meta']
[0.597s] Level 1:colcon.colcon_core.package_identification:_identify(src/m-explore-ros2/explore_lite_msgs) by extension 'colcon_meta'
[0.597s] Level 1:colcon.colcon_core.package_identification:_identify(src/m-explore-ros2/explore_lite_msgs) by extensions ['ros']
[0.597s] Level 1:colcon.colcon_core.package_identification:_identify(src/m-explore-ros2/explore_lite_msgs) by extension 'ros'
[0.598s] DEBUG:colcon.colcon_core.package_identification:Package 'src/m-explore-ros2/explore_lite_msgs' with type 'ros.ament_cmake' and name 'explore_lite_msgs'
[0.599s] Level 1:colcon.colcon_core.package_identification:_identify(src/m-explore-ros2/map_merge) by extensions ['ignore', 'ignore_ament_install']
[0.599s] Level 1:colcon.colcon_core.package_identification:_identify(src/m-explore-ros2/map_merge) by extension 'ignore'
[0.599s] Level 1:colcon.colcon_core.package_identification:_identify(src/m-explore-ros2/map_merge) by extension 'ignore_ament_install'
[0.599s] Level 1:colcon.colcon_core.package_identification:_identify(src/m-explore-ros2/map_merge) by extensions ['colcon_pkg']
[0.599s] Level 1:colcon.colcon_core.package_identification:_identify(src/m-explore-ros2/map_merge) by extension 'colcon_pkg'
[0.599s] Level 1:colcon.colcon_core.package_identification:_identify(src/m-explore-ros2/map_merge) by extensions ['colcon_meta']
[0.599s] Level 1:colcon.colcon_core.package_identification:_identify(src/m-explore-ros2/map_merge) by extension 'colcon_meta'
[0.599s] Level 1:colcon.colcon_core.package_identification:_identify(src/m-explore-ros2/map_merge) by extensions ['ros']
[0.599s] Level 1:colcon.colcon_core.package_identification:_identify(src/m-explore-ros2/map_merge) by extension 'ros'
[0.600s] DEBUG:colcon.colcon_core.package_identification:Package 'src/m-explore-ros2/map_merge' with type 'ros.ament_cmake' and name 'multirobot_map_merge'
[0.600s] Level 1:colcon.colcon_core.package_discovery:discover_packages(recursive) using defaults
[0.600s] Level 1:colcon.colcon_core.package_discovery:discover_packages(ignore) discover
[0.600s] Level 1:colcon.colcon_core.package_discovery:discover_packages(ignore) using defaults
[0.601s] Level 1:colcon.colcon_core.package_discovery:discover_packages(path) discover
[0.601s] Level 1:colcon.colcon_core.package_discovery:discover_packages(path) using defaults
[0.624s] Level 1:colcon.colcon_core.package_discovery:discover_packages(prefix_path) check parameters
[0.624s] Level 1:colcon.colcon_core.package_discovery:discover_packages(prefix_path) discover
[0.627s] DEBUG:colcon.colcon_installed_package_information.package_discovery:Found 4 installed packages in /home/safal/Desktop/unitreego2nav/install
[0.628s] DEBUG:colcon.colcon_installed_package_information.package_discovery:Found 508 installed packages in /opt/ros/humble
[0.630s] Level 1:colcon.colcon_core.package_discovery:discover_packages(prefix_path) using defaults
[0.682s] Level 5:colcon.colcon_core.verb:set package 'explore_lite_msgs' build argument 'cmake_args' from command line to 'None'
[0.682s] Level 5:colcon.colcon_core.verb:set package 'explore_lite_msgs' build argument 'cmake_target' from command line to 'None'
[0.682s] Level 5:colcon.colcon_core.verb:set package 'explore_lite_msgs' build argument 'cmake_target_skip_unavailable' from command line to 'False'
[0.682s] Level 5:colcon.colcon_core.verb:set package 'explore_lite_msgs' build argument 'cmake_clean_cache' from command line to 'False'
[0.682s] Level 5:colcon.colcon_core.verb:set package 'explore_lite_msgs' build argument 'cmake_clean_first' from command line to 'False'
[0.682s] Level 5:colcon.colcon_core.verb:set package 'explore_lite_msgs' build argument 'cmake_force_configure' from command line to 'False'
[0.682s] Level 5:colcon.colcon_core.verb:set package 'explore_lite_msgs' build argument 'ament_cmake_args' from command line to 'None'
[0.682s] Level 5:colcon.colcon_core.verb:set package 'explore_lite_msgs' build argument 'catkin_cmake_args' from command line to 'None'
[0.682s] Level 5:colcon.colcon_core.verb:set package 'explore_lite_msgs' build argument 'catkin_skip_building_tests' from command line to 'False'
[0.682s] DEBUG:colcon.colcon_core.verb:Building package 'explore_lite_msgs' with the following arguments: {'ament_cmake_args': None, 'build_base': '/home/safal/Desktop/unitreego2nav/build/explore_lite_msgs', 'catkin_cmake_args': None, 'catkin_skip_building_tests': False, 'cmake_args': None, 'cmake_clean_cache': False, 'cmake_clean_first': False, 'cmake_force_configure': False, 'cmake_target': None, 'cmake_target_skip_unavailable': False, 'install_base': '/home/safal/Desktop/unitreego2nav/install/explore_lite_msgs', 'merge_install': False, 'path': '/home/safal/Desktop/unitreego2nav/src/m-explore-ros2/explore_lite_msgs', 'symlink_install': False, 'test_result_base': None}
[0.683s] Level 5:colcon.colcon_core.verb:set package 'go2_nav' build argument 'cmake_args' from command line to 'None'
[0.683s] Level 5:colcon.colcon_core.verb:set package 'go2_nav' build argument 'cmake_target' from command line to 'None'
[0.683s] Level 5:colcon.colcon_core.verb:set package 'go2_nav' build argument 'cmake_target_skip_unavailable' from command line to 'False'
[0.683s] Level 5:colcon.colcon_core.verb:set package 'go2_nav' build argument 'cmake_clean_cache' from command line to 'False'
[0.683s] Level 5:colcon.colcon_core.verb:set package 'go2_nav' build argument 'cmake_clean_first' from command line to 'False'
[0.683s] Level 5:colcon.colcon_core.verb:set package 'go2_nav' build argument 'cmake_force_configure' from command line to 'False'
[0.683s] Level 5:colcon.colcon_core.verb:set package 'go2_nav' build argument 'ament_cmake_args' from command line to 'None'
[0.683s] Level 5:colcon.colcon_core.verb:set package 'go2_nav' build argument 'catkin_cmake_args' from command line to 'None'
[0.683s] Level 5:colcon.colcon_core.verb:set package 'go2_nav' build argument 'catkin_skip_building_tests' from command line to 'False'
[0.683s] DEBUG:colcon.colcon_core.verb:Building package 'go2_nav' with the following arguments: {'ament_cmake_args': None, 'build_base': '/home/safal/Desktop/unitreego2nav/build/go2_nav', 'catkin_cmake_args': None, 'catkin_skip_building_tests': False, 'cmake_args': None, 'cmake_clean_cache': False, 'cmake_clean_first': False, 'cmake_force_configure': False, 'cmake_target': None, 'cmake_target_skip_unavailable': False, 'install_base': '/home/safal/Desktop/unitreego2nav/install/go2_nav', 'merge_install': False, 'path': '/home/safal/Desktop/unitreego2nav/src/go2_nav', 'symlink_install': False, 'test_result_base': None}
[0.683s] Level 5:colcon.colcon_core.verb:set package 'multirobot_map_merge' build argument 'cmake_args' from command line to 'None'
[0.683s] Level 5:colcon.colcon_core.verb:set package 'multirobot_map_merge' build argument 'cmake_target' from command line to 'None'
[0.683s] Level 5:colcon.colcon_core.verb:set package 'multirobot_map_merge' build argument 'cmake_target_skip_unavailable' from command line to 'False'
[0.683s] Level 5:colcon.colcon_core.verb:set package 'multirobot_map_merge' build argument 'cmake_clean_cache' from command line to 'False'
[0.683s] Level 5:colcon.colcon_core.verb:set package 'multirobot_map_merge' build argument 'cmake_clean_first' from command line to 'False'
[0.683s] Level 5:colcon.colcon_core.verb:set package 'multirobot_map_merge' build argument 'cmake_force_configure' from command line to 'False'
[0.683s] Level 5:colcon.colcon_core.verb:set package 'multirobot_map_merge' build argument 'ament_cmake_args' from command line to 'None'
[0.683s] Level 5:colcon.colcon_core.verb:set package 'multirobot_map_merge' build argument 'catkin_cmake_args' from command line to 'None'
[0.683s] Level 5:colcon.colcon_core.verb:set package 'multirobot_map_merge' build argument 'catkin_skip_building_tests' from command line to 'False'
[0.683s] DEBUG:colcon.colcon_core.verb:Building package 'multirobot_map_merge' with the following arguments: {'ament_cmake_args': None, 'build_base': '/home/safal/Desktop/unitreego2nav/build/multirobot_map_merge', 'catkin_cmake_args': None, 'catkin_skip_building_tests': False, 'cmake_args': None, 'cmake_clean_cache': False, 'cmake_clean_first': False, 'cmake_force_configure': False, 'cmake_target': None, 'cmake_target_skip_unavailable': False, 'install_base': '/home/safal/Desktop/unitreego2nav/install/multirobot_map_merge', 'merge_install': False, 'path': '/home/safal/Desktop/unitreego2nav/src/m-explore-ros2/map_merge', 'symlink_install': False, 'test_result_base': None}
[0.684s] Level 5:colcon.colcon_core.verb:set package 'explore_lite' build argument 'cmake_args' from command line to 'None'
[0.684s] Level 5:colcon.colcon_core.verb:set package 'explore_lite' build argument 'cmake_target' from command line to 'None'
[0.684s] Level 5:colcon.colcon_core.verb:set package 'explore_lite' build argument 'cmake_target_skip_unavailable' from command line to 'False'
[0.684s] Level 5:colcon.colcon_core.verb:set package 'explore_lite' build argument 'cmake_clean_cache' from command line to 'False'
[0.684s] Level 5:colcon.colcon_core.verb:set package 'explore_lite' build argument 'cmake_clean_first' from command line to 'False'
[0.684s] Level 5:colcon.colcon_core.verb:set package 'explore_lite' build argument 'cmake_force_configure' from command line to 'False'
[0.684s] Level 5:colcon.colcon_core.verb:set package 'explore_lite' build argument 'ament_cmake_args' from command line to 'None'
[0.684s] Level 5:colcon.colcon_core.verb:set package 'explore_lite' build argument 'catkin_cmake_args' from command line to 'None'
[0.684s] Level 5:colcon.colcon_core.verb:set package 'explore_lite' build argument 'catkin_skip_building_tests' from command line to 'False'
[0.684s] DEBUG:colcon.colcon_core.verb:Building package 'explore_lite' with the following arguments: {'ament_cmake_args': None, 'build_base': '/home/safal/Desktop/unitreego2nav/build/explore_lite', 'catkin_cmake_args': None, 'catkin_skip_building_tests': False, 'cmake_args': None, 'cmake_clean_cache': False, 'cmake_clean_first': False, 'cmake_force_configure': False, 'cmake_target': None, 'cmake_target_skip_unavailable': False, 'install_base': '/home/safal/Desktop/unitreego2nav/install/explore_lite', 'merge_install': False, 'path': '/home/safal/Desktop/unitreego2nav/src/m-explore-ros2/explore', 'symlink_install': False, 'test_result_base': None}
[0.684s] INFO:colcon.colcon_core.executor:Executing jobs using 'parallel' executor
[0.685s] DEBUG:colcon.colcon_parallel_executor.executor.parallel:run_until_complete
[0.685s] INFO:colcon.colcon_ros.task.ament_cmake.build:Building ROS package in '/home/safal/Desktop/unitreego2nav/src/m-explore-ros2/explore_lite_msgs' with build type 'ament_cmake'
[0.686s] INFO:colcon.colcon_cmake.task.cmake.build:Building CMake package in '/home/safal/Desktop/unitreego2nav/src/m-explore-ros2/explore_lite_msgs'
[0.689s] INFO:colcon.colcon_core.plugin_system:Skipping extension 'colcon_core.shell.bat': Not used on non-Windows systems
[0.689s] INFO:colcon.colcon_core.shell:Skip shell extension 'powershell' for command environment: Not usable outside of PowerShell
[0.689s] DEBUG:colcon.colcon_core.shell:Skip shell extension 'dsv' for command environment
[0.694s] INFO:colcon.colcon_ros.task.ament_python.build:Building ROS package in '/home/safal/Desktop/unitreego2nav/src/go2_nav' with build type 'ament_python'
[0.694s] Level 1:colcon.colcon_core.shell:create_environment_hook('go2_nav', 'ament_prefix_path')
[0.694s] INFO:colcon.colcon_core.shell:Creating environment hook '/home/safal/Desktop/unitreego2nav/install/go2_nav/share/go2_nav/hook/ament_prefix_path.ps1'
[0.696s] INFO:colcon.colcon_core.shell:Creating environment descriptor '/home/safal/Desktop/unitreego2nav/install/go2_nav/share/go2_nav/hook/ament_prefix_path.dsv'
[0.696s] INFO:colcon.colcon_core.shell:Creating environment hook '/home/safal/Desktop/unitreego2nav/install/go2_nav/share/go2_nav/hook/ament_prefix_path.sh'
[0.697s] INFO:colcon.colcon_core.shell:Skip shell extension 'powershell' for command environment: Not usable outside of PowerShell
[0.697s] DEBUG:colcon.colcon_core.shell:Skip shell extension 'dsv' for command environment
[0.702s] INFO:colcon.colcon_ros.task.ament_cmake.build:Building ROS package in '/home/safal/Desktop/unitreego2nav/src/m-explore-ros2/map_merge' with build type 'ament_cmake'
[0.702s] INFO:colcon.colcon_cmake.task.cmake.build:Building CMake package in '/home/safal/Desktop/unitreego2nav/src/m-explore-ros2/map_merge'
[0.703s] INFO:colcon.colcon_core.shell:Skip shell extension 'powershell' for command environment: Not usable outside of PowerShell
[0.703s] DEBUG:colcon.colcon_core.shell:Skip shell extension 'dsv' for command environment
[0.714s] DEBUG:colcon.colcon_core.event_handler.log_command:Invoking command in '/home/safal/Desktop/unitreego2nav/build/explore_lite_msgs': CMAKE_PREFIX_PATH=${CMAKE_PREFIX_PATH}:/home/safal/Desktop/unitreego2nav/install/go2_nav:/opt/ros/humble /usr/bin/cmake --build /home/safal/Desktop/unitreego2nav/build/explore_lite_msgs -- -j8 -l8
[1.069s] INFO:colcon.colcon_core.task.python.build:Building Python package in '/home/safal/Desktop/unitreego2nav/src/go2_nav'
[1.069s] INFO:colcon.colcon_core.shell:Skip shell extension 'powershell' for command environment: Not usable outside of PowerShell
[1.070s] DEBUG:colcon.colcon_core.shell:Skip shell extension 'dsv' for command environment
[1.083s] DEBUG:colcon.colcon_core.event_handler.log_command:Invoking command in '/home/safal/Desktop/unitreego2nav/build/multirobot_map_merge': CMAKE_PREFIX_PATH=${CMAKE_PREFIX_PATH}:/home/safal/Desktop/unitreego2nav/install/go2_nav:/opt/ros/humble /usr/bin/cmake --build /home/safal/Desktop/unitreego2nav/build/multirobot_map_merge -- -j8 -l8
[1.166s] DEBUG:colcon.colcon_core.event_handler.log_command:Invoked command in '/home/safal/Desktop/unitreego2nav/build/explore_lite_msgs' returned '0': CMAKE_PREFIX_PATH=${CMAKE_PREFIX_PATH}:/home/safal/Desktop/unitreego2nav/install/go2_nav:/opt/ros/humble /usr/bin/cmake --build /home/safal/Desktop/unitreego2nav/build/explore_lite_msgs -- -j8 -l8
[1.173s] DEBUG:colcon.colcon_core.event_handler.log_command:Invoking command in '/home/safal/Desktop/unitreego2nav/build/explore_lite_msgs': CMAKE_PREFIX_PATH=${CMAKE_PREFIX_PATH}:/home/safal/Desktop/unitreego2nav/install/go2_nav:/opt/ros/humble /usr/bin/cmake --install /home/safal/Desktop/unitreego2nav/build/explore_lite_msgs
[1.202s] DEBUG:colcon.colcon_core.event_handler.log_command:Invoked command in '/home/safal/Desktop/unitreego2nav/build/multirobot_map_merge' returned '0': CMAKE_PREFIX_PATH=${CMAKE_PREFIX_PATH}:/home/safal/Desktop/unitreego2nav/install/go2_nav:/opt/ros/humble /usr/bin/cmake --build /home/safal/Desktop/unitreego2nav/build/multirobot_map_merge -- -j8 -l8
[1.206s] DEBUG:colcon.colcon_core.event_handler.log_command:Invoking command in '/home/safal/Desktop/unitreego2nav/build/multirobot_map_merge': CMAKE_PREFIX_PATH=${CMAKE_PREFIX_PATH}:/home/safal/Desktop/unitreego2nav/install/go2_nav:/opt/ros/humble /usr/bin/cmake --install /home/safal/Desktop/unitreego2nav/build/multirobot_map_merge
[1.216s] Level 1:colcon.colcon_core.environment:create_environment_scripts_only(multirobot_map_merge)
[1.216s] DEBUG:colcon.colcon_core.event_handler.log_command:Invoked command in '/home/safal/Desktop/unitreego2nav/build/multirobot_map_merge' returned '0': CMAKE_PREFIX_PATH=${CMAKE_PREFIX_PATH}:/home/safal/Desktop/unitreego2nav/install/go2_nav:/opt/ros/humble /usr/bin/cmake --install /home/safal/Desktop/unitreego2nav/build/multirobot_map_merge
[1.221s] Level 1:colcon.colcon_core.environment:checking '/home/safal/Desktop/unitreego2nav/install/multirobot_map_merge' for CMake module files
[1.222s] Level 1:colcon.colcon_core.environment:checking '/home/safal/Desktop/unitreego2nav/install/multirobot_map_merge' for CMake config files
[1.222s] Level 1:colcon.colcon_core.shell:create_environment_hook('multirobot_map_merge', 'cmake_prefix_path')
[1.223s] INFO:colcon.colcon_core.shell:Creating environment hook '/home/safal/Desktop/unitreego2nav/install/multirobot_map_merge/share/multirobot_map_merge/hook/cmake_prefix_path.ps1'
[1.223s] INFO:colcon.colcon_core.shell:Creating environment descriptor '/home/safal/Desktop/unitreego2nav/install/multirobot_map_merge/share/multirobot_map_merge/hook/cmake_prefix_path.dsv'
[1.224s] INFO:colcon.colcon_core.shell:Creating environment hook '/home/safal/Desktop/unitreego2nav/install/multirobot_map_merge/share/multirobot_map_merge/hook/cmake_prefix_path.sh'
[1.224s] Level 1:colcon.colcon_core.environment:checking '/home/safal/Desktop/unitreego2nav/install/multirobot_map_merge/lib'
[1.225s] Level 1:colcon.colcon_core.environment:checking '/home/safal/Desktop/unitreego2nav/install/multirobot_map_merge/bin'
[1.225s] Level 1:colcon.colcon_core.environment:checking '/home/safal/Desktop/unitreego2nav/install/multirobot_map_merge/lib/pkgconfig/multirobot_map_merge.pc'
[1.225s] Level 1:colcon.colcon_core.environment:checking '/home/safal/Desktop/unitreego2nav/install/multirobot_map_merge/lib/python3.10/site-packages'
[1.225s] Level 1:colcon.colcon_core.environment:checking '/home/safal/Desktop/unitreego2nav/install/multirobot_map_merge/bin'
[1.226s] INFO:colcon.colcon_core.shell:Creating package script '/home/safal/Desktop/unitreego2nav/install/multirobot_map_merge/share/multirobot_map_merge/package.ps1'
[1.227s] INFO:colcon.colcon_core.shell:Creating package descriptor '/home/safal/Desktop/unitreego2nav/install/multirobot_map_merge/share/multirobot_map_merge/package.dsv'
[1.229s] INFO:colcon.colcon_core.shell:Creating package script '/home/safal/Desktop/unitreego2nav/install/multirobot_map_merge/share/multirobot_map_merge/package.sh'
[1.230s] INFO:colcon.colcon_core.shell:Creating package script '/home/safal/Desktop/unitreego2nav/install/multirobot_map_merge/share/multirobot_map_merge/package.bash'
[1.231s] INFO:colcon.colcon_core.shell:Creating package script '/home/safal/Desktop/unitreego2nav/install/multirobot_map_merge/share/multirobot_map_merge/package.zsh'
[1.232s] Level 1:colcon.colcon_core.environment:create_file_with_runtime_dependencies(/home/safal/Desktop/unitreego2nav/install/multirobot_map_merge/share/colcon-core/packages/multirobot_map_merge)
[1.233s] Level 1:colcon.colcon_core.environment:create_environment_scripts_only(multirobot_map_merge)
[1.234s] Level 1:colcon.colcon_core.environment:checking '/home/safal/Desktop/unitreego2nav/install/multirobot_map_merge' for CMake module files
[1.235s] Level 1:colcon.colcon_core.environment:checking '/home/safal/Desktop/unitreego2nav/install/multirobot_map_merge' for CMake config files
[1.239s] Level 1:colcon.colcon_core.shell:create_environment_hook('multirobot_map_merge', 'cmake_prefix_path')
[1.240s] INFO:colcon.colcon_core.shell:Creating environment hook '/home/safal/Desktop/unitreego2nav/install/multirobot_map_merge/share/multirobot_map_merge/hook/cmake_prefix_path.ps1'
[1.241s] INFO:colcon.colcon_core.shell:Creating environment descriptor '/home/safal/Desktop/unitreego2nav/install/multirobot_map_merge/share/multirobot_map_merge/hook/cmake_prefix_path.dsv'
[1.244s] INFO:colcon.colcon_core.shell:Creating environment hook '/home/safal/Desktop/unitreego2nav/install/multirobot_map_merge/share/multirobot_map_merge/hook/cmake_prefix_path.sh'
[1.245s] Level 1:colcon.colcon_core.environment:checking '/home/safal/Desktop/unitreego2nav/install/multirobot_map_merge/lib'
[1.246s] Level 1:colcon.colcon_core.environment:checking '/home/safal/Desktop/unitreego2nav/install/multirobot_map_merge/bin'
[1.246s] Level 1:colcon.colcon_core.environment:checking '/home/safal/Desktop/unitreego2nav/install/multirobot_map_merge/lib/pkgconfig/multirobot_map_merge.pc'
[1.246s] Level 1:colcon.colcon_core.environment:checking '/home/safal/Desktop/unitreego2nav/install/multirobot_map_merge/lib/python3.10/site-packages'
[1.246s] Level 1:colcon.colcon_core.environment:checking '/home/safal/Desktop/unitreego2nav/install/multirobot_map_merge/bin'
[1.247s] INFO:colcon.colcon_core.shell:Creating package script '/home/safal/Desktop/unitreego2nav/install/multirobot_map_merge/share/multirobot_map_merge/package.ps1'
[1.248s] INFO:colcon.colcon_core.shell:Creating package descriptor '/home/safal/Desktop/unitreego2nav/install/multirobot_map_merge/share/multirobot_map_merge/package.dsv'
[1.249s] INFO:colcon.colcon_core.shell:Creating package script '/home/safal/Desktop/unitreego2nav/install/multirobot_map_merge/share/multirobot_map_merge/package.sh'
[1.249s] INFO:colcon.colcon_core.shell:Creating package script '/home/safal/Desktop/unitreego2nav/install/multirobot_map_merge/share/multirobot_map_merge/package.bash'
[1.250s] INFO:colcon.colcon_core.shell:Creating package script '/home/safal/Desktop/unitreego2nav/install/multirobot_map_merge/share/multirobot_map_merge/package.zsh'
[1.250s] Level 1:colcon.colcon_core.environment:create_file_with_runtime_dependencies(/home/safal/Desktop/unitreego2nav/install/multirobot_map_merge/share/colcon-core/packages/multirobot_map_merge)
[1.251s] Level 1:colcon.colcon_core.environment:create_environment_scripts_only(explore_lite_msgs)
[1.252s] Level 1:colcon.colcon_core.environment:checking '/home/safal/Desktop/unitreego2nav/install/explore_lite_msgs' for CMake module files
[1.253s] DEBUG:colcon.colcon_core.event_handler.log_command:Invoked command in '/home/safal/Desktop/unitreego2nav/build/explore_lite_msgs' returned '0': CMAKE_PREFIX_PATH=${CMAKE_PREFIX_PATH}:/home/safal/Desktop/unitreego2nav/install/go2_nav:/opt/ros/humble /usr/bin/cmake --install /home/safal/Desktop/unitreego2nav/build/explore_lite_msgs
[1.253s] Level 1:colcon.colcon_core.environment:checking '/home/safal/Desktop/unitreego2nav/install/explore_lite_msgs' for CMake config files
[1.254s] Level 1:colcon.colcon_core.shell:create_environment_hook('explore_lite_msgs', 'cmake_prefix_path')
[1.254s] INFO:colcon.colcon_core.shell:Creating environment hook '/home/safal/Desktop/unitreego2nav/install/explore_lite_msgs/share/explore_lite_msgs/hook/cmake_prefix_path.ps1'
[1.255s] INFO:colcon.colcon_core.shell:Creating environment descriptor '/home/safal/Desktop/unitreego2nav/install/explore_lite_msgs/share/explore_lite_msgs/hook/cmake_prefix_path.dsv'
[1.255s] INFO:colcon.colcon_core.shell:Creating environment hook '/home/safal/Desktop/unitreego2nav/install/explore_lite_msgs/share/explore_lite_msgs/hook/cmake_prefix_path.sh'
[1.256s] Level 1:colcon.colcon_core.environment:checking '/home/safal/Desktop/unitreego2nav/install/explore_lite_msgs/lib'
[1.256s] Level 1:colcon.colcon_core.shell:create_environment_hook('explore_lite_msgs', 'ld_library_path_lib')
[1.256s] INFO:colcon.colcon_core.shell:Creating environment hook '/home/safal/Desktop/unitreego2nav/install/explore_lite_msgs/share/explore_lite_msgs/hook/ld_library_path_lib.ps1'
[1.256s] INFO:colcon.colcon_core.shell:Creating environment descriptor '/home/safal/Desktop/unitreego2nav/install/explore_lite_msgs/share/explore_lite_msgs/hook/ld_library_path_lib.dsv'
[1.257s] INFO:colcon.colcon_core.shell:Creating environment hook '/home/safal/Desktop/unitreego2nav/install/explore_lite_msgs/share/explore_lite_msgs/hook/ld_library_path_lib.sh'
[1.257s] Level 1:colcon.colcon_core.environment:checking '/home/safal/Desktop/unitreego2nav/install/explore_lite_msgs/bin'
[1.257s] Level 1:colcon.colcon_core.environment:checking '/home/safal/Desktop/unitreego2nav/install/explore_lite_msgs/lib/pkgconfig/explore_lite_msgs.pc'
[1.258s] Level 1:colcon.colcon_core.environment:checking '/home/safal/Desktop/unitreego2nav/install/explore_lite_msgs/lib/python3.10/site-packages'
[1.258s] Level 1:colcon.colcon_core.environment:checking '/home/safal/Desktop/unitreego2nav/install/explore_lite_msgs/bin'
[1.258s] INFO:colcon.colcon_core.shell:Creating package script '/home/safal/Desktop/unitreego2nav/install/explore_lite_msgs/share/explore_lite_msgs/package.ps1'
[1.259s] INFO:colcon.colcon_core.shell:Creating package descriptor '/home/safal/Desktop/unitreego2nav/install/explore_lite_msgs/share/explore_lite_msgs/package.dsv'
[1.260s] INFO:colcon.colcon_core.shell:Creating package script '/home/safal/Desktop/unitreego2nav/install/explore_lite_msgs/share/explore_lite_msgs/package.sh'
[1.260s] INFO:colcon.colcon_core.shell:Creating package script '/home/safal/Desktop/unitreego2nav/install/explore_lite_msgs/share/explore_lite_msgs/package.bash'
[1.261s] INFO:colcon.colcon_core.shell:Creating package script '/home/safal/Desktop/unitreego2nav/install/explore_lite_msgs/share/explore_lite_msgs/package.zsh'
[1.261s] Level 1:colcon.colcon_core.environment:create_file_with_runtime_dependencies(/home/safal/Desktop/unitreego2nav/install/explore_lite_msgs/share/colcon-core/packages/explore_lite_msgs)
[1.262s] Level 1:colcon.colcon_core.environment:create_environment_scripts_only(explore_lite_msgs)
[1.262s] Level 1:colcon.colcon_core.environment:checking '/home/safal/Desktop/unitreego2nav/install/explore_lite_msgs' for CMake module files
[1.263s] Level 1:colcon.colcon_core.environment:checking '/home/safal/Desktop/unitreego2nav/install/explore_lite_msgs' for CMake config files
[1.264s] Level 1:colcon.colcon_core.shell:create_environment_hook('explore_lite_msgs', 'cmake_prefix_path')
[1.264s] INFO:colcon.colcon_core.shell:Creating environment hook '/home/safal/Desktop/unitreego2nav/install/explore_lite_msgs/share/explore_lite_msgs/hook/cmake_prefix_path.ps1'
[1.265s] INFO:colcon.colcon_core.shell:Creating environment descriptor '/home/safal/Desktop/unitreego2nav/install/explore_lite_msgs/share/explore_lite_msgs/hook/cmake_prefix_path.dsv'
[1.265s] INFO:colcon.colcon_core.shell:Creating environment hook '/home/safal/Desktop/unitreego2nav/install/explore_lite_msgs/share/explore_lite_msgs/hook/cmake_prefix_path.sh'
[1.266s] Level 1:colcon.colcon_core.environment:checking '/home/safal/Desktop/unitreego2nav/install/explore_lite_msgs/lib'
[1.266s] Level 1:colcon.colcon_core.shell:create_environment_hook('explore_lite_msgs', 'ld_library_path_lib')
[1.266s] INFO:colcon.colcon_core.shell:Creating environment hook '/home/safal/Desktop/unitreego2nav/install/explore_lite_msgs/share/explore_lite_msgs/hook/ld_library_path_lib.ps1'
[1.267s] INFO:colcon.colcon_core.shell:Creating environment descriptor '/home/safal/Desktop/unitreego2nav/install/explore_lite_msgs/share/explore_lite_msgs/hook/ld_library_path_lib.dsv'
[1.267s] INFO:colcon.colcon_core.shell:Creating environment hook '/home/safal/Desktop/unitreego2nav/install/explore_lite_msgs/share/explore_lite_msgs/hook/ld_library_path_lib.sh'
[1.267s] Level 1:colcon.colcon_core.environment:checking '/home/safal/Desktop/unitreego2nav/install/explore_lite_msgs/bin'
[1.268s] Level 1:colcon.colcon_core.environment:checking '/home/safal/Desktop/unitreego2nav/install/explore_lite_msgs/lib/pkgconfig/explore_lite_msgs.pc'
[1.268s] Level 1:colcon.colcon_core.environment:checking '/home/safal/Desktop/unitreego2nav/install/explore_lite_msgs/lib/python3.10/site-packages'
[1.268s] Level 1:colcon.colcon_core.environment:checking '/home/safal/Desktop/unitreego2nav/install/explore_lite_msgs/bin'
[1.269s] INFO:colcon.colcon_core.shell:Creating package script '/home/safal/Desktop/unitreego2nav/install/explore_lite_msgs/share/explore_lite_msgs/package.ps1'
[1.270s] INFO:colcon.colcon_core.shell:Creating package descriptor '/home/safal/Desktop/unitreego2nav/install/explore_lite_msgs/share/explore_lite_msgs/package.dsv'
[1.270s] INFO:colcon.colcon_core.shell:Creating package script '/home/safal/Desktop/unitreego2nav/install/explore_lite_msgs/share/explore_lite_msgs/package.sh'
[1.271s] INFO:colcon.colcon_core.shell:Creating package script '/home/safal/Desktop/unitreego2nav/install/explore_lite_msgs/share/explore_lite_msgs/package.bash'
[1.271s] INFO:colcon.colcon_core.shell:Creating package script '/home/safal/Desktop/unitreego2nav/install/explore_lite_msgs/share/explore_lite_msgs/package.zsh'
[1.272s] Level 1:colcon.colcon_core.environment:create_file_with_runtime_dependencies(/home/safal/Desktop/unitreego2nav/install/explore_lite_msgs/share/colcon-core/packages/explore_lite_msgs)
[1.272s] INFO:colcon.colcon_ros.task.ament_cmake.build:Building ROS package in '/home/safal/Desktop/unitreego2nav/src/m-explore-ros2/explore' with build type 'ament_cmake'
[1.272s] INFO:colcon.colcon_cmake.task.cmake.build:Building CMake package in '/home/safal/Desktop/unitreego2nav/src/m-explore-ros2/explore'
[1.272s] INFO:colcon.colcon_core.shell:Skip shell extension 'powershell' for command environment: Not usable outside of PowerShell
[1.272s] DEBUG:colcon.colcon_core.shell:Skip shell extension 'dsv' for command environment
[1.287s] DEBUG:colcon.colcon_core.event_handler.log_command:Invoking command in '/home/safal/Desktop/unitreego2nav/build/explore_lite': CMAKE_PREFIX_PATH=/home/safal/Desktop/unitreego2nav/install/explore_lite_msgs:/home/safal/Desktop/unitreego2nav/install/multirobot_map_merge:/home/safal/Desktop/unitreego2nav/install/explore_lite:/home/safal/Desktop/unitreego2nav/install/go2_nav:/opt/ros/humble LD_LIBRARY_PATH=/home/safal/Desktop/unitreego2nav/install/explore_lite_msgs/lib:/home/safal/Desktop/unitreego2nav/install/multirobot_map_merge/lib:/usr/lib/x86_64-linux-gnu/gazebo-11/plugins:/opt/ros/humble/opt/rviz_ogre_vendor/lib:/opt/ros/humble/lib/x86_64-linux-gnu:/opt/ros/humble/lib /usr/bin/cmake --build /home/safal/Desktop/unitreego2nav/build/explore_lite -- -j8 -l8
[1.351s] DEBUG:colcon.colcon_core.event_handler.log_command:Invoked command in '/home/safal/Desktop/unitreego2nav/build/explore_lite' returned '0': CMAKE_PREFIX_PATH=/home/safal/Desktop/unitreego2nav/install/explore_lite_msgs:/home/safal/Desktop/unitreego2nav/install/multirobot_map_merge:/home/safal/Desktop/unitreego2nav/install/explore_lite:/home/safal/Desktop/unitreego2nav/install/go2_nav:/opt/ros/humble LD_LIBRARY_PATH=/home/safal/Desktop/unitreego2nav/install/explore_lite_msgs/lib:/home/safal/Desktop/unitreego2nav/install/multirobot_map_merge/lib:/usr/lib/x86_64-linux-gnu/gazebo-11/plugins:/opt/ros/humble/opt/rviz_ogre_vendor/lib:/opt/ros/humble/lib/x86_64-linux-gnu:/opt/ros/humble/lib /usr/bin/cmake --build /home/safal/Desktop/unitreego2nav/build/explore_lite -- -j8 -l8
[1.354s] DEBUG:colcon.colcon_core.event_handler.log_command:Invoking command in '/home/safal/Desktop/unitreego2nav/build/explore_lite': CMAKE_PREFIX_PATH=/home/safal/Desktop/unitreego2nav/install/explore_lite_msgs:/home/safal/Desktop/unitreego2nav/install/multirobot_map_merge:/home/safal/Desktop/unitreego2nav/install/explore_lite:/home/safal/Desktop/unitreego2nav/install/go2_nav:/opt/ros/humble LD_LIBRARY_PATH=/home/safal/Desktop/unitreego2nav/install/explore_lite_msgs/lib:/home/safal/Desktop/unitreego2nav/install/multirobot_map_merge/lib:/usr/lib/x86_64-linux-gnu/gazebo-11/plugins:/opt/ros/humble/opt/rviz_ogre_vendor/lib:/opt/ros/humble/lib/x86_64-linux-gnu:/opt/ros/humble/lib /usr/bin/cmake --install /home/safal/Desktop/unitreego2nav/build/explore_lite
[1.362s] Level 1:colcon.colcon_core.environment:create_environment_scripts_only(explore_lite)
[1.363s] Level 1:colcon.colcon_core.environment:checking '/home/safal/Desktop/unitreego2nav/install/explore_lite' for CMake module files
[1.364s] DEBUG:colcon.colcon_core.event_handler.log_command:Invoked command in '/home/safal/Desktop/unitreego2nav/build/explore_lite' returned '0': CMAKE_PREFIX_PATH=/home/safal/Desktop/unitreego2nav/install/explore_lite_msgs:/home/safal/Desktop/unitreego2nav/install/multirobot_map_merge:/home/safal/Desktop/unitreego2nav/install/explore_lite:/home/safal/Desktop/unitreego2nav/install/go2_nav:/opt/ros/humble LD_LIBRARY_PATH=/home/safal/Desktop/unitreego2nav/install/explore_lite_msgs/lib:/home/safal/Desktop/unitreego2nav/install/multirobot_map_merge/lib:/usr/lib/x86_64-linux-gnu/gazebo-11/plugins:/opt/ros/humble/opt/rviz_ogre_vendor/lib:/opt/ros/humble/lib/x86_64-linux-gnu:/opt/ros/humble/lib /usr/bin/cmake --install /home/safal/Desktop/unitreego2nav/build/explore_lite
[1.364s] Level 1:colcon.colcon_core.environment:checking '/home/safal/Desktop/unitreego2nav/install/explore_lite' for CMake config files
[1.364s] Level 1:colcon.colcon_core.shell:create_environment_hook('explore_lite', 'cmake_prefix_path')
[1.365s] INFO:colcon.colcon_core.shell:Creating environment hook '/home/safal/Desktop/unitreego2nav/install/explore_lite/share/explore_lite/hook/cmake_prefix_path.ps1'
[1.365s] INFO:colcon.colcon_core.shell:Creating environment descriptor '/home/safal/Desktop/unitreego2nav/install/explore_lite/share/explore_lite/hook/cmake_prefix_path.dsv'
[1.366s] INFO:colcon.colcon_core.shell:Creating environment hook '/home/safal/Desktop/unitreego2nav/install/explore_lite/share/explore_lite/hook/cmake_prefix_path.sh'
[1.366s] Level 1:colcon.colcon_core.environment:checking '/home/safal/Desktop/unitreego2nav/install/explore_lite/lib'
[1.366s] Level 1:colcon.colcon_core.environment:checking '/home/safal/Desktop/unitreego2nav/install/explore_lite/bin'
[1.366s] Level 1:colcon.colcon_core.environment:checking '/home/safal/Desktop/unitreego2nav/install/explore_lite/lib/pkgconfig/explore_lite.pc'
[1.367s] Level 1:colcon.colcon_core.environment:checking '/home/safal/Desktop/unitreego2nav/install/explore_lite/lib/python3.10/site-packages'
[1.367s] Level 1:colcon.colcon_core.environment:checking '/home/safal/Desktop/unitreego2nav/install/explore_lite/bin'
[1.367s] INFO:colcon.colcon_core.shell:Creating package script '/home/safal/Desktop/unitreego2nav/install/explore_lite/share/explore_lite/package.ps1'
[1.368s] INFO:colcon.colcon_core.shell:Creating package descriptor '/home/safal/Desktop/unitreego2nav/install/explore_lite/share/explore_lite/package.dsv'
[1.369s] INFO:colcon.colcon_core.shell:Creating package script '/home/safal/Desktop/unitreego2nav/install/explore_lite/share/explore_lite/package.sh'
[1.369s] INFO:colcon.colcon_core.shell:Creating package script '/home/safal/Desktop/unitreego2nav/install/explore_lite/share/explore_lite/package.bash'
[1.369s] INFO:colcon.colcon_core.shell:Creating package script '/home/safal/Desktop/unitreego2nav/install/explore_lite/share/explore_lite/package.zsh'
[1.370s] Level 1:colcon.colcon_core.environment:create_file_with_runtime_dependencies(/home/safal/Desktop/unitreego2nav/install/explore_lite/share/colcon-core/packages/explore_lite)
[1.371s] Level 1:colcon.colcon_core.environment:create_environment_scripts_only(explore_lite)
[1.371s] Level 1:colcon.colcon_core.environment:checking '/home/safal/Desktop/unitreego2nav/install/explore_lite' for CMake module files
[1.372s] Level 1:colcon.colcon_core.environment:checking '/home/safal/Desktop/unitreego2nav/install/explore_lite' for CMake config files
[1.372s] Level 1:colcon.colcon_core.shell:create_environment_hook('explore_lite', 'cmake_prefix_path')
[1.372s] INFO:colcon.colcon_core.shell:Creating environment hook '/home/safal/Desktop/unitreego2nav/install/explore_lite/share/explore_lite/hook/cmake_prefix_path.ps1'
[1.373s] INFO:colcon.colcon_core.shell:Creating environment descriptor '/home/safal/Desktop/unitreego2nav/install/explore_lite/share/explore_lite/hook/cmake_prefix_path.dsv'
[1.373s] INFO:colcon.colcon_core.shell:Creating environment hook '/home/safal/Desktop/unitreego2nav/install/explore_lite/share/explore_lite/hook/cmake_prefix_path.sh'
[1.374s] Level 1:colcon.colcon_core.environment:checking '/home/safal/Desktop/unitreego2nav/install/explore_lite/lib'
[1.374s] Level 1:colcon.colcon_core.environment:checking '/home/safal/Desktop/unitreego2nav/install/explore_lite/bin'
[1.374s] Level 1:colcon.colcon_core.environment:checking '/home/safal/Desktop/unitreego2nav/install/explore_lite/lib/pkgconfig/explore_lite.pc'
[1.374s] Level 1:colcon.colcon_core.environment:checking '/home/safal/Desktop/unitreego2nav/install/explore_lite/lib/python3.10/site-packages'
[1.374s] Level 1:colcon.colcon_core.environment:checking '/home/safal/Desktop/unitreego2nav/install/explore_lite/bin'
[1.375s] INFO:colcon.colcon_core.shell:Creating package script '/home/safal/Desktop/unitreego2nav/install/explore_lite/share/explore_lite/package.ps1'
[1.375s] INFO:colcon.colcon_core.shell:Creating package descriptor '/home/safal/Desktop/unitreego2nav/install/explore_lite/share/explore_lite/package.dsv'
[1.376s] INFO:colcon.colcon_core.shell:Creating package script '/home/safal/Desktop/unitreego2nav/install/explore_lite/share/explore_lite/package.sh'
[1.376s] INFO:colcon.colcon_core.shell:Creating package script '/home/safal/Desktop/unitreego2nav/install/explore_lite/share/explore_lite/package.bash'
[1.377s] INFO:colcon.colcon_core.shell:Creating package script '/home/safal/Desktop/unitreego2nav/install/explore_lite/share/explore_lite/package.zsh'
[1.377s] Level 1:colcon.colcon_core.environment:create_file_with_runtime_dependencies(/home/safal/Desktop/unitreego2nav/install/explore_lite/share/colcon-core/packages/explore_lite)
[1.566s] DEBUG:colcon.colcon_core.event_handler.log_command:Invoking command in '/home/safal/Desktop/unitreego2nav/src/go2_nav': PYTHONPATH=/home/safal/Desktop/unitreego2nav/build/go2_nav/prefix_override:/usr/lib/python3/dist-packages/colcon_core/task/python/colcon_distutils_commands:/home/safal/Desktop/unitreego2nav/install/go2_nav/lib/python3.10/site-packages:${PYTHONPATH} /usr/bin/python3 -W ignore:setup.py install is deprecated -W ignore:easy_install command is deprecated setup.py egg_info --egg-base ../../build/go2_nav build --build-base /home/safal/Desktop/unitreego2nav/build/go2_nav/build install --record /home/safal/Desktop/unitreego2nav/build/go2_nav/install.log --single-version-externally-managed install_data
[1.864s] Level 1:colcon.colcon_core.environment:checking '/home/safal/Desktop/unitreego2nav/install/go2_nav' for CMake module files
[1.864s] DEBUG:colcon.colcon_core.event_handler.log_command:Invoked command in '/home/safal/Desktop/unitreego2nav/src/go2_nav' returned '0': PYTHONPATH=/home/safal/Desktop/unitreego2nav/build/go2_nav/prefix_override:/usr/lib/python3/dist-packages/colcon_core/task/python/colcon_distutils_commands:/home/safal/Desktop/unitreego2nav/install/go2_nav/lib/python3.10/site-packages:${PYTHONPATH} /usr/bin/python3 -W ignore:setup.py install is deprecated -W ignore:easy_install command is deprecated setup.py egg_info --egg-base ../../build/go2_nav build --build-base /home/safal/Desktop/unitreego2nav/build/go2_nav/build install --record /home/safal/Desktop/unitreego2nav/build/go2_nav/install.log --single-version-externally-managed install_data
[1.865s] Level 1:colcon.colcon_core.environment:checking '/home/safal/Desktop/unitreego2nav/install/go2_nav' for CMake config files
[1.866s] Level 1:colcon.colcon_core.environment:checking '/home/safal/Desktop/unitreego2nav/install/go2_nav/lib'
[1.866s] Level 1:colcon.colcon_core.environment:checking '/home/safal/Desktop/unitreego2nav/install/go2_nav/bin'
[1.866s] Level 1:colcon.colcon_core.environment:checking '/home/safal/Desktop/unitreego2nav/install/go2_nav/lib/pkgconfig/go2_nav.pc'
[1.866s] Level 1:colcon.colcon_core.environment:checking '/home/safal/Desktop/unitreego2nav/install/go2_nav/lib/python3.10/site-packages'
[1.866s] Level 1:colcon.colcon_core.shell:create_environment_hook('go2_nav', 'pythonpath')
[1.866s] INFO:colcon.colcon_core.shell:Creating environment hook '/home/safal/Desktop/unitreego2nav/install/go2_nav/share/go2_nav/hook/pythonpath.ps1'
[1.867s] INFO:colcon.colcon_core.shell:Creating environment descriptor '/home/safal/Desktop/unitreego2nav/install/go2_nav/share/go2_nav/hook/pythonpath.dsv'
[1.867s] INFO:colcon.colcon_core.shell:Creating environment hook '/home/safal/Desktop/unitreego2nav/install/go2_nav/share/go2_nav/hook/pythonpath.sh'
[1.868s] Level 1:colcon.colcon_core.environment:checking '/home/safal/Desktop/unitreego2nav/install/go2_nav/bin'
[1.868s] Level 1:colcon.colcon_core.environment:create_environment_scripts_only(go2_nav)
[1.868s] INFO:colcon.colcon_core.shell:Creating package script '/home/safal/Desktop/unitreego2nav/install/go2_nav/share/go2_nav/package.ps1'
[1.869s] INFO:colcon.colcon_core.shell:Creating package descriptor '/home/safal/Desktop/unitreego2nav/install/go2_nav/share/go2_nav/package.dsv'
[1.869s] INFO:colcon.colcon_core.shell:Creating package script '/home/safal/Desktop/unitreego2nav/install/go2_nav/share/go2_nav/package.sh'
[1.870s] INFO:colcon.colcon_core.shell:Creating package script '/home/safal/Desktop/unitreego2nav/install/go2_nav/share/go2_nav/package.bash'
[1.870s] INFO:colcon.colcon_core.shell:Creating package script '/home/safal/Desktop/unitreego2nav/install/go2_nav/share/go2_nav/package.zsh'
[1.870s] Level 1:colcon.colcon_core.environment:create_file_with_runtime_dependencies(/home/safal/Desktop/unitreego2nav/install/go2_nav/share/colcon-core/packages/go2_nav)
[1.871s] DEBUG:colcon.colcon_parallel_executor.executor.parallel:closing loop
[1.871s] DEBUG:colcon.colcon_parallel_executor.executor.parallel:loop closed
[1.871s] DEBUG:colcon.colcon_parallel_executor.executor.parallel:run_until_complete finished with '0'
[1.871s] DEBUG:colcon.colcon_core.event_reactor:joining thread
[1.877s] INFO:colcon.colcon_core.plugin_system:Skipping extension 'colcon_notification.desktop_notification.terminal_notifier': Not used on non-Darwin systems
[1.877s] INFO:colcon.colcon_core.plugin_system:Skipping extension 'colcon_notification.desktop_notification.win32': Not used on non-Windows systems
[1.877s] INFO:colcon.colcon_notification.desktop_notification:Sending desktop notification using 'notify2'
[1.891s] DEBUG:colcon.colcon_core.event_reactor:joined thread
[1.892s] INFO:colcon.colcon_core.shell:Creating prefix script '/home/safal/Desktop/unitreego2nav/install/local_setup.ps1'
[1.893s] INFO:colcon.colcon_core.shell:Creating prefix util module '/home/safal/Desktop/unitreego2nav/install/_local_setup_util_ps1.py'
[1.895s] INFO:colcon.colcon_core.shell:Creating prefix chain script '/home/safal/Desktop/unitreego2nav/install/setup.ps1'
[1.898s] INFO:colcon.colcon_core.shell:Creating prefix script '/home/safal/Desktop/unitreego2nav/install/local_setup.sh'
[1.899s] INFO:colcon.colcon_core.shell:Creating prefix util module '/home/safal/Desktop/unitreego2nav/install/_local_setup_util_sh.py'
[1.900s] INFO:colcon.colcon_core.shell:Creating prefix chain script '/home/safal/Desktop/unitreego2nav/install/setup.sh'
[1.901s] INFO:colcon.colcon_core.shell:Creating prefix script '/home/safal/Desktop/unitreego2nav/install/local_setup.bash'
[1.902s] INFO:colcon.colcon_core.shell:Creating prefix chain script '/home/safal/Desktop/unitreego2nav/install/setup.bash'
[1.903s] INFO:colcon.colcon_core.shell:Creating prefix script '/home/safal/Desktop/unitreego2nav/install/local_setup.zsh'
[1.904s] INFO:colcon.colcon_core.shell:Creating prefix chain script '/home/safal/Desktop/unitreego2nav/install/setup.zsh'
