[1.588s] Invoking command in '/workspace/src/go2_nav': PYTHONPATH=/workspace/build/go2_nav/prefix_override:/usr/lib/python3/dist-packages/colcon_core/task/python/colcon_distutils_commands:/workspace/install/go2_nav/lib/python3.10/site-packages:${PYTHONPATH} /usr/bin/python3 -W ignore:setup.py install is deprecated -W ignore:easy_install command is deprecated setup.py egg_info --egg-base ../../build/go2_nav build --build-base /workspace/build/go2_nav/build install --record /workspace/build/go2_nav/install.log --install-scripts $base/lib/go2_nav --single-version-externally-managed install_data
[1.905s] running egg_info
[1.906s] creating ../../build/go2_nav/go2_nav.egg-info
[1.907s] writing ../../build/go2_nav/go2_nav.egg-info/PKG-INFO
[1.907s] writing dependency_links to ../../build/go2_nav/go2_nav.egg-info/dependency_links.txt
[1.907s] writing entry points to ../../build/go2_nav/go2_nav.egg-info/entry_points.txt
[1.908s] writing requirements to ../../build/go2_nav/go2_nav.egg-info/requires.txt
[1.908s] writing top-level names to ../../build/go2_nav/go2_nav.egg-info/top_level.txt
[1.908s] writing manifest file '../../build/go2_nav/go2_nav.egg-info/SOURCES.txt'
[1.911s] reading manifest file '../../build/go2_nav/go2_nav.egg-info/SOURCES.txt'
[1.912s] writing manifest file '../../build/go2_nav/go2_nav.egg-info/SOURCES.txt'
[1.913s] running build
[1.913s] running build_py
[1.913s] creating /workspace/build/go2_nav/build
[1.914s] creating /workspace/build/go2_nav/build/lib
[1.914s] creating /workspace/build/go2_nav/build/lib/go2_nav
[1.915s] copying go2_nav/moveapicall.py -> /workspace/build/go2_nav/build/lib/go2_nav
[1.915s] copying go2_nav/moveapinode.py -> /workspace/build/go2_nav/build/lib/go2_nav
[1.915s] copying go2_nav/odomBroadcast.py -> /workspace/build/go2_nav/build/lib/go2_nav
[1.916s] copying go2_nav/__init__.py -> /workspace/build/go2_nav/build/lib/go2_nav
[1.916s] copying go2_nav/restamp_node.py -> /workspace/build/go2_nav/build/lib/go2_nav
[1.916s] running install
[1.917s] running install_lib
[1.918s] creating /workspace/install/go2_nav/lib/python3.10/site-packages/go2_nav
[1.918s] copying /workspace/build/go2_nav/build/lib/go2_nav/moveapicall.py -> /workspace/install/go2_nav/lib/python3.10/site-packages/go2_nav
[1.918s] copying /workspace/build/go2_nav/build/lib/go2_nav/moveapinode.py -> /workspace/install/go2_nav/lib/python3.10/site-packages/go2_nav
[1.918s] copying /workspace/build/go2_nav/build/lib/go2_nav/odomBroadcast.py -> /workspace/install/go2_nav/lib/python3.10/site-packages/go2_nav
[1.919s] copying /workspace/build/go2_nav/build/lib/go2_nav/__init__.py -> /workspace/install/go2_nav/lib/python3.10/site-packages/go2_nav
[1.919s] copying /workspace/build/go2_nav/build/lib/go2_nav/restamp_node.py -> /workspace/install/go2_nav/lib/python3.10/site-packages/go2_nav
[1.919s] byte-compiling /workspace/install/go2_nav/lib/python3.10/site-packages/go2_nav/moveapicall.py to moveapicall.cpython-310.pyc
[1.919s] byte-compiling /workspace/install/go2_nav/lib/python3.10/site-packages/go2_nav/moveapinode.py to moveapinode.cpython-310.pyc
[1.921s] byte-compiling /workspace/install/go2_nav/lib/python3.10/site-packages/go2_nav/odomBroadcast.py to odomBroadcast.cpython-310.pyc
[1.924s] byte-compiling /workspace/install/go2_nav/lib/python3.10/site-packages/go2_nav/__init__.py to __init__.cpython-310.pyc
[1.924s] byte-compiling /workspace/install/go2_nav/lib/python3.10/site-packages/go2_nav/restamp_node.py to restamp_node.cpython-310.pyc
[1.925s] running install_data
[1.925s] creating /workspace/install/go2_nav/share/ament_index
[1.926s] creating /workspace/install/go2_nav/share/ament_index/resource_index
[1.926s] creating /workspace/install/go2_nav/share/ament_index/resource_index/packages
[1.926s] copying resource/go2_nav -> /workspace/install/go2_nav/share/ament_index/resource_index/packages
[1.926s] copying package.xml -> /workspace/install/go2_nav/share/go2_nav
[1.926s] creating /workspace/install/go2_nav/share/go2_nav/launch
[1.926s] copying launch/slam_explore.launch.py -> /workspace/install/go2_nav/share/go2_nav/launch
[1.927s] copying launch/navigatio.launch.py -> /workspace/install/go2_nav/share/go2_nav/launch
[1.927s] copying launch/explore_slam.launch.py -> /workspace/install/go2_nav/share/go2_nav/launch
[1.927s] creating /workspace/install/go2_nav/share/go2_nav/config
[1.927s] copying config/nav2_params.yaml -> /workspace/install/go2_nav/share/go2_nav/config
[1.927s] copying config/nav2_slam_params.yaml -> /workspace/install/go2_nav/share/go2_nav/config
[1.928s] copying config/explore_lite_params.yaml -> /workspace/install/go2_nav/share/go2_nav/config
[1.928s] creating /workspace/install/go2_nav/share/go2_nav/maps
[1.928s] copying maps/rtabmap.pgm -> /workspace/install/go2_nav/share/go2_nav/maps
[1.928s] copying maps/rtabmap.db -> /workspace/install/go2_nav/share/go2_nav/maps
[1.974s] copying maps/rtabmap.yaml -> /workspace/install/go2_nav/share/go2_nav/maps
[1.974s] running install_egg_info
[1.977s] Copying ../../build/go2_nav/go2_nav.egg-info to /workspace/install/go2_nav/lib/python3.10/site-packages/go2_nav-0.0.0-py3.10.egg-info
[1.979s] running install_scripts
[2.028s] Installing go2_sport_bridge script to /workspace/install/go2_nav/lib/go2_nav
[2.028s] Installing odom_broadcast script to /workspace/install/go2_nav/lib/go2_nav
[2.028s] Installing restamp_node script to /workspace/install/go2_nav/lib/go2_nav
[2.028s] writing list of installed files to '/workspace/build/go2_nav/install.log'
[2.097s] Invoked command in '/workspace/src/go2_nav' returned '0': PYTHONPATH=/workspace/build/go2_nav/prefix_override:/usr/lib/python3/dist-packages/colcon_core/task/python/colcon_distutils_commands:/workspace/install/go2_nav/lib/python3.10/site-packages:${PYTHONPATH} /usr/bin/python3 -W ignore:setup.py install is deprecated -W ignore:easy_install command is deprecated setup.py egg_info --egg-base ../../build/go2_nav build --build-base /workspace/build/go2_nav/build install --record /workspace/build/go2_nav/install.log --install-scripts $base/lib/go2_nav --single-version-externally-managed install_data
