running egg_info
creating ../../build/unitree_sdk2py/unitree_sdk2py.egg-info
writing ../../build/unitree_sdk2py/unitree_sdk2py.egg-info/PKG-INFO
writing dependency_links to ../../build/unitree_sdk2py/unitree_sdk2py.egg-info/dependency_links.txt
writing requirements to ../../build/unitree_sdk2py/unitree_sdk2py.egg-info/requires.txt
writing top-level names to ../../build/unitree_sdk2py/unitree_sdk2py.egg-info/top_level.txt
writing manifest file '../../build/unitree_sdk2py/unitree_sdk2py.egg-info/SOURCES.txt'
reading manifest file '../../build/unitree_sdk2py/unitree_sdk2py.egg-info/SOURCES.txt'
adding license file 'LICENSE'
writing manifest file '../../build/unitree_sdk2py/unitree_sdk2py.egg-info/SOURCES.txt'
running build
running build_py
creating /workspace/build/unitree_sdk2py/build
creating /workspace/build/unitree_sdk2py/build/lib
creating /workspace/build/unitree_sdk2py/build/lib/unitree_sdk2py
copying unitree_sdk2py/__init__.py -> /workspace/build/unitree_sdk2py/build/lib/unitree_sdk2py
creating /workspace/build/unitree_sdk2py/build/lib/unitree_sdk2py/a2
copying unitree_sdk2py/a2/__init__.py -> /workspace/build/unitree_sdk2py/build/lib/unitree_sdk2py/a2
creating /workspace/build/unitree_sdk2py/build/lib/unitree_sdk2py/utils
copying unitree_sdk2py/utils/joystick.py -> /workspace/build/unitree_sdk2py/build/lib/unitree_sdk2py/utils
copying unitree_sdk2py/utils/future.py -> /workspace/build/unitree_sdk2py/build/lib/unitree_sdk2py/utils
copying unitree_sdk2py/utils/crc.py -> /workspace/build/unitree_sdk2py/build/lib/unitree_sdk2py/utils
copying unitree_sdk2py/utils/timerfd.py -> /workspace/build/unitree_sdk2py/build/lib/unitree_sdk2py/utils
copying unitree_sdk2py/utils/thread.py -> /workspace/build/unitree_sdk2py/build/lib/unitree_sdk2py/utils
copying unitree_sdk2py/utils/bqueue.py -> /workspace/build/unitree_sdk2py/build/lib/unitree_sdk2py/utils
copying unitree_sdk2py/utils/hz_sample.py -> /workspace/build/unitree_sdk2py/build/lib/unitree_sdk2py/utils
copying unitree_sdk2py/utils/__init__.py -> /workspace/build/unitree_sdk2py/build/lib/unitree_sdk2py/utils
copying unitree_sdk2py/utils/singleton.py -> /workspace/build/unitree_sdk2py/build/lib/unitree_sdk2py/utils
copying unitree_sdk2py/utils/clib_lookup.py -> /workspace/build/unitree_sdk2py/build/lib/unitree_sdk2py/utils
creating /workspace/build/unitree_sdk2py/build/lib/unitree_sdk2py/h1
copying unitree_sdk2py/h1/__init__.py -> /workspace/build/unitree_sdk2py/build/lib/unitree_sdk2py/h1
creating /workspace/build/unitree_sdk2py/build/lib/unitree_sdk2py/h2
copying unitree_sdk2py/h2/__init__.py -> /workspace/build/unitree_sdk2py/build/lib/unitree_sdk2py/h2
creating /workspace/build/unitree_sdk2py/build/lib/unitree_sdk2py/core
copying unitree_sdk2py/core/channel_name.py -> /workspace/build/unitree_sdk2py/build/lib/unitree_sdk2py/core
copying unitree_sdk2py/core/__init__.py -> /workspace/build/unitree_sdk2py/build/lib/unitree_sdk2py/core
copying unitree_sdk2py/core/channel_config.py -> /workspace/build/unitree_sdk2py/build/lib/unitree_sdk2py/core
copying unitree_sdk2py/core/channel.py -> /workspace/build/unitree_sdk2py/build/lib/unitree_sdk2py/core
creating /workspace/build/unitree_sdk2py/build/lib/unitree_sdk2py/go2
copying unitree_sdk2py/go2/__init__.py -> /workspace/build/unitree_sdk2py/build/lib/unitree_sdk2py/go2
creating /workspace/build/unitree_sdk2py/build/lib/unitree_sdk2py/comm
copying unitree_sdk2py/comm/__init__.py -> /workspace/build/unitree_sdk2py/build/lib/unitree_sdk2py/comm
creating /workspace/build/unitree_sdk2py/build/lib/unitree_sdk2py/g1
copying unitree_sdk2py/g1/__init__.py -> /workspace/build/unitree_sdk2py/build/lib/unitree_sdk2py/g1
creating /workspace/build/unitree_sdk2py/build/lib/unitree_sdk2py/b2
copying unitree_sdk2py/b2/__init__.py -> /workspace/build/unitree_sdk2py/build/lib/unitree_sdk2py/b2
creating /workspace/build/unitree_sdk2py/build/lib/unitree_sdk2py/rpc
copying unitree_sdk2py/rpc/client_base.py -> /workspace/build/unitree_sdk2py/build/lib/unitree_sdk2py/rpc
copying unitree_sdk2py/rpc/client_stub.py -> /workspace/build/unitree_sdk2py/build/lib/unitree_sdk2py/rpc
copying unitree_sdk2py/rpc/request_future.py -> /workspace/build/unitree_sdk2py/build/lib/unitree_sdk2py/rpc
copying unitree_sdk2py/rpc/server.py -> /workspace/build/unitree_sdk2py/build/lib/unitree_sdk2py/rpc
copying unitree_sdk2py/rpc/lease_server.py -> /workspace/build/unitree_sdk2py/build/lib/unitree_sdk2py/rpc
copying unitree_sdk2py/rpc/internal.py -> /workspace/build/unitree_sdk2py/build/lib/unitree_sdk2py/rpc
copying unitree_sdk2py/rpc/__init__.py -> /workspace/build/unitree_sdk2py/build/lib/unitree_sdk2py/rpc
copying unitree_sdk2py/rpc/server_stub.py -> /workspace/build/unitree_sdk2py/build/lib/unitree_sdk2py/rpc
copying unitree_sdk2py/rpc/server_base.py -> /workspace/build/unitree_sdk2py/build/lib/unitree_sdk2py/rpc
copying unitree_sdk2py/rpc/lease_client.py -> /workspace/build/unitree_sdk2py/build/lib/unitree_sdk2py/rpc
copying unitree_sdk2py/rpc/client.py -> /workspace/build/unitree_sdk2py/build/lib/unitree_sdk2py/rpc
creating /workspace/build/unitree_sdk2py/build/lib/unitree_sdk2py/idl
copying unitree_sdk2py/idl/default.py -> /workspace/build/unitree_sdk2py/build/lib/unitree_sdk2py/idl
copying unitree_sdk2py/idl/__init__.py -> /workspace/build/unitree_sdk2py/build/lib/unitree_sdk2py/idl
creating /workspace/build/unitree_sdk2py/build/lib/unitree_sdk2py/as2
copying unitree_sdk2py/as2/__init__.py -> /workspace/build/unitree_sdk2py/build/lib/unitree_sdk2py/as2
creating /workspace/build/unitree_sdk2py/build/lib/unitree_sdk2py/a2/audio
copying unitree_sdk2py/a2/audio/audio_client.py -> /workspace/build/unitree_sdk2py/build/lib/unitree_sdk2py/a2/audio
copying unitree_sdk2py/a2/audio/audio_api.py -> /workspace/build/unitree_sdk2py/build/lib/unitree_sdk2py/a2/audio
copying unitree_sdk2py/a2/audio/__init__.py -> /workspace/build/unitree_sdk2py/build/lib/unitree_sdk2py/a2/audio
creating /workspace/build/unitree_sdk2py/build/lib/unitree_sdk2py/a2/sport
copying unitree_sdk2py/a2/sport/sport_client.py -> /workspace/build/unitree_sdk2py/build/lib/unitree_sdk2py/a2/sport
copying unitree_sdk2py/a2/sport/__init__.py -> /workspace/build/unitree_sdk2py/build/lib/unitree_sdk2py/a2/sport
copying unitree_sdk2py/a2/sport/sport_api.py -> /workspace/build/unitree_sdk2py/build/lib/unitree_sdk2py/a2/sport
creating /workspace/build/unitree_sdk2py/build/lib/unitree_sdk2py/h1/loco
copying unitree_sdk2py/h1/loco/h1_loco_client.py -> /workspace/build/unitree_sdk2py/build/lib/unitree_sdk2py/h1/loco
copying unitree_sdk2py/h1/loco/__init__.py -> /workspace/build/unitree_sdk2py/build/lib/unitree_sdk2py/h1/loco
copying unitree_sdk2py/h1/loco/h1_loco_api.py -> /workspace/build/unitree_sdk2py/build/lib/unitree_sdk2py/h1/loco
creating /workspace/build/unitree_sdk2py/build/lib/unitree_sdk2py/h2/loco
copying unitree_sdk2py/h2/loco/h2_loco_api.py -> /workspace/build/unitree_sdk2py/build/lib/unitree_sdk2py/h2/loco
copying unitree_sdk2py/h2/loco/h2_loco_client.py -> /workspace/build/unitree_sdk2py/build/lib/unitree_sdk2py/h2/loco
copying unitree_sdk2py/h2/loco/__init__.py -> /workspace/build/unitree_sdk2py/build/lib/unitree_sdk2py/h2/loco
creating /workspace/build/unitree_sdk2py/build/lib/unitree_sdk2py/go2/obstacles_avoid
copying unitree_sdk2py/go2/obstacles_avoid/obstacles_avoid_api.py -> /workspace/build/unitree_sdk2py/build/lib/unitree_sdk2py/go2/obstacles_avoid
copying unitree_sdk2py/go2/obstacles_avoid/obstacles_avoid_client.py -> /workspace/build/unitree_sdk2py/build/lib/unitree_sdk2py/go2/obstacles_avoid
copying unitree_sdk2py/go2/obstacles_avoid/__init__.py -> /workspace/build/unitree_sdk2py/build/lib/unitree_sdk2py/go2/obstacles_avoid
creating /workspace/build/unitree_sdk2py/build/lib/unitree_sdk2py/go2/robot_state
copying unitree_sdk2py/go2/robot_state/__init__.py -> /workspace/build/unitree_sdk2py/build/lib/unitree_sdk2py/go2/robot_state
copying unitree_sdk2py/go2/robot_state/robot_state_client.py -> /workspace/build/unitree_sdk2py/build/lib/unitree_sdk2py/go2/robot_state
copying unitree_sdk2py/go2/robot_state/robot_state_api.py -> /workspace/build/unitree_sdk2py/build/lib/unitree_sdk2py/go2/robot_state
creating /workspace/build/unitree_sdk2py/build/lib/unitree_sdk2py/go2/vui
copying unitree_sdk2py/go2/vui/vui_client.py -> /workspace/build/unitree_sdk2py/build/lib/unitree_sdk2py/go2/vui
copying unitree_sdk2py/go2/vui/vui_api.py -> /workspace/build/unitree_sdk2py/build/lib/unitree_sdk2py/go2/vui
copying unitree_sdk2py/go2/vui/__init__.py -> /workspace/build/unitree_sdk2py/build/lib/unitree_sdk2py/go2/vui
creating /workspace/build/unitree_sdk2py/build/lib/unitree_sdk2py/go2/video
copying unitree_sdk2py/go2/video/video_api.py -> /workspace/build/unitree_sdk2py/build/lib/unitree_sdk2py/go2/video
copying unitree_sdk2py/go2/video/video_client.py -> /workspace/build/unitree_sdk2py/build/lib/unitree_sdk2py/go2/video
copying unitree_sdk2py/go2/video/__init__.py -> /workspace/build/unitree_sdk2py/build/lib/unitree_sdk2py/go2/video
creating /workspace/build/unitree_sdk2py/build/lib/unitree_sdk2py/go2/sport
copying unitree_sdk2py/go2/sport/sport_client.py -> /workspace/build/unitree_sdk2py/build/lib/unitree_sdk2py/go2/sport
copying unitree_sdk2py/go2/sport/__init__.py -> /workspace/build/unitree_sdk2py/build/lib/unitree_sdk2py/go2/sport
copying unitree_sdk2py/go2/sport/sport_api.py -> /workspace/build/unitree_sdk2py/build/lib/unitree_sdk2py/go2/sport
creating /workspace/build/unitree_sdk2py/build/lib/unitree_sdk2py/comm/motion_switcher
copying unitree_sdk2py/comm/motion_switcher/__init__.py -> /workspace/build/unitree_sdk2py/build/lib/unitree_sdk2py/comm/motion_switcher
copying unitree_sdk2py/comm/motion_switcher/motion_switcher_api.py -> /workspace/build/unitree_sdk2py/build/lib/unitree_sdk2py/comm/motion_switcher
copying unitree_sdk2py/comm/motion_switcher/motion_switcher_client.py -> /workspace/build/unitree_sdk2py/build/lib/unitree_sdk2py/comm/motion_switcher
creating /workspace/build/unitree_sdk2py/build/lib/unitree_sdk2py/g1/audio
copying unitree_sdk2py/g1/audio/__init__.py -> /workspace/build/unitree_sdk2py/build/lib/unitree_sdk2py/g1/audio
copying unitree_sdk2py/g1/audio/g1_audio_client.py -> /workspace/build/unitree_sdk2py/build/lib/unitree_sdk2py/g1/audio
copying unitree_sdk2py/g1/audio/g1_audio_api.py -> /workspace/build/unitree_sdk2py/build/lib/unitree_sdk2py/g1/audio
creating /workspace/build/unitree_sdk2py/build/lib/unitree_sdk2py/g1/arm
copying unitree_sdk2py/g1/arm/g1_arm_action_client.py -> /workspace/build/unitree_sdk2py/build/lib/unitree_sdk2py/g1/arm
copying unitree_sdk2py/g1/arm/__init__.py -> /workspace/build/unitree_sdk2py/build/lib/unitree_sdk2py/g1/arm
copying unitree_sdk2py/g1/arm/g1_arm_action_api.py -> /workspace/build/unitree_sdk2py/build/lib/unitree_sdk2py/g1/arm
creating /workspace/build/unitree_sdk2py/build/lib/unitree_sdk2py/g1/loco
copying unitree_sdk2py/g1/loco/g1_loco_client.py -> /workspace/build/unitree_sdk2py/build/lib/unitree_sdk2py/g1/loco
copying unitree_sdk2py/g1/loco/g1_loco_api.py -> /workspace/build/unitree_sdk2py/build/lib/unitree_sdk2py/g1/loco
copying unitree_sdk2py/g1/loco/__init__.py -> /workspace/build/unitree_sdk2py/build/lib/unitree_sdk2py/g1/loco
creating /workspace/build/unitree_sdk2py/build/lib/unitree_sdk2py/b2/robot_state
copying unitree_sdk2py/b2/robot_state/__init__.py -> /workspace/build/unitree_sdk2py/build/lib/unitree_sdk2py/b2/robot_state
copying unitree_sdk2py/b2/robot_state/robot_state_client.py -> /workspace/build/unitree_sdk2py/build/lib/unitree_sdk2py/b2/robot_state
copying unitree_sdk2py/b2/robot_state/robot_state_api.py -> /workspace/build/unitree_sdk2py/build/lib/unitree_sdk2py/b2/robot_state
creating /workspace/build/unitree_sdk2py/build/lib/unitree_sdk2py/b2/back_video
copying unitree_sdk2py/b2/back_video/back_video_api.py -> /workspace/build/unitree_sdk2py/build/lib/unitree_sdk2py/b2/back_video
copying unitree_sdk2py/b2/back_video/__init__.py -> /workspace/build/unitree_sdk2py/build/lib/unitree_sdk2py/b2/back_video
copying unitree_sdk2py/b2/back_video/back_video_client.py -> /workspace/build/unitree_sdk2py/build/lib/unitree_sdk2py/b2/back_video
creating /workspace/build/unitree_sdk2py/build/lib/unitree_sdk2py/b2/vui
copying unitree_sdk2py/b2/vui/vui_client.py -> /workspace/build/unitree_sdk2py/build/lib/unitree_sdk2py/b2/vui
copying unitree_sdk2py/b2/vui/vui_api.py -> /workspace/build/unitree_sdk2py/build/lib/unitree_sdk2py/b2/vui
copying unitree_sdk2py/b2/vui/__init__.py -> /workspace/build/unitree_sdk2py/build/lib/unitree_sdk2py/b2/vui
creating /workspace/build/unitree_sdk2py/build/lib/unitree_sdk2py/b2/sport
copying unitree_sdk2py/b2/sport/sport_client.py -> /workspace/build/unitree_sdk2py/build/lib/unitree_sdk2py/b2/sport
copying unitree_sdk2py/b2/sport/__init__.py -> /workspace/build/unitree_sdk2py/build/lib/unitree_sdk2py/b2/sport
copying unitree_sdk2py/b2/sport/sport_api.py -> /workspace/build/unitree_sdk2py/build/lib/unitree_sdk2py/b2/sport
creating /workspace/build/unitree_sdk2py/build/lib/unitree_sdk2py/b2/front_video
copying unitree_sdk2py/b2/front_video/front_video_client.py -> /workspace/build/unitree_sdk2py/build/lib/unitree_sdk2py/b2/front_video
copying unitree_sdk2py/b2/front_video/front_video_api.py -> /workspace/build/unitree_sdk2py/build/lib/unitree_sdk2py/b2/front_video
copying unitree_sdk2py/b2/front_video/__init__.py -> /workspace/build/unitree_sdk2py/build/lib/unitree_sdk2py/b2/front_video
creating /workspace/build/unitree_sdk2py/build/lib/unitree_sdk2py/idl/builtin_interfaces
copying unitree_sdk2py/idl/builtin_interfaces/__init__.py -> /workspace/build/unitree_sdk2py/build/lib/unitree_sdk2py/idl/builtin_interfaces
creating /workspace/build/unitree_sdk2py/build/lib/unitree_sdk2py/idl/nav_msgs
copying unitree_sdk2py/idl/nav_msgs/__init__.py -> /workspace/build/unitree_sdk2py/build/lib/unitree_sdk2py/idl/nav_msgs
creating /workspace/build/unitree_sdk2py/build/lib/unitree_sdk2py/idl/unitree_go
copying unitree_sdk2py/idl/unitree_go/__init__.py -> /workspace/build/unitree_sdk2py/build/lib/unitree_sdk2py/idl/unitree_go
creating /workspace/build/unitree_sdk2py/build/lib/unitree_sdk2py/idl/sensor_msgs
copying unitree_sdk2py/idl/sensor_msgs/__init__.py -> /workspace/build/unitree_sdk2py/build/lib/unitree_sdk2py/idl/sensor_msgs
creating /workspace/build/unitree_sdk2py/build/lib/unitree_sdk2py/idl/std_msgs
copying unitree_sdk2py/idl/std_msgs/__init__.py -> /workspace/build/unitree_sdk2py/build/lib/unitree_sdk2py/idl/std_msgs
creating /workspace/build/unitree_sdk2py/build/lib/unitree_sdk2py/idl/unitree_api
copying unitree_sdk2py/idl/unitree_api/__init__.py -> /workspace/build/unitree_sdk2py/build/lib/unitree_sdk2py/idl/unitree_api
creating /workspace/build/unitree_sdk2py/build/lib/unitree_sdk2py/idl/unitree_hg
copying unitree_sdk2py/idl/unitree_hg/__init__.py -> /workspace/build/unitree_sdk2py/build/lib/unitree_sdk2py/idl/unitree_hg
creating /workspace/build/unitree_sdk2py/build/lib/unitree_sdk2py/idl/geometry_msgs
copying unitree_sdk2py/idl/geometry_msgs/__init__.py -> /workspace/build/unitree_sdk2py/build/lib/unitree_sdk2py/idl/geometry_msgs
creating /workspace/build/unitree_sdk2py/build/lib/unitree_sdk2py/idl/builtin_interfaces/msg
copying unitree_sdk2py/idl/builtin_interfaces/msg/__init__.py -> /workspace/build/unitree_sdk2py/build/lib/unitree_sdk2py/idl/builtin_interfaces/msg
creating /workspace/build/unitree_sdk2py/build/lib/unitree_sdk2py/idl/builtin_interfaces/msg/dds_
copying unitree_sdk2py/idl/builtin_interfaces/msg/dds_/_Time_.py -> /workspace/build/unitree_sdk2py/build/lib/unitree_sdk2py/idl/builtin_interfaces/msg/dds_
copying unitree_sdk2py/idl/builtin_interfaces/msg/dds_/__init__.py -> /workspace/build/unitree_sdk2py/build/lib/unitree_sdk2py/idl/builtin_interfaces/msg/dds_
creating /workspace/build/unitree_sdk2py/build/lib/unitree_sdk2py/idl/nav_msgs/msg
copying unitree_sdk2py/idl/nav_msgs/msg/__init__.py -> /workspace/build/unitree_sdk2py/build/lib/unitree_sdk2py/idl/nav_msgs/msg
creating /workspace/build/unitree_sdk2py/build/lib/unitree_sdk2py/idl/nav_msgs/msg/dds_
copying unitree_sdk2py/idl/nav_msgs/msg/dds_/_MapMetaData_.py -> /workspace/build/unitree_sdk2py/build/lib/unitree_sdk2py/idl/nav_msgs/msg/dds_
copying unitree_sdk2py/idl/nav_msgs/msg/dds_/__init__.py -> /workspace/build/unitree_sdk2py/build/lib/unitree_sdk2py/idl/nav_msgs/msg/dds_
copying unitree_sdk2py/idl/nav_msgs/msg/dds_/_OccupancyGrid_.py -> /workspace/build/unitree_sdk2py/build/lib/unitree_sdk2py/idl/nav_msgs/msg/dds_
copying unitree_sdk2py/idl/nav_msgs/msg/dds_/_Odometry_.py -> /workspace/build/unitree_sdk2py/build/lib/unitree_sdk2py/idl/nav_msgs/msg/dds_
creating /workspace/build/unitree_sdk2py/build/lib/unitree_sdk2py/idl/unitree_go/msg
copying unitree_sdk2py/idl/unitree_go/msg/__init__.py -> /workspace/build/unitree_sdk2py/build/lib/unitree_sdk2py/idl/unitree_go/msg
creating /workspace/build/unitree_sdk2py/build/lib/unitree_sdk2py/idl/unitree_go/msg/dds_
copying unitree_sdk2py/idl/unitree_go/msg/dds_/_BmsCmd_.py -> /workspace/build/unitree_sdk2py/build/lib/unitree_sdk2py/idl/unitree_go/msg/dds_
copying unitree_sdk2py/idl/unitree_go/msg/dds_/_MotorCmds_.py -> /workspace/build/unitree_sdk2py/build/lib/unitree_sdk2py/idl/unitree_go/msg/dds_
copying unitree_sdk2py/idl/unitree_go/msg/dds_/_WirelessController_.py -> /workspace/build/unitree_sdk2py/build/lib/unitree_sdk2py/idl/unitree_go/msg/dds_
copying unitree_sdk2py/idl/unitree_go/msg/dds_/_InterfaceConfig_.py -> /workspace/build/unitree_sdk2py/build/lib/unitree_sdk2py/idl/unitree_go/msg/dds_
copying unitree_sdk2py/idl/unitree_go/msg/dds_/_Error_.py -> /workspace/build/unitree_sdk2py/build/lib/unitree_sdk2py/idl/unitree_go/msg/dds_
copying unitree_sdk2py/idl/unitree_go/msg/dds_/_Go2FrontVideoData_.py -> /workspace/build/unitree_sdk2py/build/lib/unitree_sdk2py/idl/unitree_go/msg/dds_
copying unitree_sdk2py/idl/unitree_go/msg/dds_/_TimeSpec_.py -> /workspace/build/unitree_sdk2py/build/lib/unitree_sdk2py/idl/unitree_go/msg/dds_
copying unitree_sdk2py/idl/unitree_go/msg/dds_/_LowState_.py -> /workspace/build/unitree_sdk2py/build/lib/unitree_sdk2py/idl/unitree_go/msg/dds_
copying unitree_sdk2py/idl/unitree_go/msg/dds_/_AudioData_.py -> /workspace/build/unitree_sdk2py/build/lib/unitree_sdk2py/idl/unitree_go/msg/dds_
copying unitree_sdk2py/idl/unitree_go/msg/dds_/_BmsState_.py -> /workspace/build/unitree_sdk2py/build/lib/unitree_sdk2py/idl/unitree_go/msg/dds_
copying unitree_sdk2py/idl/unitree_go/msg/dds_/_LowCmd_.py -> /workspace/build/unitree_sdk2py/build/lib/unitree_sdk2py/idl/unitree_go/msg/dds_
copying unitree_sdk2py/idl/unitree_go/msg/dds_/_SportModeState_.py -> /workspace/build/unitree_sdk2py/build/lib/unitree_sdk2py/idl/unitree_go/msg/dds_
copying unitree_sdk2py/idl/unitree_go/msg/dds_/_LidarState_.py -> /workspace/build/unitree_sdk2py/build/lib/unitree_sdk2py/idl/unitree_go/msg/dds_
copying unitree_sdk2py/idl/unitree_go/msg/dds_/_MotorState_.py -> /workspace/build/unitree_sdk2py/build/lib/unitree_sdk2py/idl/unitree_go/msg/dds_
copying unitree_sdk2py/idl/unitree_go/msg/dds_/_MotorCmd_.py -> /workspace/build/unitree_sdk2py/build/lib/unitree_sdk2py/idl/unitree_go/msg/dds_
copying unitree_sdk2py/idl/unitree_go/msg/dds_/_UwbSwitch_.py -> /workspace/build/unitree_sdk2py/build/lib/unitree_sdk2py/idl/unitree_go/msg/dds_
copying unitree_sdk2py/idl/unitree_go/msg/dds_/__init__.py -> /workspace/build/unitree_sdk2py/build/lib/unitree_sdk2py/idl/unitree_go/msg/dds_
copying unitree_sdk2py/idl/unitree_go/msg/dds_/_UwbState_.py -> /workspace/build/unitree_sdk2py/build/lib/unitree_sdk2py/idl/unitree_go/msg/dds_
copying unitree_sdk2py/idl/unitree_go/msg/dds_/_Req_.py -> /workspace/build/unitree_sdk2py/build/lib/unitree_sdk2py/idl/unitree_go/msg/dds_
copying unitree_sdk2py/idl/unitree_go/msg/dds_/_HeightMap_.py -> /workspace/build/unitree_sdk2py/build/lib/unitree_sdk2py/idl/unitree_go/msg/dds_
copying unitree_sdk2py/idl/unitree_go/msg/dds_/_Res_.py -> /workspace/build/unitree_sdk2py/build/lib/unitree_sdk2py/idl/unitree_go/msg/dds_
copying unitree_sdk2py/idl/unitree_go/msg/dds_/_IMUState_.py -> /workspace/build/unitree_sdk2py/build/lib/unitree_sdk2py/idl/unitree_go/msg/dds_
copying unitree_sdk2py/idl/unitree_go/msg/dds_/_PathPoint_.py -> /workspace/build/unitree_sdk2py/build/lib/unitree_sdk2py/idl/unitree_go/msg/dds_
copying unitree_sdk2py/idl/unitree_go/msg/dds_/_MotorStates_.py -> /workspace/build/unitree_sdk2py/build/lib/unitree_sdk2py/idl/unitree_go/msg/dds_
creating /workspace/build/unitree_sdk2py/build/lib/unitree_sdk2py/idl/sensor_msgs/msg
copying unitree_sdk2py/idl/sensor_msgs/msg/__init__.py -> /workspace/build/unitree_sdk2py/build/lib/unitree_sdk2py/idl/sensor_msgs/msg
creating /workspace/build/unitree_sdk2py/build/lib/unitree_sdk2py/idl/sensor_msgs/msg/dds_
copying unitree_sdk2py/idl/sensor_msgs/msg/dds_/_PointCloud2_.py -> /workspace/build/unitree_sdk2py/build/lib/unitree_sdk2py/idl/sensor_msgs/msg/dds_
copying unitree_sdk2py/idl/sensor_msgs/msg/dds_/__init__.py -> /workspace/build/unitree_sdk2py/build/lib/unitree_sdk2py/idl/sensor_msgs/msg/dds_
copying unitree_sdk2py/idl/sensor_msgs/msg/dds_/_PointField_.py -> /workspace/build/unitree_sdk2py/build/lib/unitree_sdk2py/idl/sensor_msgs/msg/dds_
creating /workspace/build/unitree_sdk2py/build/lib/unitree_sdk2py/idl/sensor_msgs/msg/dds_/PointField_Constants
copying unitree_sdk2py/idl/sensor_msgs/msg/dds_/PointField_Constants/__init__.py -> /workspace/build/unitree_sdk2py/build/lib/unitree_sdk2py/idl/sensor_msgs/msg/dds_/PointField_Constants
copying unitree_sdk2py/idl/sensor_msgs/msg/dds_/PointField_Constants/_PointField_.py -> /workspace/build/unitree_sdk2py/build/lib/unitree_sdk2py/idl/sensor_msgs/msg/dds_/PointField_Constants
creating /workspace/build/unitree_sdk2py/build/lib/unitree_sdk2py/idl/std_msgs/msg
copying unitree_sdk2py/idl/std_msgs/msg/__init__.py -> /workspace/build/unitree_sdk2py/build/lib/unitree_sdk2py/idl/std_msgs/msg
creating /workspace/build/unitree_sdk2py/build/lib/unitree_sdk2py/idl/std_msgs/msg/dds_
copying unitree_sdk2py/idl/std_msgs/msg/dds_/_String_.py -> /workspace/build/unitree_sdk2py/build/lib/unitree_sdk2py/idl/std_msgs/msg/dds_
copying unitree_sdk2py/idl/std_msgs/msg/dds_/__init__.py -> /workspace/build/unitree_sdk2py/build/lib/unitree_sdk2py/idl/std_msgs/msg/dds_
copying unitree_sdk2py/idl/std_msgs/msg/dds_/_Header_.py -> /workspace/build/unitree_sdk2py/build/lib/unitree_sdk2py/idl/std_msgs/msg/dds_
creating /workspace/build/unitree_sdk2py/build/lib/unitree_sdk2py/idl/unitree_api/msg
copying unitree_sdk2py/idl/unitree_api/msg/__init__.py -> /workspace/build/unitree_sdk2py/build/lib/unitree_sdk2py/idl/unitree_api/msg
creating /workspace/build/unitree_sdk2py/build/lib/unitree_sdk2py/idl/unitree_api/msg/dds_
copying unitree_sdk2py/idl/unitree_api/msg/dds_/_ResponseStatus_.py -> /workspace/build/unitree_sdk2py/build/lib/unitree_sdk2py/idl/unitree_api/msg/dds_
copying unitree_sdk2py/idl/unitree_api/msg/dds_/_RequestPolicy_.py -> /workspace/build/unitree_sdk2py/build/lib/unitree_sdk2py/idl/unitree_api/msg/dds_
copying unitree_sdk2py/idl/unitree_api/msg/dds_/_Request_.py -> /workspace/build/unitree_sdk2py/build/lib/unitree_sdk2py/idl/unitree_api/msg/dds_
copying unitree_sdk2py/idl/unitree_api/msg/dds_/_RequestIdentity_.py -> /workspace/build/unitree_sdk2py/build/lib/unitree_sdk2py/idl/unitree_api/msg/dds_
copying unitree_sdk2py/idl/unitree_api/msg/dds_/_RequestLease_.py -> /workspace/build/unitree_sdk2py/build/lib/unitree_sdk2py/idl/unitree_api/msg/dds_
copying unitree_sdk2py/idl/unitree_api/msg/dds_/_RequestHeader_.py -> /workspace/build/unitree_sdk2py/build/lib/unitree_sdk2py/idl/unitree_api/msg/dds_
copying unitree_sdk2py/idl/unitree_api/msg/dds_/__init__.py -> /workspace/build/unitree_sdk2py/build/lib/unitree_sdk2py/idl/unitree_api/msg/dds_
copying unitree_sdk2py/idl/unitree_api/msg/dds_/_Response_.py -> /workspace/build/unitree_sdk2py/build/lib/unitree_sdk2py/idl/unitree_api/msg/dds_
copying unitree_sdk2py/idl/unitree_api/msg/dds_/_ResponseHeader_.py -> /workspace/build/unitree_sdk2py/build/lib/unitree_sdk2py/idl/unitree_api/msg/dds_
creating /workspace/build/unitree_sdk2py/build/lib/unitree_sdk2py/idl/unitree_hg/msg
copying unitree_sdk2py/idl/unitree_hg/msg/__init__.py -> /workspace/build/unitree_sdk2py/build/lib/unitree_sdk2py/idl/unitree_hg/msg
creating /workspace/build/unitree_sdk2py/build/lib/unitree_sdk2py/idl/unitree_hg/msg/dds_
copying unitree_sdk2py/idl/unitree_hg/msg/dds_/_BmsCmd_.py -> /workspace/build/unitree_sdk2py/build/lib/unitree_sdk2py/idl/unitree_hg/msg/dds_
copying unitree_sdk2py/idl/unitree_hg/msg/dds_/_HandCmd_.py -> /workspace/build/unitree_sdk2py/build/lib/unitree_sdk2py/idl/unitree_hg/msg/dds_
copying unitree_sdk2py/idl/unitree_hg/msg/dds_/_LowState_.py -> /workspace/build/unitree_sdk2py/build/lib/unitree_sdk2py/idl/unitree_hg/msg/dds_
copying unitree_sdk2py/idl/unitree_hg/msg/dds_/_PressSensorState_.py -> /workspace/build/unitree_sdk2py/build/lib/unitree_sdk2py/idl/unitree_hg/msg/dds_
copying unitree_sdk2py/idl/unitree_hg/msg/dds_/_BmsState_.py -> /workspace/build/unitree_sdk2py/build/lib/unitree_sdk2py/idl/unitree_hg/msg/dds_
copying unitree_sdk2py/idl/unitree_hg/msg/dds_/_MainBoardState_.py -> /workspace/build/unitree_sdk2py/build/lib/unitree_sdk2py/idl/unitree_hg/msg/dds_
copying unitree_sdk2py/idl/unitree_hg/msg/dds_/_LowCmd_.py -> /workspace/build/unitree_sdk2py/build/lib/unitree_sdk2py/idl/unitree_hg/msg/dds_
copying unitree_sdk2py/idl/unitree_hg/msg/dds_/_HandState_.py -> /workspace/build/unitree_sdk2py/build/lib/unitree_sdk2py/idl/unitree_hg/msg/dds_
copying unitree_sdk2py/idl/unitree_hg/msg/dds_/_MotorState_.py -> /workspace/build/unitree_sdk2py/build/lib/unitree_sdk2py/idl/unitree_hg/msg/dds_
copying unitree_sdk2py/idl/unitree_hg/msg/dds_/_MotorCmd_.py -> /workspace/build/unitree_sdk2py/build/lib/unitree_sdk2py/idl/unitree_hg/msg/dds_
copying unitree_sdk2py/idl/unitree_hg/msg/dds_/__init__.py -> /workspace/build/unitree_sdk2py/build/lib/unitree_sdk2py/idl/unitree_hg/msg/dds_
copying unitree_sdk2py/idl/unitree_hg/msg/dds_/_IMUState_.py -> /workspace/build/unitree_sdk2py/build/lib/unitree_sdk2py/idl/unitree_hg/msg/dds_
creating /workspace/build/unitree_sdk2py/build/lib/unitree_sdk2py/idl/geometry_msgs/msg
copying unitree_sdk2py/idl/geometry_msgs/msg/__init__.py -> /workspace/build/unitree_sdk2py/build/lib/unitree_sdk2py/idl/geometry_msgs/msg
creating /workspace/build/unitree_sdk2py/build/lib/unitree_sdk2py/idl/geometry_msgs/msg/dds_
copying unitree_sdk2py/idl/geometry_msgs/msg/dds_/_TwistStamped_.py -> /workspace/build/unitree_sdk2py/build/lib/unitree_sdk2py/idl/geometry_msgs/msg/dds_
copying unitree_sdk2py/idl/geometry_msgs/msg/dds_/_Pose2D_.py -> /workspace/build/unitree_sdk2py/build/lib/unitree_sdk2py/idl/geometry_msgs/msg/dds_
copying unitree_sdk2py/idl/geometry_msgs/msg/dds_/_Vector3_.py -> /workspace/build/unitree_sdk2py/build/lib/unitree_sdk2py/idl/geometry_msgs/msg/dds_
copying unitree_sdk2py/idl/geometry_msgs/msg/dds_/_PoseWithCovarianceStamped_.py -> /workspace/build/unitree_sdk2py/build/lib/unitree_sdk2py/idl/geometry_msgs/msg/dds_
copying unitree_sdk2py/idl/geometry_msgs/msg/dds_/_Pose_.py -> /workspace/build/unitree_sdk2py/build/lib/unitree_sdk2py/idl/geometry_msgs/msg/dds_
copying unitree_sdk2py/idl/geometry_msgs/msg/dds_/_PointStamped_.py -> /workspace/build/unitree_sdk2py/build/lib/unitree_sdk2py/idl/geometry_msgs/msg/dds_
copying unitree_sdk2py/idl/geometry_msgs/msg/dds_/_PoseWithCovariance_.py -> /workspace/build/unitree_sdk2py/build/lib/unitree_sdk2py/idl/geometry_msgs/msg/dds_
copying unitree_sdk2py/idl/geometry_msgs/msg/dds_/_PoseStamped_.py -> /workspace/build/unitree_sdk2py/build/lib/unitree_sdk2py/idl/geometry_msgs/msg/dds_
copying unitree_sdk2py/idl/geometry_msgs/msg/dds_/_Point_.py -> /workspace/build/unitree_sdk2py/build/lib/unitree_sdk2py/idl/geometry_msgs/msg/dds_
copying unitree_sdk2py/idl/geometry_msgs/msg/dds_/_QuaternionStamped_.py -> /workspace/build/unitree_sdk2py/build/lib/unitree_sdk2py/idl/geometry_msgs/msg/dds_
copying unitree_sdk2py/idl/geometry_msgs/msg/dds_/__init__.py -> /workspace/build/unitree_sdk2py/build/lib/unitree_sdk2py/idl/geometry_msgs/msg/dds_
copying unitree_sdk2py/idl/geometry_msgs/msg/dds_/_TwistWithCovariance_.py -> /workspace/build/unitree_sdk2py/build/lib/unitree_sdk2py/idl/geometry_msgs/msg/dds_
copying unitree_sdk2py/idl/geometry_msgs/msg/dds_/_TwistWithCovarianceStamped_.py -> /workspace/build/unitree_sdk2py/build/lib/unitree_sdk2py/idl/geometry_msgs/msg/dds_
copying unitree_sdk2py/idl/geometry_msgs/msg/dds_/_Point32_.py -> /workspace/build/unitree_sdk2py/build/lib/unitree_sdk2py/idl/geometry_msgs/msg/dds_
copying unitree_sdk2py/idl/geometry_msgs/msg/dds_/_Twist_.py -> /workspace/build/unitree_sdk2py/build/lib/unitree_sdk2py/idl/geometry_msgs/msg/dds_
copying unitree_sdk2py/idl/geometry_msgs/msg/dds_/_Quaternion_.py -> /workspace/build/unitree_sdk2py/build/lib/unitree_sdk2py/idl/geometry_msgs/msg/dds_
running install
running install_lib
creating /workspace/install/unitree_sdk2py/lib/python3.10/site-packages/unitree_sdk2py
creating /workspace/install/unitree_sdk2py/lib/python3.10/site-packages/unitree_sdk2py/a2
creating /workspace/install/unitree_sdk2py/lib/python3.10/site-packages/unitree_sdk2py/a2/audio
copying /workspace/build/unitree_sdk2py/build/lib/unitree_sdk2py/a2/audio/audio_client.py -> /workspace/install/unitree_sdk2py/lib/python3.10/site-packages/unitree_sdk2py/a2/audio
copying /workspace/build/unitree_sdk2py/build/lib/unitree_sdk2py/a2/audio/audio_api.py -> /workspace/install/unitree_sdk2py/lib/python3.10/site-packages/unitree_sdk2py/a2/audio
copying /workspace/build/unitree_sdk2py/build/lib/unitree_sdk2py/a2/audio/__init__.py -> /workspace/install/unitree_sdk2py/lib/python3.10/site-packages/unitree_sdk2py/a2/audio
creating /workspace/install/unitree_sdk2py/lib/python3.10/site-packages/unitree_sdk2py/a2/sport
copying /workspace/build/unitree_sdk2py/build/lib/unitree_sdk2py/a2/sport/sport_client.py -> /workspace/install/unitree_sdk2py/lib/python3.10/site-packages/unitree_sdk2py/a2/sport
copying /workspace/build/unitree_sdk2py/build/lib/unitree_sdk2py/a2/sport/__init__.py -> /workspace/install/unitree_sdk2py/lib/python3.10/site-packages/unitree_sdk2py/a2/sport
copying /workspace/build/unitree_sdk2py/build/lib/unitree_sdk2py/a2/sport/sport_api.py -> /workspace/install/unitree_sdk2py/lib/python3.10/site-packages/unitree_sdk2py/a2/sport
copying /workspace/build/unitree_sdk2py/build/lib/unitree_sdk2py/a2/__init__.py -> /workspace/install/unitree_sdk2py/lib/python3.10/site-packages/unitree_sdk2py/a2
creating /workspace/install/unitree_sdk2py/lib/python3.10/site-packages/unitree_sdk2py/utils
copying /workspace/build/unitree_sdk2py/build/lib/unitree_sdk2py/utils/joystick.py -> /workspace/install/unitree_sdk2py/lib/python3.10/site-packages/unitree_sdk2py/utils
copying /workspace/build/unitree_sdk2py/build/lib/unitree_sdk2py/utils/future.py -> /workspace/install/unitree_sdk2py/lib/python3.10/site-packages/unitree_sdk2py/utils
copying /workspace/build/unitree_sdk2py/build/lib/unitree_sdk2py/utils/crc.py -> /workspace/install/unitree_sdk2py/lib/python3.10/site-packages/unitree_sdk2py/utils
copying /workspace/build/unitree_sdk2py/build/lib/unitree_sdk2py/utils/timerfd.py -> /workspace/install/unitree_sdk2py/lib/python3.10/site-packages/unitree_sdk2py/utils
copying /workspace/build/unitree_sdk2py/build/lib/unitree_sdk2py/utils/thread.py -> /workspace/install/unitree_sdk2py/lib/python3.10/site-packages/unitree_sdk2py/utils
copying /workspace/build/unitree_sdk2py/build/lib/unitree_sdk2py/utils/bqueue.py -> /workspace/install/unitree_sdk2py/lib/python3.10/site-packages/unitree_sdk2py/utils
copying /workspace/build/unitree_sdk2py/build/lib/unitree_sdk2py/utils/hz_sample.py -> /workspace/install/unitree_sdk2py/lib/python3.10/site-packages/unitree_sdk2py/utils
copying /workspace/build/unitree_sdk2py/build/lib/unitree_sdk2py/utils/__init__.py -> /workspace/install/unitree_sdk2py/lib/python3.10/site-packages/unitree_sdk2py/utils
copying /workspace/build/unitree_sdk2py/build/lib/unitree_sdk2py/utils/singleton.py -> /workspace/install/unitree_sdk2py/lib/python3.10/site-packages/unitree_sdk2py/utils
copying /workspace/build/unitree_sdk2py/build/lib/unitree_sdk2py/utils/clib_lookup.py -> /workspace/install/unitree_sdk2py/lib/python3.10/site-packages/unitree_sdk2py/utils
creating /workspace/install/unitree_sdk2py/lib/python3.10/site-packages/unitree_sdk2py/h1
copying /workspace/build/unitree_sdk2py/build/lib/unitree_sdk2py/h1/__init__.py -> /workspace/install/unitree_sdk2py/lib/python3.10/site-packages/unitree_sdk2py/h1
creating /workspace/install/unitree_sdk2py/lib/python3.10/site-packages/unitree_sdk2py/h1/loco
copying /workspace/build/unitree_sdk2py/build/lib/unitree_sdk2py/h1/loco/h1_loco_client.py -> /workspace/install/unitree_sdk2py/lib/python3.10/site-packages/unitree_sdk2py/h1/loco
copying /workspace/build/unitree_sdk2py/build/lib/unitree_sdk2py/h1/loco/__init__.py -> /workspace/install/unitree_sdk2py/lib/python3.10/site-packages/unitree_sdk2py/h1/loco
copying /workspace/build/unitree_sdk2py/build/lib/unitree_sdk2py/h1/loco/h1_loco_api.py -> /workspace/install/unitree_sdk2py/lib/python3.10/site-packages/unitree_sdk2py/h1/loco
creating /workspace/install/unitree_sdk2py/lib/python3.10/site-packages/unitree_sdk2py/h2
copying /workspace/build/unitree_sdk2py/build/lib/unitree_sdk2py/h2/__init__.py -> /workspace/install/unitree_sdk2py/lib/python3.10/site-packages/unitree_sdk2py/h2
creating /workspace/install/unitree_sdk2py/lib/python3.10/site-packages/unitree_sdk2py/h2/loco
copying /workspace/build/unitree_sdk2py/build/lib/unitree_sdk2py/h2/loco/h2_loco_api.py -> /workspace/install/unitree_sdk2py/lib/python3.10/site-packages/unitree_sdk2py/h2/loco
copying /workspace/build/unitree_sdk2py/build/lib/unitree_sdk2py/h2/loco/h2_loco_client.py -> /workspace/install/unitree_sdk2py/lib/python3.10/site-packages/unitree_sdk2py/h2/loco
copying /workspace/build/unitree_sdk2py/build/lib/unitree_sdk2py/h2/loco/__init__.py -> /workspace/install/unitree_sdk2py/lib/python3.10/site-packages/unitree_sdk2py/h2/loco
creating /workspace/install/unitree_sdk2py/lib/python3.10/site-packages/unitree_sdk2py/core
copying /workspace/build/unitree_sdk2py/build/lib/unitree_sdk2py/core/channel_name.py -> /workspace/install/unitree_sdk2py/lib/python3.10/site-packages/unitree_sdk2py/core
copying /workspace/build/unitree_sdk2py/build/lib/unitree_sdk2py/core/__init__.py -> /workspace/install/unitree_sdk2py/lib/python3.10/site-packages/unitree_sdk2py/core
copying /workspace/build/unitree_sdk2py/build/lib/unitree_sdk2py/core/channel_config.py -> /workspace/install/unitree_sdk2py/lib/python3.10/site-packages/unitree_sdk2py/core
copying /workspace/build/unitree_sdk2py/build/lib/unitree_sdk2py/core/channel.py -> /workspace/install/unitree_sdk2py/lib/python3.10/site-packages/unitree_sdk2py/core
creating /workspace/install/unitree_sdk2py/lib/python3.10/site-packages/unitree_sdk2py/go2
creating /workspace/install/unitree_sdk2py/lib/python3.10/site-packages/unitree_sdk2py/go2/obstacles_avoid
copying /workspace/build/unitree_sdk2py/build/lib/unitree_sdk2py/go2/obstacles_avoid/obstacles_avoid_api.py -> /workspace/install/unitree_sdk2py/lib/python3.10/site-packages/unitree_sdk2py/go2/obstacles_avoid
copying /workspace/build/unitree_sdk2py/build/lib/unitree_sdk2py/go2/obstacles_avoid/obstacles_avoid_client.py -> /workspace/install/unitree_sdk2py/lib/python3.10/site-packages/unitree_sdk2py/go2/obstacles_avoid
copying /workspace/build/unitree_sdk2py/build/lib/unitree_sdk2py/go2/obstacles_avoid/__init__.py -> /workspace/install/unitree_sdk2py/lib/python3.10/site-packages/unitree_sdk2py/go2/obstacles_avoid
creating /workspace/install/unitree_sdk2py/lib/python3.10/site-packages/unitree_sdk2py/go2/robot_state
copying /workspace/build/unitree_sdk2py/build/lib/unitree_sdk2py/go2/robot_state/__init__.py -> /workspace/install/unitree_sdk2py/lib/python3.10/site-packages/unitree_sdk2py/go2/robot_state
copying /workspace/build/unitree_sdk2py/build/lib/unitree_sdk2py/go2/robot_state/robot_state_client.py -> /workspace/install/unitree_sdk2py/lib/python3.10/site-packages/unitree_sdk2py/go2/robot_state
copying /workspace/build/unitree_sdk2py/build/lib/unitree_sdk2py/go2/robot_state/robot_state_api.py -> /workspace/install/unitree_sdk2py/lib/python3.10/site-packages/unitree_sdk2py/go2/robot_state
creating /workspace/install/unitree_sdk2py/lib/python3.10/site-packages/unitree_sdk2py/go2/vui
copying /workspace/build/unitree_sdk2py/build/lib/unitree_sdk2py/go2/vui/vui_client.py -> /workspace/install/unitree_sdk2py/lib/python3.10/site-packages/unitree_sdk2py/go2/vui
copying /workspace/build/unitree_sdk2py/build/lib/unitree_sdk2py/go2/vui/vui_api.py -> /workspace/install/unitree_sdk2py/lib/python3.10/site-packages/unitree_sdk2py/go2/vui
copying /workspace/build/unitree_sdk2py/build/lib/unitree_sdk2py/go2/vui/__init__.py -> /workspace/install/unitree_sdk2py/lib/python3.10/site-packages/unitree_sdk2py/go2/vui
creating /workspace/install/unitree_sdk2py/lib/python3.10/site-packages/unitree_sdk2py/go2/video
copying /workspace/build/unitree_sdk2py/build/lib/unitree_sdk2py/go2/video/video_api.py -> /workspace/install/unitree_sdk2py/lib/python3.10/site-packages/unitree_sdk2py/go2/video
copying /workspace/build/unitree_sdk2py/build/lib/unitree_sdk2py/go2/video/video_client.py -> /workspace/install/unitree_sdk2py/lib/python3.10/site-packages/unitree_sdk2py/go2/video
copying /workspace/build/unitree_sdk2py/build/lib/unitree_sdk2py/go2/video/__init__.py -> /workspace/install/unitree_sdk2py/lib/python3.10/site-packages/unitree_sdk2py/go2/video
creating /workspace/install/unitree_sdk2py/lib/python3.10/site-packages/unitree_sdk2py/go2/sport
copying /workspace/build/unitree_sdk2py/build/lib/unitree_sdk2py/go2/sport/sport_client.py -> /workspace/install/unitree_sdk2py/lib/python3.10/site-packages/unitree_sdk2py/go2/sport
copying /workspace/build/unitree_sdk2py/build/lib/unitree_sdk2py/go2/sport/__init__.py -> /workspace/install/unitree_sdk2py/lib/python3.10/site-packages/unitree_sdk2py/go2/sport
copying /workspace/build/unitree_sdk2py/build/lib/unitree_sdk2py/go2/sport/sport_api.py -> /workspace/install/unitree_sdk2py/lib/python3.10/site-packages/unitree_sdk2py/go2/sport
copying /workspace/build/unitree_sdk2py/build/lib/unitree_sdk2py/go2/__init__.py -> /workspace/install/unitree_sdk2py/lib/python3.10/site-packages/unitree_sdk2py/go2
creating /workspace/install/unitree_sdk2py/lib/python3.10/site-packages/unitree_sdk2py/comm
copying /workspace/build/unitree_sdk2py/build/lib/unitree_sdk2py/comm/__init__.py -> /workspace/install/unitree_sdk2py/lib/python3.10/site-packages/unitree_sdk2py/comm
creating /workspace/install/unitree_sdk2py/lib/python3.10/site-packages/unitree_sdk2py/comm/motion_switcher
copying /workspace/build/unitree_sdk2py/build/lib/unitree_sdk2py/comm/motion_switcher/__init__.py -> /workspace/install/unitree_sdk2py/lib/python3.10/site-packages/unitree_sdk2py/comm/motion_switcher
copying /workspace/build/unitree_sdk2py/build/lib/unitree_sdk2py/comm/motion_switcher/motion_switcher_api.py -> /workspace/install/unitree_sdk2py/lib/python3.10/site-packages/unitree_sdk2py/comm/motion_switcher
copying /workspace/build/unitree_sdk2py/build/lib/unitree_sdk2py/comm/motion_switcher/motion_switcher_client.py -> /workspace/install/unitree_sdk2py/lib/python3.10/site-packages/unitree_sdk2py/comm/motion_switcher
creating /workspace/install/unitree_sdk2py/lib/python3.10/site-packages/unitree_sdk2py/g1
creating /workspace/install/unitree_sdk2py/lib/python3.10/site-packages/unitree_sdk2py/g1/audio
copying /workspace/build/unitree_sdk2py/build/lib/unitree_sdk2py/g1/audio/__init__.py -> /workspace/install/unitree_sdk2py/lib/python3.10/site-packages/unitree_sdk2py/g1/audio
copying /workspace/build/unitree_sdk2py/build/lib/unitree_sdk2py/g1/audio/g1_audio_client.py -> /workspace/install/unitree_sdk2py/lib/python3.10/site-packages/unitree_sdk2py/g1/audio
copying /workspace/build/unitree_sdk2py/build/lib/unitree_sdk2py/g1/audio/g1_audio_api.py -> /workspace/install/unitree_sdk2py/lib/python3.10/site-packages/unitree_sdk2py/g1/audio
creating /workspace/install/unitree_sdk2py/lib/python3.10/site-packages/unitree_sdk2py/g1/arm
copying /workspace/build/unitree_sdk2py/build/lib/unitree_sdk2py/g1/arm/g1_arm_action_client.py -> /workspace/install/unitree_sdk2py/lib/python3.10/site-packages/unitree_sdk2py/g1/arm
copying /workspace/build/unitree_sdk2py/build/lib/unitree_sdk2py/g1/arm/__init__.py -> /workspace/install/unitree_sdk2py/lib/python3.10/site-packages/unitree_sdk2py/g1/arm
copying /workspace/build/unitree_sdk2py/build/lib/unitree_sdk2py/g1/arm/g1_arm_action_api.py -> /workspace/install/unitree_sdk2py/lib/python3.10/site-packages/unitree_sdk2py/g1/arm
copying /workspace/build/unitree_sdk2py/build/lib/unitree_sdk2py/g1/__init__.py -> /workspace/install/unitree_sdk2py/lib/python3.10/site-packages/unitree_sdk2py/g1
creating /workspace/install/unitree_sdk2py/lib/python3.10/site-packages/unitree_sdk2py/g1/loco
copying /workspace/build/unitree_sdk2py/build/lib/unitree_sdk2py/g1/loco/g1_loco_client.py -> /workspace/install/unitree_sdk2py/lib/python3.10/site-packages/unitree_sdk2py/g1/loco
copying /workspace/build/unitree_sdk2py/build/lib/unitree_sdk2py/g1/loco/g1_loco_api.py -> /workspace/install/unitree_sdk2py/lib/python3.10/site-packages/unitree_sdk2py/g1/loco
copying /workspace/build/unitree_sdk2py/build/lib/unitree_sdk2py/g1/loco/__init__.py -> /workspace/install/unitree_sdk2py/lib/python3.10/site-packages/unitree_sdk2py/g1/loco
copying /workspace/build/unitree_sdk2py/build/lib/unitree_sdk2py/__init__.py -> /workspace/install/unitree_sdk2py/lib/python3.10/site-packages/unitree_sdk2py
creating /workspace/install/unitree_sdk2py/lib/python3.10/site-packages/unitree_sdk2py/b2
creating /workspace/install/unitree_sdk2py/lib/python3.10/site-packages/unitree_sdk2py/b2/robot_state
copying /workspace/build/unitree_sdk2py/build/lib/unitree_sdk2py/b2/robot_state/__init__.py -> /workspace/install/unitree_sdk2py/lib/python3.10/site-packages/unitree_sdk2py/b2/robot_state
copying /workspace/build/unitree_sdk2py/build/lib/unitree_sdk2py/b2/robot_state/robot_state_client.py -> /workspace/install/unitree_sdk2py/lib/python3.10/site-packages/unitree_sdk2py/b2/robot_state
copying /workspace/build/unitree_sdk2py/build/lib/unitree_sdk2py/b2/robot_state/robot_state_api.py -> /workspace/install/unitree_sdk2py/lib/python3.10/site-packages/unitree_sdk2py/b2/robot_state
creating /workspace/install/unitree_sdk2py/lib/python3.10/site-packages/unitree_sdk2py/b2/back_video
copying /workspace/build/unitree_sdk2py/build/lib/unitree_sdk2py/b2/back_video/back_video_api.py -> /workspace/install/unitree_sdk2py/lib/python3.10/site-packages/unitree_sdk2py/b2/back_video
copying /workspace/build/unitree_sdk2py/build/lib/unitree_sdk2py/b2/back_video/__init__.py -> /workspace/install/unitree_sdk2py/lib/python3.10/site-packages/unitree_sdk2py/b2/back_video
copying /workspace/build/unitree_sdk2py/build/lib/unitree_sdk2py/b2/back_video/back_video_client.py -> /workspace/install/unitree_sdk2py/lib/python3.10/site-packages/unitree_sdk2py/b2/back_video
creating /workspace/install/unitree_sdk2py/lib/python3.10/site-packages/unitree_sdk2py/b2/vui
copying /workspace/build/unitree_sdk2py/build/lib/unitree_sdk2py/b2/vui/vui_client.py -> /workspace/install/unitree_sdk2py/lib/python3.10/site-packages/unitree_sdk2py/b2/vui
copying /workspace/build/unitree_sdk2py/build/lib/unitree_sdk2py/b2/vui/vui_api.py -> /workspace/install/unitree_sdk2py/lib/python3.10/site-packages/unitree_sdk2py/b2/vui
copying /workspace/build/unitree_sdk2py/build/lib/unitree_sdk2py/b2/vui/__init__.py -> /workspace/install/unitree_sdk2py/lib/python3.10/site-packages/unitree_sdk2py/b2/vui
creating /workspace/install/unitree_sdk2py/lib/python3.10/site-packages/unitree_sdk2py/b2/sport
copying /workspace/build/unitree_sdk2py/build/lib/unitree_sdk2py/b2/sport/sport_client.py -> /workspace/install/unitree_sdk2py/lib/python3.10/site-packages/unitree_sdk2py/b2/sport
copying /workspace/build/unitree_sdk2py/build/lib/unitree_sdk2py/b2/sport/__init__.py -> /workspace/install/unitree_sdk2py/lib/python3.10/site-packages/unitree_sdk2py/b2/sport
copying /workspace/build/unitree_sdk2py/build/lib/unitree_sdk2py/b2/sport/sport_api.py -> /workspace/install/unitree_sdk2py/lib/python3.10/site-packages/unitree_sdk2py/b2/sport
copying /workspace/build/unitree_sdk2py/build/lib/unitree_sdk2py/b2/__init__.py -> /workspace/install/unitree_sdk2py/lib/python3.10/site-packages/unitree_sdk2py/b2
creating /workspace/install/unitree_sdk2py/lib/python3.10/site-packages/unitree_sdk2py/b2/front_video
copying /workspace/build/unitree_sdk2py/build/lib/unitree_sdk2py/b2/front_video/front_video_client.py -> /workspace/install/unitree_sdk2py/lib/python3.10/site-packages/unitree_sdk2py/b2/front_video
copying /workspace/build/unitree_sdk2py/build/lib/unitree_sdk2py/b2/front_video/front_video_api.py -> /workspace/install/unitree_sdk2py/lib/python3.10/site-packages/unitree_sdk2py/b2/front_video
copying /workspace/build/unitree_sdk2py/build/lib/unitree_sdk2py/b2/front_video/__init__.py -> /workspace/install/unitree_sdk2py/lib/python3.10/site-packages/unitree_sdk2py/b2/front_video
creating /workspace/install/unitree_sdk2py/lib/python3.10/site-packages/unitree_sdk2py/rpc
copying /workspace/build/unitree_sdk2py/build/lib/unitree_sdk2py/rpc/client_base.py -> /workspace/install/unitree_sdk2py/lib/python3.10/site-packages/unitree_sdk2py/rpc
copying /workspace/build/unitree_sdk2py/build/lib/unitree_sdk2py/rpc/client_stub.py -> /workspace/install/unitree_sdk2py/lib/python3.10/site-packages/unitree_sdk2py/rpc
copying /workspace/build/unitree_sdk2py/build/lib/unitree_sdk2py/rpc/request_future.py -> /workspace/install/unitree_sdk2py/lib/python3.10/site-packages/unitree_sdk2py/rpc
copying /workspace/build/unitree_sdk2py/build/lib/unitree_sdk2py/rpc/server.py -> /workspace/install/unitree_sdk2py/lib/python3.10/site-packages/unitree_sdk2py/rpc
copying /workspace/build/unitree_sdk2py/build/lib/unitree_sdk2py/rpc/lease_server.py -> /workspace/install/unitree_sdk2py/lib/python3.10/site-packages/unitree_sdk2py/rpc
copying /workspace/build/unitree_sdk2py/build/lib/unitree_sdk2py/rpc/internal.py -> /workspace/install/unitree_sdk2py/lib/python3.10/site-packages/unitree_sdk2py/rpc
copying /workspace/build/unitree_sdk2py/build/lib/unitree_sdk2py/rpc/__init__.py -> /workspace/install/unitree_sdk2py/lib/python3.10/site-packages/unitree_sdk2py/rpc
copying /workspace/build/unitree_sdk2py/build/lib/unitree_sdk2py/rpc/server_stub.py -> /workspace/install/unitree_sdk2py/lib/python3.10/site-packages/unitree_sdk2py/rpc
copying /workspace/build/unitree_sdk2py/build/lib/unitree_sdk2py/rpc/server_base.py -> /workspace/install/unitree_sdk2py/lib/python3.10/site-packages/unitree_sdk2py/rpc
copying /workspace/build/unitree_sdk2py/build/lib/unitree_sdk2py/rpc/lease_client.py -> /workspace/install/unitree_sdk2py/lib/python3.10/site-packages/unitree_sdk2py/rpc
copying /workspace/build/unitree_sdk2py/build/lib/unitree_sdk2py/rpc/client.py -> /workspace/install/unitree_sdk2py/lib/python3.10/site-packages/unitree_sdk2py/rpc
creating /workspace/install/unitree_sdk2py/lib/python3.10/site-packages/unitree_sdk2py/idl
creating /workspace/install/unitree_sdk2py/lib/python3.10/site-packages/unitree_sdk2py/idl/builtin_interfaces
copying /workspace/build/unitree_sdk2py/build/lib/unitree_sdk2py/idl/builtin_interfaces/__init__.py -> /workspace/install/unitree_sdk2py/lib/python3.10/site-packages/unitree_sdk2py/idl/builtin_interfaces
creating /workspace/install/unitree_sdk2py/lib/python3.10/site-packages/unitree_sdk2py/idl/builtin_interfaces/msg
creating /workspace/install/unitree_sdk2py/lib/python3.10/site-packages/unitree_sdk2py/idl/builtin_interfaces/msg/dds_
copying /workspace/build/unitree_sdk2py/build/lib/unitree_sdk2py/idl/builtin_interfaces/msg/dds_/_Time_.py -> /workspace/install/unitree_sdk2py/lib/python3.10/site-packages/unitree_sdk2py/idl/builtin_interfaces/msg/dds_
copying /workspace/build/unitree_sdk2py/build/lib/unitree_sdk2py/idl/builtin_interfaces/msg/dds_/__init__.py -> /workspace/install/unitree_sdk2py/lib/python3.10/site-packages/unitree_sdk2py/idl/builtin_interfaces/msg/dds_
copying /workspace/build/unitree_sdk2py/build/lib/unitree_sdk2py/idl/builtin_interfaces/msg/__init__.py -> /workspace/install/unitree_sdk2py/lib/python3.10/site-packages/unitree_sdk2py/idl/builtin_interfaces/msg
creating /workspace/install/unitree_sdk2py/lib/python3.10/site-packages/unitree_sdk2py/idl/nav_msgs
copying /workspace/build/unitree_sdk2py/build/lib/unitree_sdk2py/idl/nav_msgs/__init__.py -> /workspace/install/unitree_sdk2py/lib/python3.10/site-packages/unitree_sdk2py/idl/nav_msgs
creating /workspace/install/unitree_sdk2py/lib/python3.10/site-packages/unitree_sdk2py/idl/nav_msgs/msg
creating /workspace/install/unitree_sdk2py/lib/python3.10/site-packages/unitree_sdk2py/idl/nav_msgs/msg/dds_
copying /workspace/build/unitree_sdk2py/build/lib/unitree_sdk2py/idl/nav_msgs/msg/dds_/_MapMetaData_.py -> /workspace/install/unitree_sdk2py/lib/python3.10/site-packages/unitree_sdk2py/idl/nav_msgs/msg/dds_
copying /workspace/build/unitree_sdk2py/build/lib/unitree_sdk2py/idl/nav_msgs/msg/dds_/__init__.py -> /workspace/install/unitree_sdk2py/lib/python3.10/site-packages/unitree_sdk2py/idl/nav_msgs/msg/dds_
copying /workspace/build/unitree_sdk2py/build/lib/unitree_sdk2py/idl/nav_msgs/msg/dds_/_OccupancyGrid_.py -> /workspace/install/unitree_sdk2py/lib/python3.10/site-packages/unitree_sdk2py/idl/nav_msgs/msg/dds_
copying /workspace/build/unitree_sdk2py/build/lib/unitree_sdk2py/idl/nav_msgs/msg/dds_/_Odometry_.py -> /workspace/install/unitree_sdk2py/lib/python3.10/site-packages/unitree_sdk2py/idl/nav_msgs/msg/dds_
copying /workspace/build/unitree_sdk2py/build/lib/unitree_sdk2py/idl/nav_msgs/msg/__init__.py -> /workspace/install/unitree_sdk2py/lib/python3.10/site-packages/unitree_sdk2py/idl/nav_msgs/msg
copying /workspace/build/unitree_sdk2py/build/lib/unitree_sdk2py/idl/default.py -> /workspace/install/unitree_sdk2py/lib/python3.10/site-packages/unitree_sdk2py/idl
creating /workspace/install/unitree_sdk2py/lib/python3.10/site-packages/unitree_sdk2py/idl/unitree_go
copying /workspace/build/unitree_sdk2py/build/lib/unitree_sdk2py/idl/unitree_go/__init__.py -> /workspace/install/unitree_sdk2py/lib/python3.10/site-packages/unitree_sdk2py/idl/unitree_go
creating /workspace/install/unitree_sdk2py/lib/python3.10/site-packages/unitree_sdk2py/idl/unitree_go/msg
creating /workspace/install/unitree_sdk2py/lib/python3.10/site-packages/unitree_sdk2py/idl/unitree_go/msg/dds_
copying /workspace/build/unitree_sdk2py/build/lib/unitree_sdk2py/idl/unitree_go/msg/dds_/_BmsCmd_.py -> /workspace/install/unitree_sdk2py/lib/python3.10/site-packages/unitree_sdk2py/idl/unitree_go/msg/dds_
copying /workspace/build/unitree_sdk2py/build/lib/unitree_sdk2py/idl/unitree_go/msg/dds_/_MotorCmds_.py -> /workspace/install/unitree_sdk2py/lib/python3.10/site-packages/unitree_sdk2py/idl/unitree_go/msg/dds_
copying /workspace/build/unitree_sdk2py/build/lib/unitree_sdk2py/idl/unitree_go/msg/dds_/_WirelessController_.py -> /workspace/install/unitree_sdk2py/lib/python3.10/site-packages/unitree_sdk2py/idl/unitree_go/msg/dds_
copying /workspace/build/unitree_sdk2py/build/lib/unitree_sdk2py/idl/unitree_go/msg/dds_/_InterfaceConfig_.py -> /workspace/install/unitree_sdk2py/lib/python3.10/site-packages/unitree_sdk2py/idl/unitree_go/msg/dds_
copying /workspace/build/unitree_sdk2py/build/lib/unitree_sdk2py/idl/unitree_go/msg/dds_/_Error_.py -> /workspace/install/unitree_sdk2py/lib/python3.10/site-packages/unitree_sdk2py/idl/unitree_go/msg/dds_
copying /workspace/build/unitree_sdk2py/build/lib/unitree_sdk2py/idl/unitree_go/msg/dds_/_Go2FrontVideoData_.py -> /workspace/install/unitree_sdk2py/lib/python3.10/site-packages/unitree_sdk2py/idl/unitree_go/msg/dds_
copying /workspace/build/unitree_sdk2py/build/lib/unitree_sdk2py/idl/unitree_go/msg/dds_/_TimeSpec_.py -> /workspace/install/unitree_sdk2py/lib/python3.10/site-packages/unitree_sdk2py/idl/unitree_go/msg/dds_
copying /workspace/build/unitree_sdk2py/build/lib/unitree_sdk2py/idl/unitree_go/msg/dds_/_LowState_.py -> /workspace/install/unitree_sdk2py/lib/python3.10/site-packages/unitree_sdk2py/idl/unitree_go/msg/dds_
copying /workspace/build/unitree_sdk2py/build/lib/unitree_sdk2py/idl/unitree_go/msg/dds_/_AudioData_.py -> /workspace/install/unitree_sdk2py/lib/python3.10/site-packages/unitree_sdk2py/idl/unitree_go/msg/dds_
copying /workspace/build/unitree_sdk2py/build/lib/unitree_sdk2py/idl/unitree_go/msg/dds_/_BmsState_.py -> /workspace/install/unitree_sdk2py/lib/python3.10/site-packages/unitree_sdk2py/idl/unitree_go/msg/dds_
copying /workspace/build/unitree_sdk2py/build/lib/unitree_sdk2py/idl/unitree_go/msg/dds_/_LowCmd_.py -> /workspace/install/unitree_sdk2py/lib/python3.10/site-packages/unitree_sdk2py/idl/unitree_go/msg/dds_
copying /workspace/build/unitree_sdk2py/build/lib/unitree_sdk2py/idl/unitree_go/msg/dds_/_SportModeState_.py -> /workspace/install/unitree_sdk2py/lib/python3.10/site-packages/unitree_sdk2py/idl/unitree_go/msg/dds_
copying /workspace/build/unitree_sdk2py/build/lib/unitree_sdk2py/idl/unitree_go/msg/dds_/_LidarState_.py -> /workspace/install/unitree_sdk2py/lib/python3.10/site-packages/unitree_sdk2py/idl/unitree_go/msg/dds_
copying /workspace/build/unitree_sdk2py/build/lib/unitree_sdk2py/idl/unitree_go/msg/dds_/_MotorState_.py -> /workspace/install/unitree_sdk2py/lib/python3.10/site-packages/unitree_sdk2py/idl/unitree_go/msg/dds_
copying /workspace/build/unitree_sdk2py/build/lib/unitree_sdk2py/idl/unitree_go/msg/dds_/_MotorCmd_.py -> /workspace/install/unitree_sdk2py/lib/python3.10/site-packages/unitree_sdk2py/idl/unitree_go/msg/dds_
copying /workspace/build/unitree_sdk2py/build/lib/unitree_sdk2py/idl/unitree_go/msg/dds_/_UwbSwitch_.py -> /workspace/install/unitree_sdk2py/lib/python3.10/site-packages/unitree_sdk2py/idl/unitree_go/msg/dds_
copying /workspace/build/unitree_sdk2py/build/lib/unitree_sdk2py/idl/unitree_go/msg/dds_/__init__.py -> /workspace/install/unitree_sdk2py/lib/python3.10/site-packages/unitree_sdk2py/idl/unitree_go/msg/dds_
copying /workspace/build/unitree_sdk2py/build/lib/unitree_sdk2py/idl/unitree_go/msg/dds_/_UwbState_.py -> /workspace/install/unitree_sdk2py/lib/python3.10/site-packages/unitree_sdk2py/idl/unitree_go/msg/dds_
copying /workspace/build/unitree_sdk2py/build/lib/unitree_sdk2py/idl/unitree_go/msg/dds_/_Req_.py -> /workspace/install/unitree_sdk2py/lib/python3.10/site-packages/unitree_sdk2py/idl/unitree_go/msg/dds_
copying /workspace/build/unitree_sdk2py/build/lib/unitree_sdk2py/idl/unitree_go/msg/dds_/_HeightMap_.py -> /workspace/install/unitree_sdk2py/lib/python3.10/site-packages/unitree_sdk2py/idl/unitree_go/msg/dds_
copying /workspace/build/unitree_sdk2py/build/lib/unitree_sdk2py/idl/unitree_go/msg/dds_/_Res_.py -> /workspace/install/unitree_sdk2py/lib/python3.10/site-packages/unitree_sdk2py/idl/unitree_go/msg/dds_
copying /workspace/build/unitree_sdk2py/build/lib/unitree_sdk2py/idl/unitree_go/msg/dds_/_IMUState_.py -> /workspace/install/unitree_sdk2py/lib/python3.10/site-packages/unitree_sdk2py/idl/unitree_go/msg/dds_
copying /workspace/build/unitree_sdk2py/build/lib/unitree_sdk2py/idl/unitree_go/msg/dds_/_PathPoint_.py -> /workspace/install/unitree_sdk2py/lib/python3.10/site-packages/unitree_sdk2py/idl/unitree_go/msg/dds_
copying /workspace/build/unitree_sdk2py/build/lib/unitree_sdk2py/idl/unitree_go/msg/dds_/_MotorStates_.py -> /workspace/install/unitree_sdk2py/lib/python3.10/site-packages/unitree_sdk2py/idl/unitree_go/msg/dds_
copying /workspace/build/unitree_sdk2py/build/lib/unitree_sdk2py/idl/unitree_go/msg/__init__.py -> /workspace/install/unitree_sdk2py/lib/python3.10/site-packages/unitree_sdk2py/idl/unitree_go/msg
creating /workspace/install/unitree_sdk2py/lib/python3.10/site-packages/unitree_sdk2py/idl/sensor_msgs
copying /workspace/build/unitree_sdk2py/build/lib/unitree_sdk2py/idl/sensor_msgs/__init__.py -> /workspace/install/unitree_sdk2py/lib/python3.10/site-packages/unitree_sdk2py/idl/sensor_msgs
creating /workspace/install/unitree_sdk2py/lib/python3.10/site-packages/unitree_sdk2py/idl/sensor_msgs/msg
creating /workspace/install/unitree_sdk2py/lib/python3.10/site-packages/unitree_sdk2py/idl/sensor_msgs/msg/dds_
copying /workspace/build/unitree_sdk2py/build/lib/unitree_sdk2py/idl/sensor_msgs/msg/dds_/_PointCloud2_.py -> /workspace/install/unitree_sdk2py/lib/python3.10/site-packages/unitree_sdk2py/idl/sensor_msgs/msg/dds_
copying /workspace/build/unitree_sdk2py/build/lib/unitree_sdk2py/idl/sensor_msgs/msg/dds_/__init__.py -> /workspace/install/unitree_sdk2py/lib/python3.10/site-packages/unitree_sdk2py/idl/sensor_msgs/msg/dds_
creating /workspace/install/unitree_sdk2py/lib/python3.10/site-packages/unitree_sdk2py/idl/sensor_msgs/msg/dds_/PointField_Constants
copying /workspace/build/unitree_sdk2py/build/lib/unitree_sdk2py/idl/sensor_msgs/msg/dds_/PointField_Constants/__init__.py -> /workspace/install/unitree_sdk2py/lib/python3.10/site-packages/unitree_sdk2py/idl/sensor_msgs/msg/dds_/PointField_Constants
copying /workspace/build/unitree_sdk2py/build/lib/unitree_sdk2py/idl/sensor_msgs/msg/dds_/PointField_Constants/_PointField_.py -> /workspace/install/unitree_sdk2py/lib/python3.10/site-packages/unitree_sdk2py/idl/sensor_msgs/msg/dds_/PointField_Constants
copying /workspace/build/unitree_sdk2py/build/lib/unitree_sdk2py/idl/sensor_msgs/msg/dds_/_PointField_.py -> /workspace/install/unitree_sdk2py/lib/python3.10/site-packages/unitree_sdk2py/idl/sensor_msgs/msg/dds_
copying /workspace/build/unitree_sdk2py/build/lib/unitree_sdk2py/idl/sensor_msgs/msg/__init__.py -> /workspace/install/unitree_sdk2py/lib/python3.10/site-packages/unitree_sdk2py/idl/sensor_msgs/msg
copying /workspace/build/unitree_sdk2py/build/lib/unitree_sdk2py/idl/__init__.py -> /workspace/install/unitree_sdk2py/lib/python3.10/site-packages/unitree_sdk2py/idl
creating /workspace/install/unitree_sdk2py/lib/python3.10/site-packages/unitree_sdk2py/idl/std_msgs
copying /workspace/build/unitree_sdk2py/build/lib/unitree_sdk2py/idl/std_msgs/__init__.py -> /workspace/install/unitree_sdk2py/lib/python3.10/site-packages/unitree_sdk2py/idl/std_msgs
creating /workspace/install/unitree_sdk2py/lib/python3.10/site-packages/unitree_sdk2py/idl/std_msgs/msg
creating /workspace/install/unitree_sdk2py/lib/python3.10/site-packages/unitree_sdk2py/idl/std_msgs/msg/dds_
copying /workspace/build/unitree_sdk2py/build/lib/unitree_sdk2py/idl/std_msgs/msg/dds_/_String_.py -> /workspace/install/unitree_sdk2py/lib/python3.10/site-packages/unitree_sdk2py/idl/std_msgs/msg/dds_
copying /workspace/build/unitree_sdk2py/build/lib/unitree_sdk2py/idl/std_msgs/msg/dds_/__init__.py -> /workspace/install/unitree_sdk2py/lib/python3.10/site-packages/unitree_sdk2py/idl/std_msgs/msg/dds_
copying /workspace/build/unitree_sdk2py/build/lib/unitree_sdk2py/idl/std_msgs/msg/dds_/_Header_.py -> /workspace/install/unitree_sdk2py/lib/python3.10/site-packages/unitree_sdk2py/idl/std_msgs/msg/dds_
copying /workspace/build/unitree_sdk2py/build/lib/unitree_sdk2py/idl/std_msgs/msg/__init__.py -> /workspace/install/unitree_sdk2py/lib/python3.10/site-packages/unitree_sdk2py/idl/std_msgs/msg
creating /workspace/install/unitree_sdk2py/lib/python3.10/site-packages/unitree_sdk2py/idl/unitree_api
copying /workspace/build/unitree_sdk2py/build/lib/unitree_sdk2py/idl/unitree_api/__init__.py -> /workspace/install/unitree_sdk2py/lib/python3.10/site-packages/unitree_sdk2py/idl/unitree_api
creating /workspace/install/unitree_sdk2py/lib/python3.10/site-packages/unitree_sdk2py/idl/unitree_api/msg
creating /workspace/install/unitree_sdk2py/lib/python3.10/site-packages/unitree_sdk2py/idl/unitree_api/msg/dds_
copying /workspace/build/unitree_sdk2py/build/lib/unitree_sdk2py/idl/unitree_api/msg/dds_/_ResponseStatus_.py -> /workspace/install/unitree_sdk2py/lib/python3.10/site-packages/unitree_sdk2py/idl/unitree_api/msg/dds_
copying /workspace/build/unitree_sdk2py/build/lib/unitree_sdk2py/idl/unitree_api/msg/dds_/_RequestPolicy_.py -> /workspace/install/unitree_sdk2py/lib/python3.10/site-packages/unitree_sdk2py/idl/unitree_api/msg/dds_
copying /workspace/build/unitree_sdk2py/build/lib/unitree_sdk2py/idl/unitree_api/msg/dds_/_Request_.py -> /workspace/install/unitree_sdk2py/lib/python3.10/site-packages/unitree_sdk2py/idl/unitree_api/msg/dds_
copying /workspace/build/unitree_sdk2py/build/lib/unitree_sdk2py/idl/unitree_api/msg/dds_/_RequestIdentity_.py -> /workspace/install/unitree_sdk2py/lib/python3.10/site-packages/unitree_sdk2py/idl/unitree_api/msg/dds_
copying /workspace/build/unitree_sdk2py/build/lib/unitree_sdk2py/idl/unitree_api/msg/dds_/_RequestLease_.py -> /workspace/install/unitree_sdk2py/lib/python3.10/site-packages/unitree_sdk2py/idl/unitree_api/msg/dds_
copying /workspace/build/unitree_sdk2py/build/lib/unitree_sdk2py/idl/unitree_api/msg/dds_/_RequestHeader_.py -> /workspace/install/unitree_sdk2py/lib/python3.10/site-packages/unitree_sdk2py/idl/unitree_api/msg/dds_
copying /workspace/build/unitree_sdk2py/build/lib/unitree_sdk2py/idl/unitree_api/msg/dds_/__init__.py -> /workspace/install/unitree_sdk2py/lib/python3.10/site-packages/unitree_sdk2py/idl/unitree_api/msg/dds_
copying /workspace/build/unitree_sdk2py/build/lib/unitree_sdk2py/idl/unitree_api/msg/dds_/_Response_.py -> /workspace/install/unitree_sdk2py/lib/python3.10/site-packages/unitree_sdk2py/idl/unitree_api/msg/dds_
copying /workspace/build/unitree_sdk2py/build/lib/unitree_sdk2py/idl/unitree_api/msg/dds_/_ResponseHeader_.py -> /workspace/install/unitree_sdk2py/lib/python3.10/site-packages/unitree_sdk2py/idl/unitree_api/msg/dds_
copying /workspace/build/unitree_sdk2py/build/lib/unitree_sdk2py/idl/unitree_api/msg/__init__.py -> /workspace/install/unitree_sdk2py/lib/python3.10/site-packages/unitree_sdk2py/idl/unitree_api/msg
creating /workspace/install/unitree_sdk2py/lib/python3.10/site-packages/unitree_sdk2py/idl/unitree_hg
copying /workspace/build/unitree_sdk2py/build/lib/unitree_sdk2py/idl/unitree_hg/__init__.py -> /workspace/install/unitree_sdk2py/lib/python3.10/site-packages/unitree_sdk2py/idl/unitree_hg
creating /workspace/install/unitree_sdk2py/lib/python3.10/site-packages/unitree_sdk2py/idl/unitree_hg/msg
creating /workspace/install/unitree_sdk2py/lib/python3.10/site-packages/unitree_sdk2py/idl/unitree_hg/msg/dds_
copying /workspace/build/unitree_sdk2py/build/lib/unitree_sdk2py/idl/unitree_hg/msg/dds_/_BmsCmd_.py -> /workspace/install/unitree_sdk2py/lib/python3.10/site-packages/unitree_sdk2py/idl/unitree_hg/msg/dds_
copying /workspace/build/unitree_sdk2py/build/lib/unitree_sdk2py/idl/unitree_hg/msg/dds_/_HandCmd_.py -> /workspace/install/unitree_sdk2py/lib/python3.10/site-packages/unitree_sdk2py/idl/unitree_hg/msg/dds_
copying /workspace/build/unitree_sdk2py/build/lib/unitree_sdk2py/idl/unitree_hg/msg/dds_/_LowState_.py -> /workspace/install/unitree_sdk2py/lib/python3.10/site-packages/unitree_sdk2py/idl/unitree_hg/msg/dds_
copying /workspace/build/unitree_sdk2py/build/lib/unitree_sdk2py/idl/unitree_hg/msg/dds_/_PressSensorState_.py -> /workspace/install/unitree_sdk2py/lib/python3.10/site-packages/unitree_sdk2py/idl/unitree_hg/msg/dds_
copying /workspace/build/unitree_sdk2py/build/lib/unitree_sdk2py/idl/unitree_hg/msg/dds_/_BmsState_.py -> /workspace/install/unitree_sdk2py/lib/python3.10/site-packages/unitree_sdk2py/idl/unitree_hg/msg/dds_
copying /workspace/build/unitree_sdk2py/build/lib/unitree_sdk2py/idl/unitree_hg/msg/dds_/_MainBoardState_.py -> /workspace/install/unitree_sdk2py/lib/python3.10/site-packages/unitree_sdk2py/idl/unitree_hg/msg/dds_
copying /workspace/build/unitree_sdk2py/build/lib/unitree_sdk2py/idl/unitree_hg/msg/dds_/_LowCmd_.py -> /workspace/install/unitree_sdk2py/lib/python3.10/site-packages/unitree_sdk2py/idl/unitree_hg/msg/dds_
copying /workspace/build/unitree_sdk2py/build/lib/unitree_sdk2py/idl/unitree_hg/msg/dds_/_HandState_.py -> /workspace/install/unitree_sdk2py/lib/python3.10/site-packages/unitree_sdk2py/idl/unitree_hg/msg/dds_
copying /workspace/build/unitree_sdk2py/build/lib/unitree_sdk2py/idl/unitree_hg/msg/dds_/_MotorState_.py -> /workspace/install/unitree_sdk2py/lib/python3.10/site-packages/unitree_sdk2py/idl/unitree_hg/msg/dds_
copying /workspace/build/unitree_sdk2py/build/lib/unitree_sdk2py/idl/unitree_hg/msg/dds_/_MotorCmd_.py -> /workspace/install/unitree_sdk2py/lib/python3.10/site-packages/unitree_sdk2py/idl/unitree_hg/msg/dds_
copying /workspace/build/unitree_sdk2py/build/lib/unitree_sdk2py/idl/unitree_hg/msg/dds_/__init__.py -> /workspace/install/unitree_sdk2py/lib/python3.10/site-packages/unitree_sdk2py/idl/unitree_hg/msg/dds_
copying /workspace/build/unitree_sdk2py/build/lib/unitree_sdk2py/idl/unitree_hg/msg/dds_/_IMUState_.py -> /workspace/install/unitree_sdk2py/lib/python3.10/site-packages/unitree_sdk2py/idl/unitree_hg/msg/dds_
copying /workspace/build/unitree_sdk2py/build/lib/unitree_sdk2py/idl/unitree_hg/msg/__init__.py -> /workspace/install/unitree_sdk2py/lib/python3.10/site-packages/unitree_sdk2py/idl/unitree_hg/msg
creating /workspace/install/unitree_sdk2py/lib/python3.10/site-packages/unitree_sdk2py/idl/geometry_msgs
copying /workspace/build/unitree_sdk2py/build/lib/unitree_sdk2py/idl/geometry_msgs/__init__.py -> /workspace/install/unitree_sdk2py/lib/python3.10/site-packages/unitree_sdk2py/idl/geometry_msgs
creating /workspace/install/unitree_sdk2py/lib/python3.10/site-packages/unitree_sdk2py/idl/geometry_msgs/msg
creating /workspace/install/unitree_sdk2py/lib/python3.10/site-packages/unitree_sdk2py/idl/geometry_msgs/msg/dds_
copying /workspace/build/unitree_sdk2py/build/lib/unitree_sdk2py/idl/geometry_msgs/msg/dds_/_TwistStamped_.py -> /workspace/install/unitree_sdk2py/lib/python3.10/site-packages/unitree_sdk2py/idl/geometry_msgs/msg/dds_
copying /workspace/build/unitree_sdk2py/build/lib/unitree_sdk2py/idl/geometry_msgs/msg/dds_/_Pose2D_.py -> /workspace/install/unitree_sdk2py/lib/python3.10/site-packages/unitree_sdk2py/idl/geometry_msgs/msg/dds_
copying /workspace/build/unitree_sdk2py/build/lib/unitree_sdk2py/idl/geometry_msgs/msg/dds_/_Vector3_.py -> /workspace/install/unitree_sdk2py/lib/python3.10/site-packages/unitree_sdk2py/idl/geometry_msgs/msg/dds_
copying /workspace/build/unitree_sdk2py/build/lib/unitree_sdk2py/idl/geometry_msgs/msg/dds_/_PoseWithCovarianceStamped_.py -> /workspace/install/unitree_sdk2py/lib/python3.10/site-packages/unitree_sdk2py/idl/geometry_msgs/msg/dds_
copying /workspace/build/unitree_sdk2py/build/lib/unitree_sdk2py/idl/geometry_msgs/msg/dds_/_Pose_.py -> /workspace/install/unitree_sdk2py/lib/python3.10/site-packages/unitree_sdk2py/idl/geometry_msgs/msg/dds_
copying /workspace/build/unitree_sdk2py/build/lib/unitree_sdk2py/idl/geometry_msgs/msg/dds_/_PointStamped_.py -> /workspace/install/unitree_sdk2py/lib/python3.10/site-packages/unitree_sdk2py/idl/geometry_msgs/msg/dds_
copying /workspace/build/unitree_sdk2py/build/lib/unitree_sdk2py/idl/geometry_msgs/msg/dds_/_PoseWithCovariance_.py -> /workspace/install/unitree_sdk2py/lib/python3.10/site-packages/unitree_sdk2py/idl/geometry_msgs/msg/dds_
copying /workspace/build/unitree_sdk2py/build/lib/unitree_sdk2py/idl/geometry_msgs/msg/dds_/_PoseStamped_.py -> /workspace/install/unitree_sdk2py/lib/python3.10/site-packages/unitree_sdk2py/idl/geometry_msgs/msg/dds_
copying /workspace/build/unitree_sdk2py/build/lib/unitree_sdk2py/idl/geometry_msgs/msg/dds_/_Point_.py -> /workspace/install/unitree_sdk2py/lib/python3.10/site-packages/unitree_sdk2py/idl/geometry_msgs/msg/dds_
copying /workspace/build/unitree_sdk2py/build/lib/unitree_sdk2py/idl/geometry_msgs/msg/dds_/_QuaternionStamped_.py -> /workspace/install/unitree_sdk2py/lib/python3.10/site-packages/unitree_sdk2py/idl/geometry_msgs/msg/dds_
copying /workspace/build/unitree_sdk2py/build/lib/unitree_sdk2py/idl/geometry_msgs/msg/dds_/__init__.py -> /workspace/install/unitree_sdk2py/lib/python3.10/site-packages/unitree_sdk2py/idl/geometry_msgs/msg/dds_
copying /workspace/build/unitree_sdk2py/build/lib/unitree_sdk2py/idl/geometry_msgs/msg/dds_/_TwistWithCovariance_.py -> /workspace/install/unitree_sdk2py/lib/python3.10/site-packages/unitree_sdk2py/idl/geometry_msgs/msg/dds_
copying /workspace/build/unitree_sdk2py/build/lib/unitree_sdk2py/idl/geometry_msgs/msg/dds_/_TwistWithCovarianceStamped_.py -> /workspace/install/unitree_sdk2py/lib/python3.10/site-packages/unitree_sdk2py/idl/geometry_msgs/msg/dds_
copying /workspace/build/unitree_sdk2py/build/lib/unitree_sdk2py/idl/geometry_msgs/msg/dds_/_Point32_.py -> /workspace/install/unitree_sdk2py/lib/python3.10/site-packages/unitree_sdk2py/idl/geometry_msgs/msg/dds_
copying /workspace/build/unitree_sdk2py/build/lib/unitree_sdk2py/idl/geometry_msgs/msg/dds_/_Twist_.py -> /workspace/install/unitree_sdk2py/lib/python3.10/site-packages/unitree_sdk2py/idl/geometry_msgs/msg/dds_
copying /workspace/build/unitree_sdk2py/build/lib/unitree_sdk2py/idl/geometry_msgs/msg/dds_/_Quaternion_.py -> /workspace/install/unitree_sdk2py/lib/python3.10/site-packages/unitree_sdk2py/idl/geometry_msgs/msg/dds_
copying /workspace/build/unitree_sdk2py/build/lib/unitree_sdk2py/idl/geometry_msgs/msg/__init__.py -> /workspace/install/unitree_sdk2py/lib/python3.10/site-packages/unitree_sdk2py/idl/geometry_msgs/msg
creating /workspace/install/unitree_sdk2py/lib/python3.10/site-packages/unitree_sdk2py/as2
copying /workspace/build/unitree_sdk2py/build/lib/unitree_sdk2py/as2/__init__.py -> /workspace/install/unitree_sdk2py/lib/python3.10/site-packages/unitree_sdk2py/as2
byte-compiling /workspace/install/unitree_sdk2py/lib/python3.10/site-packages/unitree_sdk2py/a2/audio/audio_client.py to audio_client.cpython-310.pyc
byte-compiling /workspace/install/unitree_sdk2py/lib/python3.10/site-packages/unitree_sdk2py/a2/audio/audio_api.py to audio_api.cpython-310.pyc
byte-compiling /workspace/install/unitree_sdk2py/lib/python3.10/site-packages/unitree_sdk2py/a2/audio/__init__.py to __init__.cpython-310.pyc
byte-compiling /workspace/install/unitree_sdk2py/lib/python3.10/site-packages/unitree_sdk2py/a2/sport/sport_client.py to sport_client.cpython-310.pyc
byte-compiling /workspace/install/unitree_sdk2py/lib/python3.10/site-packages/unitree_sdk2py/a2/sport/__init__.py to __init__.cpython-310.pyc
byte-compiling /workspace/install/unitree_sdk2py/lib/python3.10/site-packages/unitree_sdk2py/a2/sport/sport_api.py to sport_api.cpython-310.pyc
byte-compiling /workspace/install/unitree_sdk2py/lib/python3.10/site-packages/unitree_sdk2py/a2/__init__.py to __init__.cpython-310.pyc
byte-compiling /workspace/install/unitree_sdk2py/lib/python3.10/site-packages/unitree_sdk2py/utils/joystick.py to joystick.cpython-310.pyc
byte-compiling /workspace/install/unitree_sdk2py/lib/python3.10/site-packages/unitree_sdk2py/utils/future.py to future.cpython-310.pyc
byte-compiling /workspace/install/unitree_sdk2py/lib/python3.10/site-packages/unitree_sdk2py/utils/crc.py to crc.cpython-310.pyc
byte-compiling /workspace/install/unitree_sdk2py/lib/python3.10/site-packages/unitree_sdk2py/utils/timerfd.py to timerfd.cpython-310.pyc
byte-compiling /workspace/install/unitree_sdk2py/lib/python3.10/site-packages/unitree_sdk2py/utils/thread.py to thread.cpython-310.pyc
byte-compiling /workspace/install/unitree_sdk2py/lib/python3.10/site-packages/unitree_sdk2py/utils/bqueue.py to bqueue.cpython-310.pyc
byte-compiling /workspace/install/unitree_sdk2py/lib/python3.10/site-packages/unitree_sdk2py/utils/hz_sample.py to hz_sample.cpython-310.pyc
byte-compiling /workspace/install/unitree_sdk2py/lib/python3.10/site-packages/unitree_sdk2py/utils/__init__.py to __init__.cpython-310.pyc
byte-compiling /workspace/install/unitree_sdk2py/lib/python3.10/site-packages/unitree_sdk2py/utils/singleton.py to singleton.cpython-310.pyc
byte-compiling /workspace/install/unitree_sdk2py/lib/python3.10/site-packages/unitree_sdk2py/utils/clib_lookup.py to clib_lookup.cpython-310.pyc
byte-compiling /workspace/install/unitree_sdk2py/lib/python3.10/site-packages/unitree_sdk2py/h1/__init__.py to __init__.cpython-310.pyc
byte-compiling /workspace/install/unitree_sdk2py/lib/python3.10/site-packages/unitree_sdk2py/h1/loco/h1_loco_client.py to h1_loco_client.cpython-310.pyc
byte-compiling /workspace/install/unitree_sdk2py/lib/python3.10/site-packages/unitree_sdk2py/h1/loco/__init__.py to __init__.cpython-310.pyc
byte-compiling /workspace/install/unitree_sdk2py/lib/python3.10/site-packages/unitree_sdk2py/h1/loco/h1_loco_api.py to h1_loco_api.cpython-310.pyc
byte-compiling /workspace/install/unitree_sdk2py/lib/python3.10/site-packages/unitree_sdk2py/h2/__init__.py to __init__.cpython-310.pyc
byte-compiling /workspace/install/unitree_sdk2py/lib/python3.10/site-packages/unitree_sdk2py/h2/loco/h2_loco_api.py to h2_loco_api.cpython-310.pyc
byte-compiling /workspace/install/unitree_sdk2py/lib/python3.10/site-packages/unitree_sdk2py/h2/loco/h2_loco_client.py to h2_loco_client.cpython-310.pyc
byte-compiling /workspace/install/unitree_sdk2py/lib/python3.10/site-packages/unitree_sdk2py/h2/loco/__init__.py to __init__.cpython-310.pyc
byte-compiling /workspace/install/unitree_sdk2py/lib/python3.10/site-packages/unitree_sdk2py/core/channel_name.py to channel_name.cpython-310.pyc
byte-compiling /workspace/install/unitree_sdk2py/lib/python3.10/site-packages/unitree_sdk2py/core/__init__.py to __init__.cpython-310.pyc
byte-compiling /workspace/install/unitree_sdk2py/lib/python3.10/site-packages/unitree_sdk2py/core/channel_config.py to channel_config.cpython-310.pyc
byte-compiling /workspace/install/unitree_sdk2py/lib/python3.10/site-packages/unitree_sdk2py/core/channel.py to channel.cpython-310.pyc
byte-compiling /workspace/install/unitree_sdk2py/lib/python3.10/site-packages/unitree_sdk2py/go2/obstacles_avoid/obstacles_avoid_api.py to obstacles_avoid_api.cpython-310.pyc
byte-compiling /workspace/install/unitree_sdk2py/lib/python3.10/site-packages/unitree_sdk2py/go2/obstacles_avoid/obstacles_avoid_client.py to obstacles_avoid_client.cpython-310.pyc
byte-compiling /workspace/install/unitree_sdk2py/lib/python3.10/site-packages/unitree_sdk2py/go2/obstacles_avoid/__init__.py to __init__.cpython-310.pyc
byte-compiling /workspace/install/unitree_sdk2py/lib/python3.10/site-packages/unitree_sdk2py/go2/robot_state/__init__.py to __init__.cpython-310.pyc
byte-compiling /workspace/install/unitree_sdk2py/lib/python3.10/site-packages/unitree_sdk2py/go2/robot_state/robot_state_client.py to robot_state_client.cpython-310.pyc
byte-compiling /workspace/install/unitree_sdk2py/lib/python3.10/site-packages/unitree_sdk2py/go2/robot_state/robot_state_api.py to robot_state_api.cpython-310.pyc
byte-compiling /workspace/install/unitree_sdk2py/lib/python3.10/site-packages/unitree_sdk2py/go2/vui/vui_client.py to vui_client.cpython-310.pyc
byte-compiling /workspace/install/unitree_sdk2py/lib/python3.10/site-packages/unitree_sdk2py/go2/vui/vui_api.py to vui_api.cpython-310.pyc
byte-compiling /workspace/install/unitree_sdk2py/lib/python3.10/site-packages/unitree_sdk2py/go2/vui/__init__.py to __init__.cpython-310.pyc
byte-compiling /workspace/install/unitree_sdk2py/lib/python3.10/site-packages/unitree_sdk2py/go2/video/video_api.py to video_api.cpython-310.pyc
byte-compiling /workspace/install/unitree_sdk2py/lib/python3.10/site-packages/unitree_sdk2py/go2/video/video_client.py to video_client.cpython-310.pyc
byte-compiling /workspace/install/unitree_sdk2py/lib/python3.10/site-packages/unitree_sdk2py/go2/video/__init__.py to __init__.cpython-310.pyc
byte-compiling /workspace/install/unitree_sdk2py/lib/python3.10/site-packages/unitree_sdk2py/go2/sport/sport_client.py to sport_client.cpython-310.pyc
byte-compiling /workspace/install/unitree_sdk2py/lib/python3.10/site-packages/unitree_sdk2py/go2/sport/__init__.py to __init__.cpython-310.pyc
byte-compiling /workspace/install/unitree_sdk2py/lib/python3.10/site-packages/unitree_sdk2py/go2/sport/sport_api.py to sport_api.cpython-310.pyc
byte-compiling /workspace/install/unitree_sdk2py/lib/python3.10/site-packages/unitree_sdk2py/go2/__init__.py to __init__.cpython-310.pyc
byte-compiling /workspace/install/unitree_sdk2py/lib/python3.10/site-packages/unitree_sdk2py/comm/__init__.py to __init__.cpython-310.pyc
byte-compiling /workspace/install/unitree_sdk2py/lib/python3.10/site-packages/unitree_sdk2py/comm/motion_switcher/__init__.py to __init__.cpython-310.pyc
byte-compiling /workspace/install/unitree_sdk2py/lib/python3.10/site-packages/unitree_sdk2py/comm/motion_switcher/motion_switcher_api.py to motion_switcher_api.cpython-310.pyc
byte-compiling /workspace/install/unitree_sdk2py/lib/python3.10/site-packages/unitree_sdk2py/comm/motion_switcher/motion_switcher_client.py to motion_switcher_client.cpython-310.pyc
byte-compiling /workspace/install/unitree_sdk2py/lib/python3.10/site-packages/unitree_sdk2py/g1/audio/__init__.py to __init__.cpython-310.pyc
byte-compiling /workspace/install/unitree_sdk2py/lib/python3.10/site-packages/unitree_sdk2py/g1/audio/g1_audio_client.py to g1_audio_client.cpython-310.pyc
byte-compiling /workspace/install/unitree_sdk2py/lib/python3.10/site-packages/unitree_sdk2py/g1/audio/g1_audio_api.py to g1_audio_api.cpython-310.pyc
byte-compiling /workspace/install/unitree_sdk2py/lib/python3.10/site-packages/unitree_sdk2py/g1/arm/g1_arm_action_client.py to g1_arm_action_client.cpython-310.pyc
byte-compiling /workspace/install/unitree_sdk2py/lib/python3.10/site-packages/unitree_sdk2py/g1/arm/__init__.py to __init__.cpython-310.pyc
byte-compiling /workspace/install/unitree_sdk2py/lib/python3.10/site-packages/unitree_sdk2py/g1/arm/g1_arm_action_api.py to g1_arm_action_api.cpython-310.pyc
byte-compiling /workspace/install/unitree_sdk2py/lib/python3.10/site-packages/unitree_sdk2py/g1/__init__.py to __init__.cpython-310.pyc
byte-compiling /workspace/install/unitree_sdk2py/lib/python3.10/site-packages/unitree_sdk2py/g1/loco/g1_loco_client.py to g1_loco_client.cpython-310.pyc
byte-compiling /workspace/install/unitree_sdk2py/lib/python3.10/site-packages/unitree_sdk2py/g1/loco/g1_loco_api.py to g1_loco_api.cpython-310.pyc
byte-compiling /workspace/install/unitree_sdk2py/lib/python3.10/site-packages/unitree_sdk2py/g1/loco/__init__.py to __init__.cpython-310.pyc
byte-compiling /workspace/install/unitree_sdk2py/lib/python3.10/site-packages/unitree_sdk2py/__init__.py to __init__.cpython-310.pyc
byte-compiling /workspace/install/unitree_sdk2py/lib/python3.10/site-packages/unitree_sdk2py/b2/robot_state/__init__.py to __init__.cpython-310.pyc
byte-compiling /workspace/install/unitree_sdk2py/lib/python3.10/site-packages/unitree_sdk2py/b2/robot_state/robot_state_client.py to robot_state_client.cpython-310.pyc
byte-compiling /workspace/install/unitree_sdk2py/lib/python3.10/site-packages/unitree_sdk2py/b2/robot_state/robot_state_api.py to robot_state_api.cpython-310.pyc
byte-compiling /workspace/install/unitree_sdk2py/lib/python3.10/site-packages/unitree_sdk2py/b2/back_video/back_video_api.py to back_video_api.cpython-310.pyc
byte-compiling /workspace/install/unitree_sdk2py/lib/python3.10/site-packages/unitree_sdk2py/b2/back_video/__init__.py to __init__.cpython-310.pyc
byte-compiling /workspace/install/unitree_sdk2py/lib/python3.10/site-packages/unitree_sdk2py/b2/back_video/back_video_client.py to back_video_client.cpython-310.pyc
byte-compiling /workspace/install/unitree_sdk2py/lib/python3.10/site-packages/unitree_sdk2py/b2/vui/vui_client.py to vui_client.cpython-310.pyc
byte-compiling /workspace/install/unitree_sdk2py/lib/python3.10/site-packages/unitree_sdk2py/b2/vui/vui_api.py to vui_api.cpython-310.pyc
byte-compiling /workspace/install/unitree_sdk2py/lib/python3.10/site-packages/unitree_sdk2py/b2/vui/__init__.py to __init__.cpython-310.pyc
byte-compiling /workspace/install/unitree_sdk2py/lib/python3.10/site-packages/unitree_sdk2py/b2/sport/sport_client.py to sport_client.cpython-310.pyc
byte-compiling /workspace/install/unitree_sdk2py/lib/python3.10/site-packages/unitree_sdk2py/b2/sport/__init__.py to __init__.cpython-310.pyc
byte-compiling /workspace/install/unitree_sdk2py/lib/python3.10/site-packages/unitree_sdk2py/b2/sport/sport_api.py to sport_api.cpython-310.pyc
byte-compiling /workspace/install/unitree_sdk2py/lib/python3.10/site-packages/unitree_sdk2py/b2/__init__.py to __init__.cpython-310.pyc
byte-compiling /workspace/install/unitree_sdk2py/lib/python3.10/site-packages/unitree_sdk2py/b2/front_video/front_video_client.py to front_video_client.cpython-310.pyc
byte-compiling /workspace/install/unitree_sdk2py/lib/python3.10/site-packages/unitree_sdk2py/b2/front_video/front_video_api.py to front_video_api.cpython-310.pyc
byte-compiling /workspace/install/unitree_sdk2py/lib/python3.10/site-packages/unitree_sdk2py/b2/front_video/__init__.py to __init__.cpython-310.pyc
byte-compiling /workspace/install/unitree_sdk2py/lib/python3.10/site-packages/unitree_sdk2py/rpc/client_base.py to client_base.cpython-310.pyc
byte-compiling /workspace/install/unitree_sdk2py/lib/python3.10/site-packages/unitree_sdk2py/rpc/client_stub.py to client_stub.cpython-310.pyc
byte-compiling /workspace/install/unitree_sdk2py/lib/python3.10/site-packages/unitree_sdk2py/rpc/request_future.py to request_future.cpython-310.pyc
byte-compiling /workspace/install/unitree_sdk2py/lib/python3.10/site-packages/unitree_sdk2py/rpc/server.py to server.cpython-310.pyc
byte-compiling /workspace/install/unitree_sdk2py/lib/python3.10/site-packages/unitree_sdk2py/rpc/lease_server.py to lease_server.cpython-310.pyc
byte-compiling /workspace/install/unitree_sdk2py/lib/python3.10/site-packages/unitree_sdk2py/rpc/internal.py to internal.cpython-310.pyc
byte-compiling /workspace/install/unitree_sdk2py/lib/python3.10/site-packages/unitree_sdk2py/rpc/__init__.py to __init__.cpython-310.pyc
byte-compiling /workspace/install/unitree_sdk2py/lib/python3.10/site-packages/unitree_sdk2py/rpc/server_stub.py to server_stub.cpython-310.pyc
byte-compiling /workspace/install/unitree_sdk2py/lib/python3.10/site-packages/unitree_sdk2py/rpc/server_base.py to server_base.cpython-310.pyc
byte-compiling /workspace/install/unitree_sdk2py/lib/python3.10/site-packages/unitree_sdk2py/rpc/lease_client.py to lease_client.cpython-310.pyc
byte-compiling /workspace/install/unitree_sdk2py/lib/python3.10/site-packages/unitree_sdk2py/rpc/client.py to client.cpython-310.pyc
byte-compiling /workspace/install/unitree_sdk2py/lib/python3.10/site-packages/unitree_sdk2py/idl/builtin_interfaces/__init__.py to __init__.cpython-310.pyc
byte-compiling /workspace/install/unitree_sdk2py/lib/python3.10/site-packages/unitree_sdk2py/idl/builtin_interfaces/msg/dds_/_Time_.py to _Time_.cpython-310.pyc
byte-compiling /workspace/install/unitree_sdk2py/lib/python3.10/site-packages/unitree_sdk2py/idl/builtin_interfaces/msg/dds_/__init__.py to __init__.cpython-310.pyc
byte-compiling /workspace/install/unitree_sdk2py/lib/python3.10/site-packages/unitree_sdk2py/idl/builtin_interfaces/msg/__init__.py to __init__.cpython-310.pyc
byte-compiling /workspace/install/unitree_sdk2py/lib/python3.10/site-packages/unitree_sdk2py/idl/nav_msgs/__init__.py to __init__.cpython-310.pyc
byte-compiling /workspace/install/unitree_sdk2py/lib/python3.10/site-packages/unitree_sdk2py/idl/nav_msgs/msg/dds_/_MapMetaData_.py to _MapMetaData_.cpython-310.pyc
byte-compiling /workspace/install/unitree_sdk2py/lib/python3.10/site-packages/unitree_sdk2py/idl/nav_msgs/msg/dds_/__init__.py to __init__.cpython-310.pyc
byte-compiling /workspace/install/unitree_sdk2py/lib/python3.10/site-packages/unitree_sdk2py/idl/nav_msgs/msg/dds_/_OccupancyGrid_.py to _OccupancyGrid_.cpython-310.pyc
byte-compiling /workspace/install/unitree_sdk2py/lib/python3.10/site-packages/unitree_sdk2py/idl/nav_msgs/msg/dds_/_Odometry_.py to _Odometry_.cpython-310.pyc
byte-compiling /workspace/install/unitree_sdk2py/lib/python3.10/site-packages/unitree_sdk2py/idl/nav_msgs/msg/__init__.py to __init__.cpython-310.pyc
byte-compiling /workspace/install/unitree_sdk2py/lib/python3.10/site-packages/unitree_sdk2py/idl/default.py to default.cpython-310.pyc
byte-compiling /workspace/install/unitree_sdk2py/lib/python3.10/site-packages/unitree_sdk2py/idl/unitree_go/__init__.py to __init__.cpython-310.pyc
byte-compiling /workspace/install/unitree_sdk2py/lib/python3.10/site-packages/unitree_sdk2py/idl/unitree_go/msg/dds_/_BmsCmd_.py to _BmsCmd_.cpython-310.pyc
byte-compiling /workspace/install/unitree_sdk2py/lib/python3.10/site-packages/unitree_sdk2py/idl/unitree_go/msg/dds_/_MotorCmds_.py to _MotorCmds_.cpython-310.pyc
byte-compiling /workspace/install/unitree_sdk2py/lib/python3.10/site-packages/unitree_sdk2py/idl/unitree_go/msg/dds_/_WirelessController_.py to _WirelessController_.cpython-310.pyc
byte-compiling /workspace/install/unitree_sdk2py/lib/python3.10/site-packages/unitree_sdk2py/idl/unitree_go/msg/dds_/_InterfaceConfig_.py to _InterfaceConfig_.cpython-310.pyc
byte-compiling /workspace/install/unitree_sdk2py/lib/python3.10/site-packages/unitree_sdk2py/idl/unitree_go/msg/dds_/_Error_.py to _Error_.cpython-310.pyc
byte-compiling /workspace/install/unitree_sdk2py/lib/python3.10/site-packages/unitree_sdk2py/idl/unitree_go/msg/dds_/_Go2FrontVideoData_.py to _Go2FrontVideoData_.cpython-310.pyc
byte-compiling /workspace/install/unitree_sdk2py/lib/python3.10/site-packages/unitree_sdk2py/idl/unitree_go/msg/dds_/_TimeSpec_.py to _TimeSpec_.cpython-310.pyc
byte-compiling /workspace/install/unitree_sdk2py/lib/python3.10/site-packages/unitree_sdk2py/idl/unitree_go/msg/dds_/_LowState_.py to _LowState_.cpython-310.pyc
byte-compiling /workspace/install/unitree_sdk2py/lib/python3.10/site-packages/unitree_sdk2py/idl/unitree_go/msg/dds_/_AudioData_.py to _AudioData_.cpython-310.pyc
byte-compiling /workspace/install/unitree_sdk2py/lib/python3.10/site-packages/unitree_sdk2py/idl/unitree_go/msg/dds_/_BmsState_.py to _BmsState_.cpython-310.pyc
byte-compiling /workspace/install/unitree_sdk2py/lib/python3.10/site-packages/unitree_sdk2py/idl/unitree_go/msg/dds_/_LowCmd_.py to _LowCmd_.cpython-310.pyc
byte-compiling /workspace/install/unitree_sdk2py/lib/python3.10/site-packages/unitree_sdk2py/idl/unitree_go/msg/dds_/_SportModeState_.py to _SportModeState_.cpython-310.pyc
byte-compiling /workspace/install/unitree_sdk2py/lib/python3.10/site-packages/unitree_sdk2py/idl/unitree_go/msg/dds_/_LidarState_.py to _LidarState_.cpython-310.pyc
byte-compiling /workspace/install/unitree_sdk2py/lib/python3.10/site-packages/unitree_sdk2py/idl/unitree_go/msg/dds_/_MotorState_.py to _MotorState_.cpython-310.pyc
byte-compiling /workspace/install/unitree_sdk2py/lib/python3.10/site-packages/unitree_sdk2py/idl/unitree_go/msg/dds_/_MotorCmd_.py to _MotorCmd_.cpython-310.pyc
byte-compiling /workspace/install/unitree_sdk2py/lib/python3.10/site-packages/unitree_sdk2py/idl/unitree_go/msg/dds_/_UwbSwitch_.py to _UwbSwitch_.cpython-310.pyc
byte-compiling /workspace/install/unitree_sdk2py/lib/python3.10/site-packages/unitree_sdk2py/idl/unitree_go/msg/dds_/__init__.py to __init__.cpython-310.pyc
byte-compiling /workspace/install/unitree_sdk2py/lib/python3.10/site-packages/unitree_sdk2py/idl/unitree_go/msg/dds_/_UwbState_.py to _UwbState_.cpython-310.pyc
byte-compiling /workspace/install/unitree_sdk2py/lib/python3.10/site-packages/unitree_sdk2py/idl/unitree_go/msg/dds_/_Req_.py to _Req_.cpython-310.pyc
byte-compiling /workspace/install/unitree_sdk2py/lib/python3.10/site-packages/unitree_sdk2py/idl/unitree_go/msg/dds_/_HeightMap_.py to _HeightMap_.cpython-310.pyc
byte-compiling /workspace/install/unitree_sdk2py/lib/python3.10/site-packages/unitree_sdk2py/idl/unitree_go/msg/dds_/_Res_.py to _Res_.cpython-310.pyc
byte-compiling /workspace/install/unitree_sdk2py/lib/python3.10/site-packages/unitree_sdk2py/idl/unitree_go/msg/dds_/_IMUState_.py to _IMUState_.cpython-310.pyc
byte-compiling /workspace/install/unitree_sdk2py/lib/python3.10/site-packages/unitree_sdk2py/idl/unitree_go/msg/dds_/_PathPoint_.py to _PathPoint_.cpython-310.pyc
byte-compiling /workspace/install/unitree_sdk2py/lib/python3.10/site-packages/unitree_sdk2py/idl/unitree_go/msg/dds_/_MotorStates_.py to _MotorStates_.cpython-310.pyc
byte-compiling /workspace/install/unitree_sdk2py/lib/python3.10/site-packages/unitree_sdk2py/idl/unitree_go/msg/__init__.py to __init__.cpython-310.pyc
byte-compiling /workspace/install/unitree_sdk2py/lib/python3.10/site-packages/unitree_sdk2py/idl/sensor_msgs/__init__.py to __init__.cpython-310.pyc
byte-compiling /workspace/install/unitree_sdk2py/lib/python3.10/site-packages/unitree_sdk2py/idl/sensor_msgs/msg/dds_/_PointCloud2_.py to _PointCloud2_.cpython-310.pyc
byte-compiling /workspace/install/unitree_sdk2py/lib/python3.10/site-packages/unitree_sdk2py/idl/sensor_msgs/msg/dds_/__init__.py to __init__.cpython-310.pyc
byte-compiling /workspace/install/unitree_sdk2py/lib/python3.10/site-packages/unitree_sdk2py/idl/sensor_msgs/msg/dds_/PointField_Constants/__init__.py to __init__.cpython-310.pyc
byte-compiling /workspace/install/unitree_sdk2py/lib/python3.10/site-packages/unitree_sdk2py/idl/sensor_msgs/msg/dds_/PointField_Constants/_PointField_.py to _PointField_.cpython-310.pyc
byte-compiling /workspace/install/unitree_sdk2py/lib/python3.10/site-packages/unitree_sdk2py/idl/sensor_msgs/msg/dds_/_PointField_.py to _PointField_.cpython-310.pyc
byte-compiling /workspace/install/unitree_sdk2py/lib/python3.10/site-packages/unitree_sdk2py/idl/sensor_msgs/msg/__init__.py to __init__.cpython-310.pyc
byte-compiling /workspace/install/unitree_sdk2py/lib/python3.10/site-packages/unitree_sdk2py/idl/__init__.py to __init__.cpython-310.pyc
byte-compiling /workspace/install/unitree_sdk2py/lib/python3.10/site-packages/unitree_sdk2py/idl/std_msgs/__init__.py to __init__.cpython-310.pyc
byte-compiling /workspace/install/unitree_sdk2py/lib/python3.10/site-packages/unitree_sdk2py/idl/std_msgs/msg/dds_/_String_.py to _String_.cpython-310.pyc
byte-compiling /workspace/install/unitree_sdk2py/lib/python3.10/site-packages/unitree_sdk2py/idl/std_msgs/msg/dds_/__init__.py to __init__.cpython-310.pyc
byte-compiling /workspace/install/unitree_sdk2py/lib/python3.10/site-packages/unitree_sdk2py/idl/std_msgs/msg/dds_/_Header_.py to _Header_.cpython-310.pyc
byte-compiling /workspace/install/unitree_sdk2py/lib/python3.10/site-packages/unitree_sdk2py/idl/std_msgs/msg/__init__.py to __init__.cpython-310.pyc
byte-compiling /workspace/install/unitree_sdk2py/lib/python3.10/site-packages/unitree_sdk2py/idl/unitree_api/__init__.py to __init__.cpython-310.pyc
byte-compiling /workspace/install/unitree_sdk2py/lib/python3.10/site-packages/unitree_sdk2py/idl/unitree_api/msg/dds_/_ResponseStatus_.py to _ResponseStatus_.cpython-310.pyc
byte-compiling /workspace/install/unitree_sdk2py/lib/python3.10/site-packages/unitree_sdk2py/idl/unitree_api/msg/dds_/_RequestPolicy_.py to _RequestPolicy_.cpython-310.pyc
byte-compiling /workspace/install/unitree_sdk2py/lib/python3.10/site-packages/unitree_sdk2py/idl/unitree_api/msg/dds_/_Request_.py to _Request_.cpython-310.pyc
byte-compiling /workspace/install/unitree_sdk2py/lib/python3.10/site-packages/unitree_sdk2py/idl/unitree_api/msg/dds_/_RequestIdentity_.py to _RequestIdentity_.cpython-310.pyc
byte-compiling /workspace/install/unitree_sdk2py/lib/python3.10/site-packages/unitree_sdk2py/idl/unitree_api/msg/dds_/_RequestLease_.py to _RequestLease_.cpython-310.pyc
byte-compiling /workspace/install/unitree_sdk2py/lib/python3.10/site-packages/unitree_sdk2py/idl/unitree_api/msg/dds_/_RequestHeader_.py to _RequestHeader_.cpython-310.pyc
byte-compiling /workspace/install/unitree_sdk2py/lib/python3.10/site-packages/unitree_sdk2py/idl/unitree_api/msg/dds_/__init__.py to __init__.cpython-310.pyc
byte-compiling /workspace/install/unitree_sdk2py/lib/python3.10/site-packages/unitree_sdk2py/idl/unitree_api/msg/dds_/_Response_.py to _Response_.cpython-310.pyc
byte-compiling /workspace/install/unitree_sdk2py/lib/python3.10/site-packages/unitree_sdk2py/idl/unitree_api/msg/dds_/_ResponseHeader_.py to _ResponseHeader_.cpython-310.pyc
byte-compiling /workspace/install/unitree_sdk2py/lib/python3.10/site-packages/unitree_sdk2py/idl/unitree_api/msg/__init__.py to __init__.cpython-310.pyc
byte-compiling /workspace/install/unitree_sdk2py/lib/python3.10/site-packages/unitree_sdk2py/idl/unitree_hg/__init__.py to __init__.cpython-310.pyc
byte-compiling /workspace/install/unitree_sdk2py/lib/python3.10/site-packages/unitree_sdk2py/idl/unitree_hg/msg/dds_/_BmsCmd_.py to _BmsCmd_.cpython-310.pyc
byte-compiling /workspace/install/unitree_sdk2py/lib/python3.10/site-packages/unitree_sdk2py/idl/unitree_hg/msg/dds_/_HandCmd_.py to _HandCmd_.cpython-310.pyc
byte-compiling /workspace/install/unitree_sdk2py/lib/python3.10/site-packages/unitree_sdk2py/idl/unitree_hg/msg/dds_/_LowState_.py to _LowState_.cpython-310.pyc
byte-compiling /workspace/install/unitree_sdk2py/lib/python3.10/site-packages/unitree_sdk2py/idl/unitree_hg/msg/dds_/_PressSensorState_.py to _PressSensorState_.cpython-310.pyc
byte-compiling /workspace/install/unitree_sdk2py/lib/python3.10/site-packages/unitree_sdk2py/idl/unitree_hg/msg/dds_/_BmsState_.py to _BmsState_.cpython-310.pyc
byte-compiling /workspace/install/unitree_sdk2py/lib/python3.10/site-packages/unitree_sdk2py/idl/unitree_hg/msg/dds_/_MainBoardState_.py to _MainBoardState_.cpython-310.pyc
byte-compiling /workspace/install/unitree_sdk2py/lib/python3.10/site-packages/unitree_sdk2py/idl/unitree_hg/msg/dds_/_LowCmd_.py to _LowCmd_.cpython-310.pyc
byte-compiling /workspace/install/unitree_sdk2py/lib/python3.10/site-packages/unitree_sdk2py/idl/unitree_hg/msg/dds_/_HandState_.py to _HandState_.cpython-310.pyc
byte-compiling /workspace/install/unitree_sdk2py/lib/python3.10/site-packages/unitree_sdk2py/idl/unitree_hg/msg/dds_/_MotorState_.py to _MotorState_.cpython-310.pyc
byte-compiling /workspace/install/unitree_sdk2py/lib/python3.10/site-packages/unitree_sdk2py/idl/unitree_hg/msg/dds_/_MotorCmd_.py to _MotorCmd_.cpython-310.pyc
byte-compiling /workspace/install/unitree_sdk2py/lib/python3.10/site-packages/unitree_sdk2py/idl/unitree_hg/msg/dds_/__init__.py to __init__.cpython-310.pyc
byte-compiling /workspace/install/unitree_sdk2py/lib/python3.10/site-packages/unitree_sdk2py/idl/unitree_hg/msg/dds_/_IMUState_.py to _IMUState_.cpython-310.pyc
byte-compiling /workspace/install/unitree_sdk2py/lib/python3.10/site-packages/unitree_sdk2py/idl/unitree_hg/msg/__init__.py to __init__.cpython-310.pyc
byte-compiling /workspace/install/unitree_sdk2py/lib/python3.10/site-packages/unitree_sdk2py/idl/geometry_msgs/__init__.py to __init__.cpython-310.pyc
byte-compiling /workspace/install/unitree_sdk2py/lib/python3.10/site-packages/unitree_sdk2py/idl/geometry_msgs/msg/dds_/_TwistStamped_.py to _TwistStamped_.cpython-310.pyc
byte-compiling /workspace/install/unitree_sdk2py/lib/python3.10/site-packages/unitree_sdk2py/idl/geometry_msgs/msg/dds_/_Pose2D_.py to _Pose2D_.cpython-310.pyc
byte-compiling /workspace/install/unitree_sdk2py/lib/python3.10/site-packages/unitree_sdk2py/idl/geometry_msgs/msg/dds_/_Vector3_.py to _Vector3_.cpython-310.pyc
byte-compiling /workspace/install/unitree_sdk2py/lib/python3.10/site-packages/unitree_sdk2py/idl/geometry_msgs/msg/dds_/_PoseWithCovarianceStamped_.py to _PoseWithCovarianceStamped_.cpython-310.pyc
byte-compiling /workspace/install/unitree_sdk2py/lib/python3.10/site-packages/unitree_sdk2py/idl/geometry_msgs/msg/dds_/_Pose_.py to _Pose_.cpython-310.pyc
byte-compiling /workspace/install/unitree_sdk2py/lib/python3.10/site-packages/unitree_sdk2py/idl/geometry_msgs/msg/dds_/_PointStamped_.py to _PointStamped_.cpython-310.pyc
byte-compiling /workspace/install/unitree_sdk2py/lib/python3.10/site-packages/unitree_sdk2py/idl/geometry_msgs/msg/dds_/_PoseWithCovariance_.py to _PoseWithCovariance_.cpython-310.pyc
byte-compiling /workspace/install/unitree_sdk2py/lib/python3.10/site-packages/unitree_sdk2py/idl/geometry_msgs/msg/dds_/_PoseStamped_.py to _PoseStamped_.cpython-310.pyc
byte-compiling /workspace/install/unitree_sdk2py/lib/python3.10/site-packages/unitree_sdk2py/idl/geometry_msgs/msg/dds_/_Point_.py to _Point_.cpython-310.pyc
byte-compiling /workspace/install/unitree_sdk2py/lib/python3.10/site-packages/unitree_sdk2py/idl/geometry_msgs/msg/dds_/_QuaternionStamped_.py to _QuaternionStamped_.cpython-310.pyc
byte-compiling /workspace/install/unitree_sdk2py/lib/python3.10/site-packages/unitree_sdk2py/idl/geometry_msgs/msg/dds_/__init__.py to __init__.cpython-310.pyc
byte-compiling /workspace/install/unitree_sdk2py/lib/python3.10/site-packages/unitree_sdk2py/idl/geometry_msgs/msg/dds_/_TwistWithCovariance_.py to _TwistWithCovariance_.cpython-310.pyc
byte-compiling /workspace/install/unitree_sdk2py/lib/python3.10/site-packages/unitree_sdk2py/idl/geometry_msgs/msg/dds_/_TwistWithCovarianceStamped_.py to _TwistWithCovarianceStamped_.cpython-310.pyc
byte-compiling /workspace/install/unitree_sdk2py/lib/python3.10/site-packages/unitree_sdk2py/idl/geometry_msgs/msg/dds_/_Point32_.py to _Point32_.cpython-310.pyc
byte-compiling /workspace/install/unitree_sdk2py/lib/python3.10/site-packages/unitree_sdk2py/idl/geometry_msgs/msg/dds_/_Twist_.py to _Twist_.cpython-310.pyc
byte-compiling /workspace/install/unitree_sdk2py/lib/python3.10/site-packages/unitree_sdk2py/idl/geometry_msgs/msg/dds_/_Quaternion_.py to _Quaternion_.cpython-310.pyc
byte-compiling /workspace/install/unitree_sdk2py/lib/python3.10/site-packages/unitree_sdk2py/idl/geometry_msgs/msg/__init__.py to __init__.cpython-310.pyc
byte-compiling /workspace/install/unitree_sdk2py/lib/python3.10/site-packages/unitree_sdk2py/as2/__init__.py to __init__.cpython-310.pyc
running install_egg_info
Copying ../../build/unitree_sdk2py/unitree_sdk2py.egg-info to /workspace/install/unitree_sdk2py/lib/python3.10/site-packages/unitree_sdk2py-1.0.1-py3.10.egg-info
running install_scripts
writing list of installed files to '/workspace/build/unitree_sdk2py/install.log'
