[0.158s] DEBUG:colcon:Command line arguments: ['/usr/bin/colcon', 'build']
[0.159s] DEBUG:colcon:Parsed command line arguments: Namespace(log_base=None, log_level=None, verb_name='build', build_base='build', install_base='install', merge_install=False, symlink_install=False, test_result_base=None, continue_on_error=False, executor='parallel', parallel_workers=8, event_handlers=None, ignore_user_meta=False, metas=['./colcon.meta'], base_paths=['.'], packages_ignore=None, packages_ignore_regex=None, paths=None, packages_up_to=None, packages_up_to_regex=None, packages_above=None, packages_above_and_dependencies=None, packages_above_depth=None, packages_select_by_dep=None, packages_skip_by_dep=None, packages_skip_up_to=None, packages_select_build_failed=False, packages_skip_build_finished=False, packages_select_test_failures=False, packages_skip_test_passed=False, packages_select=None, packages_skip=None, packages_select_regex=None, packages_skip_regex=None, packages_start=None, packages_end=None, allow_overriding=[], cmake_args=None, cmake_target=None, cmake_target_skip_unavailable=False, cmake_clean_cache=False, cmake_clean_first=False, cmake_force_configure=False, ament_cmake_args=None, catkin_cmake_args=None, catkin_skip_building_tests=False, mixin_files=None, mixin=None, verb_parser=<colcon_mixin.mixin.mixin_argument.MixinArgumentDecorator object at 0x7834c8f98f10>, verb_extension=<colcon_core.verb.build.BuildVerb object at 0x7834c90aa530>, main=<bound method BuildVerb.main of <colcon_core.verb.build.BuildVerb object at 0x7834c90aa530>>, mixin_verb=('build',))
[0.417s] Level 1:colcon.colcon_core.package_discovery:discover_packages(colcon_meta) check parameters
[0.417s] Level 1:colcon.colcon_core.package_discovery:discover_packages(recursive) check parameters
[0.417s] Level 1:colcon.colcon_core.package_discovery:discover_packages(ignore) check parameters
[0.417s] Level 1:colcon.colcon_core.package_discovery:discover_packages(path) check parameters
[0.417s] Level 1:colcon.colcon_core.package_discovery:discover_packages(colcon_meta) discover
[0.417s] Level 1:colcon.colcon_core.package_discovery:discover_packages(recursive) discover
[0.417s] INFO:colcon.colcon_core.package_discovery:Crawling recursively for packages in '/home/safal/Desktop/unitreego2nav'
[0.418s] Level 1:colcon.colcon_core.package_identification:_identify(.) by extensions ['ignore', 'ignore_ament_install']
[0.418s] Level 1:colcon.colcon_core.package_identification:_identify(.) by extension 'ignore'
[0.418s] Level 1:colcon.colcon_core.package_identification:_identify(.) by extension 'ignore_ament_install'
[0.418s] Level 1:colcon.colcon_core.package_identification:_identify(.) by extensions ['colcon_pkg']
[0.418s] Level 1:colcon.colcon_core.package_identification:_identify(.) by extension 'colcon_pkg'
[0.418s] Level 1:colcon.colcon_core.package_identification:_identify(.) by extensions ['colcon_meta']
[0.418s] Level 1:colcon.colcon_core.package_identification:_identify(.) by extension 'colcon_meta'
[0.418s] Level 1:colcon.colcon_core.package_identification:_identify(.) by extensions ['ros']
[0.418s] Level 1:colcon.colcon_core.package_identification:_identify(.) by extension 'ros'
[0.441s] Level 1:colcon.colcon_core.package_identification:_identify(.) by extensions ['cmake', 'python']
[0.441s] Level 1:colcon.colcon_core.package_identification:_identify(.) by extension 'cmake'
[0.441s] Level 1:colcon.colcon_core.package_identification:_identify(.) by extension 'python'
[0.441s] Level 1:colcon.colcon_core.package_identification:_identify(.) by extensions ['python_setup_py']
[0.441s] Level 1:colcon.colcon_core.package_identification:_identify(.) by extension 'python_setup_py'
[0.442s] Level 1:colcon.colcon_core.package_identification:_identify(build) by extensions ['ignore', 'ignore_ament_install']
[0.442s] Level 1:colcon.colcon_core.package_identification:_identify(build) by extension 'ignore'
[0.442s] Level 1:colcon.colcon_core.package_identification:_identify(build) ignored
[0.442s] Level 1:colcon.colcon_core.package_identification:_identify(install) by extensions ['ignore', 'ignore_ament_install']
[0.442s] Level 1:colcon.colcon_core.package_identification:_identify(install) by extension 'ignore'
[0.442s] Level 1:colcon.colcon_core.package_identification:_identify(install) ignored
[0.442s] Level 1:colcon.colcon_core.package_identification:_identify(log) by extensions ['ignore', 'ignore_ament_install']
[0.443s] Level 1:colcon.colcon_core.package_identification:_identify(log) by extension 'ignore'
[0.443s] Level 1:colcon.colcon_core.package_identification:_identify(log) ignored
[0.443s] Level 1:colcon.colcon_core.package_identification:_identify(sdk) by extensions ['ignore', 'ignore_ament_install']
[0.443s] Level 1:colcon.colcon_core.package_identification:_identify(sdk) by extension 'ignore'
[0.443s] Level 1:colcon.colcon_core.package_identification:_identify(sdk) ignored
[0.443s] Level 1:colcon.colcon_core.package_identification:_identify(src) by extensions ['ignore', 'ignore_ament_install']
[0.443s] Level 1:colcon.colcon_core.package_identification:_identify(src) by extension 'ignore'
[0.443s] Level 1:colcon.colcon_core.package_identification:_identify(src) by extension 'ignore_ament_install'
[0.443s] Level 1:colcon.colcon_core.package_identification:_identify(src) by extensions ['colcon_pkg']
[0.443s] Level 1:colcon.colcon_core.package_identification:_identify(src) by extension 'colcon_pkg'
[0.443s] Level 1:colcon.colcon_core.package_identification:_identify(src) by extensions ['colcon_meta']
[0.443s] Level 1:colcon.colcon_core.package_identification:_identify(src) by extension 'colcon_meta'
[0.444s] Level 1:colcon.colcon_core.package_identification:_identify(src) by extensions ['ros']
[0.444s] Level 1:colcon.colcon_core.package_identification:_identify(src) by extension 'ros'
[0.444s] Level 1:colcon.colcon_core.package_identification:_identify(src) by extensions ['cmake', 'python']
[0.444s] Level 1:colcon.colcon_core.package_identification:_identify(src) by extension 'cmake'
[0.444s] Level 1:colcon.colcon_core.package_identification:_identify(src) by extension 'python'
[0.444s] Level 1:colcon.colcon_core.package_identification:_identify(src) by extensions ['python_setup_py']
[0.444s] Level 1:colcon.colcon_core.package_identification:_identify(src) by extension 'python_setup_py'
[0.444s] Level 1:colcon.colcon_core.package_identification:_identify(src/go2_nav) by extensions ['ignore', 'ignore_ament_install']
[0.444s] Level 1:colcon.colcon_core.package_identification:_identify(src/go2_nav) by extension 'ignore'
[0.444s] Level 1:colcon.colcon_core.package_identification:_identify(src/go2_nav) by extension 'ignore_ament_install'
[0.444s] Level 1:colcon.colcon_core.package_identification:_identify(src/go2_nav) by extensions ['colcon_pkg']
[0.444s] Level 1:colcon.colcon_core.package_identification:_identify(src/go2_nav) by extension 'colcon_pkg'
[0.445s] Level 1:colcon.colcon_core.package_identification:_identify(src/go2_nav) by extensions ['colcon_meta']
[0.445s] Level 1:colcon.colcon_core.package_identification:_identify(src/go2_nav) by extension 'colcon_meta'
[0.445s] Level 1:colcon.colcon_core.package_identification:_identify(src/go2_nav) by extensions ['ros']
[0.445s] Level 1:colcon.colcon_core.package_identification:_identify(src/go2_nav) by extension 'ros'
[0.448s] DEBUG:colcon.colcon_core.package_identification:Package 'src/go2_nav' with type 'ros.ament_python' and name 'go2_nav'
[0.449s] Level 1:colcon.colcon_core.package_identification:_identify(src/m-explore-ros2) by extensions ['ignore', 'ignore_ament_install']
[0.449s] Level 1:colcon.colcon_core.package_identification:_identify(src/m-explore-ros2) by extension 'ignore'
[0.449s] Level 1:colcon.colcon_core.package_identification:_identify(src/m-explore-ros2) by extension 'ignore_ament_install'
[0.449s] Level 1:colcon.colcon_core.package_identification:_identify(src/m-explore-ros2) by extensions ['colcon_pkg']
[0.449s] Level 1:colcon.colcon_core.package_identification:_identify(src/m-explore-ros2) by extension 'colcon_pkg'
[0.449s] Level 1:colcon.colcon_core.package_identification:_identify(src/m-explore-ros2) by extensions ['colcon_meta']
[0.449s] Level 1:colcon.colcon_core.package_identification:_identify(src/m-explore-ros2) by extension 'colcon_meta'
[0.449s] Level 1:colcon.colcon_core.package_identification:_identify(src/m-explore-ros2) by extensions ['ros']
[0.449s] Level 1:colcon.colcon_core.package_identification:_identify(src/m-explore-ros2) by extension 'ros'
[0.450s] Level 1:colcon.colcon_core.package_identification:_identify(src/m-explore-ros2) by extensions ['cmake', 'python']
[0.450s] Level 1:colcon.colcon_core.package_identification:_identify(src/m-explore-ros2) by extension 'cmake'
[0.450s] Level 1:colcon.colcon_core.package_identification:_identify(src/m-explore-ros2) by extension 'python'
[0.450s] Level 1:colcon.colcon_core.package_identification:_identify(src/m-explore-ros2) by extensions ['python_setup_py']
[0.450s] Level 1:colcon.colcon_core.package_identification:_identify(src/m-explore-ros2) by extension 'python_setup_py'
[0.450s] Level 1:colcon.colcon_core.package_identification:_identify(src/m-explore-ros2/explore) by extensions ['ignore', 'ignore_ament_install']
[0.450s] Level 1:colcon.colcon_core.package_identification:_identify(src/m-explore-ros2/explore) by extension 'ignore'
[0.450s] Level 1:colcon.colcon_core.package_identification:_identify(src/m-explore-ros2/explore) by extension 'ignore_ament_install'
[0.450s] Level 1:colcon.colcon_core.package_identification:_identify(src/m-explore-ros2/explore) by extensions ['colcon_pkg']
[0.450s] Level 1:colcon.colcon_core.package_identification:_identify(src/m-explore-ros2/explore) by extension 'colcon_pkg'
[0.450s] Level 1:colcon.colcon_core.package_identification:_identify(src/m-explore-ros2/explore) by extensions ['colcon_meta']
[0.450s] Level 1:colcon.colcon_core.package_identification:_identify(src/m-explore-ros2/explore) by extension 'colcon_meta'
[0.450s] Level 1:colcon.colcon_core.package_identification:_identify(src/m-explore-ros2/explore) by extensions ['ros']
[0.450s] Level 1:colcon.colcon_core.package_identification:_identify(src/m-explore-ros2/explore) by extension 'ros'
[0.452s] DEBUG:colcon.colcon_core.package_identification:Package 'src/m-explore-ros2/explore' with type 'ros.ament_cmake' and name 'explore_lite'
[0.453s] Level 1:colcon.colcon_core.package_identification:_identify(src/m-explore-ros2/explore_lite_msgs) by extensions ['ignore', 'ignore_ament_install']
[0.453s] Level 1:colcon.colcon_core.package_identification:_identify(src/m-explore-ros2/explore_lite_msgs) by extension 'ignore'
[0.453s] Level 1:colcon.colcon_core.package_identification:_identify(src/m-explore-ros2/explore_lite_msgs) by extension 'ignore_ament_install'
[0.453s] Level 1:colcon.colcon_core.package_identification:_identify(src/m-explore-ros2/explore_lite_msgs) by extensions ['colcon_pkg']
[0.453s] Level 1:colcon.colcon_core.package_identification:_identify(src/m-explore-ros2/explore_lite_msgs) by extension 'colcon_pkg'
[0.453s] Level 1:colcon.colcon_core.package_identification:_identify(src/m-explore-ros2/explore_lite_msgs) by extensions ['colcon_meta']
[0.453s] Level 1:colcon.colcon_core.package_identification:_identify(src/m-explore-ros2/explore_lite_msgs) by extension 'colcon_meta'
[0.453s] Level 1:colcon.colcon_core.package_identification:_identify(src/m-explore-ros2/explore_lite_msgs) by extensions ['ros']
[0.453s] Level 1:colcon.colcon_core.package_identification:_identify(src/m-explore-ros2/explore_lite_msgs) by extension 'ros'
[0.454s] DEBUG:colcon.colcon_core.package_identification:Package 'src/m-explore-ros2/explore_lite_msgs' with type 'ros.ament_cmake' and name 'explore_lite_msgs'
[0.454s] Level 1:colcon.colcon_core.package_identification:_identify(src/m-explore-ros2/map_merge) by extensions ['ignore', 'ignore_ament_install']
[0.455s] Level 1:colcon.colcon_core.package_identification:_identify(src/m-explore-ros2/map_merge) by extension 'ignore'
[0.455s] Level 1:colcon.colcon_core.package_identification:_identify(src/m-explore-ros2/map_merge) by extension 'ignore_ament_install'
[0.455s] Level 1:colcon.colcon_core.package_identification:_identify(src/m-explore-ros2/map_merge) by extensions ['colcon_pkg']
[0.455s] Level 1:colcon.colcon_core.package_identification:_identify(src/m-explore-ros2/map_merge) by extension 'colcon_pkg'
[0.455s] Level 1:colcon.colcon_core.package_identification:_identify(src/m-explore-ros2/map_merge) by extensions ['colcon_meta']
[0.455s] Level 1:colcon.colcon_core.package_identification:_identify(src/m-explore-ros2/map_merge) by extension 'colcon_meta'
[0.455s] Level 1:colcon.colcon_core.package_identification:_identify(src/m-explore-ros2/map_merge) by extensions ['ros']
[0.455s] Level 1:colcon.colcon_core.package_identification:_identify(src/m-explore-ros2/map_merge) by extension 'ros'
[0.457s] DEBUG:colcon.colcon_core.package_identification:Package 'src/m-explore-ros2/map_merge' with type 'ros.ament_cmake' and name 'multirobot_map_merge'
[0.457s] Level 1:colcon.colcon_core.package_discovery:discover_packages(recursive) using defaults
[0.457s] Level 1:colcon.colcon_core.package_discovery:discover_packages(ignore) discover
[0.457s] Level 1:colcon.colcon_core.package_discovery:discover_packages(ignore) using defaults
[0.457s] Level 1:colcon.colcon_core.package_discovery:discover_packages(path) discover
[0.457s] Level 1:colcon.colcon_core.package_discovery:discover_packages(path) using defaults
[0.496s] Level 1:colcon.colcon_core.package_discovery:discover_packages(prefix_path) check parameters
[0.496s] Level 1:colcon.colcon_core.package_discovery:discover_packages(prefix_path) discover
[0.499s] DEBUG:colcon.colcon_installed_package_information.package_discovery:Found 4 installed packages in /home/safal/Desktop/unitreego2nav/install
[0.501s] DEBUG:colcon.colcon_installed_package_information.package_discovery:Found 508 installed packages in /opt/ros/humble
[0.506s] Level 1:colcon.colcon_core.package_discovery:discover_packages(prefix_path) using defaults
[0.580s] Level 5:colcon.colcon_core.verb:set package 'explore_lite_msgs' build argument 'cmake_args' from command line to 'None'
[0.580s] Level 5:colcon.colcon_core.verb:set package 'explore_lite_msgs' build argument 'cmake_target' from command line to 'None'
[0.580s] Level 5:colcon.colcon_core.verb:set package 'explore_lite_msgs' build argument 'cmake_target_skip_unavailable' from command line to 'False'
[0.580s] Level 5:colcon.colcon_core.verb:set package 'explore_lite_msgs' build argument 'cmake_clean_cache' from command line to 'False'
[0.580s] Level 5:colcon.colcon_core.verb:set package 'explore_lite_msgs' build argument 'cmake_clean_first' from command line to 'False'
[0.581s] Level 5:colcon.colcon_core.verb:set package 'explore_lite_msgs' build argument 'cmake_force_configure' from command line to 'False'
[0.581s] Level 5:colcon.colcon_core.verb:set package 'explore_lite_msgs' build argument 'ament_cmake_args' from command line to 'None'
[0.581s] Level 5:colcon.colcon_core.verb:set package 'explore_lite_msgs' build argument 'catkin_cmake_args' from command line to 'None'
[0.581s] Level 5:colcon.colcon_core.verb:set package 'explore_lite_msgs' build argument 'catkin_skip_building_tests' from command line to 'False'
[0.581s] DEBUG:colcon.colcon_core.verb:Building package 'explore_lite_msgs' with the following arguments: {'ament_cmake_args': None, 'build_base': '/home/safal/Desktop/unitreego2nav/build/explore_lite_msgs', 'catkin_cmake_args': None, 'catkin_skip_building_tests': False, 'cmake_args': None, 'cmake_clean_cache': False, 'cmake_clean_first': False, 'cmake_force_configure': False, 'cmake_target': None, 'cmake_target_skip_unavailable': False, 'install_base': '/home/safal/Desktop/unitreego2nav/install/explore_lite_msgs', 'merge_install': False, 'path': '/home/safal/Desktop/unitreego2nav/src/m-explore-ros2/explore_lite_msgs', 'symlink_install': False, 'test_result_base': None}
[0.581s] Level 5:colcon.colcon_core.verb:set package 'go2_nav' build argument 'cmake_args' from command line to 'None'
[0.581s] Level 5:colcon.colcon_core.verb:set package 'go2_nav' build argument 'cmake_target' from command line to 'None'
[0.581s] Level 5:colcon.colcon_core.verb:set package 'go2_nav' build argument 'cmake_target_skip_unavailable' from command line to 'False'
[0.582s] Level 5:colcon.colcon_core.verb:set package 'go2_nav' build argument 'cmake_clean_cache' from command line to 'False'
[0.582s] Level 5:colcon.colcon_core.verb:set package 'go2_nav' build argument 'cmake_clean_first' from command line to 'False'
[0.582s] Level 5:colcon.colcon_core.verb:set package 'go2_nav' build argument 'cmake_force_configure' from command line to 'False'
[0.582s] Level 5:colcon.colcon_core.verb:set package 'go2_nav' build argument 'ament_cmake_args' from command line to 'None'
[0.582s] Level 5:colcon.colcon_core.verb:set package 'go2_nav' build argument 'catkin_cmake_args' from command line to 'None'
[0.582s] Level 5:colcon.colcon_core.verb:set package 'go2_nav' build argument 'catkin_skip_building_tests' from command line to 'False'
[0.582s] DEBUG:colcon.colcon_core.verb:Building package 'go2_nav' with the following arguments: {'ament_cmake_args': None, 'build_base': '/home/safal/Desktop/unitreego2nav/build/go2_nav', 'catkin_cmake_args': None, 'catkin_skip_building_tests': False, 'cmake_args': None, 'cmake_clean_cache': False, 'cmake_clean_first': False, 'cmake_force_configure': False, 'cmake_target': None, 'cmake_target_skip_unavailable': False, 'install_base': '/home/safal/Desktop/unitreego2nav/install/go2_nav', 'merge_install': False, 'path': '/home/safal/Desktop/unitreego2nav/src/go2_nav', 'symlink_install': False, 'test_result_base': None}
[0.582s] Level 5:colcon.colcon_core.verb:set package 'multirobot_map_merge' build argument 'cmake_args' from command line to 'None'
[0.582s] Level 5:colcon.colcon_core.verb:set package 'multirobot_map_merge' build argument 'cmake_target' from command line to 'None'
[0.582s] Level 5:colcon.colcon_core.verb:set package 'multirobot_map_merge' build argument 'cmake_target_skip_unavailable' from command line to 'False'
[0.582s] Level 5:colcon.colcon_core.verb:set package 'multirobot_map_merge' build argument 'cmake_clean_cache' from command line to 'False'
[0.582s] Level 5:colcon.colcon_core.verb:set package 'multirobot_map_merge' build argument 'cmake_clean_first' from command line to 'False'
[0.582s] Level 5:colcon.colcon_core.verb:set package 'multirobot_map_merge' build argument 'cmake_force_configure' from command line to 'False'
[0.582s] Level 5:colcon.colcon_core.verb:set package 'multirobot_map_merge' build argument 'ament_cmake_args' from command line to 'None'
[0.582s] Level 5:colcon.colcon_core.verb:set package 'multirobot_map_merge' build argument 'catkin_cmake_args' from command line to 'None'
[0.583s] Level 5:colcon.colcon_core.verb:set package 'multirobot_map_merge' build argument 'catkin_skip_building_tests' from command line to 'False'
[0.583s] DEBUG:colcon.colcon_core.verb:Building package 'multirobot_map_merge' with the following arguments: {'ament_cmake_args': None, 'build_base': '/home/safal/Desktop/unitreego2nav/build/multirobot_map_merge', 'catkin_cmake_args': None, 'catkin_skip_building_tests': False, 'cmake_args': None, 'cmake_clean_cache': False, 'cmake_clean_first': False, 'cmake_force_configure': False, 'cmake_target': None, 'cmake_target_skip_unavailable': False, 'install_base': '/home/safal/Desktop/unitreego2nav/install/multirobot_map_merge', 'merge_install': False, 'path': '/home/safal/Desktop/unitreego2nav/src/m-explore-ros2/map_merge', 'symlink_install': False, 'test_result_base': None}
[0.583s] Level 5:colcon.colcon_core.verb:set package 'explore_lite' build argument 'cmake_args' from command line to 'None'
[0.583s] Level 5:colcon.colcon_core.verb:set package 'explore_lite' build argument 'cmake_target' from command line to 'None'
[0.583s] Level 5:colcon.colcon_core.verb:set package 'explore_lite' build argument 'cmake_target_skip_unavailable' from command line to 'False'
[0.583s] Level 5:colcon.colcon_core.verb:set package 'explore_lite' build argument 'cmake_clean_cache' from command line to 'False'
[0.583s] Level 5:colcon.colcon_core.verb:set package 'explore_lite' build argument 'cmake_clean_first' from command line to 'False'
[0.583s] Level 5:colcon.colcon_core.verb:set package 'explore_lite' build argument 'cmake_force_configure' from command line to 'False'
[0.583s] Level 5:colcon.colcon_core.verb:set package 'explore_lite' build argument 'ament_cmake_args' from command line to 'None'
[0.583s] Level 5:colcon.colcon_core.verb:set package 'explore_lite' build argument 'catkin_cmake_args' from command line to 'None'
[0.583s] Level 5:colcon.colcon_core.verb:set package 'explore_lite' build argument 'catkin_skip_building_tests' from command line to 'False'
[0.583s] DEBUG:colcon.colcon_core.verb:Building package 'explore_lite' with the following arguments: {'ament_cmake_args': None, 'build_base': '/home/safal/Desktop/unitreego2nav/build/explore_lite', 'catkin_cmake_args': None, 'catkin_skip_building_tests': False, 'cmake_args': None, 'cmake_clean_cache': False, 'cmake_clean_first': False, 'cmake_force_configure': False, 'cmake_target': None, 'cmake_target_skip_unavailable': False, 'install_base': '/home/safal/Desktop/unitreego2nav/install/explore_lite', 'merge_install': False, 'path': '/home/safal/Desktop/unitreego2nav/src/m-explore-ros2/explore', 'symlink_install': False, 'test_result_base': None}
[0.583s] INFO:colcon.colcon_core.executor:Executing jobs using 'parallel' executor
[0.584s] DEBUG:colcon.colcon_parallel_executor.executor.parallel:run_until_complete
[0.585s] INFO:colcon.colcon_ros.task.ament_cmake.build:Building ROS package in '/home/safal/Desktop/unitreego2nav/src/m-explore-ros2/explore_lite_msgs' with build type 'ament_cmake'
[0.585s] INFO:colcon.colcon_cmake.task.cmake.build:Building CMake package in '/home/safal/Desktop/unitreego2nav/src/m-explore-ros2/explore_lite_msgs'
[0.588s] INFO:colcon.colcon_core.plugin_system:Skipping extension 'colcon_core.shell.bat': Not used on non-Windows systems
[0.589s] INFO:colcon.colcon_core.shell:Skip shell extension 'powershell' for command environment: Not usable outside of PowerShell
[0.589s] DEBUG:colcon.colcon_core.shell:Skip shell extension 'dsv' for command environment
[0.595s] INFO:colcon.colcon_ros.task.ament_python.build:Building ROS package in '/home/safal/Desktop/unitreego2nav/src/go2_nav' with build type 'ament_python'
[0.595s] Level 1:colcon.colcon_core.shell:create_environment_hook('go2_nav', 'ament_prefix_path')
[0.595s] INFO:colcon.colcon_core.shell:Creating environment hook '/home/safal/Desktop/unitreego2nav/install/go2_nav/share/go2_nav/hook/ament_prefix_path.ps1'
[0.596s] INFO:colcon.colcon_core.shell:Creating environment descriptor '/home/safal/Desktop/unitreego2nav/install/go2_nav/share/go2_nav/hook/ament_prefix_path.dsv'
[0.597s] INFO:colcon.colcon_core.shell:Creating environment hook '/home/safal/Desktop/unitreego2nav/install/go2_nav/share/go2_nav/hook/ament_prefix_path.sh'
[0.598s] INFO:colcon.colcon_core.shell:Skip shell extension 'powershell' for command environment: Not usable outside of PowerShell
[0.598s] DEBUG:colcon.colcon_core.shell:Skip shell extension 'dsv' for command environment
[0.604s] INFO:colcon.colcon_ros.task.ament_cmake.build:Building ROS package in '/home/safal/Desktop/unitreego2nav/src/m-explore-ros2/map_merge' with build type 'ament_cmake'
[0.604s] INFO:colcon.colcon_cmake.task.cmake.build:Building CMake package in '/home/safal/Desktop/unitreego2nav/src/m-explore-ros2/map_merge'
[0.604s] INFO:colcon.colcon_core.shell:Skip shell extension 'powershell' for command environment: Not usable outside of PowerShell
[0.604s] DEBUG:colcon.colcon_core.shell:Skip shell extension 'dsv' for command environment
[0.617s] DEBUG:colcon.colcon_core.event_handler.log_command:Invoking command in '/home/safal/Desktop/unitreego2nav/build/explore_lite_msgs': CMAKE_PREFIX_PATH=${CMAKE_PREFIX_PATH}:/home/safal/Desktop/unitreego2nav/install/go2_nav:/opt/ros/humble /usr/bin/cmake --build /home/safal/Desktop/unitreego2nav/build/explore_lite_msgs -- -j8 -l8
[1.007s] INFO:colcon.colcon_core.task.python.build:Building Python package in '/home/safal/Desktop/unitreego2nav/src/go2_nav'
[1.007s] INFO:colcon.colcon_core.shell:Skip shell extension 'powershell' for command environment: Not usable outside of PowerShell
[1.008s] DEBUG:colcon.colcon_core.shell:Skip shell extension 'dsv' for command environment
[1.034s] DEBUG:colcon.colcon_core.event_handler.log_command:Invoking command in '/home/safal/Desktop/unitreego2nav/build/multirobot_map_merge': CMAKE_PREFIX_PATH=${CMAKE_PREFIX_PATH}:/home/safal/Desktop/unitreego2nav/install/go2_nav:/opt/ros/humble /usr/bin/cmake --build /home/safal/Desktop/unitreego2nav/build/multirobot_map_merge -- -j8 -l8
[1.114s] DEBUG:colcon.colcon_core.event_handler.log_command:Invoked command in '/home/safal/Desktop/unitreego2nav/build/explore_lite_msgs' returned '0': CMAKE_PREFIX_PATH=${CMAKE_PREFIX_PATH}:/home/safal/Desktop/unitreego2nav/install/go2_nav:/opt/ros/humble /usr/bin/cmake --build /home/safal/Desktop/unitreego2nav/build/explore_lite_msgs -- -j8 -l8
[1.128s] DEBUG:colcon.colcon_core.event_handler.log_command:Invoking command in '/home/safal/Desktop/unitreego2nav/build/explore_lite_msgs': CMAKE_PREFIX_PATH=${CMAKE_PREFIX_PATH}:/home/safal/Desktop/unitreego2nav/install/go2_nav:/opt/ros/humble /usr/bin/cmake --install /home/safal/Desktop/unitreego2nav/build/explore_lite_msgs
[1.157s] DEBUG:colcon.colcon_core.event_handler.log_command:Invoked command in '/home/safal/Desktop/unitreego2nav/build/multirobot_map_merge' returned '0': CMAKE_PREFIX_PATH=${CMAKE_PREFIX_PATH}:/home/safal/Desktop/unitreego2nav/install/go2_nav:/opt/ros/humble /usr/bin/cmake --build /home/safal/Desktop/unitreego2nav/build/multirobot_map_merge -- -j8 -l8
[1.161s] DEBUG:colcon.colcon_core.event_handler.log_command:Invoking command in '/home/safal/Desktop/unitreego2nav/build/multirobot_map_merge': CMAKE_PREFIX_PATH=${CMAKE_PREFIX_PATH}:/home/safal/Desktop/unitreego2nav/install/go2_nav:/opt/ros/humble /usr/bin/cmake --install /home/safal/Desktop/unitreego2nav/build/multirobot_map_merge
[1.169s] Level 1:colcon.colcon_core.environment:create_environment_scripts_only(multirobot_map_merge)
[1.174s] DEBUG:colcon.colcon_core.event_handler.log_command:Invoked command in '/home/safal/Desktop/unitreego2nav/build/multirobot_map_merge' returned '0': CMAKE_PREFIX_PATH=${CMAKE_PREFIX_PATH}:/home/safal/Desktop/unitreego2nav/install/go2_nav:/opt/ros/humble /usr/bin/cmake --install /home/safal/Desktop/unitreego2nav/build/multirobot_map_merge
[1.175s] Level 1:colcon.colcon_core.environment:checking '/home/safal/Desktop/unitreego2nav/install/multirobot_map_merge' for CMake module files
[1.176s] Level 1:colcon.colcon_core.environment:checking '/home/safal/Desktop/unitreego2nav/install/multirobot_map_merge' for CMake config files
[1.176s] Level 1:colcon.colcon_core.shell:create_environment_hook('multirobot_map_merge', 'cmake_prefix_path')
[1.176s] INFO:colcon.colcon_core.shell:Creating environment hook '/home/safal/Desktop/unitreego2nav/install/multirobot_map_merge/share/multirobot_map_merge/hook/cmake_prefix_path.ps1'
[1.177s] INFO:colcon.colcon_core.shell:Creating environment descriptor '/home/safal/Desktop/unitreego2nav/install/multirobot_map_merge/share/multirobot_map_merge/hook/cmake_prefix_path.dsv'
[1.178s] INFO:colcon.colcon_core.shell:Creating environment hook '/home/safal/Desktop/unitreego2nav/install/multirobot_map_merge/share/multirobot_map_merge/hook/cmake_prefix_path.sh'
[1.179s] Level 1:colcon.colcon_core.environment:checking '/home/safal/Desktop/unitreego2nav/install/multirobot_map_merge/lib'
[1.179s] Level 1:colcon.colcon_core.environment:checking '/home/safal/Desktop/unitreego2nav/install/multirobot_map_merge/bin'
[1.179s] Level 1:colcon.colcon_core.environment:checking '/home/safal/Desktop/unitreego2nav/install/multirobot_map_merge/lib/pkgconfig/multirobot_map_merge.pc'
[1.179s] Level 1:colcon.colcon_core.environment:checking '/home/safal/Desktop/unitreego2nav/install/multirobot_map_merge/lib/python3.10/site-packages'
[1.180s] Level 1:colcon.colcon_core.environment:checking '/home/safal/Desktop/unitreego2nav/install/multirobot_map_merge/bin'
[1.180s] INFO:colcon.colcon_core.shell:Creating package script '/home/safal/Desktop/unitreego2nav/install/multirobot_map_merge/share/multirobot_map_merge/package.ps1'
[1.182s] INFO:colcon.colcon_core.shell:Creating package descriptor '/home/safal/Desktop/unitreego2nav/install/multirobot_map_merge/share/multirobot_map_merge/package.dsv'
[1.183s] INFO:colcon.colcon_core.shell:Creating package script '/home/safal/Desktop/unitreego2nav/install/multirobot_map_merge/share/multirobot_map_merge/package.sh'
[1.184s] INFO:colcon.colcon_core.shell:Creating package script '/home/safal/Desktop/unitreego2nav/install/multirobot_map_merge/share/multirobot_map_merge/package.bash'
[1.185s] INFO:colcon.colcon_core.shell:Creating package script '/home/safal/Desktop/unitreego2nav/install/multirobot_map_merge/share/multirobot_map_merge/package.zsh'
[1.186s] Level 1:colcon.colcon_core.environment:create_file_with_runtime_dependencies(/home/safal/Desktop/unitreego2nav/install/multirobot_map_merge/share/colcon-core/packages/multirobot_map_merge)
[1.188s] Level 1:colcon.colcon_core.environment:create_environment_scripts_only(multirobot_map_merge)
[1.188s] Level 1:colcon.colcon_core.environment:checking '/home/safal/Desktop/unitreego2nav/install/multirobot_map_merge' for CMake module files
[1.188s] Level 1:colcon.colcon_core.environment:checking '/home/safal/Desktop/unitreego2nav/install/multirobot_map_merge' for CMake config files
[1.189s] Level 1:colcon.colcon_core.shell:create_environment_hook('multirobot_map_merge', 'cmake_prefix_path')
[1.189s] INFO:colcon.colcon_core.shell:Creating environment hook '/home/safal/Desktop/unitreego2nav/install/multirobot_map_merge/share/multirobot_map_merge/hook/cmake_prefix_path.ps1'
[1.190s] INFO:colcon.colcon_core.shell:Creating environment descriptor '/home/safal/Desktop/unitreego2nav/install/multirobot_map_merge/share/multirobot_map_merge/hook/cmake_prefix_path.dsv'
[1.190s] INFO:colcon.colcon_core.shell:Creating environment hook '/home/safal/Desktop/unitreego2nav/install/multirobot_map_merge/share/multirobot_map_merge/hook/cmake_prefix_path.sh'
[1.191s] Level 1:colcon.colcon_core.environment:checking '/home/safal/Desktop/unitreego2nav/install/multirobot_map_merge/lib'
[1.192s] Level 1:colcon.colcon_core.environment:checking '/home/safal/Desktop/unitreego2nav/install/multirobot_map_merge/bin'
[1.192s] Level 1:colcon.colcon_core.environment:checking '/home/safal/Desktop/unitreego2nav/install/multirobot_map_merge/lib/pkgconfig/multirobot_map_merge.pc'
[1.192s] Level 1:colcon.colcon_core.environment:checking '/home/safal/Desktop/unitreego2nav/install/multirobot_map_merge/lib/python3.10/site-packages'
[1.193s] Level 1:colcon.colcon_core.environment:checking '/home/safal/Desktop/unitreego2nav/install/multirobot_map_merge/bin'
[1.193s] INFO:colcon.colcon_core.shell:Creating package script '/home/safal/Desktop/unitreego2nav/install/multirobot_map_merge/share/multirobot_map_merge/package.ps1'
[1.194s] INFO:colcon.colcon_core.shell:Creating package descriptor '/home/safal/Desktop/unitreego2nav/install/multirobot_map_merge/share/multirobot_map_merge/package.dsv'
[1.194s] INFO:colcon.colcon_core.shell:Creating package script '/home/safal/Desktop/unitreego2nav/install/multirobot_map_merge/share/multirobot_map_merge/package.sh'
[1.195s] INFO:colcon.colcon_core.shell:Creating package script '/home/safal/Desktop/unitreego2nav/install/multirobot_map_merge/share/multirobot_map_merge/package.bash'
[1.196s] INFO:colcon.colcon_core.shell:Creating package script '/home/safal/Desktop/unitreego2nav/install/multirobot_map_merge/share/multirobot_map_merge/package.zsh'
[1.196s] Level 1:colcon.colcon_core.environment:create_file_with_runtime_dependencies(/home/safal/Desktop/unitreego2nav/install/multirobot_map_merge/share/colcon-core/packages/multirobot_map_merge)
[1.205s] Level 1:colcon.colcon_core.environment:create_environment_scripts_only(explore_lite_msgs)
[1.206s] Level 1:colcon.colcon_core.environment:checking '/home/safal/Desktop/unitreego2nav/install/explore_lite_msgs' for CMake module files
[1.208s] DEBUG:colcon.colcon_core.event_handler.log_command:Invoked command in '/home/safal/Desktop/unitreego2nav/build/explore_lite_msgs' returned '0': CMAKE_PREFIX_PATH=${CMAKE_PREFIX_PATH}:/home/safal/Desktop/unitreego2nav/install/go2_nav:/opt/ros/humble /usr/bin/cmake --install /home/safal/Desktop/unitreego2nav/build/explore_lite_msgs
[1.209s] Level 1:colcon.colcon_core.environment:checking '/home/safal/Desktop/unitreego2nav/install/explore_lite_msgs' for CMake config files
[1.209s] Level 1:colcon.colcon_core.shell:create_environment_hook('explore_lite_msgs', 'cmake_prefix_path')
[1.210s] INFO:colcon.colcon_core.shell:Creating environment hook '/home/safal/Desktop/unitreego2nav/install/explore_lite_msgs/share/explore_lite_msgs/hook/cmake_prefix_path.ps1'
[1.210s] INFO:colcon.colcon_core.shell:Creating environment descriptor '/home/safal/Desktop/unitreego2nav/install/explore_lite_msgs/share/explore_lite_msgs/hook/cmake_prefix_path.dsv'
[1.211s] INFO:colcon.colcon_core.shell:Creating environment hook '/home/safal/Desktop/unitreego2nav/install/explore_lite_msgs/share/explore_lite_msgs/hook/cmake_prefix_path.sh'
[1.212s] Level 1:colcon.colcon_core.environment:checking '/home/safal/Desktop/unitreego2nav/install/explore_lite_msgs/lib'
[1.212s] Level 1:colcon.colcon_core.shell:create_environment_hook('explore_lite_msgs', 'ld_library_path_lib')
[1.212s] INFO:colcon.colcon_core.shell:Creating environment hook '/home/safal/Desktop/unitreego2nav/install/explore_lite_msgs/share/explore_lite_msgs/hook/ld_library_path_lib.ps1'
[1.213s] INFO:colcon.colcon_core.shell:Creating environment descriptor '/home/safal/Desktop/unitreego2nav/install/explore_lite_msgs/share/explore_lite_msgs/hook/ld_library_path_lib.dsv'
[1.213s] INFO:colcon.colcon_core.shell:Creating environment hook '/home/safal/Desktop/unitreego2nav/install/explore_lite_msgs/share/explore_lite_msgs/hook/ld_library_path_lib.sh'
[1.214s] Level 1:colcon.colcon_core.environment:checking '/home/safal/Desktop/unitreego2nav/install/explore_lite_msgs/bin'
[1.214s] Level 1:colcon.colcon_core.environment:checking '/home/safal/Desktop/unitreego2nav/install/explore_lite_msgs/lib/pkgconfig/explore_lite_msgs.pc'
[1.215s] Level 1:colcon.colcon_core.environment:checking '/home/safal/Desktop/unitreego2nav/install/explore_lite_msgs/lib/python3.10/site-packages'
[1.215s] Level 1:colcon.colcon_core.environment:checking '/home/safal/Desktop/unitreego2nav/install/explore_lite_msgs/bin'
[1.216s] INFO:colcon.colcon_core.shell:Creating package script '/home/safal/Desktop/unitreego2nav/install/explore_lite_msgs/share/explore_lite_msgs/package.ps1'
[1.217s] INFO:colcon.colcon_core.shell:Creating package descriptor '/home/safal/Desktop/unitreego2nav/install/explore_lite_msgs/share/explore_lite_msgs/package.dsv'
[1.218s] INFO:colcon.colcon_core.shell:Creating package script '/home/safal/Desktop/unitreego2nav/install/explore_lite_msgs/share/explore_lite_msgs/package.sh'
[1.218s] INFO:colcon.colcon_core.shell:Creating package script '/home/safal/Desktop/unitreego2nav/install/explore_lite_msgs/share/explore_lite_msgs/package.bash'
[1.219s] INFO:colcon.colcon_core.shell:Creating package script '/home/safal/Desktop/unitreego2nav/install/explore_lite_msgs/share/explore_lite_msgs/package.zsh'
[1.219s] Level 1:colcon.colcon_core.environment:create_file_with_runtime_dependencies(/home/safal/Desktop/unitreego2nav/install/explore_lite_msgs/share/colcon-core/packages/explore_lite_msgs)
[1.220s] Level 1:colcon.colcon_core.environment:create_environment_scripts_only(explore_lite_msgs)
[1.221s] Level 1:colcon.colcon_core.environment:checking '/home/safal/Desktop/unitreego2nav/install/explore_lite_msgs' for CMake module files
[1.221s] Level 1:colcon.colcon_core.environment:checking '/home/safal/Desktop/unitreego2nav/install/explore_lite_msgs' for CMake config files
[1.222s] Level 1:colcon.colcon_core.shell:create_environment_hook('explore_lite_msgs', 'cmake_prefix_path')
[1.222s] INFO:colcon.colcon_core.shell:Creating environment hook '/home/safal/Desktop/unitreego2nav/install/explore_lite_msgs/share/explore_lite_msgs/hook/cmake_prefix_path.ps1'
[1.223s] INFO:colcon.colcon_core.shell:Creating environment descriptor '/home/safal/Desktop/unitreego2nav/install/explore_lite_msgs/share/explore_lite_msgs/hook/cmake_prefix_path.dsv'
[1.223s] INFO:colcon.colcon_core.shell:Creating environment hook '/home/safal/Desktop/unitreego2nav/install/explore_lite_msgs/share/explore_lite_msgs/hook/cmake_prefix_path.sh'
[1.224s] Level 1:colcon.colcon_core.environment:checking '/home/safal/Desktop/unitreego2nav/install/explore_lite_msgs/lib'
[1.224s] Level 1:colcon.colcon_core.shell:create_environment_hook('explore_lite_msgs', 'ld_library_path_lib')
[1.225s] INFO:colcon.colcon_core.shell:Creating environment hook '/home/safal/Desktop/unitreego2nav/install/explore_lite_msgs/share/explore_lite_msgs/hook/ld_library_path_lib.ps1'
[1.225s] INFO:colcon.colcon_core.shell:Creating environment descriptor '/home/safal/Desktop/unitreego2nav/install/explore_lite_msgs/share/explore_lite_msgs/hook/ld_library_path_lib.dsv'
[1.226s] INFO:colcon.colcon_core.shell:Creating environment hook '/home/safal/Desktop/unitreego2nav/install/explore_lite_msgs/share/explore_lite_msgs/hook/ld_library_path_lib.sh'
[1.226s] Level 1:colcon.colcon_core.environment:checking '/home/safal/Desktop/unitreego2nav/install/explore_lite_msgs/bin'
[1.226s] Level 1:colcon.colcon_core.environment:checking '/home/safal/Desktop/unitreego2nav/install/explore_lite_msgs/lib/pkgconfig/explore_lite_msgs.pc'
[1.227s] Level 1:colcon.colcon_core.environment:checking '/home/safal/Desktop/unitreego2nav/install/explore_lite_msgs/lib/python3.10/site-packages'
[1.227s] Level 1:colcon.colcon_core.environment:checking '/home/safal/Desktop/unitreego2nav/install/explore_lite_msgs/bin'
[1.228s] INFO:colcon.colcon_core.shell:Creating package script '/home/safal/Desktop/unitreego2nav/install/explore_lite_msgs/share/explore_lite_msgs/package.ps1'
[1.229s] INFO:colcon.colcon_core.shell:Creating package descriptor '/home/safal/Desktop/unitreego2nav/install/explore_lite_msgs/share/explore_lite_msgs/package.dsv'
[1.230s] INFO:colcon.colcon_core.shell:Creating package script '/home/safal/Desktop/unitreego2nav/install/explore_lite_msgs/share/explore_lite_msgs/package.sh'
[1.230s] INFO:colcon.colcon_core.shell:Creating package script '/home/safal/Desktop/unitreego2nav/install/explore_lite_msgs/share/explore_lite_msgs/package.bash'
[1.231s] INFO:colcon.colcon_core.shell:Creating package script '/home/safal/Desktop/unitreego2nav/install/explore_lite_msgs/share/explore_lite_msgs/package.zsh'
[1.231s] Level 1:colcon.colcon_core.environment:create_file_with_runtime_dependencies(/home/safal/Desktop/unitreego2nav/install/explore_lite_msgs/share/colcon-core/packages/explore_lite_msgs)
[1.232s] INFO:colcon.colcon_ros.task.ament_cmake.build:Building ROS package in '/home/safal/Desktop/unitreego2nav/src/m-explore-ros2/explore' with build type 'ament_cmake'
[1.232s] INFO:colcon.colcon_cmake.task.cmake.build:Building CMake package in '/home/safal/Desktop/unitreego2nav/src/m-explore-ros2/explore'
[1.233s] INFO:colcon.colcon_core.shell:Skip shell extension 'powershell' for command environment: Not usable outside of PowerShell
[1.233s] DEBUG:colcon.colcon_core.shell:Skip shell extension 'dsv' for command environment
[1.249s] DEBUG:colcon.colcon_core.event_handler.log_command:Invoking command in '/home/safal/Desktop/unitreego2nav/build/explore_lite': CMAKE_PREFIX_PATH=/home/safal/Desktop/unitreego2nav/install/explore_lite_msgs:/home/safal/Desktop/unitreego2nav/install/multirobot_map_merge:/home/safal/Desktop/unitreego2nav/install/explore_lite:/home/safal/Desktop/unitreego2nav/install/go2_nav:/opt/ros/humble LD_LIBRARY_PATH=/home/safal/Desktop/unitreego2nav/install/explore_lite_msgs/lib:/home/safal/Desktop/unitreego2nav/install/multirobot_map_merge/lib:/usr/lib/x86_64-linux-gnu/gazebo-11/plugins:/opt/ros/humble/opt/rviz_ogre_vendor/lib:/opt/ros/humble/lib/x86_64-linux-gnu:/opt/ros/humble/lib /usr/bin/cmake --build /home/safal/Desktop/unitreego2nav/build/explore_lite -- -j8 -l8
[1.315s] DEBUG:colcon.colcon_core.event_handler.log_command:Invoked command in '/home/safal/Desktop/unitreego2nav/build/explore_lite' returned '0': CMAKE_PREFIX_PATH=/home/safal/Desktop/unitreego2nav/install/explore_lite_msgs:/home/safal/Desktop/unitreego2nav/install/multirobot_map_merge:/home/safal/Desktop/unitreego2nav/install/explore_lite:/home/safal/Desktop/unitreego2nav/install/go2_nav:/opt/ros/humble LD_LIBRARY_PATH=/home/safal/Desktop/unitreego2nav/install/explore_lite_msgs/lib:/home/safal/Desktop/unitreego2nav/install/multirobot_map_merge/lib:/usr/lib/x86_64-linux-gnu/gazebo-11/plugins:/opt/ros/humble/opt/rviz_ogre_vendor/lib:/opt/ros/humble/lib/x86_64-linux-gnu:/opt/ros/humble/lib /usr/bin/cmake --build /home/safal/Desktop/unitreego2nav/build/explore_lite -- -j8 -l8
[1.318s] DEBUG:colcon.colcon_core.event_handler.log_command:Invoking command in '/home/safal/Desktop/unitreego2nav/build/explore_lite': CMAKE_PREFIX_PATH=/home/safal/Desktop/unitreego2nav/install/explore_lite_msgs:/home/safal/Desktop/unitreego2nav/install/multirobot_map_merge:/home/safal/Desktop/unitreego2nav/install/explore_lite:/home/safal/Desktop/unitreego2nav/install/go2_nav:/opt/ros/humble LD_LIBRARY_PATH=/home/safal/Desktop/unitreego2nav/install/explore_lite_msgs/lib:/home/safal/Desktop/unitreego2nav/install/multirobot_map_merge/lib:/usr/lib/x86_64-linux-gnu/gazebo-11/plugins:/opt/ros/humble/opt/rviz_ogre_vendor/lib:/opt/ros/humble/lib/x86_64-linux-gnu:/opt/ros/humble/lib /usr/bin/cmake --install /home/safal/Desktop/unitreego2nav/build/explore_lite
[1.327s] Level 1:colcon.colcon_core.environment:create_environment_scripts_only(explore_lite)
[1.328s] Level 1:colcon.colcon_core.environment:checking '/home/safal/Desktop/unitreego2nav/install/explore_lite' for CMake module files
[1.329s] DEBUG:colcon.colcon_core.event_handler.log_command:Invoked command in '/home/safal/Desktop/unitreego2nav/build/explore_lite' returned '0': CMAKE_PREFIX_PATH=/home/safal/Desktop/unitreego2nav/install/explore_lite_msgs:/home/safal/Desktop/unitreego2nav/install/multirobot_map_merge:/home/safal/Desktop/unitreego2nav/install/explore_lite:/home/safal/Desktop/unitreego2nav/install/go2_nav:/opt/ros/humble LD_LIBRARY_PATH=/home/safal/Desktop/unitreego2nav/install/explore_lite_msgs/lib:/home/safal/Desktop/unitreego2nav/install/multirobot_map_merge/lib:/usr/lib/x86_64-linux-gnu/gazebo-11/plugins:/opt/ros/humble/opt/rviz_ogre_vendor/lib:/opt/ros/humble/lib/x86_64-linux-gnu:/opt/ros/humble/lib /usr/bin/cmake --install /home/safal/Desktop/unitreego2nav/build/explore_lite
[1.330s] Level 1:colcon.colcon_core.environment:checking '/home/safal/Desktop/unitreego2nav/install/explore_lite' for CMake config files
[1.330s] Level 1:colcon.colcon_core.shell:create_environment_hook('explore_lite', 'cmake_prefix_path')
[1.331s] INFO:colcon.colcon_core.shell:Creating environment hook '/home/safal/Desktop/unitreego2nav/install/explore_lite/share/explore_lite/hook/cmake_prefix_path.ps1'
[1.332s] INFO:colcon.colcon_core.shell:Creating environment descriptor '/home/safal/Desktop/unitreego2nav/install/explore_lite/share/explore_lite/hook/cmake_prefix_path.dsv'
[1.332s] INFO:colcon.colcon_core.shell:Creating environment hook '/home/safal/Desktop/unitreego2nav/install/explore_lite/share/explore_lite/hook/cmake_prefix_path.sh'
[1.334s] Level 1:colcon.colcon_core.environment:checking '/home/safal/Desktop/unitreego2nav/install/explore_lite/lib'
[1.334s] Level 1:colcon.colcon_core.environment:checking '/home/safal/Desktop/unitreego2nav/install/explore_lite/bin'
[1.334s] Level 1:colcon.colcon_core.environment:checking '/home/safal/Desktop/unitreego2nav/install/explore_lite/lib/pkgconfig/explore_lite.pc'
[1.334s] Level 1:colcon.colcon_core.environment:checking '/home/safal/Desktop/unitreego2nav/install/explore_lite/lib/python3.10/site-packages'
[1.335s] Level 1:colcon.colcon_core.environment:checking '/home/safal/Desktop/unitreego2nav/install/explore_lite/bin'
[1.336s] INFO:colcon.colcon_core.shell:Creating package script '/home/safal/Desktop/unitreego2nav/install/explore_lite/share/explore_lite/package.ps1'
[1.337s] INFO:colcon.colcon_core.shell:Creating package descriptor '/home/safal/Desktop/unitreego2nav/install/explore_lite/share/explore_lite/package.dsv'
[1.338s] INFO:colcon.colcon_core.shell:Creating package script '/home/safal/Desktop/unitreego2nav/install/explore_lite/share/explore_lite/package.sh'
[1.339s] INFO:colcon.colcon_core.shell:Creating package script '/home/safal/Desktop/unitreego2nav/install/explore_lite/share/explore_lite/package.bash'
[1.340s] INFO:colcon.colcon_core.shell:Creating package script '/home/safal/Desktop/unitreego2nav/install/explore_lite/share/explore_lite/package.zsh'
[1.341s] Level 1:colcon.colcon_core.environment:create_file_with_runtime_dependencies(/home/safal/Desktop/unitreego2nav/install/explore_lite/share/colcon-core/packages/explore_lite)
[1.344s] Level 1:colcon.colcon_core.environment:create_environment_scripts_only(explore_lite)
[1.344s] Level 1:colcon.colcon_core.environment:checking '/home/safal/Desktop/unitreego2nav/install/explore_lite' for CMake module files
[1.345s] Level 1:colcon.colcon_core.environment:checking '/home/safal/Desktop/unitreego2nav/install/explore_lite' for CMake config files
[1.346s] Level 1:colcon.colcon_core.shell:create_environment_hook('explore_lite', 'cmake_prefix_path')
[1.346s] INFO:colcon.colcon_core.shell:Creating environment hook '/home/safal/Desktop/unitreego2nav/install/explore_lite/share/explore_lite/hook/cmake_prefix_path.ps1'
[1.347s] INFO:colcon.colcon_core.shell:Creating environment descriptor '/home/safal/Desktop/unitreego2nav/install/explore_lite/share/explore_lite/hook/cmake_prefix_path.dsv'
[1.348s] INFO:colcon.colcon_core.shell:Creating environment hook '/home/safal/Desktop/unitreego2nav/install/explore_lite/share/explore_lite/hook/cmake_prefix_path.sh'
[1.349s] Level 1:colcon.colcon_core.environment:checking '/home/safal/Desktop/unitreego2nav/install/explore_lite/lib'
[1.349s] Level 1:colcon.colcon_core.environment:checking '/home/safal/Desktop/unitreego2nav/install/explore_lite/bin'
[1.349s] Level 1:colcon.colcon_core.environment:checking '/home/safal/Desktop/unitreego2nav/install/explore_lite/lib/pkgconfig/explore_lite.pc'
[1.349s] Level 1:colcon.colcon_core.environment:checking '/home/safal/Desktop/unitreego2nav/install/explore_lite/lib/python3.10/site-packages'
[1.350s] Level 1:colcon.colcon_core.environment:checking '/home/safal/Desktop/unitreego2nav/install/explore_lite/bin'
[1.350s] INFO:colcon.colcon_core.shell:Creating package script '/home/safal/Desktop/unitreego2nav/install/explore_lite/share/explore_lite/package.ps1'
[1.351s] INFO:colcon.colcon_core.shell:Creating package descriptor '/home/safal/Desktop/unitreego2nav/install/explore_lite/share/explore_lite/package.dsv'
[1.352s] INFO:colcon.colcon_core.shell:Creating package script '/home/safal/Desktop/unitreego2nav/install/explore_lite/share/explore_lite/package.sh'
[1.353s] INFO:colcon.colcon_core.shell:Creating package script '/home/safal/Desktop/unitreego2nav/install/explore_lite/share/explore_lite/package.bash'
[1.353s] INFO:colcon.colcon_core.shell:Creating package script '/home/safal/Desktop/unitreego2nav/install/explore_lite/share/explore_lite/package.zsh'
[1.354s] Level 1:colcon.colcon_core.environment:create_file_with_runtime_dependencies(/home/safal/Desktop/unitreego2nav/install/explore_lite/share/colcon-core/packages/explore_lite)
[1.672s] DEBUG:colcon.colcon_core.event_handler.log_command:Invoking command in '/home/safal/Desktop/unitreego2nav/src/go2_nav': PYTHONPATH=/home/safal/Desktop/unitreego2nav/build/go2_nav/prefix_override:/usr/lib/python3/dist-packages/colcon_core/task/python/colcon_distutils_commands:/home/safal/Desktop/unitreego2nav/install/go2_nav/lib/python3.10/site-packages:${PYTHONPATH} /usr/bin/python3 -W ignore:setup.py install is deprecated -W ignore:easy_install command is deprecated setup.py egg_info --egg-base ../../build/go2_nav build --build-base /home/safal/Desktop/unitreego2nav/build/go2_nav/build install --record /home/safal/Desktop/unitreego2nav/build/go2_nav/install.log --single-version-externally-managed install_data
[2.045s] Level 1:colcon.colcon_core.environment:checking '/home/safal/Desktop/unitreego2nav/install/go2_nav' for CMake module files
[2.045s] DEBUG:colcon.colcon_core.event_handler.log_command:Invoked command in '/home/safal/Desktop/unitreego2nav/src/go2_nav' returned '0': PYTHONPATH=/home/safal/Desktop/unitreego2nav/build/go2_nav/prefix_override:/usr/lib/python3/dist-packages/colcon_core/task/python/colcon_distutils_commands:/home/safal/Desktop/unitreego2nav/install/go2_nav/lib/python3.10/site-packages:${PYTHONPATH} /usr/bin/python3 -W ignore:setup.py install is deprecated -W ignore:easy_install command is deprecated setup.py egg_info --egg-base ../../build/go2_nav build --build-base /home/safal/Desktop/unitreego2nav/build/go2_nav/build install --record /home/safal/Desktop/unitreego2nav/build/go2_nav/install.log --single-version-externally-managed install_data
[2.046s] Level 1:colcon.colcon_core.environment:checking '/home/safal/Desktop/unitreego2nav/install/go2_nav' for CMake config files
[2.047s] Level 1:colcon.colcon_core.environment:checking '/home/safal/Desktop/unitreego2nav/install/go2_nav/lib'
[2.047s] Level 1:colcon.colcon_core.environment:checking '/home/safal/Desktop/unitreego2nav/install/go2_nav/bin'
[2.047s] Level 1:colcon.colcon_core.environment:checking '/home/safal/Desktop/unitreego2nav/install/go2_nav/lib/pkgconfig/go2_nav.pc'
[2.047s] Level 1:colcon.colcon_core.environment:checking '/home/safal/Desktop/unitreego2nav/install/go2_nav/lib/python3.10/site-packages'
[2.048s] Level 1:colcon.colcon_core.shell:create_environment_hook('go2_nav', 'pythonpath')
[2.048s] INFO:colcon.colcon_core.shell:Creating environment hook '/home/safal/Desktop/unitreego2nav/install/go2_nav/share/go2_nav/hook/pythonpath.ps1'
[2.049s] INFO:colcon.colcon_core.shell:Creating environment descriptor '/home/safal/Desktop/unitreego2nav/install/go2_nav/share/go2_nav/hook/pythonpath.dsv'
[2.049s] INFO:colcon.colcon_core.shell:Creating environment hook '/home/safal/Desktop/unitreego2nav/install/go2_nav/share/go2_nav/hook/pythonpath.sh'
[2.050s] Level 1:colcon.colcon_core.environment:checking '/home/safal/Desktop/unitreego2nav/install/go2_nav/bin'
[2.050s] Level 1:colcon.colcon_core.environment:create_environment_scripts_only(go2_nav)
[2.051s] INFO:colcon.colcon_core.shell:Creating package script '/home/safal/Desktop/unitreego2nav/install/go2_nav/share/go2_nav/package.ps1'
[2.051s] INFO:colcon.colcon_core.shell:Creating package descriptor '/home/safal/Desktop/unitreego2nav/install/go2_nav/share/go2_nav/package.dsv'
[2.052s] INFO:colcon.colcon_core.shell:Creating package script '/home/safal/Desktop/unitreego2nav/install/go2_nav/share/go2_nav/package.sh'
[2.053s] INFO:colcon.colcon_core.shell:Creating package script '/home/safal/Desktop/unitreego2nav/install/go2_nav/share/go2_nav/package.bash'
[2.053s] INFO:colcon.colcon_core.shell:Creating package script '/home/safal/Desktop/unitreego2nav/install/go2_nav/share/go2_nav/package.zsh'
[2.054s] Level 1:colcon.colcon_core.environment:create_file_with_runtime_dependencies(/home/safal/Desktop/unitreego2nav/install/go2_nav/share/colcon-core/packages/go2_nav)
[2.054s] DEBUG:colcon.colcon_parallel_executor.executor.parallel:closing loop
[2.055s] DEBUG:colcon.colcon_parallel_executor.executor.parallel:loop closed
[2.055s] DEBUG:colcon.colcon_parallel_executor.executor.parallel:run_until_complete finished with '0'
[2.055s] DEBUG:colcon.colcon_core.event_reactor:joining thread
[2.062s] INFO:colcon.colcon_core.plugin_system:Skipping extension 'colcon_notification.desktop_notification.terminal_notifier': Not used on non-Darwin systems
[2.062s] INFO:colcon.colcon_core.plugin_system:Skipping extension 'colcon_notification.desktop_notification.win32': Not used on non-Windows systems
[2.063s] INFO:colcon.colcon_notification.desktop_notification:Sending desktop notification using 'notify2'
[2.076s] DEBUG:colcon.colcon_core.event_reactor:joined thread
[2.077s] INFO:colcon.colcon_core.shell:Creating prefix script '/home/safal/Desktop/unitreego2nav/install/local_setup.ps1'
[2.078s] INFO:colcon.colcon_core.shell:Creating prefix util module '/home/safal/Desktop/unitreego2nav/install/_local_setup_util_ps1.py'
[2.080s] INFO:colcon.colcon_core.shell:Creating prefix chain script '/home/safal/Desktop/unitreego2nav/install/setup.ps1'
[2.085s] INFO:colcon.colcon_core.shell:Creating prefix script '/home/safal/Desktop/unitreego2nav/install/local_setup.sh'
[2.086s] INFO:colcon.colcon_core.shell:Creating prefix util module '/home/safal/Desktop/unitreego2nav/install/_local_setup_util_sh.py'
[2.086s] INFO:colcon.colcon_core.shell:Creating prefix chain script '/home/safal/Desktop/unitreego2nav/install/setup.sh'
[2.089s] INFO:colcon.colcon_core.shell:Creating prefix script '/home/safal/Desktop/unitreego2nav/install/local_setup.bash'
[2.090s] INFO:colcon.colcon_core.shell:Creating prefix chain script '/home/safal/Desktop/unitreego2nav/install/setup.bash'
[2.092s] INFO:colcon.colcon_core.shell:Creating prefix script '/home/safal/Desktop/unitreego2nav/install/local_setup.zsh'
[2.094s] INFO:colcon.colcon_core.shell:Creating prefix chain script '/home/safal/Desktop/unitreego2nav/install/setup.zsh'
