[0.717s] Invoking command in '/home/safal/Desktop/unitreego2nav/src/go2_nav': PYTHONPATH=/home/safal/Desktop/unitreego2nav/build/go2_nav/prefix_override:/usr/lib/python3/dist-packages/colcon_core/task/python/colcon_distutils_commands:/home/safal/Desktop/unitreego2nav/install/go2_nav/lib/python3.10/site-packages:${PYTHONPATH} /usr/bin/python3 -W ignore:setup.py install is deprecated -W ignore:easy_install command is deprecated setup.py egg_info --egg-base ../../build/go2_nav build --build-base /home/safal/Desktop/unitreego2nav/build/go2_nav/build install --record /home/safal/Desktop/unitreego2nav/build/go2_nav/install.log --single-version-externally-managed install_data
[0.987s] running egg_info
[0.988s] writing ../../build/go2_nav/go2_nav.egg-info/PKG-INFO
[0.989s] writing dependency_links to ../../build/go2_nav/go2_nav.egg-info/dependency_links.txt
[0.989s] writing entry points to ../../build/go2_nav/go2_nav.egg-info/entry_points.txt
[0.989s] writing requirements to ../../build/go2_nav/go2_nav.egg-info/requires.txt
[0.989s] writing top-level names to ../../build/go2_nav/go2_nav.egg-info/top_level.txt
[0.991s] reading manifest file '../../build/go2_nav/go2_nav.egg-info/SOURCES.txt'
[0.992s] writing manifest file '../../build/go2_nav/go2_nav.egg-info/SOURCES.txt'
[0.993s] running build
[0.993s] running build_py
[0.993s] copying go2_nav/moveapinode.py -> /home/safal/Desktop/unitreego2nav/build/go2_nav/build/lib/go2_nav
[0.993s] running install
[0.994s] running install_lib
[0.995s] copying /home/safal/Desktop/unitreego2nav/build/go2_nav/build/lib/go2_nav/moveapinode.py -> /home/safal/Desktop/unitreego2nav/install/go2_nav/lib/python3.10/site-packages/go2_nav
[0.995s] byte-compiling /home/safal/Desktop/unitreego2nav/install/go2_nav/lib/python3.10/site-packages/go2_nav/moveapinode.py to moveapinode.cpython-310.pyc
[0.996s] running install_data
[0.997s] running install_egg_info
[0.999s] removing '/home/safal/Desktop/unitreego2nav/install/go2_nav/lib/python3.10/site-packages/go2_nav-0.0.0-py3.10.egg-info' (and everything under it)
[0.999s] Copying ../../build/go2_nav/go2_nav.egg-info to /home/safal/Desktop/unitreego2nav/install/go2_nav/lib/python3.10/site-packages/go2_nav-0.0.0-py3.10.egg-info
[1.000s] running install_scripts
[1.023s] Installing go2_sport_bridge script to /home/safal/Desktop/unitreego2nav/install/go2_nav/lib/go2_nav
[1.023s] Installing odom_broadcast script to /home/safal/Desktop/unitreego2nav/install/go2_nav/lib/go2_nav
[1.023s] writing list of installed files to '/home/safal/Desktop/unitreego2nav/build/go2_nav/install.log'
[1.054s] Invoked command in '/home/safal/Desktop/unitreego2nav/src/go2_nav' returned '0': PYTHONPATH=/home/safal/Desktop/unitreego2nav/build/go2_nav/prefix_override:/usr/lib/python3/dist-packages/colcon_core/task/python/colcon_distutils_commands:/home/safal/Desktop/unitreego2nav/install/go2_nav/lib/python3.10/site-packages:${PYTHONPATH} /usr/bin/python3 -W ignore:setup.py install is deprecated -W ignore:easy_install command is deprecated setup.py egg_info --egg-base ../../build/go2_nav build --build-base /home/safal/Desktop/unitreego2nav/build/go2_nav/build install --record /home/safal/Desktop/unitreego2nav/build/go2_nav/install.log --single-version-externally-managed install_data
