[0.901s] Invoking command in '/home/safal/Desktop/unitreego2nav/src/go2_nav': PYTHONPATH=/home/safal/Desktop/unitreego2nav/build/go2_nav/prefix_override:/usr/lib/python3/dist-packages/colcon_core/task/python/colcon_distutils_commands:/home/safal/Desktop/unitreego2nav/install/go2_nav/lib/python3.10/site-packages:${PYTHONPATH} /usr/bin/python3 -W ignore:setup.py install is deprecated -W ignore:easy_install command is deprecated setup.py egg_info --egg-base ../../build/go2_nav build --build-base /home/safal/Desktop/unitreego2nav/build/go2_nav/build install --record /home/safal/Desktop/unitreego2nav/build/go2_nav/install.log --single-version-externally-managed install_data
[1.160s] running egg_info
[1.161s] writing ../../build/go2_nav/go2_nav.egg-info/PKG-INFO
[1.161s] writing dependency_links to ../../build/go2_nav/go2_nav.egg-info/dependency_links.txt
[1.161s] writing entry points to ../../build/go2_nav/go2_nav.egg-info/entry_points.txt
[1.161s] writing requirements to ../../build/go2_nav/go2_nav.egg-info/requires.txt
[1.162s] writing top-level names to ../../build/go2_nav/go2_nav.egg-info/top_level.txt
[1.164s] reading manifest file '../../build/go2_nav/go2_nav.egg-info/SOURCES.txt'
[1.165s] writing manifest file '../../build/go2_nav/go2_nav.egg-info/SOURCES.txt'
[1.165s] running build
[1.165s] running build_py
[1.165s] copying go2_nav/moveapinode.py -> /home/safal/Desktop/unitreego2nav/build/go2_nav/build/lib/go2_nav
[1.166s] running install
[1.166s] running install_lib
[1.167s] copying /home/safal/Desktop/unitreego2nav/build/go2_nav/build/lib/go2_nav/moveapinode.py -> /home/safal/Desktop/unitreego2nav/install/go2_nav/lib/python3.10/site-packages/go2_nav
[1.168s] byte-compiling /home/safal/Desktop/unitreego2nav/install/go2_nav/lib/python3.10/site-packages/go2_nav/moveapinode.py to moveapinode.cpython-310.pyc
[1.169s] running install_data
[1.169s] running install_egg_info
[1.171s] removing '/home/safal/Desktop/unitreego2nav/install/go2_nav/lib/python3.10/site-packages/go2_nav-0.0.0-py3.10.egg-info' (and everything under it)
[1.172s] Copying ../../build/go2_nav/go2_nav.egg-info to /home/safal/Desktop/unitreego2nav/install/go2_nav/lib/python3.10/site-packages/go2_nav-0.0.0-py3.10.egg-info
[1.173s] running install_scripts
[1.193s] Installing go2_sport_bridge script to /home/safal/Desktop/unitreego2nav/install/go2_nav/lib/go2_nav
[1.194s] Installing odom_broadcast script to /home/safal/Desktop/unitreego2nav/install/go2_nav/lib/go2_nav
[1.194s] Installing restamp_node script to /home/safal/Desktop/unitreego2nav/install/go2_nav/lib/go2_nav
[1.194s] writing list of installed files to '/home/safal/Desktop/unitreego2nav/build/go2_nav/install.log'
[1.214s] Invoked command in '/home/safal/Desktop/unitreego2nav/src/go2_nav' returned '0': PYTHONPATH=/home/safal/Desktop/unitreego2nav/build/go2_nav/prefix_override:/usr/lib/python3/dist-packages/colcon_core/task/python/colcon_distutils_commands:/home/safal/Desktop/unitreego2nav/install/go2_nav/lib/python3.10/site-packages:${PYTHONPATH} /usr/bin/python3 -W ignore:setup.py install is deprecated -W ignore:easy_install command is deprecated setup.py egg_info --egg-base ../../build/go2_nav build --build-base /home/safal/Desktop/unitreego2nav/build/go2_nav/build install --record /home/safal/Desktop/unitreego2nav/build/go2_nav/install.log --single-version-externally-managed install_data
