running egg_info
creating ../../build/go2_nav/go2_nav.egg-info
writing ../../build/go2_nav/go2_nav.egg-info/PKG-INFO
writing dependency_links to ../../build/go2_nav/go2_nav.egg-info/dependency_links.txt
writing entry points to ../../build/go2_nav/go2_nav.egg-info/entry_points.txt
writing requirements to ../../build/go2_nav/go2_nav.egg-info/requires.txt
writing top-level names to ../../build/go2_nav/go2_nav.egg-info/top_level.txt
writing manifest file '../../build/go2_nav/go2_nav.egg-info/SOURCES.txt'
reading manifest file '../../build/go2_nav/go2_nav.egg-info/SOURCES.txt'
writing manifest file '../../build/go2_nav/go2_nav.egg-info/SOURCES.txt'
running build
running build_py
creating /home/safal/Desktop/unitreego2nav/build/go2_nav/build
creating /home/safal/Desktop/unitreego2nav/build/go2_nav/build/lib
creating /home/safal/Desktop/unitreego2nav/build/go2_nav/build/lib/go2_nav
copying go2_nav/moveapicall.py -> /home/safal/Desktop/unitreego2nav/build/go2_nav/build/lib/go2_nav
copying go2_nav/odomBroadcast.py -> /home/safal/Desktop/unitreego2nav/build/go2_nav/build/lib/go2_nav
copying go2_nav/__init__.py -> /home/safal/Desktop/unitreego2nav/build/go2_nav/build/lib/go2_nav
copying go2_nav/moveapinode.py -> /home/safal/Desktop/unitreego2nav/build/go2_nav/build/lib/go2_nav
running install
running install_lib
creating /home/safal/Desktop/unitreego2nav/install/go2_nav/lib/python3.10/site-packages/go2_nav
copying /home/safal/Desktop/unitreego2nav/build/go2_nav/build/lib/go2_nav/moveapicall.py -> /home/safal/Desktop/unitreego2nav/install/go2_nav/lib/python3.10/site-packages/go2_nav
copying /home/safal/Desktop/unitreego2nav/build/go2_nav/build/lib/go2_nav/odomBroadcast.py -> /home/safal/Desktop/unitreego2nav/install/go2_nav/lib/python3.10/site-packages/go2_nav
copying /home/safal/Desktop/unitreego2nav/build/go2_nav/build/lib/go2_nav/__init__.py -> /home/safal/Desktop/unitreego2nav/install/go2_nav/lib/python3.10/site-packages/go2_nav
copying /home/safal/Desktop/unitreego2nav/build/go2_nav/build/lib/go2_nav/moveapinode.py -> /home/safal/Desktop/unitreego2nav/install/go2_nav/lib/python3.10/site-packages/go2_nav
byte-compiling /home/safal/Desktop/unitreego2nav/install/go2_nav/lib/python3.10/site-packages/go2_nav/moveapicall.py to moveapicall.cpython-310.pyc
byte-compiling /home/safal/Desktop/unitreego2nav/install/go2_nav/lib/python3.10/site-packages/go2_nav/odomBroadcast.py to odomBroadcast.cpython-310.pyc
byte-compiling /home/safal/Desktop/unitreego2nav/install/go2_nav/lib/python3.10/site-packages/go2_nav/__init__.py to __init__.cpython-310.pyc
byte-compiling /home/safal/Desktop/unitreego2nav/install/go2_nav/lib/python3.10/site-packages/go2_nav/moveapinode.py to moveapinode.cpython-310.pyc
running install_data
creating /home/safal/Desktop/unitreego2nav/install/go2_nav/share/ament_index
creating /home/safal/Desktop/unitreego2nav/install/go2_nav/share/ament_index/resource_index
creating /home/safal/Desktop/unitreego2nav/install/go2_nav/share/ament_index/resource_index/packages
copying resource/go2_nav -> /home/safal/Desktop/unitreego2nav/install/go2_nav/share/ament_index/resource_index/packages
copying package.xml -> /home/safal/Desktop/unitreego2nav/install/go2_nav/share/go2_nav
creating /home/safal/Desktop/unitreego2nav/install/go2_nav/share/go2_nav/launch
copying launch/slam_explore_sim.launch.py -> /home/safal/Desktop/unitreego2nav/install/go2_nav/share/go2_nav/launch
copying launch/explore_slam_sim.launch.py -> /home/safal/Desktop/unitreego2nav/install/go2_nav/share/go2_nav/launch
copying launch/navigatio.launch.py -> /home/safal/Desktop/unitreego2nav/install/go2_nav/share/go2_nav/launch
creating /home/safal/Desktop/unitreego2nav/install/go2_nav/share/go2_nav/config
copying config/nav2_slam_params.yaml -> /home/safal/Desktop/unitreego2nav/install/go2_nav/share/go2_nav/config
copying config/nav2_params.yaml -> /home/safal/Desktop/unitreego2nav/install/go2_nav/share/go2_nav/config
copying config/explore_lite_params.yaml -> /home/safal/Desktop/unitreego2nav/install/go2_nav/share/go2_nav/config
creating /home/safal/Desktop/unitreego2nav/install/go2_nav/share/go2_nav/maps
copying maps/rtabmap.db -> /home/safal/Desktop/unitreego2nav/install/go2_nav/share/go2_nav/maps
copying maps/rtabmap.pgm -> /home/safal/Desktop/unitreego2nav/install/go2_nav/share/go2_nav/maps
copying maps/rtabmap.yaml -> /home/safal/Desktop/unitreego2nav/install/go2_nav/share/go2_nav/maps
running install_egg_info
Copying ../../build/go2_nav/go2_nav.egg-info to /home/safal/Desktop/unitreego2nav/install/go2_nav/lib/python3.10/site-packages/go2_nav-0.0.0-py3.10.egg-info
running install_scripts
Installing go2_sport_bridge script to /home/safal/Desktop/unitreego2nav/install/go2_nav/lib/go2_nav
Installing odom_broadcast script to /home/safal/Desktop/unitreego2nav/install/go2_nav/lib/go2_nav
writing list of installed files to '/home/safal/Desktop/unitreego2nav/build/go2_nav/install.log'
