[0mCMake Deprecation Warning at CMakeLists.txt:1 (cmake_minimum_required):
  Compatibility with CMake < 3.10 will be removed from a future version of
  CMake.

  Update the VERSION argument <min> value.  Or, use the <min>...<max> syntax
  to tell CMake that the project requires at least <min> but has been updated
  to work with policies introduced by <max> or earlier.

[0m
[33mCMake Warning (dev) at CMakeLists.txt:29 (find_package):
  Policy CMP0167 is not set: The FindBoost module is removed.  Run "cmake
  --help-policy CMP0167" for policy details.  Use the cmake_policy command to
  set the policy and suppress this warning.

This warning is for project developers.  Use -Wno-dev to suppress it.
[0m
--2026-07-01 18:05:53--  https://raw.githubusercontent.com/hrnr/m-explore-extra/master/map_merge/hector_maps/map00.pgm
Resolving raw.githubusercontent.com (raw.githubusercontent.com)... 2606:50c0:8003::154, 2606:50c0:8001::154, 2606:50c0:8002::154, ...
Connecting to raw.githubusercontent.com (raw.githubusercontent.com)|2606:50c0:8003::154|:443... connected.
HTTP request sent, awaiting response... 200 OK
Length: 4194362 (4.0M) [application/octet-stream]
Saving to: ‘/home/safal/Desktop/unitreego2nav/build/multirobot_map_merge/map00.pgm’

     0K .......... .......... .......... .......... ..........  1% 1.46M 3s
    50K .......... .......... .......... .......... ..........  2% 1.72M 2s
   100K .......... .......... .......... .......... ..........  3% 8.09M 2s
   150K .......... .......... .......... .......... ..........  4% 3.11M 2s
   200K .......... .......... .......... .......... ..........  6% 6.54M 1s
   250K .......... .......... .......... .......... ..........  7% 12.5M 1s
   300K .......... .......... .......... .......... ..........  8% 15.1M 1s
   350K .......... .......... .......... .......... ..........  9% 12.7M 1s
   400K .......... .......... .......... .......... .......... 10% 3.67M 1s
   450K .......... .......... .......... .......... .......... 12% 21.8M 1s
   500K .......... .......... .......... .......... .......... 13% 13.2M 1s
   550K .......... .......... .......... .......... .......... 14% 62.4M 1s
   600K .......... .......... .......... .......... .......... 15% 18.6M 1s
   650K .......... .......... .......... .......... .......... 17% 21.5M 1s
   700K .......... .......... .......... .......... .......... 18% 21.2M 1s
   750K .......... .......... .......... .......... .......... 19% 39.5M 1s
   800K .......... .......... .......... .......... .......... 20% 8.16M 1s
   850K .......... .......... .......... .......... .......... 21% 69.1M 0s
   900K .......... .......... .......... .......... .......... 23% 7.82M 0s
   950K .......... .......... .......... .......... .......... 24% 17.7M 0s
  1000K .......... .......... .......... .......... .......... 25% 25.2M 0s
  1050K .......... .......... .......... .......... .......... 26% 20.6M 0s
  1100K .......... .......... .......... .......... .......... 28% 58.1M 0s
  1150K .......... .......... .......... .......... .......... 29% 37.8M 0s
  1200K .......... .......... .......... .......... .......... 30% 33.6M 0s
  1250K .......... .......... .......... .......... .......... 31% 37.7M 0s
  1300K .......... .......... .......... .......... .......... 32% 34.4M 0s
  1350K .......... .......... .......... .......... .......... 34% 19.2M 0s
  1400K .......... .......... .......... .......... .......... 35% 53.8M 0s
  1450K .......... .......... .......... .......... .......... 36% 49.9M 0s
  1500K .......... .......... .......... .......... .......... 37% 34.2M 0s
  1550K .......... .......... .......... .......... .......... 39% 25.4M 0s
  1600K .......... .......... .......... .......... .......... 40% 41.7M 0s
  1650K .......... .......... .......... .......... .......... 41% 31.9M 0s
  1700K .......... .......... .......... .......... .......... 42% 43.1M 0s
  1750K .......... .......... .......... .......... .......... 43% 34.3M 0s
  1800K .......... .......... .......... .......... .......... 45% 28.3M 0s
  1850K .......... .......... .......... .......... .......... 46% 31.1M 0s
  1900K .......... .......... .......... .......... .......... 47% 12.6M 0s
  1950K .......... .......... .......... .......... .......... 48% 84.0M 0s
  2000K .......... .......... .......... .......... .......... 50% 66.1M 0s
  2050K .......... .......... .......... .......... .......... 51% 73.2M 0s
  2100K .......... .......... .......... .......... .......... 52% 38.1M 0s
  2150K .......... .......... .......... .......... .......... 53% 42.9M 0s
  2200K .......... .......... .......... .......... .......... 54% 2.31M 0s
  2250K .......... .......... .......... .......... .......... 56% 73.3M 0s
  2300K .......... .......... .......... .......... .......... 57% 34.1M 0s
  2350K .......... .......... .......... .......... .......... 58% 24.2M 0s
  2400K .......... .......... .......... .......... .......... 59% 53.7M 0s
  2450K .......... .......... .......... .......... .......... 61% 38.8M 0s
  2500K .......... .......... .......... .......... .......... 62% 38.0M 0s
  2550K .......... .......... .......... .......... .......... 63% 34.1M 0s
  2600K .......... .......... .......... .......... .......... 64% 28.4M 0s
  2650K .......... .......... .......... .......... .......... 65% 20.1M 0s
  2700K .......... .......... .......... .......... .......... 67% 70.2M 0s
  2750K .......... .......... .......... .......... .......... 68% 17.6M 0s
  2800K .......... .......... .......... .......... .......... 69% 66.1M 0s
  2850K .......... .......... .......... .......... .......... 70% 69.5M 0s
  2900K .......... .......... .......... .......... .......... 72% 49.6M 0s
  2950K .......... .......... .......... .......... .......... 73% 37.9M 0s
  3000K .......... .......... .......... .......... .......... 74% 23.0M 0s
  3050K .......... .......... .......... .......... .......... 75% 20.4M 0s
  3100K .......... .......... .......... .......... .......... 76% 70.9M 0s
  3150K .......... .......... .......... .......... .......... 78% 35.7M 0s
  3200K .......... .......... .......... .......... .......... 79% 41.4M 0s
  3250K .......... .......... .......... .......... .......... 80% 38.3M 0s
  3300K .......... .......... .......... .......... .......... 81% 34.1M 0s
  3350K .......... .......... .......... .......... .......... 83% 36.9M 0s
  3400K .......... .......... .......... .......... .......... 84% 14.8M 0s
  3450K .......... .......... .......... .......... .......... 85%  115M 0s
  3500K .......... .......... .......... .......... .......... 86% 52.9M 0s
  3550K .......... .......... .......... .......... .......... 87% 38.5M 0s
  3600K .......... .......... .......... .......... .......... 89% 32.6M 0s
  3650K .......... .......... .......... .......... .......... 90% 38.1M 0s
  3700K .......... .......... .......... .......... .......... 91% 27.9M 0s
  3750K .......... .......... .......... .......... .......... 92% 44.8M 0s
  3800K .......... .......... .......... .......... .......... 93% 21.3M 0s
  3850K .......... .......... .......... .......... .......... 95% 38.4M 0s
  3900K .......... .......... .......... .......... .......... 96% 38.2M 0s
  3950K .......... .......... .......... .......... .......... 97% 15.6M 0s
  4000K .......... .......... .......... .......... .......... 98% 65.5M 0s
  4050K .......... .......... .......... .......... ......    100% 71.2M=0.3s

2026-07-01 18:05:58 (15.7 MB/s) - ‘/home/safal/Desktop/unitreego2nav/build/multirobot_map_merge/map00.pgm’ saved [4194362/4194362]

--2026-07-01 18:05:58--  https://raw.githubusercontent.com/hrnr/m-explore-extra/master/map_merge/hector_maps/map05.pgm
Resolving raw.githubusercontent.com (raw.githubusercontent.com)... 2606:50c0:8002::154, 2606:50c0:8003::154, 2606:50c0:8000::154, ...
Connecting to raw.githubusercontent.com (raw.githubusercontent.com)|2606:50c0:8002::154|:443... connected.
HTTP request sent, awaiting response... 200 OK
Length: 4194362 (4.0M) [application/octet-stream]
Saving to: ‘/home/safal/Desktop/unitreego2nav/build/multirobot_map_merge/map05.pgm’

     0K .......... .......... .......... .......... ..........  1% 1.79M 2s
    50K .......... .......... .......... .......... ..........  2% 2.18M 2s
   100K .......... .......... .......... .......... ..........  3% 6.52M 2s
   150K .......... .......... .......... .......... ..........  4% 9.44M 1s
   200K .......... .......... .......... .......... ..........  6% 5.98M 1s
   250K .......... .......... .......... .......... ..........  7% 19.0M 1s
   300K .......... .......... .......... .......... ..........  8% 10.1M 1s
   350K .......... .......... .......... .......... ..........  9% 21.6M 1s
   400K .......... .......... .......... .......... .......... 10% 23.7M 1s
   450K .......... .......... .......... .......... .......... 12% 11.1M 1s
   500K .......... .......... .......... .......... .......... 13% 9.14M 1s
   550K .......... .......... .......... .......... .......... 14% 40.3M 1s
   600K .......... .......... .......... .......... .......... 15% 42.8M 0s
   650K .......... .......... .......... .......... .......... 17% 30.7M 0s
   700K .......... .......... .......... .......... .......... 18% 29.4M 0s
   750K .......... .......... .......... .......... .......... 19% 22.8M 0s
   800K .......... .......... .......... .......... .......... 20% 41.0M 0s
   850K .......... .......... .......... .......... .......... 21% 19.8M 0s
   900K .......... .......... .......... .......... .......... 23% 59.0M 0s
   950K .......... .......... .......... .......... .......... 24% 27.3M 0s
  1000K .......... .......... .......... .......... .......... 25% 26.1M 0s
  1050K .......... .......... .......... .......... .......... 26% 36.0M 0s
  1100K .......... .......... .......... .......... .......... 28% 8.31M 0s
  1150K .......... .......... .......... .......... .......... 29% 18.9M 0s
  1200K .......... .......... .......... .......... .......... 30% 40.5M 0s
  1250K .......... .......... .......... .......... .......... 31% 40.6M 0s
  1300K .......... .......... .......... .......... .......... 32% 48.6M 0s
  1350K .......... .......... .......... .......... .......... 34% 36.0M 0s
  1400K .......... .......... .......... .......... .......... 35% 31.5M 0s
  1450K .......... .......... .......... .......... .......... 36% 40.7M 0s
  1500K .......... .......... .......... .......... .......... 37% 26.5M 0s
  1550K .......... .......... .......... .......... .......... 39% 33.8M 0s
  1600K .......... .......... .......... .......... .......... 40% 25.8M 0s
  1650K .......... .......... .......... .......... .......... 41% 37.4M 0s
  1700K .......... .......... .......... .......... .......... 42% 61.3M 0s
  1750K .......... .......... .......... .......... .......... 43% 29.4M 0s
  1800K .......... .......... .......... .......... .......... 45% 23.5M 0s
  1850K .......... .......... .......... .......... .......... 46% 37.0M 0s
  1900K .......... .......... .......... .......... .......... 47% 46.6M 0s
  1950K .......... .......... .......... .......... .......... 48% 39.7M 0s
  2000K .......... .......... .......... .......... .......... 50% 41.6M 0s
  2050K .......... .......... .......... .......... .......... 51% 24.2M 0s
  2100K .......... .......... .......... .......... .......... 52% 18.0M 0s
  2150K .......... .......... .......... .......... .......... 53% 26.1M 0s
  2200K .......... .......... .......... .......... .......... 54% 17.2M 0s
  2250K .......... .......... .......... .......... .......... 56% 23.9M 0s
  2300K .......... .......... .......... .......... .......... 57% 39.5M 0s
  2350K .......... .......... .......... .......... .......... 58% 41.8M 0s
  2400K .......... .......... .......... .......... .......... 59% 43.0M 0s
  2450K .......... .......... .......... .......... .......... 61%  166M 0s
  2500K .......... .......... .......... .......... .......... 62% 31.5M 0s
  2550K .......... .......... .......... .......... .......... 63% 40.9M 0s
  2600K .......... .......... .......... .......... .......... 64% 40.6M 0s
  2650K .......... .......... .......... .......... .......... 65% 23.7M 0s
  2700K .......... .......... .......... .......... .......... 67%  153M 0s
  2750K .......... .......... .......... .......... .......... 68% 58.0M 0s
  2800K .......... .......... .......... .......... .......... 69% 53.0M 0s
  2850K .......... .......... .......... .......... .......... 70% 37.0M 0s
  2900K .......... .......... .......... .......... .......... 72% 29.6M 0s
  2950K .......... .......... .......... .......... .......... 73% 37.3M 0s
  3000K .......... .......... .......... .......... .......... 74% 42.0M 0s
  3050K .......... .......... .......... .......... .......... 75% 23.1M 0s
  3100K .......... .......... .......... .......... .......... 76% 38.6M 0s
  3150K .......... .......... .......... .......... .......... 78% 44.7M 0s
  3200K .......... .......... .......... .......... .......... 79% 57.7M 0s
  3250K .......... .......... .......... .......... .......... 80% 33.5M 0s
  3300K .......... .......... .......... .......... .......... 81% 2.03M 0s
  3350K .......... .......... .......... .......... .......... 83% 15.3M 0s
  3400K .......... .......... .......... .......... .......... 84% 93.3M 0s
  3450K .......... .......... .......... .......... .......... 85% 17.3M 0s
  3500K .......... .......... .......... .......... .......... 86% 41.6M 0s
  3550K .......... .......... .......... .......... .......... 87% 12.3M 0s
  3600K .......... .......... .......... .......... .......... 89%  148M 0s
  3650K .......... .......... .......... .......... .......... 90%  200M 0s
  3700K .......... .......... .......... .......... .......... 91% 15.7M 0s
  3750K .......... .......... .......... .......... .......... 92% 13.3M 0s
  3800K .......... .......... .......... .......... .......... 93%  212M 0s
  3850K .......... .......... .......... .......... .......... 95% 8.51M 0s
  3900K .......... .......... .......... .......... .......... 96%  194M 0s
  3950K .......... .......... .......... .......... .......... 97% 85.6M 0s
  4000K .......... .......... .......... .......... .......... 98%  215M 0s
  4050K .......... .......... .......... .......... ......    100% 19.7M=0.2s

2026-07-01 18:06:00 (17.5 MB/s) - ‘/home/safal/Desktop/unitreego2nav/build/multirobot_map_merge/map05.pgm’ saved [4194362/4194362]

--2026-07-01 18:06:00--  https://raw.githubusercontent.com/hrnr/m-explore-extra/master/map_merge/gmapping_maps/2011-08-09-12-22-52.pgm
Resolving raw.githubusercontent.com (raw.githubusercontent.com)... 2606:50c0:8000::154, 2606:50c0:8002::154, 2606:50c0:8001::154, ...
Connecting to raw.githubusercontent.com (raw.githubusercontent.com)|2606:50c0:8000::154|:443... connected.
HTTP request sent, awaiting response... 200 OK
Length: 16000058 (15M) [application/octet-stream]
Saving to: ‘/home/safal/Desktop/unitreego2nav/build/multirobot_map_merge/2011-08-09-12-22-52.pgm’

     0K .......... .......... .......... .......... ..........  0% 2.08M 7s
    50K .......... .......... .......... .......... ..........  0% 5.41M 5s
   100K .......... .......... .......... .......... ..........  0% 3.81M 5s
   150K .......... .......... .......... .......... ..........  1% 14.4M 4s
   200K .......... .......... .......... .......... ..........  1% 9.18M 3s
   250K .......... .......... .......... .......... ..........  1% 7.48M 3s
   300K .......... .......... .......... .......... ..........  2% 10.5M 3s
   350K .......... .......... .......... .......... ..........  2% 22.0M 3s
   400K .......... .......... .......... .......... ..........  2% 10.6M 2s
   450K .......... .......... .......... .......... ..........  3%  120M 2s
   500K .......... .......... .......... .......... ..........  3% 11.0M 2s
   550K .......... .......... .......... .......... ..........  3% 9.83M 2s
   600K .......... .......... .......... .......... ..........  4% 55.2M 2s
   650K .......... .......... .......... .......... ..........  4% 8.08M 2s
   700K .......... .......... .......... .......... ..........  4%  119M 2s
   750K .......... .......... .......... .......... ..........  5% 29.3M 2s
   800K .......... .......... .......... .......... ..........  5%  147M 2s
   850K .......... .......... .......... .......... ..........  5%  114M 1s
   900K .......... .......... .......... .......... ..........  6% 11.0M 1s
   950K .......... .......... .......... .......... ..........  6% 48.1M 1s
  1000K .......... .......... .......... .......... ..........  6% 48.9M 1s
  1050K .......... .......... .......... .......... ..........  7% 23.9M 1s
  1100K .......... .......... .......... .......... ..........  7% 22.1M 1s
  1150K .......... .......... .......... .......... ..........  7% 17.5M 1s
  1200K .......... .......... .......... .......... ..........  7% 57.8M 1s
  1250K .......... .......... .......... .......... ..........  8% 24.9M 1s
  1300K .......... .......... .......... .......... ..........  8% 19.2M 1s
  1350K .......... .......... .......... .......... ..........  8%  174M 1s
  1400K .......... .......... .......... .......... ..........  9% 18.5M 1s
  1450K .......... .......... .......... .......... ..........  9%  185M 1s
  1500K .......... .......... .......... .......... ..........  9% 78.0M 1s
  1550K .......... .......... .......... .......... .......... 10% 41.1M 1s
  1600K .......... .......... .......... .......... .......... 10% 38.8M 1s
  1650K .......... .......... .......... .......... .......... 10% 29.8M 1s
  1700K .......... .......... .......... .......... .......... 11% 28.2M 1s
  1750K .......... .......... .......... .......... .......... 11% 18.0M 1s
  1800K .......... .......... .......... .......... .......... 11% 92.2M 1s
  1850K .......... .......... .......... .......... .......... 12% 6.80M 1s
  1900K .......... .......... .......... .......... .......... 12% 70.5M 1s
  1950K .......... .......... .......... .......... .......... 12% 52.6M 1s
  2000K .......... .......... .......... .......... .......... 13% 18.3M 1s
  2050K .......... .......... .......... .......... .......... 13% 82.3M 1s
  2100K .......... .......... .......... .......... .......... 13% 62.8M 1s
  2150K .......... .......... .......... .......... .......... 14% 79.1M 1s
  2200K .......... .......... .......... .......... .......... 14% 57.8M 1s
  2250K .......... .......... .......... .......... .......... 14% 73.6M 1s
  2300K .......... .......... .......... .......... .......... 15% 70.1M 1s
  2350K .......... .......... .......... .......... .......... 15% 68.6M 1s
  2400K .......... .......... .......... .......... .......... 15% 67.8M 1s
  2450K .......... .......... .......... .......... .......... 15% 70.1M 1s
  2500K .......... .......... .......... .......... .......... 16% 15.6M 1s
  2550K .......... .......... .......... .......... .......... 16% 15.6M 1s
  2600K .......... .......... .......... .......... .......... 16% 42.9M 1s
  2650K .......... .......... .......... .......... .......... 17% 19.7M 1s
  2700K .......... .......... .......... .......... .......... 17% 78.6M 1s
  2750K .......... .......... .......... .......... .......... 17% 75.8M 1s
  2800K .......... .......... .......... .......... .......... 18% 88.9M 1s
  2850K .......... .......... .......... .......... .......... 18% 20.4M 1s
  2900K .......... .......... .......... .......... .......... 18% 74.8M 1s
  2950K .......... .......... .......... .......... .......... 19% 4.88M 1s
  3000K .......... .......... .......... .......... .......... 19% 71.4M 1s
  3050K .......... .......... .......... .......... .......... 19% 70.2M 1s
  3100K .......... .......... .......... .......... .......... 20%  102M 1s
  3150K .......... .......... .......... .......... .......... 20% 69.6M 1s
  3200K .......... .......... .......... .......... .......... 20% 80.3M 1s
  3250K .......... .......... .......... .......... .......... 21% 59.6M 1s
  3300K .......... .......... .......... .......... .......... 21% 77.2M 1s
  3350K .......... .......... .......... .......... .......... 21% 77.8M 1s
  3400K .......... .......... .......... .......... .......... 22% 83.8M 1s
  3450K .......... .......... .......... .......... .......... 22% 22.8M 1s
  3500K .......... .......... .......... .......... .......... 22%  124M 1s
  3550K .......... .......... .......... .......... .......... 23% 71.6M 1s
  3600K .......... .......... .......... .......... .......... 23% 45.7M 1s
  3650K .......... .......... .......... .......... .......... 23% 99.3M 1s
  3700K .......... .......... .......... .......... .......... 23%  133M 1s
  3750K .......... .......... .......... .......... .......... 24% 20.5M 1s
  3800K .......... .......... .......... .......... .......... 24% 55.9M 1s
  3850K .......... .......... .......... .......... .......... 24% 49.5M 1s
  3900K .......... .......... .......... .......... .......... 25% 5.30M 1s
  3950K .......... .......... .......... .......... .......... 25% 78.7M 1s
  4000K .......... .......... .......... .......... .......... 25% 81.6M 1s
  4050K .......... .......... .......... .......... .......... 26% 31.5M 1s
  4100K .......... .......... .......... .......... .......... 26%  106M 1s
  4150K .......... .......... .......... .......... .......... 26% 6.01M 1s
  4200K .......... .......... .......... .......... .......... 27% 32.7M 1s
  4250K .......... .......... .......... .......... .......... 27% 27.9M 1s
  4300K .......... .......... .......... .......... .......... 27% 49.5M 1s
  4350K .......... .......... .......... .......... .......... 28% 28.0M 1s
  4400K .......... .......... .......... .......... .......... 28% 8.42M 1s
  4450K .......... .......... .......... .......... .......... 28% 79.4M 1s
  4500K .......... .......... .......... .......... .......... 29% 68.6M 1s
  4550K .......... .......... .......... .......... .......... 29% 68.0M 1s
  4600K .......... .......... .......... .......... .......... 29% 70.4M 1s
  4650K .......... .......... .......... .......... .......... 30% 89.8M 1s
  4700K .......... .......... .......... .......... .......... 30% 67.6M 0s
  4750K .......... .......... .......... .......... .......... 30% 37.7M 0s
  4800K .......... .......... .......... .......... .......... 31% 24.7M 0s
  4850K .......... .......... .......... .......... .......... 31% 5.63M 1s
  4900K .......... .......... .......... .......... .......... 31%  156M 0s
  4950K .......... .......... .......... .......... .......... 31%  187M 0s
  5000K .......... .......... .......... .......... .......... 32% 29.9M 0s
  5050K .......... .......... .......... .......... .......... 32% 78.5M 0s
  5100K .......... .......... .......... .......... .......... 32% 18.5M 0s
  5150K .......... .......... .......... .......... .......... 33%  216M 0s
  5200K .......... .......... .......... .......... .......... 33% 47.2M 0s
  5250K .......... .......... .......... .......... .......... 33% 33.5M 0s
  5300K .......... .......... .......... .......... .......... 34% 46.7M 0s
  5350K .......... .......... .......... .......... .......... 34% 31.6M 0s
  5400K .......... .......... .......... .......... .......... 34%  145M 0s
  5450K .......... .......... .......... .......... .......... 35% 39.9M 0s
  5500K .......... .......... .......... .......... .......... 35% 89.5M 0s
  5550K .......... .......... .......... .......... .......... 35% 40.4M 0s
  5600K .......... .......... .......... .......... .......... 36% 51.6M 0s
  5650K .......... .......... .......... .......... .......... 36% 54.9M 0s
  5700K .......... .......... .......... .......... .......... 36% 32.2M 0s
  5750K .......... .......... .......... .......... .......... 37% 39.8M 0s
  5800K .......... .......... .......... .......... .......... 37% 35.2M 0s
  5850K .......... .......... .......... .......... .......... 37% 61.4M 0s
  5900K .......... .......... .......... .......... .......... 38% 28.1M 0s
  5950K .......... .......... .......... .......... .......... 38% 31.1M 0s
  6000K .......... .......... .......... .......... .......... 38% 32.6M 0s
  6050K .......... .......... .......... .......... .......... 39% 19.7M 0s
  6100K .......... .......... .......... .......... .......... 39% 83.9M 0s
  6150K .......... .......... .......... .......... .......... 39% 39.3M 0s
  6200K .......... .......... .......... .......... .......... 39% 35.7M 0s
  6250K .......... .......... .......... .......... .......... 40% 20.6M 0s
  6300K .......... .......... .......... .......... .......... 40% 86.7M 0s
  6350K .......... .......... .......... .......... .......... 40% 26.6M 0s
  6400K .......... .......... .......... .......... .......... 41% 54.4M 0s
  6450K .......... .......... .......... .......... .......... 41% 45.7M 0s
  6500K .......... .......... .......... .......... .......... 41% 25.8M 0s
  6550K .......... .......... .......... .......... .......... 42% 42.0M 0s
  6600K .......... .......... .......... .......... .......... 42% 24.8M 0s
  6650K .......... .......... .......... .......... .......... 42% 49.0M 0s
  6700K .......... .......... .......... .......... .......... 43% 47.7M 0s
  6750K .......... .......... .......... .......... .......... 43% 25.8M 0s
  6800K .......... .......... .......... .......... .......... 43% 26.3M 0s
  6850K .......... .......... .......... .......... .......... 44% 37.1M 0s
  6900K .......... .......... .......... .......... .......... 44% 59.1M 0s
  6950K .......... .......... .......... .......... .......... 44% 26.8M 0s
  7000K .......... .......... .......... .......... .......... 45% 22.7M 0s
  7050K .......... .......... .......... .......... .......... 45% 39.3M 0s
  7100K .......... .......... .......... .......... .......... 45% 75.3M 0s
  7150K .......... .......... .......... .......... .......... 46% 29.9M 0s
  7200K .......... .......... .......... .......... .......... 46% 31.9M 0s
  7250K .......... .......... .......... .......... .......... 46% 32.0M 0s
  7300K .......... .......... .......... .......... .......... 47% 34.3M 0s
  7350K .......... .......... .......... .......... .......... 47% 54.7M 0s
  7400K .......... .......... .......... .......... .......... 47% 26.8M 0s
  7450K .......... .......... .......... .......... .......... 47% 66.1M 0s
  7500K .......... .......... .......... .......... .......... 48% 23.5M 0s
  7550K .......... .......... .......... .......... .......... 48% 41.1M 0s
  7600K .......... .......... .......... .......... .......... 48% 30.4M 0s
  7650K .......... .......... .......... .......... .......... 49% 34.6M 0s
  7700K .......... .......... .......... .......... .......... 49% 43.9M 0s
  7750K .......... .......... .......... .......... .......... 49% 33.5M 0s
  7800K .......... .......... .......... .......... .......... 50% 23.0M 0s
  7850K .......... .......... .......... .......... .......... 50% 30.3M 0s
  7900K .......... .......... .......... .......... .......... 50% 24.3M 0s
  7950K .......... .......... .......... .......... .......... 51% 65.2M 0s
  8000K .......... .......... .......... .......... .......... 51% 34.8M 0s
  8050K .......... .......... .......... .......... .......... 51% 23.3M 0s
  8100K .......... .......... .......... .......... .......... 52% 67.7M 0s
  8150K .......... .......... .......... .......... .......... 52% 27.6M 0s
  8200K .......... .......... .......... .......... .......... 52% 46.6M 0s
  8250K .......... .......... .......... .......... .......... 53% 29.1M 0s
  8300K .......... .......... .......... .......... .......... 53% 41.2M 0s
  8350K .......... .......... .......... .......... .......... 53% 30.3M 0s
  8400K .......... .......... .......... .......... .......... 54% 36.0M 0s
  8450K .......... .......... .......... .......... .......... 54% 59.4M 0s
  8500K .......... .......... .......... .......... .......... 54% 25.3M 0s
  8550K .......... .......... .......... .......... .......... 55% 41.7M 0s
  8600K .......... .......... .......... .......... .......... 55% 39.4M 0s
  8650K .......... .......... .......... .......... .......... 55% 21.5M 0s
  8700K .......... .......... .......... .......... .......... 55%  148M 0s
  8750K .......... .......... .......... .......... .......... 56% 12.6M 0s
  8800K .......... .......... .......... .......... .......... 56%  156M 0s
  8850K .......... .......... .......... .......... .......... 56% 36.9M 0s
  8900K .......... .......... .......... .......... .......... 57% 47.4M 0s
  8950K .......... .......... .......... .......... .......... 57% 35.6M 0s
  9000K .......... .......... .......... .......... .......... 57% 48.8M 0s
  9050K .......... .......... .......... .......... .......... 58% 36.9M 0s
  9100K .......... .......... .......... .......... .......... 58% 37.5M 0s
  9150K .......... .......... .......... .......... .......... 58% 32.7M 0s
  9200K .......... .......... .......... .......... .......... 59% 30.1M 0s
  9250K .......... .......... .......... .......... .......... 59% 39.4M 0s
  9300K .......... .......... .......... .......... .......... 59% 30.2M 0s
  9350K .......... .......... .......... .......... .......... 60% 42.0M 0s
  9400K .......... .......... .......... .......... .......... 60% 28.0M 0s
  9450K .......... .......... .......... .......... .......... 60% 55.3M 0s
  9500K .......... .......... .......... .......... .......... 61% 25.6M 0s
  9550K .......... .......... .......... .......... .......... 61% 31.5M 0s
  9600K .......... .......... .......... .......... .......... 61% 24.6M 0s
  9650K .......... .......... .......... .......... .......... 62% 35.1M 0s
  9700K .......... .......... .......... .......... .......... 62% 40.2M 0s
  9750K .......... .......... .......... .......... .......... 62% 24.8M 0s
  9800K .......... .......... .......... .......... .......... 63% 90.1M 0s
  9850K .......... .......... .......... .......... .......... 63% 31.6M 0s
  9900K .......... .......... .......... .......... .......... 63% 26.1M 0s
  9950K .......... .......... .......... .......... .......... 63% 33.9M 0s
 10000K .......... .......... .......... .......... .......... 64% 91.5M 0s
 10050K .......... .......... .......... .......... .......... 64% 38.0M 0s
 10100K .......... .......... .......... .......... .......... 64% 32.2M 0s
 10150K .......... .......... .......... .......... .......... 65% 34.1M 0s
 10200K .......... .......... .......... .......... .......... 65% 18.8M 0s
 10250K .......... .......... .......... .......... .......... 65%  118M 0s
 10300K .......... .......... .......... .......... .......... 66% 43.4M 0s
 10350K .......... .......... .......... .......... .......... 66% 33.2M 0s
 10400K .......... .......... .......... .......... .......... 66% 36.9M 0s
 10450K .......... .......... .......... .......... .......... 67% 26.3M 0s
 10500K .......... .......... .......... .......... .......... 67% 24.9M 0s
 10550K .......... .......... .......... .......... .......... 67% 65.8M 0s
 10600K .......... .......... .......... .......... .......... 68% 35.4M 0s
 10650K .......... .......... .......... .......... .......... 68% 21.3M 0s
 10700K .......... .......... .......... .......... .......... 68%  131M 0s
 10750K .......... .......... .......... .......... .......... 69% 37.3M 0s
 10800K .......... .......... .......... .......... .......... 69% 28.3M 0s
 10850K .......... .......... .......... .......... .......... 69% 40.4M 0s
 10900K .......... .......... .......... .......... .......... 70% 20.6M 0s
 10950K .......... .......... .......... .......... .......... 70% 40.7M 0s
 11000K .......... .......... .......... .......... .......... 70% 44.0M 0s
 11050K .......... .......... .......... .......... .......... 71% 45.4M 0s
 11100K .......... .......... .......... .......... .......... 71% 33.8M 0s
 11150K .......... .......... .......... .......... .......... 71% 28.2M 0s
 11200K .......... .......... .......... .......... .......... 71% 30.2M 0s
 11250K .......... .......... .......... .......... .......... 72% 53.3M 0s
 11300K .......... .......... .......... .......... .......... 72% 28.3M 0s
 11350K .......... .......... .......... .......... .......... 72% 45.7M 0s
 11400K .......... .......... .......... .......... .......... 73% 31.4M 0s
 11450K .......... .......... .......... .......... .......... 73% 33.9M 0s
 11500K .......... .......... .......... .......... .......... 73% 17.5M 0s
 11550K .......... .......... .......... .......... .......... 74%  113M 0s
 11600K .......... .......... .......... .......... .......... 74% 49.9M 0s
 11650K .......... .......... .......... .......... .......... 74% 25.6M 0s
 11700K .......... .......... .......... .......... .......... 75% 46.0M 0s
 11750K .......... .......... .......... .......... .......... 75% 22.3M 0s
 11800K .......... .......... .......... .......... .......... 75% 48.2M 0s
 11850K .......... .......... .......... .......... .......... 76% 57.3M 0s
 11900K .......... .......... .......... .......... .......... 76% 29.7M 0s
 11950K .......... .......... .......... .......... .......... 76% 27.1M 0s
 12000K .......... .......... .......... .......... .......... 77% 54.1M 0s
 12050K .......... .......... .......... .......... .......... 77% 19.5M 0s
 12100K .......... .......... .......... .......... .......... 77% 42.4M 0s
 12150K .......... .......... .......... .......... .......... 78% 26.4M 0s
 12200K .......... .......... .......... .......... .......... 78%  101M 0s
 12250K .......... .......... .......... .......... .......... 78% 26.9M 0s
 12300K .......... .......... .......... .......... .......... 79% 43.9M 0s
 12350K .......... .......... .......... .......... .......... 79% 36.1M 0s
 12400K .......... .......... .......... .......... .......... 79% 34.6M 0s
 12450K .......... .......... .......... .......... .......... 79% 31.8M 0s
 12500K .......... .......... .......... .......... .......... 80% 43.9M 0s
 12550K .......... .......... .......... .......... .......... 80% 27.5M 0s
 12600K .......... .......... .......... .......... .......... 80% 59.9M 0s
 12650K .......... .......... .......... .......... .......... 81% 34.0M 0s
 12700K .......... .......... .......... .......... .......... 81% 35.5M 0s
 12750K .......... .......... .......... .......... .......... 81% 28.8M 0s
 12800K .......... .......... .......... .......... .......... 82% 1010K 0s
 12850K .......... .......... .......... .......... .......... 82%  195M 0s
 12900K .......... .......... .......... .......... .......... 82% 44.2M 0s
 12950K .......... .......... .......... .......... .......... 83%  171M 0s
 13000K .......... .......... .......... .......... .......... 83%  175M 0s
 13050K .......... .......... .......... .......... .......... 83%  196M 0s
 13100K .......... .......... .......... .......... .......... 84%  187M 0s
 13150K .......... .......... .......... .......... .......... 84%  173M 0s
 13200K .......... .......... .......... .......... .......... 84%  205M 0s
 13250K .......... .......... .......... .......... .......... 85%  191M 0s
 13300K .......... .......... .......... .......... .......... 85%  205M 0s
 13350K .......... .......... .......... .......... .......... 85%  189M 0s
 13400K .......... .......... .......... .......... .......... 86%  199M 0s
 13450K .......... .......... .......... .......... .......... 86%  247M 0s
 13500K .......... .......... .......... .......... .......... 86%  265M 0s
 13550K .......... .......... .......... .......... .......... 87%  224M 0s
 13600K .......... .......... .......... .......... .......... 87%  252M 0s
 13650K .......... .......... .......... .......... .......... 87%  224M 0s
 13700K .......... .......... .......... .......... .......... 87%  246M 0s
 13750K .......... .......... .......... .......... .......... 88%  186M 0s
 13800K .......... .......... .......... .......... .......... 88%  149M 0s
 13850K .......... .......... .......... .......... .......... 88%  129M 0s
 13900K .......... .......... .......... .......... .......... 89%  168M 0s
 13950K .......... .......... .......... .......... .......... 89%  111M 0s
 14000K .......... .......... .......... .......... .......... 89%  208M 0s
 14050K .......... .......... .......... .......... .......... 90%  211M 0s
 14100K .......... .......... .......... .......... .......... 90%  164M 0s
 14150K .......... .......... .......... .......... .......... 90%  177M 0s
 14200K .......... .......... .......... .......... .......... 91%  221M 0s
 14250K .......... .......... .......... .......... .......... 91%  211M 0s
 14300K .......... .......... .......... .......... .......... 91% 2.28M 0s
 14350K .......... .......... .......... .......... .......... 92% 58.6M 0s
 14400K .......... .......... .......... .......... .......... 92% 61.3M 0s
 14450K .......... .......... .......... .......... .......... 92% 35.1M 0s
 14500K .......... .......... .......... .......... .......... 93%  156M 0s
 14550K .......... .......... .......... .......... .......... 93%  182M 0s
 14600K .......... .......... .......... .......... .......... 93%  204M 0s
 14650K .......... .......... .......... .......... .......... 94%  212M 0s
 14700K .......... .......... .......... .......... .......... 94%  206M 0s
 14750K .......... .......... .......... .......... .......... 94%  171M 0s
 14800K .......... .......... .......... .......... .......... 95%  208M 0s
 14850K .......... .......... .......... .......... .......... 95%  205M 0s
 14900K .......... .......... .......... .......... .......... 95%  192M 0s
 14950K .......... .......... .......... .......... .......... 95%  184M 0s
 15000K .......... .......... .......... .......... .......... 96%  214M 0s
 15050K .......... .......... .......... .......... .......... 96%  220M 0s
 15100K .......... .......... .......... .......... .......... 96%  131M 0s
 15150K .......... .......... .......... .......... .......... 97%  172M 0s
 15200K .......... .......... .......... .......... .......... 97%  203M 0s
 15250K .......... .......... .......... .......... .......... 97%  194M 0s
 15300K .......... .......... .......... .......... .......... 98%  176M 0s
 15350K .......... .......... .......... .......... .......... 98%  201M 0s
 15400K .......... .......... .......... .......... .......... 98%  186M 0s
 15450K .......... .......... .......... .......... .......... 99%  197M 0s
 15500K .......... .......... .......... .......... .......... 99%  209M 0s
 15550K .......... .......... .......... .......... .......... 99%  191M 0s
 15600K .......... .......... .....                           100%  225M=0.5s

2026-07-01 18:06:04 (28.5 MB/s) - ‘/home/safal/Desktop/unitreego2nav/build/multirobot_map_merge/2011-08-09-12-22-52.pgm’ saved [16000058/16000058]

--2026-07-01 18:06:04--  https://raw.githubusercontent.com/hrnr/m-explore-extra/master/map_merge/gmapping_maps/2012-01-28-11-12-01.pgm
Resolving raw.githubusercontent.com (raw.githubusercontent.com)... 2606:50c0:8001::154, 2606:50c0:8000::154, 2606:50c0:8002::154, ...
Connecting to raw.githubusercontent.com (raw.githubusercontent.com)|2606:50c0:8001::154|:443... connected.
HTTP request sent, awaiting response... 200 OK
Length: 16000058 (15M) [application/octet-stream]
Saving to: ‘/home/safal/Desktop/unitreego2nav/build/multirobot_map_merge/2012-01-28-11-12-01.pgm’

     0K .......... .......... .......... .......... ..........  0% 2.14M 7s
    50K .......... .......... .......... .......... ..........  0% 11.2M 4s
   100K .......... .......... .......... .......... ..........  0% 3.12M 4s
   150K .......... .......... .......... .......... ..........  1% 12.7M 4s
   200K .......... .......... .......... .......... ..........  1% 11.6M 3s
   250K .......... .......... .......... .......... ..........  1% 5.72M 3s
   300K .......... .......... .......... .......... ..........  2% 9.19M 3s
   350K .......... .......... .......... .......... ..........  2% 20.3M 3s
   400K .......... .......... .......... .......... ..........  2% 24.0M 2s
   450K .......... .......... .......... .......... ..........  3% 21.2M 2s
   500K .......... .......... .......... .......... ..........  3% 23.7M 2s
   550K .......... .......... .......... .......... ..........  3% 45.9M 2s
   600K .......... .......... .......... .......... ..........  4% 5.10M 2s
   650K .......... .......... .......... .......... ..........  4% 37.8M 2s
   700K .......... .......... .......... .......... ..........  4% 26.7M 2s
   750K .......... .......... .......... .......... ..........  5% 32.8M 2s
   800K .......... .......... .......... .......... ..........  5% 39.7M 2s
   850K .......... .......... .......... .......... ..........  5% 27.8M 2s
   900K .......... .......... .......... .......... ..........  6% 38.7M 1s
   950K .......... .......... .......... .......... ..........  6% 45.8M 1s
  1000K .......... .......... .......... .......... ..........  6% 34.2M 1s
  1050K .......... .......... .......... .......... ..........  7% 14.6M 1s
  1100K .......... .......... .......... .......... ..........  7% 8.44M 1s
  1150K .......... .......... .......... .......... ..........  7%  170M 1s
  1200K .......... .......... .......... .......... ..........  7% 45.7M 1s
  1250K .......... .......... .......... .......... ..........  8% 13.3M 1s
  1300K .......... .......... .......... .......... ..........  8% 36.8M 1s
  1350K .......... .......... .......... .......... ..........  8% 26.7M 1s
  1400K .......... .......... .......... .......... ..........  9% 30.9M 1s
  1450K .......... .......... .......... .......... ..........  9% 31.0M 1s
  1500K .......... .......... .......... .......... ..........  9% 28.5M 1s
  1550K .......... .......... .......... .......... .......... 10% 50.9M 1s
  1600K .......... .......... .......... .......... .......... 10% 54.1M 1s
  1650K .......... .......... .......... .......... .......... 10% 26.7M 1s
  1700K .......... .......... .......... .......... .......... 11% 15.0M 1s
  1750K .......... .......... .......... .......... .......... 11%  138M 1s
  1800K .......... .......... .......... .......... .......... 11% 66.9M 1s
  1850K .......... .......... .......... .......... .......... 12% 40.0M 1s
  1900K .......... .......... .......... .......... .......... 12% 33.4M 1s
  1950K .......... .......... .......... .......... .......... 12% 30.7M 1s
  2000K .......... .......... .......... .......... .......... 13% 21.2M 1s
  2050K .......... .......... .......... .......... .......... 13% 28.9M 1s
  2100K .......... .......... .......... .......... .......... 13% 93.1M 1s
  2150K .......... .......... .......... .......... .......... 14% 40.5M 1s
  2200K .......... .......... .......... .......... .......... 14% 23.9M 1s
  2250K .......... .......... .......... .......... .......... 14% 55.9M 1s
  2300K .......... .......... .......... .......... .......... 15% 19.6M 1s
  2350K .......... .......... .......... .......... .......... 15% 95.2M 1s
  2400K .......... .......... .......... .......... .......... 15% 19.7M 1s
  2450K .......... .......... .......... .......... .......... 15%  132M 1s
  2500K .......... .......... .......... .......... .......... 16% 39.2M 1s
  2550K .......... .......... .......... .......... .......... 16% 8.42M 1s
  2600K .......... .......... .......... .......... .......... 16% 38.6M 1s
  2650K .......... .......... .......... .......... .......... 17% 18.4M 1s
  2700K .......... .......... .......... .......... .......... 17%  159M 1s
  2750K .......... .......... .......... .......... .......... 17% 79.9M 1s
  2800K .......... .......... .......... .......... .......... 18% 33.7M 1s
  2850K .......... .......... .......... .......... .......... 18% 31.0M 1s
  2900K .......... .......... .......... .......... .......... 18% 34.1M 1s
  2950K .......... .......... .......... .......... .......... 19% 31.8M 1s
  3000K .......... .......... .......... .......... .......... 19% 13.5M 1s
  3050K .......... .......... .......... .......... .......... 19%  160M 1s
  3100K .......... .......... .......... .......... .......... 20% 55.1M 1s
  3150K .......... .......... .......... .......... .......... 20% 68.9M 1s
  3200K .......... .......... .......... .......... .......... 20% 15.4M 1s
  3250K .......... .......... .......... .......... .......... 21%  117M 1s
  3300K .......... .......... .......... .......... .......... 21% 17.6M 1s
  3350K .......... .......... .......... .......... .......... 21% 45.9M 1s
  3400K .......... .......... .......... .......... .......... 22% 97.9M 1s
  3450K .......... .......... .......... .......... .......... 22% 71.4M 1s
  3500K .......... .......... .......... .......... .......... 22% 39.6M 1s
  3550K .......... .......... .......... .......... .......... 23% 32.9M 1s
  3600K .......... .......... .......... .......... .......... 23% 22.2M 1s
  3650K .......... .......... .......... .......... .......... 23% 44.9M 1s
  3700K .......... .......... .......... .......... .......... 23% 44.1M 1s
  3750K .......... .......... .......... .......... .......... 24% 29.4M 1s
  3800K .......... .......... .......... .......... .......... 24% 48.0M 1s
  3850K .......... .......... .......... .......... .......... 24% 15.6M 1s
  3900K .......... .......... .......... .......... .......... 25%  100M 1s
  3950K .......... .......... .......... .......... .......... 25% 53.3M 1s
  4000K .......... .......... .......... .......... .......... 25% 44.0M 1s
  4050K .......... .......... .......... .......... .......... 26% 22.7M 1s
  4100K .......... .......... .......... .......... .......... 26% 47.7M 1s
  4150K .......... .......... .......... .......... .......... 26% 46.1M 1s
  4200K .......... .......... .......... .......... .......... 27% 30.7M 1s
  4250K .......... .......... .......... .......... .......... 27% 34.4M 1s
  4300K .......... .......... .......... .......... .......... 27% 39.5M 1s
  4350K .......... .......... .......... .......... .......... 28% 27.1M 1s
  4400K .......... .......... .......... .......... .......... 28% 44.8M 1s
  4450K .......... .......... .......... .......... .......... 28% 26.2M 1s
  4500K .......... .......... .......... .......... .......... 29% 33.1M 1s
  4550K .......... .......... .......... .......... .......... 29% 18.6M 1s
  4600K .......... .......... .......... .......... .......... 29%  134M 0s
  4650K .......... .......... .......... .......... .......... 30% 51.0M 0s
  4700K .......... .......... .......... .......... .......... 30% 39.4M 0s
  4750K .......... .......... .......... .......... .......... 30% 34.2M 0s
  4800K .......... .......... .......... .......... .......... 31% 24.0M 0s
  4850K .......... .......... .......... .......... .......... 31% 14.1M 0s
  4900K .......... .......... .......... .......... .......... 31% 85.5M 0s
  4950K .......... .......... .......... .......... .......... 31% 89.3M 0s
  5000K .......... .......... .......... .......... .......... 32% 62.0M 0s
  5050K .......... .......... .......... .......... .......... 32% 21.4M 0s
  5100K .......... .......... .......... .......... .......... 32% 41.5M 0s
  5150K .......... .......... .......... .......... .......... 33% 46.7M 0s
  5200K .......... .......... .......... .......... .......... 33% 48.4M 0s
  5250K .......... .......... .......... .......... .......... 33% 30.2M 0s
  5300K .......... .......... .......... .......... .......... 34% 20.7M 0s
  5350K .......... .......... .......... .......... .......... 34% 56.9M 0s
  5400K .......... .......... .......... .......... .......... 34% 36.3M 0s
  5450K .......... .......... .......... .......... .......... 35% 15.6M 0s
  5500K .......... .......... .......... .......... .......... 35% 12.6M 0s
  5550K .......... .......... .......... .......... .......... 35%  152M 0s
  5600K .......... .......... .......... .......... .......... 36% 27.7M 0s
  5650K .......... .......... .......... .......... .......... 36%  116M 0s
  5700K .......... .......... .......... .......... .......... 36% 22.2M 0s
  5750K .......... .......... .......... .......... .......... 37%  143M 0s
  5800K .......... .......... .......... .......... .......... 37% 69.7M 0s
  5850K .......... .......... .......... .......... .......... 37% 25.0M 0s
  5900K .......... .......... .......... .......... .......... 38% 9.25M 0s
  5950K .......... .......... .......... .......... .......... 38% 9.02M 0s
  6000K .......... .......... .......... .......... .......... 38%  122M 0s
  6050K .......... .......... .......... .......... .......... 39% 31.1M 0s
  6100K .......... .......... .......... .......... .......... 39% 20.4M 0s
  6150K .......... .......... .......... .......... .......... 39% 9.17M 0s
  6200K .......... .......... .......... .......... .......... 39% 18.6M 0s
  6250K .......... .......... .......... .......... .......... 40% 12.0M 0s
  6300K .......... .......... .......... .......... .......... 40% 11.9M 0s
  6350K .......... .......... .......... .......... .......... 40%  144M 0s
  6400K .......... .......... .......... .......... .......... 41% 13.0M 0s
  6450K .......... .......... .......... .......... .......... 41%  128M 0s
  6500K .......... .......... .......... .......... .......... 41% 12.7M 0s
  6550K .......... .......... .......... .......... .......... 42% 11.8M 0s
  6600K .......... .......... .......... .......... .......... 42%  173M 0s
  6650K .......... .......... .......... .......... .......... 42% 48.7M 0s
  6700K .......... .......... .......... .......... .......... 43% 29.9M 0s
  6750K .......... .......... .......... .......... .......... 43%  100M 0s
  6800K .......... .......... .......... .......... .......... 43%  110M 0s
  6850K .......... .......... .......... .......... .......... 44% 55.9M 0s
  6900K .......... .......... .......... .......... .......... 44% 75.6M 0s
  6950K .......... .......... .......... .......... .......... 44% 16.0M 0s
  7000K .......... .......... .......... .......... .......... 45% 31.8M 0s
  7050K .......... .......... .......... .......... .......... 45% 45.3M 0s
  7100K .......... .......... .......... .......... .......... 45% 40.6M 0s
  7150K .......... .......... .......... .......... .......... 46% 31.5M 0s
  7200K .......... .......... .......... .......... .......... 46% 20.3M 0s
  7250K .......... .......... .......... .......... .......... 46% 75.5M 0s
  7300K .......... .......... .......... .......... .......... 47%  100M 0s
  7350K .......... .......... .......... .......... .......... 47% 67.9M 0s
  7400K .......... .......... .......... .......... .......... 47%  103M 0s
  7450K .......... .......... .......... .......... .......... 47% 72.5M 0s
  7500K .......... .......... .......... .......... .......... 48%  103M 0s
  7550K .......... .......... .......... .......... .......... 48% 62.4M 0s
  7600K .......... .......... .......... .......... .......... 48% 76.1M 0s
  7650K .......... .......... .......... .......... .......... 49% 44.8M 0s
  7700K .......... .......... .......... .......... .......... 49%  139M 0s
  7750K .......... .......... .......... .......... .......... 49% 14.6M 0s
  7800K .......... .......... .......... .......... .......... 50% 7.04M 0s
  7850K .......... .......... .......... .......... .......... 50% 54.8M 0s
  7900K .......... .......... .......... .......... .......... 50% 35.0M 0s
  7950K .......... .......... .......... .......... .......... 51% 17.0M 0s
  8000K .......... .......... .......... .......... .......... 51% 42.5M 0s
  8050K .......... .......... .......... .......... .......... 51% 40.0M 0s
  8100K .......... .......... .......... .......... .......... 52% 29.5M 0s
  8150K .......... .......... .......... .......... .......... 52% 34.6M 0s
  8200K .......... .......... .......... .......... .......... 52% 25.7M 0s
  8250K .......... .......... .......... .......... .......... 53% 63.0M 0s
  8300K .......... .......... .......... .......... .......... 53% 29.5M 0s
  8350K .......... .......... .......... .......... .......... 53% 45.9M 0s
  8400K .......... .......... .......... .......... .......... 54% 39.2M 0s
  8450K .......... .......... .......... .......... .......... 54% 36.2M 0s
  8500K .......... .......... .......... .......... .......... 54% 29.5M 0s
  8550K .......... .......... .......... .......... .......... 55% 44.3M 0s
  8600K .......... .......... .......... .......... .......... 55% 33.8M 0s
  8650K .......... .......... .......... .......... .......... 55% 30.0M 0s
  8700K .......... .......... .......... .......... .......... 55% 29.8M 0s
  8750K .......... .......... .......... .......... .......... 56% 47.8M 0s
  8800K .......... .......... .......... .......... .......... 56% 24.6M 0s
  8850K .......... .......... .......... .......... .......... 56% 52.4M 0s
  8900K .......... .......... .......... .......... .......... 57% 39.3M 0s
  8950K .......... .......... .......... .......... .......... 57% 35.3M 0s
  9000K .......... .......... .......... .......... .......... 57% 14.2M 0s
  9050K .......... .......... .......... .......... .......... 58% 99.7M 0s
  9100K .......... .......... .......... .......... .......... 58% 58.8M 0s
  9150K .......... .......... .......... .......... .......... 58% 45.5M 0s
  9200K .......... .......... .......... .......... .......... 59% 35.0M 0s
  9250K .......... .......... .......... .......... .......... 59% 27.4M 0s
  9300K .......... .......... .......... .......... .......... 59% 35.2M 0s
  9350K .......... .......... .......... .......... .......... 60% 11.3M 0s
  9400K .......... .......... .......... .......... .......... 60% 21.1M 0s
  9450K .......... .......... .......... .......... .......... 60% 19.1M 0s
  9500K .......... .......... .......... .......... .......... 61% 25.4M 0s
  9550K .......... .......... .......... .......... .......... 61% 74.6M 0s
  9600K .......... .......... .......... .......... .......... 61% 98.6M 0s
  9650K .......... .......... .......... .......... .......... 62% 75.6M 0s
  9700K .......... .......... .......... .......... .......... 62% 86.6M 0s
  9750K .......... .......... .......... .......... .......... 62% 74.9M 0s
  9800K .......... .......... .......... .......... .......... 63%  107M 0s
  9850K .......... .......... .......... .......... .......... 63% 62.1M 0s
  9900K .......... .......... .......... .......... .......... 63% 27.1M 0s
  9950K .......... .......... .......... .......... .......... 63% 33.3M 0s
 10000K .......... .......... .......... .......... .......... 64% 39.4M 0s
 10050K .......... .......... .......... .......... .......... 64% 29.3M 0s
 10100K .......... .......... .......... .......... .......... 64% 43.7M 0s
 10150K .......... .......... .......... .......... .......... 65% 35.8M 0s
 10200K .......... .......... .......... .......... .......... 65% 32.3M 0s
 10250K .......... .......... .......... .......... .......... 65% 39.6M 0s
 10300K .......... .......... .......... .......... .......... 66% 15.9M 0s
 10350K .......... .......... .......... .......... .......... 66% 42.3M 0s
 10400K .......... .......... .......... .......... .......... 66% 40.6M 0s
 10450K .......... .......... .......... .......... .......... 67% 31.9M 0s
 10500K .......... .......... .......... .......... .......... 67% 37.8M 0s
 10550K .......... .......... .......... .......... .......... 67% 34.4M 0s
 10600K .......... .......... .......... .......... .......... 68% 28.0M 0s
 10650K .......... .......... .......... .......... .......... 68% 32.5M 0s
 10700K .......... .......... .......... .......... .......... 68% 39.0M 0s
 10750K .......... .......... .......... .......... .......... 69% 24.9M 0s
 10800K .......... .......... .......... .......... .......... 69% 35.0M 0s
 10850K .......... .......... .......... .......... .......... 69% 39.8M 0s
 10900K .......... .......... .......... .......... .......... 70% 34.1M 0s
 10950K .......... .......... .......... .......... .......... 70% 36.4M 0s
 11000K .......... .......... .......... .......... .......... 70% 22.5M 0s
 11050K .......... .......... .......... .......... .......... 71%  114M 0s
 11100K .......... .......... .......... .......... .......... 71% 29.4M 0s
 11150K .......... .......... .......... .......... .......... 71% 42.8M 0s
 11200K .......... .......... .......... .......... .......... 71% 32.6M 0s
 11250K .......... .......... .......... .......... .......... 72% 33.2M 0s
 11300K .......... .......... .......... .......... .......... 72% 16.5M 0s
 11350K .......... .......... .......... .......... .......... 72%  111M 0s
 11400K .......... .......... .......... .......... .......... 73% 41.8M 0s
 11450K .......... .......... .......... .......... .......... 73% 12.9M 0s
 11500K .......... .......... .......... .......... .......... 73% 9.02M 0s
 11550K .......... .......... .......... .......... .......... 74% 35.9M 0s
 11600K .......... .......... .......... .......... .......... 74%  144M 0s
 11650K .......... .......... .......... .......... .......... 74% 43.2M 0s
 11700K .......... .......... .......... .......... .......... 75%  128M 0s
 11750K .......... .......... .......... .......... .......... 75%  166M 0s
 11800K .......... .......... .......... .......... .......... 75% 39.1M 0s
 11850K .......... .......... .......... .......... .......... 76%  143M 0s
 11900K .......... .......... .......... .......... .......... 76% 6.43M 0s
 11950K .......... .......... .......... .......... .......... 76%  122M 0s
 12000K .......... .......... .......... .......... .......... 77% 36.6M 0s
 12050K .......... .......... .......... .......... .......... 77% 29.6M 0s
 12100K .......... .......... .......... .......... .......... 77% 18.9M 0s
 12150K .......... .......... .......... .......... .......... 78%  132M 0s
 12200K .......... .......... .......... .......... .......... 78% 38.0M 0s
 12250K .......... .......... .......... .......... .......... 78% 43.4M 0s
 12300K .......... .......... .......... .......... .......... 79% 27.2M 0s
 12350K .......... .......... .......... .......... .......... 79% 38.4M 0s
 12400K .......... .......... .......... .......... .......... 79% 30.0M 0s
 12450K .......... .......... .......... .......... .......... 79% 41.7M 0s
 12500K .......... .......... .......... .......... .......... 80% 29.7M 0s
 12550K .......... .......... .......... .......... .......... 80% 16.6M 0s
 12600K .......... .......... .......... .......... .......... 80%  103M 0s
 12650K .......... .......... .......... .......... .......... 81% 61.3M 0s
 12700K .......... .......... .......... .......... .......... 81% 29.8M 0s
 12750K .......... .......... .......... .......... .......... 81% 39.7M 0s
 12800K .......... .......... .......... .......... .......... 82% 17.4M 0s
 12850K .......... .......... .......... .......... .......... 82% 13.7M 0s
 12900K .......... .......... .......... .......... .......... 82%  107M 0s
 12950K .......... .......... .......... .......... .......... 83%  141M 0s
 13000K .......... .......... .......... .......... .......... 83%  123M 0s
 13050K .......... .......... .......... .......... .......... 83% 85.0M 0s
 13100K .......... .......... .......... .......... .......... 84% 16.0M 0s
 13150K .......... .......... .......... .......... .......... 84%  112M 0s
 13200K .......... .......... .......... .......... .......... 84% 42.9M 0s
 13250K .......... .......... .......... .......... .......... 85% 35.7M 0s
 13300K .......... .......... .......... .......... .......... 85% 39.2M 0s
 13350K .......... .......... .......... .......... .......... 85% 34.0M 0s
 13400K .......... .......... .......... .......... .......... 86% 31.5M 0s
 13450K .......... .......... .......... .......... .......... 86% 40.2M 0s
 13500K .......... .......... .......... .......... .......... 86% 35.1M 0s
 13550K .......... .......... .......... .......... .......... 87% 31.1M 0s
 13600K .......... .......... .......... .......... .......... 87% 34.2M 0s
 13650K .......... .......... .......... .......... .......... 87% 35.6M 0s
 13700K .......... .......... .......... .......... .......... 87% 32.7M 0s
 13750K .......... .......... .......... .......... .......... 88% 40.0M 0s
 13800K .......... .......... .......... .......... .......... 88% 27.4M 0s
 13850K .......... .......... .......... .......... .......... 88% 35.6M 0s
 13900K .......... .......... .......... .......... .......... 89% 35.6M 0s
 13950K .......... .......... .......... .......... .......... 89% 10.7M 0s
 14000K .......... .......... .......... .......... .......... 89% 88.0M 0s
 14050K .......... .......... .......... .......... .......... 90% 12.4M 0s
 14100K .......... .......... .......... .......... .......... 90% 77.4M 0s
 14150K .......... .......... .......... .......... .......... 90% 22.3M 0s
 14200K .......... .......... .......... .......... .......... 91% 85.7M 0s
 14250K .......... .......... .......... .......... .......... 91% 75.7M 0s
 14300K .......... .......... .......... .......... .......... 91% 99.0M 0s
 14350K .......... .......... .......... .......... .......... 92% 76.5M 0s
 14400K .......... .......... .......... .......... .......... 92% 57.8M 0s
 14450K .......... .......... .......... .......... .......... 92% 11.5M 0s
 14500K .......... .......... .......... .......... .......... 93% 38.2M 0s
 14550K .......... .......... .......... .......... .......... 93% 31.6M 0s
 14600K .......... .......... .......... .......... .......... 93% 40.7M 0s
 14650K .......... .......... .......... .......... .......... 94% 19.5M 0s
 14700K .......... .......... .......... .......... .......... 94% 21.9M 0s
 14750K .......... .......... .......... .......... .......... 94% 99.6M 0s
 14800K .......... .......... .......... .......... .......... 95% 38.5M 0s
 14850K .......... .......... .......... .......... .......... 95% 31.6M 0s
 14900K .......... .......... .......... .......... .......... 95% 10.9M 0s
 14950K .......... .......... .......... .......... .......... 95% 70.1M 0s
 15000K .......... .......... .......... .......... .......... 96% 10.1M 0s
 15050K .......... .......... .......... .......... .......... 96%  139M 0s
 15100K .......... .......... .......... .......... .......... 96%  134M 0s
 15150K .......... .......... .......... .......... .......... 97% 67.2M 0s
 15200K .......... .......... .......... .......... .......... 97%  160M 0s
 15250K .......... .......... .......... .......... .......... 97% 37.2M 0s
 15300K .......... .......... .......... .......... .......... 98%  118M 0s
 15350K .......... .......... .......... .......... .......... 98%  150M 0s
 15400K .......... .......... .......... .......... .......... 98% 49.9M 0s
 15450K .......... .......... .......... .......... .......... 99% 35.7M 0s
 15500K .......... .......... .......... .......... .......... 99% 16.7M 0s
 15550K .......... .......... .......... .......... .......... 99% 23.4M 0s
 15600K .......... .......... .....                           100%  102M=0.6s

2026-07-01 18:06:08 (27.3 MB/s) - ‘/home/safal/Desktop/unitreego2nav/build/multirobot_map_merge/2012-01-28-11-12-01.pgm’ saved [16000058/16000058]

[0mCMake Deprecation Warning at /opt/ros/humble/src/gtest_vendor/CMakeLists.txt:2 (cmake_minimum_required):
  Compatibility with CMake < 3.10 will be removed from a future version of
  CMake.

  Update the VERSION argument <min> value.  Or, use the <min>...<max> syntax
  to tell CMake that the project requires at least <min> but has been updated
  to work with policies introduced by <max> or earlier.

[0m
