[0.365s] Invoking command in '/home/safal/Desktop/unitreego2nav/build/multirobot_map_merge': CMAKE_PREFIX_PATH=/opt/ros/humble /usr/bin/cmake /home/safal/Desktop/unitreego2nav/src/m-explore-ros2/map_merge -DCMAKE_INSTALL_PREFIX=/home/safal/Desktop/unitreego2nav/install/multirobot_map_merge
[0.368s] [0mCMake Deprecation Warning at CMakeLists.txt:1 (cmake_minimum_required):
[0.368s]   Compatibility with CMake < 3.10 will be removed from a future version of
[0.368s]   CMake.
[0.368s] 
[0.369s]   Update the VERSION argument <min> value.  Or, use the <min>...<max> syntax
[0.369s]   to tell CMake that the project requires at least <min> but has been updated
[0.369s]   to work with policies introduced by <max> or earlier.
[0.369s] 
[0.369s] [0m
[0.415s] -- The C compiler identification is GNU 11.4.0
[0.486s] -- The CXX compiler identification is GNU 11.4.0
[0.494s] -- Detecting C compiler ABI info
[0.553s] -- Detecting C compiler ABI info - done
[0.576s] -- Check for working C compiler: /usr/bin/cc - skipped
[0.577s] -- Detecting C compile features
[0.577s] -- Detecting C compile features - done
[0.588s] -- Detecting CXX compiler ABI info
[0.663s] -- Detecting CXX compiler ABI info - done
[0.682s] -- Check for working CXX compiler: /usr/bin/c++ - skipped
[0.682s] -- Detecting CXX compile features
[0.683s] -- Detecting CXX compile features - done
[0.691s] -- Found ament_cmake: 1.3.14 (/opt/ros/humble/share/ament_cmake/cmake)
[0.905s] -- Found Python3: /usr/bin/python3 (found version "3.10.12") found components: Interpreter
[1.033s] -- Found rclcpp: 16.0.19 (/opt/ros/humble/share/rclcpp/cmake)
[1.099s] -- Found rosidl_generator_c: 3.1.8 (/opt/ros/humble/share/rosidl_generator_c/cmake)
[1.105s] -- Found rosidl_adapter: 3.1.8 (/opt/ros/humble/share/rosidl_adapter/cmake)
[1.119s] -- Found rosidl_generator_cpp: 3.1.8 (/opt/ros/humble/share/rosidl_generator_cpp/cmake)
[1.138s] -- Using all available rosidl_typesupport_c: rosidl_typesupport_fastrtps_c;rosidl_typesupport_introspection_c
[1.162s] -- Using all available rosidl_typesupport_cpp: rosidl_typesupport_fastrtps_cpp;rosidl_typesupport_introspection_cpp
[1.255s] -- Found rmw_implementation_cmake: 6.1.2 (/opt/ros/humble/share/rmw_implementation_cmake/cmake)
[1.260s] -- Found rmw_fastrtps_cpp: 6.2.10 (/opt/ros/humble/share/rmw_fastrtps_cpp/cmake)
[1.380s] -- Found OpenSSL: /usr/lib/x86_64-linux-gnu/libcrypto.so (found version "3.0.2")
[1.424s] -- Found FastRTPS: /opt/ros/humble/include
[1.476s] -- Using RMW implementation 'rmw_fastrtps_cpp' as default
[1.491s] -- Performing Test CMAKE_HAVE_LIBC_PTHREAD
[1.563s] -- Performing Test CMAKE_HAVE_LIBC_PTHREAD - Success
[1.564s] -- Found Threads: TRUE
[1.657s] -- Found geometry_msgs: 4.9.1 (/opt/ros/humble/share/geometry_msgs/cmake)
[1.681s] -- Found image_geometry: 3.2.1 (/opt/ros/humble/share/image_geometry/cmake)
[1.732s] -- Found map_msgs: 2.1.0 (/opt/ros/humble/share/map_msgs/cmake)
[1.803s] -- Found tf2_geometry_msgs: 0.25.20 (/opt/ros/humble/share/tf2_geometry_msgs/cmake)
[1.837s] -- Found eigen3_cmake_module: 0.1.1 (/opt/ros/humble/share/eigen3_cmake_module/cmake)
[1.841s] -- Found Eigen3: TRUE (found version "3.4.0")
[1.841s] -- Ensuring Eigen3 include directory is part of orocos-kdl CMake target
[2.104s] [33mCMake Warning (dev) at CMakeLists.txt:29 (find_package):
[2.104s]   Policy CMP0167 is not set: The FindBoost module is removed.  Run "cmake
[2.104s]   --help-policy CMP0167" for policy details.  Use the cmake_policy command to
[2.104s]   set the policy and suppress this warning.
[2.104s] 
[2.104s] This warning is for project developers.  Use -Wno-dev to suppress it.
[2.104s] [0m
[2.145s] -- Found Boost: /usr/lib/x86_64-linux-gnu/cmake/Boost-1.74.0/BoostConfig.cmake (found version "1.74.0") found components: thread
[2.156s] -- Found OpenCV: /usr (found version "4.5.4")
[2.179s] -- Found ament_lint_auto: 0.12.15 (/opt/ros/humble/share/ament_lint_auto/cmake)
[2.291s] -- Found ament_cmake_gtest: 1.3.14 (/opt/ros/humble/share/ament_cmake_gtest/cmake)
[2.298s] --2026-07-01 18:05:53--  https://raw.githubusercontent.com/hrnr/m-explore-extra/master/map_merge/hector_maps/map00.pgm
[2.324s] Resolving raw.githubusercontent.com (raw.githubusercontent.com)... 2606:50c0:8003::154, 2606:50c0:8001::154, 2606:50c0:8002::154, ...
[2.353s] Connecting to raw.githubusercontent.com (raw.githubusercontent.com)|2606:50c0:8003::154|:443... connected.
[6.745s] HTTP request sent, awaiting response... 200 OK
[6.745s] Length: 4194362 (4.0M) [application/octet-stream]
[6.745s] Saving to: ‘/home/safal/Desktop/unitreego2nav/build/multirobot_map_merge/map00.pgm’
[6.746s] 
[6.779s]      0K .......... .......... .......... .......... ..........  1% 1.46M 3s
[6.807s]     50K .......... .......... .......... .......... ..........  2% 1.72M 2s
[6.813s]    100K .......... .......... .......... .......... ..........  3% 8.09M 2s
[6.829s]    150K .......... .......... .......... .......... ..........  4% 3.11M 2s
[6.836s]    200K .......... .......... .......... .......... ..........  6% 6.54M 1s
[6.840s]    250K .......... .......... .......... .......... ..........  7% 12.5M 1s
[6.843s]    300K .......... .......... .......... .......... ..........  8% 15.1M 1s
[6.847s]    350K .......... .......... .......... .......... ..........  9% 12.7M 1s
[6.861s]    400K .......... .......... .......... .......... .......... 10% 3.67M 1s
[6.863s]    450K .......... .......... .......... .......... .......... 12% 21.8M 1s
[6.867s]    500K .......... .......... .......... .......... .......... 13% 13.2M 1s
[6.867s]    550K .......... .......... .......... .......... .......... 14% 62.4M 1s
[6.870s]    600K .......... .......... .......... .......... .......... 15% 18.6M 1s
[6.872s]    650K .......... .......... .......... .......... .......... 17% 21.5M 1s
[6.875s]    700K .......... .......... .......... .......... .......... 18% 21.2M 1s
[6.876s]    750K .......... .......... .......... .......... .......... 19% 39.5M 1s
[6.882s]    800K .......... .......... .......... .......... .......... 20% 8.16M 1s
[6.882s]    850K .......... .......... .......... .......... .......... 21% 69.1M 0s
[6.889s]    900K .......... .......... .......... .......... .......... 23% 7.82M 0s
[6.891s]    950K .......... .......... .......... .......... .......... 24% 17.7M 0s
[6.893s]   1000K .......... .......... .......... .......... .......... 25% 25.2M 0s
[6.896s]   1050K .......... .......... .......... .......... .......... 26% 20.6M 0s
[6.897s]   1100K .......... .......... .......... .......... .......... 28% 58.1M 0s
[6.898s]   1150K .......... .......... .......... .......... .......... 29% 37.8M 0s
[6.899s]   1200K .......... .......... .......... .......... .......... 30% 33.6M 0s
[6.901s]   1250K .......... .......... .......... .......... .......... 31% 37.7M 0s
[6.902s]   1300K .......... .......... .......... .......... .......... 32% 34.4M 0s
[6.905s]   1350K .......... .......... .......... .......... .......... 34% 19.2M 0s
[6.906s]   1400K .......... .......... .......... .......... .......... 35% 53.8M 0s
[6.906s]   1450K .......... .......... .......... .......... .......... 36% 49.9M 0s
[6.908s]   1500K .......... .......... .......... .......... .......... 37% 34.2M 0s
[6.910s]   1550K .......... .......... .......... .......... .......... 39% 25.4M 0s
[6.911s]   1600K .......... .......... .......... .......... .......... 40% 41.7M 0s
[6.912s]   1650K .......... .......... .......... .......... .......... 41% 31.9M 0s
[6.914s]   1700K .......... .......... .......... .......... .......... 42% 43.1M 0s
[6.915s]   1750K .......... .......... .......... .......... .......... 43% 34.3M 0s
[6.917s]   1800K .......... .......... .......... .......... .......... 45% 28.3M 0s
[6.918s]   1850K .......... .......... .......... .......... .......... 46% 31.1M 0s
[6.923s]   1900K .......... .......... .......... .......... .......... 47% 12.6M 0s
[6.923s]   1950K .......... .......... .......... .......... .......... 48% 84.0M 0s
[6.924s]   2000K .......... .......... .......... .......... .......... 50% 66.1M 0s
[6.924s]   2050K .......... .......... .......... .......... .......... 51% 73.2M 0s
[6.925s]   2100K .......... .......... .......... .......... .......... 52% 38.1M 0s
[6.927s]   2150K .......... .......... .......... .......... .......... 53% 42.9M 0s
[6.948s]   2200K .......... .......... .......... .......... .......... 54% 2.31M 0s
[6.949s]   2250K .......... .......... .......... .......... .......... 56% 73.3M 0s
[6.950s]   2300K .......... .......... .......... .......... .......... 57% 34.1M 0s
[6.952s]   2350K .......... .......... .......... .......... .......... 58% 24.2M 0s
[6.953s]   2400K .......... .......... .......... .......... .......... 59% 53.7M 0s
[6.954s]   2450K .......... .......... .......... .......... .......... 61% 38.8M 0s
[6.955s]   2500K .......... .......... .......... .......... .......... 62% 38.0M 0s
[6.957s]   2550K .......... .......... .......... .......... .......... 63% 34.1M 0s
[6.958s]   2600K .......... .......... .......... .......... .......... 64% 28.4M 0s
[6.961s]   2650K .......... .......... .......... .......... .......... 65% 20.1M 0s
[6.962s]   2700K .......... .......... .......... .......... .......... 67% 70.2M 0s
[6.965s]   2750K .......... .......... .......... .......... .......... 68% 17.6M 0s
[6.965s]   2800K .......... .......... .......... .......... .......... 69% 66.1M 0s
[6.966s]   2850K .......... .......... .......... .......... .......... 70% 69.5M 0s
[6.967s]   2900K .......... .......... .......... .......... .......... 72% 49.6M 0s
[6.968s]   2950K .......... .......... .......... .......... .......... 73% 37.9M 0s
[6.970s]   3000K .......... .......... .......... .......... .......... 74% 23.0M 0s
[6.973s]   3050K .......... .......... .......... .......... .......... 75% 20.4M 0s
[6.973s]   3100K .......... .......... .......... .......... .......... 76% 70.9M 0s
[6.975s]   3150K .......... .......... .......... .......... .......... 78% 35.7M 0s
[6.976s]   3200K .......... .......... .......... .......... .......... 79% 41.4M 0s
[6.977s]   3250K .......... .......... .......... .......... .......... 80% 38.3M 0s
[6.979s]   3300K .......... .......... .......... .......... .......... 81% 34.1M 0s
[6.980s]   3350K .......... .......... .......... .......... .......... 83% 36.9M 0s
[6.983s]   3400K .......... .......... .......... .......... .......... 84% 14.8M 0s
[6.984s]   3450K .......... .......... .......... .......... .......... 85%  115M 0s
[6.985s]   3500K .......... .......... .......... .......... .......... 86% 52.9M 0s
[6.986s]   3550K .......... .......... .......... .......... .......... 87% 38.5M 0s
[6.987s]   3600K .......... .......... .......... .......... .......... 89% 32.6M 0s
[6.989s]   3650K .......... .......... .......... .......... .......... 90% 38.1M 0s
[6.990s]   3700K .......... .......... .......... .......... .......... 91% 27.9M 0s
[6.991s]   3750K .......... .......... .......... .......... .......... 92% 44.8M 0s
[6.994s]   3800K .......... .......... .......... .......... .......... 93% 21.3M 0s
[6.995s]   3850K .......... .......... .......... .......... .......... 95% 38.4M 0s
[6.996s]   3900K .......... .......... .......... .......... .......... 96% 38.2M 0s
[6.999s]   3950K .......... .......... .......... .......... .......... 97% 15.6M 0s
[7.000s]   4000K .......... .......... .......... .......... .......... 98% 65.5M 0s
[7.001s]   4050K .......... .......... .......... .......... ......    100% 71.2M=0.3s
[7.001s] 
[7.001s] 2026-07-01 18:05:58 (15.7 MB/s) - ‘/home/safal/Desktop/unitreego2nav/build/multirobot_map_merge/map00.pgm’ saved [4194362/4194362]
[7.001s] 
[7.012s] Checking MD5 sum of /home/safal/Desktop/unitreego2nav/build/multirobot_map_merge/map00.pgm
[7.023s] /home/safal/Desktop/unitreego2nav/build/multirobot_map_merge/map00.pgm: OK
[7.028s] --2026-07-01 18:05:58--  https://raw.githubusercontent.com/hrnr/m-explore-extra/master/map_merge/hector_maps/map05.pgm
[7.031s] Resolving raw.githubusercontent.com (raw.githubusercontent.com)... 2606:50c0:8002::154, 2606:50c0:8003::154, 2606:50c0:8000::154, ...
[7.050s] Connecting to raw.githubusercontent.com (raw.githubusercontent.com)|2606:50c0:8002::154|:443... connected.
[9.410s] HTTP request sent, awaiting response... 200 OK
[9.410s] Length: 4194362 (4.0M) [application/octet-stream]
[9.410s] Saving to: ‘/home/safal/Desktop/unitreego2nav/build/multirobot_map_merge/map05.pgm’
[9.410s] 
[9.436s]      0K .......... .......... .......... .......... ..........  1% 1.79M 2s
[9.458s]     50K .......... .......... .......... .......... ..........  2% 2.18M 2s
[9.466s]    100K .......... .......... .......... .......... ..........  3% 6.52M 2s
[9.471s]    150K .......... .......... .......... .......... ..........  4% 9.44M 1s
[9.479s]    200K .......... .......... .......... .......... ..........  6% 5.98M 1s
[9.481s]    250K .......... .......... .......... .......... ..........  7% 19.0M 1s
[9.486s]    300K .......... .......... .......... .......... ..........  8% 10.1M 1s
[9.488s]    350K .......... .......... .......... .......... ..........  9% 21.6M 1s
[9.490s]    400K .......... .......... .......... .......... .......... 10% 23.7M 1s
[9.496s]    450K .......... .......... .......... .......... .......... 12% 11.1M 1s
[9.500s]    500K .......... .......... .......... .......... .......... 13% 9.14M 1s
[9.501s]    550K .......... .......... .......... .......... .......... 14% 40.3M 1s
[9.503s]    600K .......... .......... .......... .......... .......... 15% 42.8M 0s
[9.504s]    650K .......... .......... .......... .......... .......... 17% 30.7M 0s
[9.507s]    700K .......... .......... .......... .......... .......... 18% 29.4M 0s
[9.508s]    750K .......... .......... .......... .......... .......... 19% 22.8M 0s
[9.509s]    800K .......... .......... .......... .......... .......... 20% 41.0M 0s
[9.512s]    850K .......... .......... .......... .......... .......... 21% 19.8M 0s
[9.512s]    900K .......... .......... .......... .......... .......... 23% 59.0M 0s
[9.514s]    950K .......... .......... .......... .......... .......... 24% 27.3M 0s
[9.516s]   1000K .......... .......... .......... .......... .......... 25% 26.1M 0s
[9.517s]   1050K .......... .......... .......... .......... .......... 26% 36.0M 0s
[9.524s]   1100K .......... .......... .......... .......... .......... 28% 8.31M 0s
[9.526s]   1150K .......... .......... .......... .......... .......... 29% 18.9M 0s
[9.527s]   1200K .......... .......... .......... .......... .......... 30% 40.5M 0s
[9.528s]   1250K .......... .......... .......... .......... .......... 31% 40.6M 0s
[9.529s]   1300K .......... .......... .......... .......... .......... 32% 48.6M 0s
[9.531s]   1350K .......... .......... .......... .......... .......... 34% 36.0M 0s
[9.532s]   1400K .......... .......... .......... .......... .......... 35% 31.5M 0s
[9.533s]   1450K .......... .......... .......... .......... .......... 36% 40.7M 0s
[9.535s]   1500K .......... .......... .......... .......... .......... 37% 26.5M 0s
[9.537s]   1550K .......... .......... .......... .......... .......... 39% 33.8M 0s
[9.539s]   1600K .......... .......... .......... .......... .......... 40% 25.8M 0s
[9.540s]   1650K .......... .......... .......... .......... .......... 41% 37.4M 0s
[9.541s]   1700K .......... .......... .......... .......... .......... 42% 61.3M 0s
[9.542s]   1750K .......... .......... .......... .......... .......... 43% 29.4M 0s
[9.544s]   1800K .......... .......... .......... .......... .......... 45% 23.5M 0s
[9.546s]   1850K .......... .......... .......... .......... .......... 46% 37.0M 0s
[9.547s]   1900K .......... .......... .......... .......... .......... 47% 46.6M 0s
[9.548s]   1950K .......... .......... .......... .......... .......... 48% 39.7M 0s
[9.549s]   2000K .......... .......... .......... .......... .......... 50% 41.6M 0s
[9.551s]   2050K .......... .......... .......... .......... .......... 51% 24.2M 0s
[9.554s]   2100K .......... .......... .......... .......... .......... 52% 18.0M 0s
[9.556s]   2150K .......... .......... .......... .......... .......... 53% 26.1M 0s
[9.559s]   2200K .......... .......... .......... .......... .......... 54% 17.2M 0s
[9.561s]   2250K .......... .......... .......... .......... .......... 56% 23.9M 0s
[9.562s]   2300K .......... .......... .......... .......... .......... 57% 39.5M 0s
[9.563s]   2350K .......... .......... .......... .......... .......... 58% 41.8M 0s
[9.565s]   2400K .......... .......... .......... .......... .......... 59% 43.0M 0s
[9.565s]   2450K .......... .......... .......... .......... .......... 61%  166M 0s
[9.566s]   2500K .......... .......... .......... .......... .......... 62% 31.5M 0s
[9.568s]   2550K .......... .......... .......... .......... .......... 63% 40.9M 0s
[9.569s]   2600K .......... .......... .......... .......... .......... 64% 40.6M 0s
[9.571s]   2650K .......... .......... .......... .......... .......... 65% 23.7M 0s
[9.571s]   2700K .......... .......... .......... .......... .......... 67%  153M 0s
[9.572s]   2750K .......... .......... .......... .......... .......... 68% 58.0M 0s
[9.573s]   2800K .......... .......... .......... .......... .......... 69% 53.0M 0s
[9.574s]   2850K .......... .......... .......... .......... .......... 70% 37.0M 0s
[9.576s]   2900K .......... .......... .......... .......... .......... 72% 29.6M 0s
[9.577s]   2950K .......... .......... .......... .......... .......... 73% 37.3M 0s
[9.578s]   3000K .......... .......... .......... .......... .......... 74% 42.0M 0s
[9.580s]   3050K .......... .......... .......... .......... .......... 75% 23.1M 0s
[9.582s]   3100K .......... .......... .......... .......... .......... 76% 38.6M 0s
[9.583s]   3150K .......... .......... .......... .......... .......... 78% 44.7M 0s
[9.583s]   3200K .......... .......... .......... .......... .......... 79% 57.7M 0s
[9.585s]   3250K .......... .......... .......... .......... .......... 80% 33.5M 0s
[9.609s]   3300K .......... .......... .......... .......... .......... 81% 2.03M 0s
[9.612s]   3350K .......... .......... .......... .......... .......... 83% 15.3M 0s
[9.613s]   3400K .......... .......... .......... .......... .......... 84% 93.3M 0s
[9.616s]   3450K .......... .......... .......... .......... .......... 85% 17.3M 0s
[9.617s]   3500K .......... .......... .......... .......... .......... 86% 41.6M 0s
[9.621s]   3550K .......... .......... .......... .......... .......... 87% 12.3M 0s
[9.622s]   3600K .......... .......... .......... .......... .......... 89%  148M 0s
[9.622s]   3650K .......... .......... .......... .......... .......... 90%  200M 0s
[9.624s]   3700K .......... .......... .......... .......... .......... 91% 15.7M 0s
[9.628s]   3750K .......... .......... .......... .......... .......... 92% 13.3M 0s
[9.629s]   3800K .......... .......... .......... .......... .......... 93%  212M 0s
[9.635s]   3850K .......... .......... .......... .......... .......... 95% 8.51M 0s
[9.635s]   3900K .......... .......... .......... .......... .......... 96%  194M 0s
[9.640s]   3950K .......... .......... .......... .......... .......... 97% 85.6M 0s
[9.641s]   4000K .......... .......... .......... .......... .......... 98%  215M 0s
[9.641s]   4050K .......... .......... .......... .......... ......    100% 19.7M=0.2s
[9.641s] 
[9.641s] 2026-07-01 18:06:00 (17.5 MB/s) - ‘/home/safal/Desktop/unitreego2nav/build/multirobot_map_merge/map05.pgm’ saved [4194362/4194362]
[9.641s] 
[9.641s] Checking MD5 sum of /home/safal/Desktop/unitreego2nav/build/multirobot_map_merge/map05.pgm
[9.650s] /home/safal/Desktop/unitreego2nav/build/multirobot_map_merge/map05.pgm: OK
[9.657s] --2026-07-01 18:06:00--  https://raw.githubusercontent.com/hrnr/m-explore-extra/master/map_merge/gmapping_maps/2011-08-09-12-22-52.pgm
[9.663s] Resolving raw.githubusercontent.com (raw.githubusercontent.com)... 2606:50c0:8000::154, 2606:50c0:8002::154, 2606:50c0:8001::154, ...
[9.682s] Connecting to raw.githubusercontent.com (raw.githubusercontent.com)|2606:50c0:8000::154|:443... connected.
[12.667s] HTTP request sent, awaiting response... 200 OK
[12.667s] Length: 16000058 (15M) [application/octet-stream]
[12.667s] Saving to: ‘/home/safal/Desktop/unitreego2nav/build/multirobot_map_merge/2011-08-09-12-22-52.pgm’
[12.668s] 
[12.691s]      0K .......... .......... .......... .......... ..........  0% 2.08M 7s
[12.700s]     50K .......... .......... .......... .......... ..........  0% 5.41M 5s
[12.713s]    100K .......... .......... .......... .......... ..........  0% 3.81M 5s
[12.716s]    150K .......... .......... .......... .......... ..........  1% 14.4M 4s
[12.721s]    200K .......... .......... .......... .......... ..........  1% 9.18M 3s
[12.728s]    250K .......... .......... .......... .......... ..........  1% 7.48M 3s
[12.732s]    300K .......... .......... .......... .......... ..........  2% 10.5M 3s
[12.735s]    350K .......... .......... .......... .......... ..........  2% 22.0M 3s
[12.739s]    400K .......... .......... .......... .......... ..........  2% 10.6M 2s
[12.740s]    450K .......... .......... .......... .......... ..........  3%  120M 2s
[12.744s]    500K .......... .......... .......... .......... ..........  3% 11.0M 2s
[12.749s]    550K .......... .......... .......... .......... ..........  3% 9.83M 2s
[12.750s]    600K .......... .......... .......... .......... ..........  4% 55.2M 2s
[12.756s]    650K .......... .......... .......... .......... ..........  4% 8.08M 2s
[12.756s]    700K .......... .......... .......... .......... ..........  4%  119M 2s
[12.758s]    750K .......... .......... .......... .......... ..........  5% 29.3M 2s
[12.758s]    800K .......... .......... .......... .......... ..........  5%  147M 2s
[12.759s]    850K .......... .......... .......... .......... ..........  5%  114M 1s
[12.763s]    900K .......... .......... .......... .......... ..........  6% 11.0M 1s
[12.764s]    950K .......... .......... .......... .......... ..........  6% 48.1M 1s
[12.765s]   1000K .......... .......... .......... .......... ..........  6% 48.9M 1s
[12.767s]   1050K .......... .......... .......... .......... ..........  7% 23.9M 1s
[12.769s]   1100K .......... .......... .......... .......... ..........  7% 22.1M 1s
[12.772s]   1150K .......... .......... .......... .......... ..........  7% 17.5M 1s
[12.773s]   1200K .......... .......... .......... .......... ..........  7% 57.8M 1s
[12.775s]   1250K .......... .......... .......... .......... ..........  8% 24.9M 1s
[12.778s]   1300K .......... .......... .......... .......... ..........  8% 19.2M 1s
[12.778s]   1350K .......... .......... .......... .......... ..........  8%  174M 1s
[12.781s]   1400K .......... .......... .......... .......... ..........  9% 18.5M 1s
[12.781s]   1450K .......... .......... .......... .......... ..........  9%  185M 1s
[12.781s]   1500K .......... .......... .......... .......... ..........  9% 78.0M 1s
[12.783s]   1550K .......... .......... .......... .......... .......... 10% 41.1M 1s
[12.784s]   1600K .......... .......... .......... .......... .......... 10% 38.8M 1s
[12.785s]   1650K .......... .......... .......... .......... .......... 10% 29.8M 1s
[12.787s]   1700K .......... .......... .......... .......... .......... 11% 28.2M 1s
[12.790s]   1750K .......... .......... .......... .......... .......... 11% 18.0M 1s
[12.797s]   1800K .......... .......... .......... .......... .......... 11% 92.2M 1s
[12.798s]   1850K .......... .......... .......... .......... .......... 12% 6.80M 1s
[12.798s]   1900K .......... .......... .......... .......... .......... 12% 70.5M 1s
[12.799s]   1950K .......... .......... .......... .......... .......... 12% 52.6M 1s
[12.802s]   2000K .......... .......... .......... .......... .......... 13% 18.3M 1s
[12.802s]   2050K .......... .......... .......... .......... .......... 13% 82.3M 1s
[12.803s]   2100K .......... .......... .......... .......... .......... 13% 62.8M 1s
[12.804s]   2150K .......... .......... .......... .......... .......... 14% 79.1M 1s
[12.805s]   2200K .......... .......... .......... .......... .......... 14% 57.8M 1s
[12.805s]   2250K .......... .......... .......... .......... .......... 14% 73.6M 1s
[12.806s]   2300K .......... .......... .......... .......... .......... 15% 70.1M 1s
[12.807s]   2350K .......... .......... .......... .......... .......... 15% 68.6M 1s
[12.808s]   2400K .......... .......... .......... .......... .......... 15% 67.8M 1s
[12.808s]   2450K .......... .......... .......... .......... .......... 15% 70.1M 1s
[12.811s]   2500K .......... .......... .......... .......... .......... 16% 15.6M 1s
[12.815s]   2550K .......... .......... .......... .......... .......... 16% 15.6M 1s
[12.816s]   2600K .......... .......... .......... .......... .......... 16% 42.9M 1s
[12.818s]   2650K .......... .......... .......... .......... .......... 17% 19.7M 1s
[12.819s]   2700K .......... .......... .......... .......... .......... 17% 78.6M 1s
[12.819s]   2750K .......... .......... .......... .......... .......... 17% 75.8M 1s
[12.822s]   2800K .......... .......... .......... .......... .......... 18% 88.9M 1s
[12.822s]   2850K .......... .......... .......... .......... .......... 18% 20.4M 1s
[12.823s]   2900K .......... .......... .......... .......... .......... 18% 74.8M 1s
[12.833s]   2950K .......... .......... .......... .......... .......... 19% 4.88M 1s
[12.834s]   3000K .......... .......... .......... .......... .......... 19% 71.4M 1s
[12.834s]   3050K .......... .......... .......... .......... .......... 19% 70.2M 1s
[12.835s]   3100K .......... .......... .......... .......... .......... 20%  102M 1s
[12.835s]   3150K .......... .......... .......... .......... .......... 20% 69.6M 1s
[12.836s]   3200K .......... .......... .......... .......... .......... 20% 80.3M 1s
[12.837s]   3250K .......... .......... .......... .......... .......... 21% 59.6M 1s
[12.837s]   3300K .......... .......... .......... .......... .......... 21% 77.2M 1s
[12.838s]   3350K .......... .......... .......... .......... .......... 21% 77.8M 1s
[12.839s]   3400K .......... .......... .......... .......... .......... 22% 83.8M 1s
[12.841s]   3450K .......... .......... .......... .......... .......... 22% 22.8M 1s
[12.841s]   3500K .......... .......... .......... .......... .......... 22%  124M 1s
[12.842s]   3550K .......... .......... .......... .......... .......... 23% 71.6M 1s
[12.843s]   3600K .......... .......... .......... .......... .......... 23% 45.7M 1s
[12.843s]   3650K .......... .......... .......... .......... .......... 23% 99.3M 1s
[12.844s]   3700K .......... .......... .......... .......... .......... 23%  133M 1s
[12.847s]   3750K .......... .......... .......... .......... .......... 24% 20.5M 1s
[12.847s]   3800K .......... .......... .......... .......... .......... 24% 55.9M 1s
[12.848s]   3850K .......... .......... .......... .......... .......... 24% 49.5M 1s
[12.858s]   3900K .......... .......... .......... .......... .......... 25% 5.30M 1s
[12.859s]   3950K .......... .......... .......... .......... .......... 25% 78.7M 1s
[12.859s]   4000K .......... .......... .......... .......... .......... 25% 81.6M 1s
[12.860s]   4050K .......... .......... .......... .......... .......... 26% 31.5M 1s
[12.861s]   4100K .......... .......... .......... .......... .......... 26%  106M 1s
[12.869s]   4150K .......... .......... .......... .......... .......... 26% 6.01M 1s
[12.870s]   4200K .......... .......... .......... .......... .......... 27% 32.7M 1s
[12.872s]   4250K .......... .......... .......... .......... .......... 27% 27.9M 1s
[12.873s]   4300K .......... .......... .......... .......... .......... 27% 49.5M 1s
[12.875s]   4350K .......... .......... .......... .......... .......... 28% 28.0M 1s
[12.881s]   4400K .......... .......... .......... .......... .......... 28% 8.42M 1s
[12.881s]   4450K .......... .......... .......... .......... .......... 28% 79.4M 1s
[12.882s]   4500K .......... .......... .......... .......... .......... 29% 68.6M 1s
[12.883s]   4550K .......... .......... .......... .......... .......... 29% 68.0M 1s
[12.883s]   4600K .......... .......... .......... .......... .......... 29% 70.4M 1s
[12.884s]   4650K .......... .......... .......... .......... .......... 30% 89.8M 1s
[12.884s]   4700K .......... .......... .......... .......... .......... 30% 67.6M 0s
[12.886s]   4750K .......... .......... .......... .......... .......... 30% 37.7M 0s
[12.888s]   4800K .......... .......... .......... .......... .......... 31% 24.7M 0s
[12.897s]   4850K .......... .......... .......... .......... .......... 31% 5.63M 1s
[12.897s]   4900K .......... .......... .......... .......... .......... 31%  156M 0s
[12.897s]   4950K .......... .......... .......... .......... .......... 31%  187M 0s
[12.899s]   5000K .......... .......... .......... .......... .......... 32% 29.9M 0s
[12.899s]   5050K .......... .......... .......... .......... .......... 32% 78.5M 0s
[12.903s]   5100K .......... .......... .......... .......... .......... 32% 18.5M 0s
[12.903s]   5150K .......... .......... .......... .......... .......... 33%  216M 0s
[12.903s]   5200K .......... .......... .......... .......... .......... 33% 47.2M 0s
[12.905s]   5250K .......... .......... .......... .......... .......... 33% 33.5M 0s
[12.906s]   5300K .......... .......... .......... .......... .......... 34% 46.7M 0s
[12.907s]   5350K .......... .......... .......... .......... .......... 34% 31.6M 0s
[12.908s]   5400K .......... .......... .......... .......... .......... 34%  145M 0s
[12.909s]   5450K .......... .......... .......... .......... .......... 35% 39.9M 0s
[12.909s]   5500K .......... .......... .......... .......... .......... 35% 89.5M 0s
[12.910s]   5550K .......... .......... .......... .......... .......... 35% 40.4M 0s
[12.912s]   5600K .......... .......... .......... .......... .......... 36% 51.6M 0s
[12.912s]   5650K .......... .......... .......... .......... .......... 36% 54.9M 0s
[12.914s]   5700K .......... .......... .......... .......... .......... 36% 32.2M 0s
[12.915s]   5750K .......... .......... .......... .......... .......... 37% 39.8M 0s
[12.917s]   5800K .......... .......... .......... .......... .......... 37% 35.2M 0s
[12.917s]   5850K .......... .......... .......... .......... .......... 37% 61.4M 0s
[12.919s]   5900K .......... .......... .......... .......... .......... 38% 28.1M 0s
[12.921s]   5950K .......... .......... .......... .......... .......... 38% 31.1M 0s
[12.922s]   6000K .......... .......... .......... .......... .......... 38% 32.6M 0s
[12.925s]   6050K .......... .......... .......... .......... .......... 39% 19.7M 0s
[12.925s]   6100K .......... .......... .......... .......... .......... 39% 83.9M 0s
[12.926s]   6150K .......... .......... .......... .......... .......... 39% 39.3M 0s
[12.928s]   6200K .......... .......... .......... .......... .......... 39% 35.7M 0s
[12.930s]   6250K .......... .......... .......... .......... .......... 40% 20.6M 0s
[12.931s]   6300K .......... .......... .......... .......... .......... 40% 86.7M 0s
[12.933s]   6350K .......... .......... .......... .......... .......... 40% 26.6M 0s
[12.933s]   6400K .......... .......... .......... .......... .......... 41% 54.4M 0s
[12.934s]   6450K .......... .......... .......... .......... .......... 41% 45.7M 0s
[12.936s]   6500K .......... .......... .......... .......... .......... 41% 25.8M 0s
[12.938s]   6550K .......... .......... .......... .......... .......... 42% 42.0M 0s
[12.940s]   6600K .......... .......... .......... .......... .......... 42% 24.8M 0s
[12.941s]   6650K .......... .......... .......... .......... .......... 42% 49.0M 0s
[12.941s]   6700K .......... .......... .......... .......... .......... 43% 47.7M 0s
[12.943s]   6750K .......... .......... .......... .......... .......... 43% 25.8M 0s
[12.945s]   6800K .......... .......... .......... .......... .......... 43% 26.3M 0s
[12.947s]   6850K .......... .......... .......... .......... .......... 44% 37.1M 0s
[12.947s]   6900K .......... .......... .......... .......... .......... 44% 59.1M 0s
[12.949s]   6950K .......... .......... .......... .......... .......... 44% 26.8M 0s
[12.952s]   7000K .......... .......... .......... .......... .......... 45% 22.7M 0s
[12.954s]   7050K .......... .......... .......... .......... .......... 45% 39.3M 0s
[12.954s]   7100K .......... .......... .......... .......... .......... 45% 75.3M 0s
[12.955s]   7150K .......... .......... .......... .......... .......... 46% 29.9M 0s
[12.957s]   7200K .......... .......... .......... .......... .......... 46% 31.9M 0s
[12.958s]   7250K .......... .......... .......... .......... .......... 46% 32.0M 0s
[12.960s]   7300K .......... .......... .......... .......... .......... 47% 34.3M 0s
[12.960s]   7350K .......... .......... .......... .......... .......... 47% 54.7M 0s
[12.962s]   7400K .......... .......... .......... .......... .......... 47% 26.8M 0s
[12.963s]   7450K .......... .......... .......... .......... .......... 47% 66.1M 0s
[12.965s]   7500K .......... .......... .......... .......... .......... 48% 23.5M 0s
[12.966s]   7550K .......... .......... .......... .......... .......... 48% 41.1M 0s
[12.968s]   7600K .......... .......... .......... .......... .......... 48% 30.4M 0s
[12.969s]   7650K .......... .......... .......... .......... .......... 49% 34.6M 0s
[12.970s]   7700K .......... .......... .......... .......... .......... 49% 43.9M 0s
[12.972s]   7750K .......... .......... .......... .......... .......... 49% 33.5M 0s
[12.974s]   7800K .......... .......... .......... .......... .......... 50% 23.0M 0s
[12.976s]   7850K .......... .......... .......... .......... .......... 50% 30.3M 0s
[12.978s]   7900K .......... .......... .......... .......... .......... 50% 24.3M 0s
[12.978s]   7950K .......... .......... .......... .......... .......... 51% 65.2M 0s
[12.980s]   8000K .......... .......... .......... .......... .......... 51% 34.8M 0s
[12.982s]   8050K .......... .......... .......... .......... .......... 51% 23.3M 0s
[12.982s]   8100K .......... .......... .......... .......... .......... 52% 67.7M 0s
[12.984s]   8150K .......... .......... .......... .......... .......... 52% 27.6M 0s
[12.985s]   8200K .......... .......... .......... .......... .......... 52% 46.6M 0s
[12.987s]   8250K .......... .......... .......... .......... .......... 53% 29.1M 0s
[12.988s]   8300K .......... .......... .......... .......... .......... 53% 41.2M 0s
[12.990s]   8350K .......... .......... .......... .......... .......... 53% 30.3M 0s
[12.991s]   8400K .......... .......... .......... .......... .......... 54% 36.0M 0s
[12.992s]   8450K .......... .......... .......... .......... .......... 54% 59.4M 0s
[12.994s]   8500K .......... .......... .......... .......... .......... 54% 25.3M 0s
[12.995s]   8550K .......... .......... .......... .......... .......... 55% 41.7M 0s
[12.996s]   8600K .......... .......... .......... .......... .......... 55% 39.4M 0s
[12.999s]   8650K .......... .......... .......... .......... .......... 55% 21.5M 0s
[12.999s]   8700K .......... .......... .......... .......... .......... 55%  148M 0s
[13.003s]   8750K .......... .......... .......... .......... .......... 56% 12.6M 0s
[13.003s]   8800K .......... .......... .......... .......... .......... 56%  156M 0s
[13.004s]   8850K .......... .......... .......... .......... .......... 56% 36.9M 0s
[13.005s]   8900K .......... .......... .......... .......... .......... 57% 47.4M 0s
[13.007s]   8950K .......... .......... .......... .......... .......... 57% 35.6M 0s
[13.008s]   9000K .......... .......... .......... .......... .......... 57% 48.8M 0s
[13.009s]   9050K .......... .......... .......... .......... .......... 58% 36.9M 0s
[13.010s]   9100K .......... .......... .......... .......... .......... 58% 37.5M 0s
[13.012s]   9150K .......... .......... .......... .......... .......... 58% 32.7M 0s
[13.014s]   9200K .......... .......... .......... .......... .......... 59% 30.1M 0s
[13.015s]   9250K .......... .......... .......... .......... .......... 59% 39.4M 0s
[13.016s]   9300K .......... .......... .......... .......... .......... 59% 30.2M 0s
[13.017s]   9350K .......... .......... .......... .......... .......... 60% 42.0M 0s
[13.019s]   9400K .......... .......... .......... .......... .......... 60% 28.0M 0s
[13.020s]   9450K .......... .......... .......... .......... .......... 60% 55.3M 0s
[13.022s]   9500K .......... .......... .......... .......... .......... 61% 25.6M 0s
[13.024s]   9550K .......... .......... .......... .......... .......... 61% 31.5M 0s
[13.026s]   9600K .......... .......... .......... .......... .......... 61% 24.6M 0s
[13.027s]   9650K .......... .......... .......... .......... .......... 62% 35.1M 0s
[13.028s]   9700K .......... .......... .......... .......... .......... 62% 40.2M 0s
[13.030s]   9750K .......... .......... .......... .......... .......... 62% 24.8M 0s
[13.031s]   9800K .......... .......... .......... .......... .......... 63% 90.1M 0s
[13.032s]   9850K .......... .......... .......... .......... .......... 63% 31.6M 0s
[13.034s]   9900K .......... .......... .......... .......... .......... 63% 26.1M 0s
[13.036s]   9950K .......... .......... .......... .......... .......... 63% 33.9M 0s
[13.036s]  10000K .......... .......... .......... .......... .......... 64% 91.5M 0s
[13.037s]  10050K .......... .......... .......... .......... .......... 64% 38.0M 0s
[13.039s]  10100K .......... .......... .......... .......... .......... 64% 32.2M 0s
[13.040s]  10150K .......... .......... .......... .......... .......... 65% 34.1M 0s
[13.043s]  10200K .......... .......... .......... .......... .......... 65% 18.8M 0s
[13.043s]  10250K .......... .......... .......... .......... .......... 65%  118M 0s
[13.044s]  10300K .......... .......... .......... .......... .......... 66% 43.4M 0s
[13.046s]  10350K .......... .......... .......... .......... .......... 66% 33.2M 0s
[13.047s]  10400K .......... .......... .......... .......... .......... 66% 36.9M 0s
[13.049s]  10450K .......... .......... .......... .......... .......... 67% 26.3M 0s
[13.051s]  10500K .......... .......... .......... .......... .......... 67% 24.9M 0s
[13.052s]  10550K .......... .......... .......... .......... .......... 67% 65.8M 0s
[13.053s]  10600K .......... .......... .......... .......... .......... 68% 35.4M 0s
[13.055s]  10650K .......... .......... .......... .......... .......... 68% 21.3M 0s
[13.056s]  10700K .......... .......... .......... .......... .......... 68%  131M 0s
[13.057s]  10750K .......... .......... .......... .......... .......... 69% 37.3M 0s
[13.059s]  10800K .......... .......... .......... .......... .......... 69% 28.3M 0s
[13.060s]  10850K .......... .......... .......... .......... .......... 69% 40.4M 0s
[13.063s]  10900K .......... .......... .......... .......... .......... 70% 20.6M 0s
[13.064s]  10950K .......... .......... .......... .......... .......... 70% 40.7M 0s
[13.065s]  11000K .......... .......... .......... .......... .......... 70% 44.0M 0s
[13.066s]  11050K .......... .......... .......... .......... .......... 71% 45.4M 0s
[13.067s]  11100K .......... .......... .......... .......... .......... 71% 33.8M 0s
[13.069s]  11150K .......... .......... .......... .......... .......... 71% 28.2M 0s
[13.071s]  11200K .......... .......... .......... .......... .......... 71% 30.2M 0s
[13.071s]  11250K .......... .......... .......... .......... .......... 72% 53.3M 0s
[13.073s]  11300K .......... .......... .......... .......... .......... 72% 28.3M 0s
[13.074s]  11350K .......... .......... .......... .......... .......... 72% 45.7M 0s
[13.076s]  11400K .......... .......... .......... .......... .......... 73% 31.4M 0s
[13.077s]  11450K .......... .......... .......... .......... .......... 73% 33.9M 0s
[13.080s]  11500K .......... .......... .......... .......... .......... 73% 17.5M 0s
[13.080s]  11550K .......... .......... .......... .......... .......... 74%  113M 0s
[13.083s]  11600K .......... .......... .......... .......... .......... 74% 49.9M 0s
[13.083s]  11650K .......... .......... .......... .......... .......... 74% 25.6M 0s
[13.084s]  11700K .......... .......... .......... .......... .......... 75% 46.0M 0s
[13.087s]  11750K .......... .......... .......... .......... .......... 75% 22.3M 0s
[13.088s]  11800K .......... .......... .......... .......... .......... 75% 48.2M 0s
[13.088s]  11850K .......... .......... .......... .......... .......... 76% 57.3M 0s
[13.090s]  11900K .......... .......... .......... .......... .......... 76% 29.7M 0s
[13.092s]  11950K .......... .......... .......... .......... .......... 76% 27.1M 0s
[13.094s]  12000K .......... .......... .......... .......... .......... 77% 54.1M 0s
[13.095s]  12050K .......... .......... .......... .......... .......... 77% 19.5M 0s
[13.097s]  12100K .......... .......... .......... .......... .......... 77% 42.4M 0s
[13.098s]  12150K .......... .......... .......... .......... .......... 78% 26.4M 0s
[13.099s]  12200K .......... .......... .......... .......... .......... 78%  101M 0s
[13.101s]  12250K .......... .......... .......... .......... .......... 78% 26.9M 0s
[13.102s]  12300K .......... .......... .......... .......... .......... 79% 43.9M 0s
[13.103s]  12350K .......... .......... .......... .......... .......... 79% 36.1M 0s
[13.105s]  12400K .......... .......... .......... .......... .......... 79% 34.6M 0s
[13.106s]  12450K .......... .......... .......... .......... .......... 79% 31.8M 0s
[13.107s]  12500K .......... .......... .......... .......... .......... 80% 43.9M 0s
[13.109s]  12550K .......... .......... .......... .......... .......... 80% 27.5M 0s
[13.110s]  12600K .......... .......... .......... .......... .......... 80% 59.9M 0s
[13.111s]  12650K .......... .......... .......... .......... .......... 81% 34.0M 0s
[13.113s]  12700K .......... .......... .......... .......... .......... 81% 35.5M 0s
[13.114s]  12750K .......... .......... .......... .......... .......... 81% 28.8M 0s
[13.164s]  12800K .......... .......... .......... .......... .......... 82% 1010K 0s
[13.164s]  12850K .......... .......... .......... .......... .......... 82%  195M 0s
[13.166s]  12900K .......... .......... .......... .......... .......... 82% 44.2M 0s
[13.166s]  12950K .......... .......... .......... .......... .......... 83%  171M 0s
[13.166s]  13000K .......... .......... .......... .......... .......... 83%  175M 0s
[13.166s]  13050K .......... .......... .......... .......... .......... 83%  196M 0s
[13.167s]  13100K .......... .......... .......... .......... .......... 84%  187M 0s
[13.167s]  13150K .......... .......... .......... .......... .......... 84%  173M 0s
[13.168s]  13200K .......... .......... .......... .......... .......... 84%  205M 0s
[13.168s]  13250K .......... .......... .......... .......... .......... 85%  191M 0s
[13.168s]  13300K .......... .......... .......... .......... .......... 85%  205M 0s
[13.168s]  13350K .......... .......... .......... .......... .......... 85%  189M 0s
[13.169s]  13400K .......... .......... .......... .......... .......... 86%  199M 0s
[13.169s]  13450K .......... .......... .......... .......... .......... 86%  247M 0s
[13.169s]  13500K .......... .......... .......... .......... .......... 86%  265M 0s
[13.169s]  13550K .......... .......... .......... .......... .......... 87%  224M 0s
[13.169s]  13600K .......... .......... .......... .......... .......... 87%  252M 0s
[13.170s]  13650K .......... .......... .......... .......... .......... 87%  224M 0s
[13.170s]  13700K .......... .......... .......... .......... .......... 87%  246M 0s
[13.170s]  13750K .......... .......... .......... .......... .......... 88%  186M 0s
[13.170s]  13800K .......... .......... .......... .......... .......... 88%  149M 0s
[13.170s]  13850K .......... .......... .......... .......... .......... 88%  129M 0s
[13.171s]  13900K .......... .......... .......... .......... .......... 89%  168M 0s
[13.171s]  13950K .......... .......... .......... .......... .......... 89%  111M 0s
[13.171s]  14000K .......... .......... .......... .......... .......... 89%  208M 0s
[13.171s]  14050K .......... .......... .......... .......... .......... 90%  211M 0s
[13.172s]  14100K .......... .......... .......... .......... .......... 90%  164M 0s
[13.172s]  14150K .......... .......... .......... .......... .......... 90%  177M 0s
[13.173s]  14200K .......... .......... .......... .......... .......... 91%  221M 0s
[13.173s]  14250K .......... .......... .......... .......... .......... 91%  211M 0s
[13.194s]  14300K .......... .......... .......... .......... .......... 91% 2.28M 0s
[13.194s]  14350K .......... .......... .......... .......... .......... 92% 58.6M 0s
[13.195s]  14400K .......... .......... .......... .......... .......... 92% 61.3M 0s
[13.197s]  14450K .......... .......... .......... .......... .......... 92% 35.1M 0s
[13.197s]  14500K .......... .......... .......... .......... .......... 93%  156M 0s
[13.197s]  14550K .......... .......... .......... .......... .......... 93%  182M 0s
[13.199s]  14600K .......... .......... .......... .......... .......... 93%  204M 0s
[13.199s]  14650K .......... .......... .......... .......... .......... 94%  212M 0s
[13.199s]  14700K .......... .......... .......... .......... .......... 94%  206M 0s
[13.199s]  14750K .......... .......... .......... .......... .......... 94%  171M 0s
[13.199s]  14800K .......... .......... .......... .......... .......... 95%  208M 0s
[13.199s]  14850K .......... .......... .......... .......... .......... 95%  205M 0s
[13.200s]  14900K .......... .......... .......... .......... .......... 95%  192M 0s
[13.200s]  14950K .......... .......... .......... .......... .......... 95%  184M 0s
[13.200s]  15000K .......... .......... .......... .......... .......... 96%  214M 0s
[13.200s]  15050K .......... .......... .......... .......... .......... 96%  220M 0s
[13.200s]  15100K .......... .......... .......... .......... .......... 96%  131M 0s
[13.201s]  15150K .......... .......... .......... .......... .......... 97%  172M 0s
[13.201s]  15200K .......... .......... .......... .......... .......... 97%  203M 0s
[13.201s]  15250K .......... .......... .......... .......... .......... 97%  194M 0s
[13.201s]  15300K .......... .......... .......... .......... .......... 98%  176M 0s
[13.201s]  15350K .......... .......... .......... .......... .......... 98%  201M 0s
[13.202s]  15400K .......... .......... .......... .......... .......... 98%  186M 0s
[13.203s]  15450K .......... .......... .......... .......... .......... 99%  197M 0s
[13.203s]  15500K .......... .......... .......... .......... .......... 99%  209M 0s
[13.203s]  15550K .......... .......... .......... .......... .......... 99%  191M 0s
[13.203s]  15600K .......... .......... .....                           100%  225M=0.5s
[13.203s] 
[13.203s] 2026-07-01 18:06:04 (28.5 MB/s) - ‘/home/safal/Desktop/unitreego2nav/build/multirobot_map_merge/2011-08-09-12-22-52.pgm’ saved [16000058/16000058]
[13.204s] 
[13.204s] Checking MD5 sum of /home/safal/Desktop/unitreego2nav/build/multirobot_map_merge/2011-08-09-12-22-52.pgm
[13.246s] /home/safal/Desktop/unitreego2nav/build/multirobot_map_merge/2011-08-09-12-22-52.pgm: OK
[13.252s] --2026-07-01 18:06:04--  https://raw.githubusercontent.com/hrnr/m-explore-extra/master/map_merge/gmapping_maps/2012-01-28-11-12-01.pgm
[13.258s] Resolving raw.githubusercontent.com (raw.githubusercontent.com)... 2606:50c0:8001::154, 2606:50c0:8000::154, 2606:50c0:8002::154, ...
[13.279s] Connecting to raw.githubusercontent.com (raw.githubusercontent.com)|2606:50c0:8001::154|:443... connected.
[17.028s] HTTP request sent, awaiting response... 200 OK
[17.028s] Length: 16000058 (15M) [application/octet-stream]
[17.028s] Saving to: ‘/home/safal/Desktop/unitreego2nav/build/multirobot_map_merge/2012-01-28-11-12-01.pgm’
[17.028s] 
[17.051s]      0K .......... .......... .......... .......... ..........  0% 2.14M 7s
[17.055s]     50K .......... .......... .......... .......... ..........  0% 11.2M 4s
[17.071s]    100K .......... .......... .......... .......... ..........  0% 3.12M 4s
[17.075s]    150K .......... .......... .......... .......... ..........  1% 12.7M 4s
[17.079s]    200K .......... .......... .......... .......... ..........  1% 11.6M 3s
[17.087s]    250K .......... .......... .......... .......... ..........  1% 5.72M 3s
[17.093s]    300K .......... .......... .......... .......... ..........  2% 9.19M 3s
[17.095s]    350K .......... .......... .......... .......... ..........  2% 20.3M 3s
[17.097s]    400K .......... .......... .......... .......... ..........  2% 24.0M 2s
[17.100s]    450K .......... .......... .......... .......... ..........  3% 21.2M 2s
[17.102s]    500K .......... .......... .......... .......... ..........  3% 23.7M 2s
[17.103s]    550K .......... .......... .......... .......... ..........  3% 45.9M 2s
[17.112s]    600K .......... .......... .......... .......... ..........  4% 5.10M 2s
[17.113s]    650K .......... .......... .......... .......... ..........  4% 37.8M 2s
[17.115s]    700K .......... .......... .......... .......... ..........  4% 26.7M 2s
[17.117s]    750K .......... .......... .......... .......... ..........  5% 32.8M 2s
[17.118s]    800K .......... .......... .......... .......... ..........  5% 39.7M 2s
[17.120s]    850K .......... .......... .......... .......... ..........  5% 27.8M 2s
[17.121s]    900K .......... .......... .......... .......... ..........  6% 38.7M 1s
[17.122s]    950K .......... .......... .......... .......... ..........  6% 45.8M 1s
[17.124s]   1000K .......... .......... .......... .......... ..........  6% 34.2M 1s
[17.127s]   1050K .......... .......... .......... .......... ..........  7% 14.6M 1s
[17.133s]   1100K .......... .......... .......... .......... ..........  7% 8.44M 1s
[17.133s]   1150K .......... .......... .......... .......... ..........  7%  170M 1s
[17.134s]   1200K .......... .......... .......... .......... ..........  7% 45.7M 1s
[17.138s]   1250K .......... .......... .......... .......... ..........  8% 13.3M 1s
[17.139s]   1300K .......... .......... .......... .......... ..........  8% 36.8M 1s
[17.141s]   1350K .......... .......... .......... .......... ..........  8% 26.7M 1s
[17.143s]   1400K .......... .......... .......... .......... ..........  9% 30.9M 1s
[17.144s]   1450K .......... .......... .......... .......... ..........  9% 31.0M 1s
[17.146s]   1500K .......... .......... .......... .......... ..........  9% 28.5M 1s
[17.147s]   1550K .......... .......... .......... .......... .......... 10% 50.9M 1s
[17.148s]   1600K .......... .......... .......... .......... .......... 10% 54.1M 1s
[17.149s]   1650K .......... .......... .......... .......... .......... 10% 26.7M 1s
[17.153s]   1700K .......... .......... .......... .......... .......... 11% 15.0M 1s
[17.153s]   1750K .......... .......... .......... .......... .......... 11%  138M 1s
[17.154s]   1800K .......... .......... .......... .......... .......... 11% 66.9M 1s
[17.155s]   1850K .......... .......... .......... .......... .......... 12% 40.0M 1s
[17.156s]   1900K .......... .......... .......... .......... .......... 12% 33.4M 1s
[17.158s]   1950K .......... .......... .......... .......... .......... 12% 30.7M 1s
[17.160s]   2000K .......... .......... .......... .......... .......... 13% 21.2M 1s
[17.162s]   2050K .......... .......... .......... .......... .......... 13% 28.9M 1s
[17.163s]   2100K .......... .......... .......... .......... .......... 13% 93.1M 1s
[17.164s]   2150K .......... .......... .......... .......... .......... 14% 40.5M 1s
[17.166s]   2200K .......... .......... .......... .......... .......... 14% 23.9M 1s
[17.167s]   2250K .......... .......... .......... .......... .......... 14% 55.9M 1s
[17.169s]   2300K .......... .......... .......... .......... .......... 15% 19.6M 1s
[17.170s]   2350K .......... .......... .......... .......... .......... 15% 95.2M 1s
[17.172s]   2400K .......... .......... .......... .......... .......... 15% 19.7M 1s
[17.173s]   2450K .......... .......... .......... .......... .......... 15%  132M 1s
[17.174s]   2500K .......... .......... .......... .......... .......... 16% 39.2M 1s
[17.180s]   2550K .......... .......... .......... .......... .......... 16% 8.42M 1s
[17.181s]   2600K .......... .......... .......... .......... .......... 16% 38.6M 1s
[17.184s]   2650K .......... .......... .......... .......... .......... 17% 18.4M 1s
[17.184s]   2700K .......... .......... .......... .......... .......... 17%  159M 1s
[17.184s]   2750K .......... .......... .......... .......... .......... 17% 79.9M 1s
[17.186s]   2800K .......... .......... .......... .......... .......... 18% 33.7M 1s
[17.187s]   2850K .......... .......... .......... .......... .......... 18% 31.0M 1s
[17.189s]   2900K .......... .......... .......... .......... .......... 18% 34.1M 1s
[17.190s]   2950K .......... .......... .......... .......... .......... 19% 31.8M 1s
[17.194s]   3000K .......... .......... .......... .......... .......... 19% 13.5M 1s
[17.194s]   3050K .......... .......... .......... .......... .......... 19%  160M 1s
[17.195s]   3100K .......... .......... .......... .......... .......... 20% 55.1M 1s
[17.196s]   3150K .......... .......... .......... .......... .......... 20% 68.9M 1s
[17.199s]   3200K .......... .......... .......... .......... .......... 20% 15.4M 1s
[17.199s]   3250K .......... .......... .......... .......... .......... 21%  117M 1s
[17.202s]   3300K .......... .......... .......... .......... .......... 21% 17.6M 1s
[17.203s]   3350K .......... .......... .......... .......... .......... 21% 45.9M 1s
[17.204s]   3400K .......... .......... .......... .......... .......... 22% 97.9M 1s
[17.204s]   3450K .......... .......... .......... .......... .......... 22% 71.4M 1s
[17.206s]   3500K .......... .......... .......... .......... .......... 22% 39.6M 1s
[17.207s]   3550K .......... .......... .......... .......... .......... 23% 32.9M 1s
[17.209s]   3600K .......... .......... .......... .......... .......... 23% 22.2M 1s
[17.211s]   3650K .......... .......... .......... .......... .......... 23% 44.9M 1s
[17.212s]   3700K .......... .......... .......... .......... .......... 23% 44.1M 1s
[17.213s]   3750K .......... .......... .......... .......... .......... 24% 29.4M 1s
[17.214s]   3800K .......... .......... .......... .......... .......... 24% 48.0M 1s
[17.218s]   3850K .......... .......... .......... .......... .......... 24% 15.6M 1s
[17.218s]   3900K .......... .......... .......... .......... .......... 25%  100M 1s
[17.219s]   3950K .......... .......... .......... .......... .......... 25% 53.3M 1s
[17.220s]   4000K .......... .......... .......... .......... .......... 25% 44.0M 1s
[17.222s]   4050K .......... .......... .......... .......... .......... 26% 22.7M 1s
[17.223s]   4100K .......... .......... .......... .......... .......... 26% 47.7M 1s
[17.224s]   4150K .......... .......... .......... .......... .......... 26% 46.1M 1s
[17.226s]   4200K .......... .......... .......... .......... .......... 27% 30.7M 1s
[17.227s]   4250K .......... .......... .......... .......... .......... 27% 34.4M 1s
[17.228s]   4300K .......... .......... .......... .......... .......... 27% 39.5M 1s
[17.230s]   4350K .......... .......... .......... .......... .......... 28% 27.1M 1s
[17.231s]   4400K .......... .......... .......... .......... .......... 28% 44.8M 1s
[17.233s]   4450K .......... .......... .......... .......... .......... 28% 26.2M 1s
[17.235s]   4500K .......... .......... .......... .......... .......... 29% 33.1M 1s
[17.237s]   4550K .......... .......... .......... .......... .......... 29% 18.6M 1s
[17.238s]   4600K .......... .......... .......... .......... .......... 29%  134M 0s
[17.239s]   4650K .......... .......... .......... .......... .......... 30% 51.0M 0s
[17.240s]   4700K .......... .......... .......... .......... .......... 30% 39.4M 0s
[17.241s]   4750K .......... .......... .......... .......... .......... 30% 34.2M 0s
[17.243s]   4800K .......... .......... .......... .......... .......... 31% 24.0M 0s
[17.247s]   4850K .......... .......... .......... .......... .......... 31% 14.1M 0s
[17.247s]   4900K .......... .......... .......... .......... .......... 31% 85.5M 0s
[17.248s]   4950K .......... .......... .......... .......... .......... 31% 89.3M 0s
[17.249s]   5000K .......... .......... .......... .......... .......... 32% 62.0M 0s
[17.251s]   5050K .......... .......... .......... .......... .......... 32% 21.4M 0s
[17.252s]   5100K .......... .......... .......... .......... .......... 32% 41.5M 0s
[17.253s]   5150K .......... .......... .......... .......... .......... 33% 46.7M 0s
[17.254s]   5200K .......... .......... .......... .......... .......... 33% 48.4M 0s
[17.256s]   5250K .......... .......... .......... .......... .......... 33% 30.2M 0s
[17.258s]   5300K .......... .......... .......... .......... .......... 34% 20.7M 0s
[17.259s]   5350K .......... .......... .......... .......... .......... 34% 56.9M 0s
[17.260s]   5400K .......... .......... .......... .......... .......... 34% 36.3M 0s
[17.264s]   5450K .......... .......... .......... .......... .......... 35% 15.6M 0s
[17.267s]   5500K .......... .......... .......... .......... .......... 35% 12.6M 0s
[17.268s]   5550K .......... .......... .......... .......... .......... 35%  152M 0s
[17.270s]   5600K .......... .......... .......... .......... .......... 36% 27.7M 0s
[17.270s]   5650K .......... .......... .......... .......... .......... 36%  116M 0s
[17.272s]   5700K .......... .......... .......... .......... .......... 36% 22.2M 0s
[17.272s]   5750K .......... .......... .......... .......... .......... 37%  143M 0s
[17.273s]   5800K .......... .......... .......... .......... .......... 37% 69.7M 0s
[17.275s]   5850K .......... .......... .......... .......... .......... 37% 25.0M 0s
[17.280s]   5900K .......... .......... .......... .......... .......... 38% 9.25M 0s
[17.286s]   5950K .......... .......... .......... .......... .......... 38% 9.02M 0s
[17.286s]   6000K .......... .......... .......... .......... .......... 38%  122M 0s
[17.288s]   6050K .......... .......... .......... .......... .......... 39% 31.1M 0s
[17.290s]   6100K .......... .......... .......... .......... .......... 39% 20.4M 0s
[17.296s]   6150K .......... .......... .......... .......... .......... 39% 9.17M 0s
[17.298s]   6200K .......... .......... .......... .......... .......... 39% 18.6M 0s
[17.302s]   6250K .......... .......... .......... .......... .......... 40% 12.0M 0s
[17.306s]   6300K .......... .......... .......... .......... .......... 40% 11.9M 0s
[17.307s]   6350K .......... .......... .......... .......... .......... 40%  144M 0s
[17.310s]   6400K .......... .......... .......... .......... .......... 41% 13.0M 0s
[17.311s]   6450K .......... .......... .......... .......... .......... 41%  128M 0s
[17.315s]   6500K .......... .......... .......... .......... .......... 41% 12.7M 0s
[17.319s]   6550K .......... .......... .......... .......... .......... 42% 11.8M 0s
[17.319s]   6600K .......... .......... .......... .......... .......... 42%  173M 0s
[17.320s]   6650K .......... .......... .......... .......... .......... 42% 48.7M 0s
[17.322s]   6700K .......... .......... .......... .......... .......... 43% 29.9M 0s
[17.322s]   6750K .......... .......... .......... .......... .......... 43%  100M 0s
[17.323s]   6800K .......... .......... .......... .......... .......... 43%  110M 0s
[17.324s]   6850K .......... .......... .......... .......... .......... 44% 55.9M 0s
[17.324s]   6900K .......... .......... .......... .......... .......... 44% 75.6M 0s
[17.327s]   6950K .......... .......... .......... .......... .......... 44% 16.0M 0s
[17.329s]   7000K .......... .......... .......... .......... .......... 45% 31.8M 0s
[17.330s]   7050K .......... .......... .......... .......... .......... 45% 45.3M 0s
[17.331s]   7100K .......... .......... .......... .......... .......... 45% 40.6M 0s
[17.332s]   7150K .......... .......... .......... .......... .......... 46% 31.5M 0s
[17.335s]   7200K .......... .......... .......... .......... .......... 46% 20.3M 0s
[17.336s]   7250K .......... .......... .......... .......... .......... 46% 75.5M 0s
[17.336s]   7300K .......... .......... .......... .......... .......... 47%  100M 0s
[17.337s]   7350K .......... .......... .......... .......... .......... 47% 67.9M 0s
[17.337s]   7400K .......... .......... .......... .......... .......... 47%  103M 0s
[17.338s]   7450K .......... .......... .......... .......... .......... 47% 72.5M 0s
[17.338s]   7500K .......... .......... .......... .......... .......... 48%  103M 0s
[17.339s]   7550K .......... .......... .......... .......... .......... 48% 62.4M 0s
[17.340s]   7600K .......... .......... .......... .......... .......... 48% 76.1M 0s
[17.341s]   7650K .......... .......... .......... .......... .......... 49% 44.8M 0s
[17.341s]   7700K .......... .......... .......... .......... .......... 49%  139M 0s
[17.345s]   7750K .......... .......... .......... .......... .......... 49% 14.6M 0s
[17.352s]   7800K .......... .......... .......... .......... .......... 50% 7.04M 0s
[17.352s]   7850K .......... .......... .......... .......... .......... 50% 54.8M 0s
[17.354s]   7900K .......... .......... .......... .......... .......... 50% 35.0M 0s
[17.357s]   7950K .......... .......... .......... .......... .......... 51% 17.0M 0s
[17.358s]   8000K .......... .......... .......... .......... .......... 51% 42.5M 0s
[17.359s]   8050K .......... .......... .......... .......... .......... 51% 40.0M 0s
[17.361s]   8100K .......... .......... .......... .......... .......... 52% 29.5M 0s
[17.362s]   8150K .......... .......... .......... .......... .......... 52% 34.6M 0s
[17.364s]   8200K .......... .......... .......... .......... .......... 52% 25.7M 0s
[17.365s]   8250K .......... .......... .......... .......... .......... 53% 63.0M 0s
[17.366s]   8300K .......... .......... .......... .......... .......... 53% 29.5M 0s
[17.367s]   8350K .......... .......... .......... .......... .......... 53% 45.9M 0s
[17.369s]   8400K .......... .......... .......... .......... .......... 54% 39.2M 0s
[17.370s]   8450K .......... .......... .......... .......... .......... 54% 36.2M 0s
[17.372s]   8500K .......... .......... .......... .......... .......... 54% 29.5M 0s
[17.373s]   8550K .......... .......... .......... .......... .......... 55% 44.3M 0s
[17.374s]   8600K .......... .......... .......... .......... .......... 55% 33.8M 0s
[17.376s]   8650K .......... .......... .......... .......... .......... 55% 30.0M 0s
[17.378s]   8700K .......... .......... .......... .......... .......... 55% 29.8M 0s
[17.379s]   8750K .......... .......... .......... .......... .......... 56% 47.8M 0s
[17.380s]   8800K .......... .......... .......... .......... .......... 56% 24.6M 0s
[17.381s]   8850K .......... .......... .......... .......... .......... 56% 52.4M 0s
[17.383s]   8900K .......... .......... .......... .......... .......... 57% 39.3M 0s
[17.385s]   8950K .......... .......... .......... .......... .......... 57% 35.3M 0s
[17.388s]   9000K .......... .......... .......... .......... .......... 57% 14.2M 0s
[17.388s]   9050K .......... .......... .......... .......... .......... 58% 99.7M 0s
[17.389s]   9100K .......... .......... .......... .......... .......... 58% 58.8M 0s
[17.390s]   9150K .......... .......... .......... .......... .......... 58% 45.5M 0s
[17.391s]   9200K .......... .......... .......... .......... .......... 59% 35.0M 0s
[17.393s]   9250K .......... .......... .......... .......... .......... 59% 27.4M 0s
[17.394s]   9300K .......... .......... .......... .......... .......... 59% 35.2M 0s
[17.399s]   9350K .......... .......... .......... .......... .......... 60% 11.3M 0s
[17.401s]   9400K .......... .......... .......... .......... .......... 60% 21.1M 0s
[17.404s]   9450K .......... .......... .......... .......... .......... 60% 19.1M 0s
[17.406s]   9500K .......... .......... .......... .......... .......... 61% 25.4M 0s
[17.406s]   9550K .......... .......... .......... .......... .......... 61% 74.6M 0s
[17.407s]   9600K .......... .......... .......... .......... .......... 61% 98.6M 0s
[17.407s]   9650K .......... .......... .......... .......... .......... 62% 75.6M 0s
[17.408s]   9700K .......... .......... .......... .......... .......... 62% 86.6M 0s
[17.409s]   9750K .......... .......... .......... .......... .......... 62% 74.9M 0s
[17.409s]   9800K .......... .......... .......... .......... .......... 63%  107M 0s
[17.410s]   9850K .......... .......... .......... .......... .......... 63% 62.1M 0s
[17.412s]   9900K .......... .......... .......... .......... .......... 63% 27.1M 0s
[17.413s]   9950K .......... .......... .......... .......... .......... 63% 33.3M 0s
[17.414s]  10000K .......... .......... .......... .......... .......... 64% 39.4M 0s
[17.416s]  10050K .......... .......... .......... .......... .......... 64% 29.3M 0s
[17.417s]  10100K .......... .......... .......... .......... .......... 64% 43.7M 0s
[17.419s]  10150K .......... .......... .......... .......... .......... 65% 35.8M 0s
[17.420s]  10200K .......... .......... .......... .......... .......... 65% 32.3M 0s
[17.421s]  10250K .......... .......... .......... .......... .......... 65% 39.6M 0s
[17.424s]  10300K .......... .......... .......... .......... .......... 66% 15.9M 0s
[17.426s]  10350K .......... .......... .......... .......... .......... 66% 42.3M 0s
[17.427s]  10400K .......... .......... .......... .......... .......... 66% 40.6M 0s
[17.428s]  10450K .......... .......... .......... .......... .......... 67% 31.9M 0s
[17.429s]  10500K .......... .......... .......... .......... .......... 67% 37.8M 0s
[17.431s]  10550K .......... .......... .......... .......... .......... 67% 34.4M 0s
[17.433s]  10600K .......... .......... .......... .......... .......... 68% 28.0M 0s
[17.434s]  10650K .......... .......... .......... .......... .......... 68% 32.5M 0s
[17.435s]  10700K .......... .......... .......... .......... .......... 68% 39.0M 0s
[17.437s]  10750K .......... .......... .......... .......... .......... 69% 24.9M 0s
[17.439s]  10800K .......... .......... .......... .......... .......... 69% 35.0M 0s
[17.440s]  10850K .......... .......... .......... .......... .......... 69% 39.8M 0s
[17.441s]  10900K .......... .......... .......... .......... .......... 70% 34.1M 0s
[17.443s]  10950K .......... .......... .......... .......... .......... 70% 36.4M 0s
[17.445s]  11000K .......... .......... .......... .......... .......... 70% 22.5M 0s
[17.445s]  11050K .......... .......... .......... .......... .......... 71%  114M 0s
[17.447s]  11100K .......... .......... .......... .......... .......... 71% 29.4M 0s
[17.448s]  11150K .......... .......... .......... .......... .......... 71% 42.8M 0s
[17.450s]  11200K .......... .......... .......... .......... .......... 71% 32.6M 0s
[17.451s]  11250K .......... .......... .......... .......... .......... 72% 33.2M 0s
[17.454s]  11300K .......... .......... .......... .......... .......... 72% 16.5M 0s
[17.455s]  11350K .......... .......... .......... .......... .......... 72%  111M 0s
[17.456s]  11400K .......... .......... .......... .......... .......... 73% 41.8M 0s
[17.460s]  11450K .......... .......... .......... .......... .......... 73% 12.9M 0s
[17.465s]  11500K .......... .......... .......... .......... .......... 73% 9.02M 0s
[17.466s]  11550K .......... .......... .......... .......... .......... 74% 35.9M 0s
[17.467s]  11600K .......... .......... .......... .......... .......... 74%  144M 0s
[17.468s]  11650K .......... .......... .......... .......... .......... 74% 43.2M 0s
[17.468s]  11700K .......... .......... .......... .......... .......... 75%  128M 0s
[17.468s]  11750K .......... .......... .......... .......... .......... 75%  166M 0s
[17.470s]  11800K .......... .......... .......... .......... .......... 75% 39.1M 0s
[17.470s]  11850K .......... .......... .......... .......... .......... 76%  143M 0s
[17.478s]  11900K .......... .......... .......... .......... .......... 76% 6.43M 0s
[17.478s]  11950K .......... .......... .......... .......... .......... 76%  122M 0s
[17.479s]  12000K .......... .......... .......... .......... .......... 77% 36.6M 0s
[17.481s]  12050K .......... .......... .......... .......... .......... 77% 29.6M 0s
[17.484s]  12100K .......... .......... .......... .......... .......... 77% 18.9M 0s
[17.484s]  12150K .......... .......... .......... .......... .......... 78%  132M 0s
[17.485s]  12200K .......... .......... .......... .......... .......... 78% 38.0M 0s
[17.487s]  12250K .......... .......... .......... .......... .......... 78% 43.4M 0s
[17.488s]  12300K .......... .......... .......... .......... .......... 79% 27.2M 0s
[17.489s]  12350K .......... .......... .......... .......... .......... 79% 38.4M 0s
[17.491s]  12400K .......... .......... .......... .......... .......... 79% 30.0M 0s
[17.492s]  12450K .......... .......... .......... .......... .......... 79% 41.7M 0s
[17.494s]  12500K .......... .......... .......... .......... .......... 80% 29.7M 0s
[17.497s]  12550K .......... .......... .......... .......... .......... 80% 16.6M 0s
[17.497s]  12600K .......... .......... .......... .......... .......... 80%  103M 0s
[17.499s]  12650K .......... .......... .......... .......... .......... 81% 61.3M 0s
[17.500s]  12700K .......... .......... .......... .......... .......... 81% 29.8M 0s
[17.501s]  12750K .......... .......... .......... .......... .......... 81% 39.7M 0s
[17.504s]  12800K .......... .......... .......... .......... .......... 82% 17.4M 0s
[17.507s]  12850K .......... .......... .......... .......... .......... 82% 13.7M 0s
[17.508s]  12900K .......... .......... .......... .......... .......... 82%  107M 0s
[17.508s]  12950K .......... .......... .......... .......... .......... 83%  141M 0s
[17.509s]  13000K .......... .......... .......... .......... .......... 83%  123M 0s
[17.509s]  13050K .......... .......... .......... .......... .......... 83% 85.0M 0s
[17.512s]  13100K .......... .......... .......... .......... .......... 84% 16.0M 0s
[17.513s]  13150K .......... .......... .......... .......... .......... 84%  112M 0s
[17.514s]  13200K .......... .......... .......... .......... .......... 84% 42.9M 0s
[17.515s]  13250K .......... .......... .......... .......... .......... 85% 35.7M 0s
[17.516s]  13300K .......... .......... .......... .......... .......... 85% 39.2M 0s
[17.518s]  13350K .......... .......... .......... .......... .......... 85% 34.0M 0s
[17.519s]  13400K .......... .......... .......... .......... .......... 86% 31.5M 0s
[17.521s]  13450K .......... .......... .......... .......... .......... 86% 40.2M 0s
[17.522s]  13500K .......... .......... .......... .......... .......... 86% 35.1M 0s
[17.524s]  13550K .......... .......... .......... .......... .......... 87% 31.1M 0s
[17.525s]  13600K .......... .......... .......... .......... .......... 87% 34.2M 0s
[17.526s]  13650K .......... .......... .......... .......... .......... 87% 35.6M 0s
[17.528s]  13700K .......... .......... .......... .......... .......... 87% 32.7M 0s
[17.529s]  13750K .......... .......... .......... .......... .......... 88% 40.0M 0s
[17.531s]  13800K .......... .......... .......... .......... .......... 88% 27.4M 0s
[17.532s]  13850K .......... .......... .......... .......... .......... 88% 35.6M 0s
[17.534s]  13900K .......... .......... .......... .......... .......... 89% 35.6M 0s
[17.538s]  13950K .......... .......... .......... .......... .......... 89% 10.7M 0s
[17.539s]  14000K .......... .......... .......... .......... .......... 89% 88.0M 0s
[17.543s]  14050K .......... .......... .......... .......... .......... 90% 12.4M 0s
[17.543s]  14100K .......... .......... .......... .......... .......... 90% 77.4M 0s
[17.546s]  14150K .......... .......... .......... .......... .......... 90% 22.3M 0s
[17.546s]  14200K .......... .......... .......... .......... .......... 91% 85.7M 0s
[17.547s]  14250K .......... .......... .......... .......... .......... 91% 75.7M 0s
[17.547s]  14300K .......... .......... .......... .......... .......... 91% 99.0M 0s
[17.548s]  14350K .......... .......... .......... .......... .......... 92% 76.5M 0s
[17.549s]  14400K .......... .......... .......... .......... .......... 92% 57.8M 0s
[17.553s]  14450K .......... .......... .......... .......... .......... 92% 11.5M 0s
[17.554s]  14500K .......... .......... .......... .......... .......... 93% 38.2M 0s
[17.556s]  14550K .......... .......... .......... .......... .......... 93% 31.6M 0s
[17.557s]  14600K .......... .......... .......... .......... .......... 93% 40.7M 0s
[17.559s]  14650K .......... .......... .......... .......... .......... 94% 19.5M 0s
[17.562s]  14700K .......... .......... .......... .......... .......... 94% 21.9M 0s
[17.562s]  14750K .......... .......... .......... .......... .......... 94% 99.6M 0s
[17.564s]  14800K .......... .......... .......... .......... .......... 95% 38.5M 0s
[17.565s]  14850K .......... .......... .......... .......... .......... 95% 31.6M 0s
[17.570s]  14900K .......... .......... .......... .......... .......... 95% 10.9M 0s
[17.570s]  14950K .......... .......... .......... .......... .......... 95% 70.1M 0s
[17.575s]  15000K .......... .......... .......... .......... .......... 96% 10.1M 0s
[17.575s]  15050K .......... .......... .......... .......... .......... 96%  139M 0s
[17.576s]  15100K .......... .......... .......... .......... .......... 96%  134M 0s
[17.576s]  15150K .......... .......... .......... .......... .......... 97% 67.2M 0s
[17.577s]  15200K .......... .......... .......... .......... .......... 97%  160M 0s
[17.578s]  15250K .......... .......... .......... .......... .......... 97% 37.2M 0s
[17.579s]  15300K .......... .......... .......... .......... .......... 98%  118M 0s
[17.579s]  15350K .......... .......... .......... .......... .......... 98%  150M 0s
[17.580s]  15400K .......... .......... .......... .......... .......... 98% 49.9M 0s
[17.581s]  15450K .......... .......... .......... .......... .......... 99% 35.7M 0s
[17.584s]  15500K .......... .......... .......... .......... .......... 99% 16.7M 0s
[17.586s]  15550K .......... .......... .......... .......... .......... 99% 23.4M 0s
[17.586s]  15600K .......... .......... .....                           100%  102M=0.6s
[17.587s] 
[17.587s] 2026-07-01 18:06:08 (27.3 MB/s) - ‘/home/safal/Desktop/unitreego2nav/build/multirobot_map_merge/2012-01-28-11-12-01.pgm’ saved [16000058/16000058]
[17.587s] 
[17.588s] Checking MD5 sum of /home/safal/Desktop/unitreego2nav/build/multirobot_map_merge/2012-01-28-11-12-01.pgm
[17.621s] /home/safal/Desktop/unitreego2nav/build/multirobot_map_merge/2012-01-28-11-12-01.pgm: OK
[17.624s] -- Found gtest sources under '/opt/ros/humble/src/gtest_vendor': C++ tests using 'Google Test' will be built
[17.628s] [0mCMake Deprecation Warning at /opt/ros/humble/src/gtest_vendor/CMakeLists.txt:2 (cmake_minimum_required):
[17.628s]   Compatibility with CMake < 3.10 will be removed from a future version of
[17.628s]   CMake.
[17.628s] 
[17.628s]   Update the VERSION argument <min> value.  Or, use the <min>...<max> syntax
[17.628s]   to tell CMake that the project requires at least <min> but has been updated
[17.628s]   to work with policies introduced by <max> or earlier.
[17.628s] 
[17.628s] [0m
[17.636s] -- Added test 'cppcheck' to perform static code analysis on C / C++ code
[17.637s] -- Configured cppcheck include dirs: /home/safal/Desktop/unitreego2nav/src/m-explore-ros2/map_merge/include;$<BUILD_INTERFACE:/home/safal/Desktop/unitreego2nav/src/m-explore-ros2/map_merge/include>
[17.637s] -- Configured cppcheck exclude dirs and/or files: 
[17.638s] -- Added test 'flake8' to check Python code syntax and style conventions
[17.639s] -- Added test 'lint_cmake' to check CMake code style
[17.640s] -- Added test 'pep257' to check Python code against some of the docstring style conventions in PEP 257
[17.642s] -- Added test 'uncrustify' to check C / C++ code style
[17.643s] -- Configured uncrustify additional arguments: 
[17.643s] -- Added test 'xmllint' to check XML markup files
[17.646s] -- Configuring done (17.3s)
[17.761s] -- Generating done (0.1s)
[17.852s] -- Build files have been written to: /home/safal/Desktop/unitreego2nav/build/multirobot_map_merge
[17.867s] Invoked command in '/home/safal/Desktop/unitreego2nav/build/multirobot_map_merge' returned '0': CMAKE_PREFIX_PATH=/opt/ros/humble /usr/bin/cmake /home/safal/Desktop/unitreego2nav/src/m-explore-ros2/map_merge -DCMAKE_INSTALL_PREFIX=/home/safal/Desktop/unitreego2nav/install/multirobot_map_merge
[17.870s] Invoking command in '/home/safal/Desktop/unitreego2nav/build/multirobot_map_merge': CMAKE_PREFIX_PATH=/opt/ros/humble /usr/bin/cmake --build /home/safal/Desktop/unitreego2nav/build/multirobot_map_merge -- -j8 -l8
[17.900s] [ 16%] [32mBuilding CXX object gtest/CMakeFiles/gtest_main.dir/src/gtest_main.cc.o[0m
[17.900s] [ 25%] [32mBuilding CXX object CMakeFiles/combine_grids.dir/src/combine_grids/grid_compositor.cpp.o[0m
[17.901s] [ 33%] [32mBuilding CXX object CMakeFiles/combine_grids.dir/src/combine_grids/grid_warper.cpp.o[0m
[17.901s] [ 33%] [32mBuilding CXX object CMakeFiles/combine_grids.dir/src/combine_grids/merging_pipeline.cpp.o[0m
[17.901s] [ 41%] [32mBuilding CXX object gtest/CMakeFiles/gtest.dir/src/gtest-all.cc.o[0m
[19.835s] [ 50%] [1m[32mLinking CXX static library libgtest_main.a[0m
[19.923s] [ 50%] Built target gtest_main
[22.847s] [ 58%] [1m[32mLinking CXX static library libgtest.a[0m
[22.931s] [ 58%] Built target gtest
[23.313s] [ 66%] [1m[32mLinking CXX static library libcombine_grids.a[0m
[23.372s] [ 66%] Built target combine_grids
[23.386s] [ 83%] [32mBuilding CXX object CMakeFiles/test_merging_pipeline.dir/test/test_merging_pipeline.cpp.o[0m
[23.386s] [ 83%] [32mBuilding CXX object CMakeFiles/map_merge.dir/src/map_merge.cpp.o[0m
[29.117s] [ 91%] [1m[32mLinking CXX executable test_merging_pipeline[0m
[29.839s] [ 91%] Built target test_merging_pipeline
[37.163s] [100%] [1m[32mLinking CXX executable map_merge[0m
[38.082s] [100%] Built target map_merge
[38.093s] Invoked command in '/home/safal/Desktop/unitreego2nav/build/multirobot_map_merge' returned '0': CMAKE_PREFIX_PATH=/opt/ros/humble /usr/bin/cmake --build /home/safal/Desktop/unitreego2nav/build/multirobot_map_merge -- -j8 -l8
[38.096s] Invoking command in '/home/safal/Desktop/unitreego2nav/build/multirobot_map_merge': CMAKE_PREFIX_PATH=/opt/ros/humble /usr/bin/cmake --install /home/safal/Desktop/unitreego2nav/build/multirobot_map_merge
[38.101s] -- Install configuration: ""
[38.101s] -- Installing: /home/safal/Desktop/unitreego2nav/install/multirobot_map_merge/include/map_merge/
[38.101s] -- Installing: /home/safal/Desktop/unitreego2nav/install/multirobot_map_merge/include/map_merge//map_merge.h
[38.101s] -- Installing: /home/safal/Desktop/unitreego2nav/install/multirobot_map_merge/include/map_merge//ros1_names.hpp
[38.102s] -- Installing: /home/safal/Desktop/unitreego2nav/install/multirobot_map_merge/share/multirobot_map_merge/launch
[38.102s] -- Installing: /home/safal/Desktop/unitreego2nav/install/multirobot_map_merge/share/multirobot_map_merge/launch/from_map_server.launch.py
[38.102s] -- Installing: /home/safal/Desktop/unitreego2nav/install/multirobot_map_merge/share/multirobot_map_merge/launch/map_merge.launch.py
[38.103s] -- Installing: /home/safal/Desktop/unitreego2nav/install/multirobot_map_merge/share/multirobot_map_merge/launch/map_merge.rviz
[38.103s] -- Installing: /home/safal/Desktop/unitreego2nav/install/multirobot_map_merge/share/multirobot_map_merge/launch/tb3_simulation
[38.103s] -- Installing: /home/safal/Desktop/unitreego2nav/install/multirobot_map_merge/share/multirobot_map_merge/launch/tb3_simulation/bringup_launch.py
[38.103s] -- Installing: /home/safal/Desktop/unitreego2nav/install/multirobot_map_merge/share/multirobot_map_merge/launch/tb3_simulation/slam_toolbox.py
[38.104s] -- Installing: /home/safal/Desktop/unitreego2nav/install/multirobot_map_merge/share/multirobot_map_merge/launch/tb3_simulation/config
[38.104s] -- Installing: /home/safal/Desktop/unitreego2nav/install/multirobot_map_merge/share/multirobot_map_merge/launch/tb3_simulation/config/nav2_multirobot_params_1.yaml
[38.104s] -- Installing: /home/safal/Desktop/unitreego2nav/install/multirobot_map_merge/share/multirobot_map_merge/launch/tb3_simulation/config/nav2_multirobot_params_2.yaml
[38.104s] -- Installing: /home/safal/Desktop/unitreego2nav/install/multirobot_map_merge/share/multirobot_map_merge/launch/tb3_simulation/tb3_simulation_launch.py
[38.105s] -- Installing: /home/safal/Desktop/unitreego2nav/install/multirobot_map_merge/share/multirobot_map_merge/launch/tb3_simulation/multi_tb3_simulation_launch.py
[38.105s] -- Installing: /home/safal/Desktop/unitreego2nav/install/multirobot_map_merge/share/multirobot_map_merge/launch/tb3_simulation/worlds
[38.105s] -- Installing: /home/safal/Desktop/unitreego2nav/install/multirobot_map_merge/share/multirobot_map_merge/launch/tb3_simulation/worlds/world_only.model
[38.105s] -- Installing: /home/safal/Desktop/unitreego2nav/install/multirobot_map_merge/share/multirobot_map_merge/config
[38.106s] -- Installing: /home/safal/Desktop/unitreego2nav/install/multirobot_map_merge/share/multirobot_map_merge/config/params.yaml
[38.106s] -- Installing: /home/safal/Desktop/unitreego2nav/install/multirobot_map_merge/lib/libcombine_grids.a
[38.108s] -- Installing: /home/safal/Desktop/unitreego2nav/install/multirobot_map_merge/lib/multirobot_map_merge/map_merge
[38.115s] -- Set non-toolchain portion of runtime path of "/home/safal/Desktop/unitreego2nav/install/multirobot_map_merge/lib/multirobot_map_merge/map_merge" to ""
[38.115s] -- Installing: /home/safal/Desktop/unitreego2nav/install/multirobot_map_merge/share/multirobot_map_merge/environment/library_path.sh
[38.115s] -- Installing: /home/safal/Desktop/unitreego2nav/install/multirobot_map_merge/share/multirobot_map_merge/environment/library_path.dsv
[38.116s] -- Installing: /home/safal/Desktop/unitreego2nav/install/multirobot_map_merge/share/ament_index/resource_index/package_run_dependencies/multirobot_map_merge
[38.116s] -- Installing: /home/safal/Desktop/unitreego2nav/install/multirobot_map_merge/share/ament_index/resource_index/parent_prefix_path/multirobot_map_merge
[38.116s] -- Installing: /home/safal/Desktop/unitreego2nav/install/multirobot_map_merge/share/multirobot_map_merge/environment/ament_prefix_path.sh
[38.117s] -- Installing: /home/safal/Desktop/unitreego2nav/install/multirobot_map_merge/share/multirobot_map_merge/environment/ament_prefix_path.dsv
[38.117s] -- Installing: /home/safal/Desktop/unitreego2nav/install/multirobot_map_merge/share/multirobot_map_merge/environment/path.sh
[38.117s] -- Installing: /home/safal/Desktop/unitreego2nav/install/multirobot_map_merge/share/multirobot_map_merge/environment/path.dsv
[38.117s] -- Installing: /home/safal/Desktop/unitreego2nav/install/multirobot_map_merge/share/multirobot_map_merge/local_setup.bash
[38.118s] -- Installing: /home/safal/Desktop/unitreego2nav/install/multirobot_map_merge/share/multirobot_map_merge/local_setup.sh
[38.118s] -- Installing: /home/safal/Desktop/unitreego2nav/install/multirobot_map_merge/share/multirobot_map_merge/local_setup.zsh
[38.118s] -- Installing: /home/safal/Desktop/unitreego2nav/install/multirobot_map_merge/share/multirobot_map_merge/local_setup.dsv
[38.119s] -- Installing: /home/safal/Desktop/unitreego2nav/install/multirobot_map_merge/share/multirobot_map_merge/package.dsv
[38.119s] -- Installing: /home/safal/Desktop/unitreego2nav/install/multirobot_map_merge/share/ament_index/resource_index/packages/multirobot_map_merge
[38.119s] -- Installing: /home/safal/Desktop/unitreego2nav/install/multirobot_map_merge/share/multirobot_map_merge/cmake/ament_cmake_export_include_directories-extras.cmake
[38.119s] -- Installing: /home/safal/Desktop/unitreego2nav/install/multirobot_map_merge/share/multirobot_map_merge/cmake/ament_cmake_export_libraries-extras.cmake
[38.120s] -- Installing: /home/safal/Desktop/unitreego2nav/install/multirobot_map_merge/share/multirobot_map_merge/cmake/multirobot_map_mergeConfig.cmake
[38.120s] -- Installing: /home/safal/Desktop/unitreego2nav/install/multirobot_map_merge/share/multirobot_map_merge/cmake/multirobot_map_mergeConfig-version.cmake
[38.120s] -- Installing: /home/safal/Desktop/unitreego2nav/install/multirobot_map_merge/share/multirobot_map_merge/package.xml
[38.123s] Invoked command in '/home/safal/Desktop/unitreego2nav/build/multirobot_map_merge' returned '0': CMAKE_PREFIX_PATH=/opt/ros/humble /usr/bin/cmake --install /home/safal/Desktop/unitreego2nav/build/multirobot_map_merge
