[0.193s] DEBUG:colcon:Command line arguments: ['/usr/bin/colcon', 'build']
[0.193s] DEBUG:colcon:Parsed command line arguments: Namespace(log_base=None, log_level=None, verb_name='build', build_base='build', install_base='install', merge_install=False, symlink_install=False, test_result_base=None, continue_on_error=False, executor='parallel', parallel_workers=8, event_handlers=None, ignore_user_meta=False, metas=['./colcon.meta'], base_paths=['.'], packages_ignore=None, packages_ignore_regex=None, paths=None, packages_up_to=None, packages_up_to_regex=None, packages_above=None, packages_above_and_dependencies=None, packages_above_depth=None, packages_select_by_dep=None, packages_skip_by_dep=None, packages_skip_up_to=None, packages_select_build_failed=False, packages_skip_build_finished=False, packages_select_test_failures=False, packages_skip_test_passed=False, packages_select=None, packages_skip=None, packages_select_regex=None, packages_skip_regex=None, packages_start=None, packages_end=None, cmake_args=None, cmake_target=None, cmake_target_skip_unavailable=False, cmake_clean_cache=False, cmake_clean_first=False, cmake_force_configure=False, ament_cmake_args=None, catkin_cmake_args=None, catkin_skip_building_tests=False, mixin_files=None, mixin=None, verb_parser=<colcon_mixin.mixin.mixin_argument.MixinArgumentDecorator object at 0xffff80c125f0>, verb_extension=<colcon_core.verb.build.BuildVerb object at 0xffff80c12140>, main=<bound method BuildVerb.main of <colcon_core.verb.build.BuildVerb object at 0xffff80c12140>>, mixin_verb=('build',))
[0.395s] Level 1:colcon.colcon_core.package_discovery:discover_packages(colcon_meta) check parameters
[0.396s] INFO:colcon.colcon_metadata.package_discovery.colcon_meta:Using configuration from '/root/.colcon/metadata/default/Gazebo.meta'
[0.397s] INFO:colcon.colcon_metadata.package_discovery.colcon_meta:Using configuration from '/root/.colcon/metadata/default/fastdds.meta'
[0.398s] INFO:colcon.colcon_metadata.package_discovery.colcon_meta:Using configuration from '/root/.colcon/metadata/default/fastrtps.meta'
[0.398s] Level 1:colcon.colcon_core.package_discovery:discover_packages(recursive) check parameters
[0.398s] Level 1:colcon.colcon_core.package_discovery:discover_packages(ignore) check parameters
[0.398s] Level 1:colcon.colcon_core.package_discovery:discover_packages(path) check parameters
[0.398s] Level 1:colcon.colcon_core.package_discovery:discover_packages(colcon_meta) discover
[0.398s] Level 1:colcon.colcon_core.package_discovery:discover_packages(recursive) discover
[0.398s] INFO:colcon.colcon_core.package_discovery:Crawling recursively for packages in '/workspace'
[0.398s] Level 1:colcon.colcon_core.package_identification:_identify(.) by extensions ['ignore', 'ignore_ament_install']
[0.398s] Level 1:colcon.colcon_core.package_identification:_identify(.) by extension 'ignore'
[0.399s] Level 1:colcon.colcon_core.package_identification:_identify(.) by extension 'ignore_ament_install'
[0.399s] Level 1:colcon.colcon_core.package_identification:_identify(.) by extensions ['colcon_pkg']
[0.399s] Level 1:colcon.colcon_core.package_identification:_identify(.) by extension 'colcon_pkg'
[0.399s] Level 1:colcon.colcon_core.package_identification:_identify(.) by extensions ['colcon_meta']
[0.399s] Level 1:colcon.colcon_core.package_identification:_identify(.) by extension 'colcon_meta'
[0.399s] Level 1:colcon.colcon_core.package_identification:_identify(.) by extensions ['ros']
[0.399s] Level 1:colcon.colcon_core.package_identification:_identify(.) by extension 'ros'
[0.416s] Level 1:colcon.colcon_core.package_identification:_identify(.) by extensions ['cmake', 'python']
[0.417s] Level 1:colcon.colcon_core.package_identification:_identify(.) by extension 'cmake'
[0.417s] Level 1:colcon.colcon_core.package_identification:_identify(.) by extension 'python'
[0.417s] Level 1:colcon.colcon_core.package_identification:_identify(.) by extensions ['python_setup_py']
[0.417s] Level 1:colcon.colcon_core.package_identification:_identify(.) by extension 'python_setup_py'
[0.417s] Level 1:colcon.colcon_core.package_identification:_identify(build) by extensions ['ignore', 'ignore_ament_install']
[0.417s] Level 1:colcon.colcon_core.package_identification:_identify(build) by extension 'ignore'
[0.417s] Level 1:colcon.colcon_core.package_identification:_identify(build) ignored
[0.418s] Level 1:colcon.colcon_core.package_identification:_identify(cyclonedds) by extensions ['ignore', 'ignore_ament_install']
[0.418s] Level 1:colcon.colcon_core.package_identification:_identify(cyclonedds) by extension 'ignore'
[0.418s] Level 1:colcon.colcon_core.package_identification:_identify(cyclonedds) by extension 'ignore_ament_install'
[0.418s] Level 1:colcon.colcon_core.package_identification:_identify(cyclonedds) by extensions ['colcon_pkg']
[0.418s] Level 1:colcon.colcon_core.package_identification:_identify(cyclonedds) by extension 'colcon_pkg'
[0.419s] Level 1:colcon.colcon_core.package_identification:_identify(cyclonedds) by extensions ['colcon_meta']
[0.419s] Level 1:colcon.colcon_core.package_identification:_identify(cyclonedds) by extension 'colcon_meta'
[0.419s] Level 1:colcon.colcon_core.package_identification:_identify(cyclonedds) by extensions ['ros']
[0.419s] Level 1:colcon.colcon_core.package_identification:_identify(cyclonedds) by extension 'ros'
[0.423s] DEBUG:colcon.colcon_core.package_identification:Package 'cyclonedds' with type 'ros.cmake' and name 'cyclonedds'
[0.424s] Level 1:colcon.colcon_core.package_identification:_identify(install) by extensions ['ignore', 'ignore_ament_install']
[0.424s] Level 1:colcon.colcon_core.package_identification:_identify(install) by extension 'ignore'
[0.424s] Level 1:colcon.colcon_core.package_identification:_identify(install) ignored
[0.424s] Level 1:colcon.colcon_core.package_identification:_identify(log) by extensions ['ignore', 'ignore_ament_install']
[0.424s] Level 1:colcon.colcon_core.package_identification:_identify(log) by extension 'ignore'
[0.424s] Level 1:colcon.colcon_core.package_identification:_identify(log) ignored
[0.424s] Level 1:colcon.colcon_core.package_identification:_identify(sdk) by extensions ['ignore', 'ignore_ament_install']
[0.425s] Level 1:colcon.colcon_core.package_identification:_identify(sdk) by extension 'ignore'
[0.425s] Level 1:colcon.colcon_core.package_identification:_identify(sdk) by extension 'ignore_ament_install'
[0.425s] Level 1:colcon.colcon_core.package_identification:_identify(sdk) by extensions ['colcon_pkg']
[0.425s] Level 1:colcon.colcon_core.package_identification:_identify(sdk) by extension 'colcon_pkg'
[0.425s] Level 1:colcon.colcon_core.package_identification:_identify(sdk) by extensions ['colcon_meta']
[0.425s] Level 1:colcon.colcon_core.package_identification:_identify(sdk) by extension 'colcon_meta'
[0.425s] Level 1:colcon.colcon_core.package_identification:_identify(sdk) by extensions ['ros']
[0.425s] Level 1:colcon.colcon_core.package_identification:_identify(sdk) by extension 'ros'
[0.425s] Level 1:colcon.colcon_core.package_identification:_identify(sdk) by extensions ['cmake', 'python']
[0.425s] Level 1:colcon.colcon_core.package_identification:_identify(sdk) by extension 'cmake'
[0.425s] Level 1:colcon.colcon_core.package_identification:_identify(sdk) by extension 'python'
[0.425s] Level 1:colcon.colcon_core.package_identification:_identify(sdk) by extensions ['python_setup_py']
[0.425s] Level 1:colcon.colcon_core.package_identification:_identify(sdk) by extension 'python_setup_py'
[0.426s] Level 1:colcon.colcon_core.package_identification:_identify(sdk/unitree_sdk2_python) by extensions ['ignore', 'ignore_ament_install']
[0.426s] Level 1:colcon.colcon_core.package_identification:_identify(sdk/unitree_sdk2_python) by extension 'ignore'
[0.426s] Level 1:colcon.colcon_core.package_identification:_identify(sdk/unitree_sdk2_python) by extension 'ignore_ament_install'
[0.426s] Level 1:colcon.colcon_core.package_identification:_identify(sdk/unitree_sdk2_python) by extensions ['colcon_pkg']
[0.426s] Level 1:colcon.colcon_core.package_identification:_identify(sdk/unitree_sdk2_python) by extension 'colcon_pkg'
[0.426s] Level 1:colcon.colcon_core.package_identification:_identify(sdk/unitree_sdk2_python) by extensions ['colcon_meta']
[0.426s] Level 1:colcon.colcon_core.package_identification:_identify(sdk/unitree_sdk2_python) by extension 'colcon_meta'
[0.426s] Level 1:colcon.colcon_core.package_identification:_identify(sdk/unitree_sdk2_python) by extensions ['ros']
[0.426s] Level 1:colcon.colcon_core.package_identification:_identify(sdk/unitree_sdk2_python) by extension 'ros'
[0.426s] Level 1:colcon.colcon_core.package_identification:_identify(sdk/unitree_sdk2_python) by extensions ['cmake', 'python']
[0.426s] Level 1:colcon.colcon_core.package_identification:_identify(sdk/unitree_sdk2_python) by extension 'cmake'
[0.426s] Level 1:colcon.colcon_core.package_identification:_identify(sdk/unitree_sdk2_python) by extension 'python'
[0.427s] Level 1:colcon.colcon_core.package_identification:_identify(sdk/unitree_sdk2_python) by extensions ['python_setup_py']
[0.427s] Level 1:colcon.colcon_core.package_identification:_identify(sdk/unitree_sdk2_python) by extension 'python_setup_py'
[0.772s] DEBUG:colcon.colcon_core.package_identification:Package 'sdk/unitree_sdk2_python' with type 'python' and name 'unitree_sdk2py'
[0.772s] Level 1:colcon.colcon_core.package_identification:_identify(src) by extensions ['ignore', 'ignore_ament_install']
[0.773s] Level 1:colcon.colcon_core.package_identification:_identify(src) by extension 'ignore'
[0.773s] Level 1:colcon.colcon_core.package_identification:_identify(src) by extension 'ignore_ament_install'
[0.773s] Level 1:colcon.colcon_core.package_identification:_identify(src) by extensions ['colcon_pkg']
[0.773s] Level 1:colcon.colcon_core.package_identification:_identify(src) by extension 'colcon_pkg'
[0.773s] Level 1:colcon.colcon_core.package_identification:_identify(src) by extensions ['colcon_meta']
[0.773s] Level 1:colcon.colcon_core.package_identification:_identify(src) by extension 'colcon_meta'
[0.773s] Level 1:colcon.colcon_core.package_identification:_identify(src) by extensions ['ros']
[0.773s] Level 1:colcon.colcon_core.package_identification:_identify(src) by extension 'ros'
[0.773s] Level 1:colcon.colcon_core.package_identification:_identify(src) by extensions ['cmake', 'python']
[0.773s] Level 1:colcon.colcon_core.package_identification:_identify(src) by extension 'cmake'
[0.773s] Level 1:colcon.colcon_core.package_identification:_identify(src) by extension 'python'
[0.773s] Level 1:colcon.colcon_core.package_identification:_identify(src) by extensions ['python_setup_py']
[0.774s] Level 1:colcon.colcon_core.package_identification:_identify(src) by extension 'python_setup_py'
[0.774s] Level 1:colcon.colcon_core.package_identification:_identify(src/go2_nav) by extensions ['ignore', 'ignore_ament_install']
[0.774s] Level 1:colcon.colcon_core.package_identification:_identify(src/go2_nav) by extension 'ignore'
[0.774s] Level 1:colcon.colcon_core.package_identification:_identify(src/go2_nav) by extension 'ignore_ament_install'
[0.774s] Level 1:colcon.colcon_core.package_identification:_identify(src/go2_nav) by extensions ['colcon_pkg']
[0.774s] Level 1:colcon.colcon_core.package_identification:_identify(src/go2_nav) by extension 'colcon_pkg'
[0.774s] Level 1:colcon.colcon_core.package_identification:_identify(src/go2_nav) by extensions ['colcon_meta']
[0.774s] Level 1:colcon.colcon_core.package_identification:_identify(src/go2_nav) by extension 'colcon_meta'
[0.774s] Level 1:colcon.colcon_core.package_identification:_identify(src/go2_nav) by extensions ['ros']
[0.774s] Level 1:colcon.colcon_core.package_identification:_identify(src/go2_nav) by extension 'ros'
[0.775s] DEBUG:colcon.colcon_core.package_identification:Package 'src/go2_nav' with type 'ros.ament_python' and name 'go2_nav'
[0.776s] Level 1:colcon.colcon_core.package_identification:_identify(src/go2_vision) by extensions ['ignore', 'ignore_ament_install']
[0.776s] Level 1:colcon.colcon_core.package_identification:_identify(src/go2_vision) by extension 'ignore'
[0.776s] Level 1:colcon.colcon_core.package_identification:_identify(src/go2_vision) by extension 'ignore_ament_install'
[0.776s] Level 1:colcon.colcon_core.package_identification:_identify(src/go2_vision) by extensions ['colcon_pkg']
[0.776s] Level 1:colcon.colcon_core.package_identification:_identify(src/go2_vision) by extension 'colcon_pkg'
[0.776s] Level 1:colcon.colcon_core.package_identification:_identify(src/go2_vision) by extensions ['colcon_meta']
[0.776s] Level 1:colcon.colcon_core.package_identification:_identify(src/go2_vision) by extension 'colcon_meta'
[0.776s] Level 1:colcon.colcon_core.package_identification:_identify(src/go2_vision) by extensions ['ros']
[0.776s] Level 1:colcon.colcon_core.package_identification:_identify(src/go2_vision) by extension 'ros'
[0.777s] DEBUG:colcon.colcon_core.package_identification:Package 'src/go2_vision' with type 'ros.ament_python' and name 'go2_vision'
[0.777s] Level 1:colcon.colcon_core.package_identification:_identify(src/m-explore-ros2) by extensions ['ignore', 'ignore_ament_install']
[0.777s] Level 1:colcon.colcon_core.package_identification:_identify(src/m-explore-ros2) by extension 'ignore'
[0.777s] Level 1:colcon.colcon_core.package_identification:_identify(src/m-explore-ros2) by extension 'ignore_ament_install'
[0.777s] Level 1:colcon.colcon_core.package_identification:_identify(src/m-explore-ros2) by extensions ['colcon_pkg']
[0.778s] Level 1:colcon.colcon_core.package_identification:_identify(src/m-explore-ros2) by extension 'colcon_pkg'
[0.778s] Level 1:colcon.colcon_core.package_identification:_identify(src/m-explore-ros2) by extensions ['colcon_meta']
[0.778s] Level 1:colcon.colcon_core.package_identification:_identify(src/m-explore-ros2) by extension 'colcon_meta'
[0.778s] Level 1:colcon.colcon_core.package_identification:_identify(src/m-explore-ros2) by extensions ['ros']
[0.778s] Level 1:colcon.colcon_core.package_identification:_identify(src/m-explore-ros2) by extension 'ros'
[0.778s] Level 1:colcon.colcon_core.package_identification:_identify(src/m-explore-ros2) by extensions ['cmake', 'python']
[0.778s] Level 1:colcon.colcon_core.package_identification:_identify(src/m-explore-ros2) by extension 'cmake'
[0.778s] Level 1:colcon.colcon_core.package_identification:_identify(src/m-explore-ros2) by extension 'python'
[0.778s] Level 1:colcon.colcon_core.package_identification:_identify(src/m-explore-ros2) by extensions ['python_setup_py']
[0.778s] Level 1:colcon.colcon_core.package_identification:_identify(src/m-explore-ros2) by extension 'python_setup_py'
[0.778s] Level 1:colcon.colcon_core.package_identification:_identify(src/m-explore-ros2/explore) by extensions ['ignore', 'ignore_ament_install']
[0.778s] Level 1:colcon.colcon_core.package_identification:_identify(src/m-explore-ros2/explore) by extension 'ignore'
[0.779s] Level 1:colcon.colcon_core.package_identification:_identify(src/m-explore-ros2/explore) by extension 'ignore_ament_install'
[0.779s] Level 1:colcon.colcon_core.package_identification:_identify(src/m-explore-ros2/explore) by extensions ['colcon_pkg']
[0.779s] Level 1:colcon.colcon_core.package_identification:_identify(src/m-explore-ros2/explore) by extension 'colcon_pkg'
[0.779s] Level 1:colcon.colcon_core.package_identification:_identify(src/m-explore-ros2/explore) by extensions ['colcon_meta']
[0.779s] Level 1:colcon.colcon_core.package_identification:_identify(src/m-explore-ros2/explore) by extension 'colcon_meta'
[0.779s] Level 1:colcon.colcon_core.package_identification:_identify(src/m-explore-ros2/explore) by extensions ['ros']
[0.779s] Level 1:colcon.colcon_core.package_identification:_identify(src/m-explore-ros2/explore) by extension 'ros'
[0.781s] DEBUG:colcon.colcon_core.package_identification:Package 'src/m-explore-ros2/explore' with type 'ros.ament_cmake' and name 'explore_lite'
[0.781s] Level 1:colcon.colcon_core.package_identification:_identify(src/m-explore-ros2/explore_lite_msgs) by extensions ['ignore', 'ignore_ament_install']
[0.781s] Level 1:colcon.colcon_core.package_identification:_identify(src/m-explore-ros2/explore_lite_msgs) by extension 'ignore'
[0.781s] Level 1:colcon.colcon_core.package_identification:_identify(src/m-explore-ros2/explore_lite_msgs) by extension 'ignore_ament_install'
[0.781s] Level 1:colcon.colcon_core.package_identification:_identify(src/m-explore-ros2/explore_lite_msgs) by extensions ['colcon_pkg']
[0.781s] Level 1:colcon.colcon_core.package_identification:_identify(src/m-explore-ros2/explore_lite_msgs) by extension 'colcon_pkg'
[0.781s] Level 1:colcon.colcon_core.package_identification:_identify(src/m-explore-ros2/explore_lite_msgs) by extensions ['colcon_meta']
[0.781s] Level 1:colcon.colcon_core.package_identification:_identify(src/m-explore-ros2/explore_lite_msgs) by extension 'colcon_meta'
[0.781s] Level 1:colcon.colcon_core.package_identification:_identify(src/m-explore-ros2/explore_lite_msgs) by extensions ['ros']
[0.782s] Level 1:colcon.colcon_core.package_identification:_identify(src/m-explore-ros2/explore_lite_msgs) by extension 'ros'
[0.782s] DEBUG:colcon.colcon_core.package_identification:Package 'src/m-explore-ros2/explore_lite_msgs' with type 'ros.ament_cmake' and name 'explore_lite_msgs'
[0.782s] Level 1:colcon.colcon_core.package_identification:_identify(src/m-explore-ros2/map_merge) by extensions ['ignore', 'ignore_ament_install']
[0.783s] Level 1:colcon.colcon_core.package_identification:_identify(src/m-explore-ros2/map_merge) by extension 'ignore'
[0.783s] Level 1:colcon.colcon_core.package_identification:_identify(src/m-explore-ros2/map_merge) by extension 'ignore_ament_install'
[0.783s] Level 1:colcon.colcon_core.package_identification:_identify(src/m-explore-ros2/map_merge) by extensions ['colcon_pkg']
[0.783s] Level 1:colcon.colcon_core.package_identification:_identify(src/m-explore-ros2/map_merge) by extension 'colcon_pkg'
[0.783s] Level 1:colcon.colcon_core.package_identification:_identify(src/m-explore-ros2/map_merge) by extensions ['colcon_meta']
[0.783s] Level 1:colcon.colcon_core.package_identification:_identify(src/m-explore-ros2/map_merge) by extension 'colcon_meta'
[0.783s] Level 1:colcon.colcon_core.package_identification:_identify(src/m-explore-ros2/map_merge) by extensions ['ros']
[0.783s] Level 1:colcon.colcon_core.package_identification:_identify(src/m-explore-ros2/map_merge) by extension 'ros'
[0.784s] DEBUG:colcon.colcon_core.package_identification:Package 'src/m-explore-ros2/map_merge' with type 'ros.ament_cmake' and name 'multirobot_map_merge'
[0.785s] Level 1:colcon.colcon_core.package_discovery:discover_packages(recursive) using defaults
[0.785s] Level 1:colcon.colcon_core.package_discovery:discover_packages(ignore) discover
[0.785s] Level 1:colcon.colcon_core.package_discovery:discover_packages(ignore) using defaults
[0.785s] Level 1:colcon.colcon_core.package_discovery:discover_packages(path) discover
[0.785s] Level 1:colcon.colcon_core.package_discovery:discover_packages(path) using defaults
[0.816s] INFO:colcon.colcon_metadata.metadata.colcon_pkg:Updating descriptor of package 'cyclonedds' from colcon.pkg: {'cmake-args': ['-DBUILD_IDLC=AUTO']}
[0.818s] DEBUG:colcon.colcon_core.package_augmentation.check_dependency_constraint:unitree_sdk2py depends on cyclonedds which has version 0.10.2 which satisfies to be equal to 0.10.2
[0.819s] Level 5:colcon.colcon_core.verb:set package 'cyclonedds' build argument 'cmake_args' from command line to 'None'
[0.819s] Level 5:colcon.colcon_core.verb:overwrite package 'cyclonedds' build argument 'cmake_args' from package metadata with '['-DBUILD_IDLC=AUTO']' (before: 'None')
[0.820s] Level 5:colcon.colcon_core.verb:set package 'cyclonedds' build argument 'cmake_target' from command line to 'None'
[0.820s] Level 5:colcon.colcon_core.verb:set package 'cyclonedds' build argument 'cmake_target_skip_unavailable' from command line to 'False'
[0.820s] Level 5:colcon.colcon_core.verb:set package 'cyclonedds' build argument 'cmake_clean_cache' from command line to 'False'
[0.820s] Level 5:colcon.colcon_core.verb:set package 'cyclonedds' build argument 'cmake_clean_first' from command line to 'False'
[0.820s] Level 5:colcon.colcon_core.verb:set package 'cyclonedds' build argument 'cmake_force_configure' from command line to 'False'
[0.820s] Level 5:colcon.colcon_core.verb:set package 'cyclonedds' build argument 'ament_cmake_args' from command line to 'None'
[0.820s] Level 5:colcon.colcon_core.verb:set package 'cyclonedds' build argument 'catkin_cmake_args' from command line to 'None'
[0.820s] Level 5:colcon.colcon_core.verb:set package 'cyclonedds' build argument 'catkin_skip_building_tests' from command line to 'False'
[0.820s] DEBUG:colcon.colcon_core.verb:Building package 'cyclonedds' with the following arguments: {'ament_cmake_args': None, 'build_base': '/workspace/build/cyclonedds', 'catkin_cmake_args': None, 'catkin_skip_building_tests': False, 'cmake_args': ['-DBUILD_IDLC=AUTO'], 'cmake_clean_cache': False, 'cmake_clean_first': False, 'cmake_force_configure': False, 'cmake_target': None, 'cmake_target_skip_unavailable': False, 'install_base': '/workspace/install/cyclonedds', 'merge_install': False, 'path': '/workspace/cyclonedds', 'symlink_install': False, 'test_result_base': None}
[0.821s] Level 5:colcon.colcon_core.verb:set package 'explore_lite_msgs' build argument 'cmake_args' from command line to 'None'
[0.821s] Level 5:colcon.colcon_core.verb:set package 'explore_lite_msgs' build argument 'cmake_target' from command line to 'None'
[0.821s] Level 5:colcon.colcon_core.verb:set package 'explore_lite_msgs' build argument 'cmake_target_skip_unavailable' from command line to 'False'
[0.821s] Level 5:colcon.colcon_core.verb:set package 'explore_lite_msgs' build argument 'cmake_clean_cache' from command line to 'False'
[0.821s] Level 5:colcon.colcon_core.verb:set package 'explore_lite_msgs' build argument 'cmake_clean_first' from command line to 'False'
[0.821s] Level 5:colcon.colcon_core.verb:set package 'explore_lite_msgs' build argument 'cmake_force_configure' from command line to 'False'
[0.821s] Level 5:colcon.colcon_core.verb:set package 'explore_lite_msgs' build argument 'ament_cmake_args' from command line to 'None'
[0.821s] Level 5:colcon.colcon_core.verb:set package 'explore_lite_msgs' build argument 'catkin_cmake_args' from command line to 'None'
[0.821s] Level 5:colcon.colcon_core.verb:set package 'explore_lite_msgs' build argument 'catkin_skip_building_tests' from command line to 'False'
[0.821s] DEBUG:colcon.colcon_core.verb:Building package 'explore_lite_msgs' with the following arguments: {'ament_cmake_args': None, 'build_base': '/workspace/build/explore_lite_msgs', 'catkin_cmake_args': None, 'catkin_skip_building_tests': False, 'cmake_args': None, 'cmake_clean_cache': False, 'cmake_clean_first': False, 'cmake_force_configure': False, 'cmake_target': None, 'cmake_target_skip_unavailable': False, 'install_base': '/workspace/install/explore_lite_msgs', 'merge_install': False, 'path': '/workspace/src/m-explore-ros2/explore_lite_msgs', 'symlink_install': False, 'test_result_base': None}
[0.821s] Level 5:colcon.colcon_core.verb:set package 'go2_nav' build argument 'cmake_args' from command line to 'None'
[0.822s] Level 5:colcon.colcon_core.verb:set package 'go2_nav' build argument 'cmake_target' from command line to 'None'
[0.822s] Level 5:colcon.colcon_core.verb:set package 'go2_nav' build argument 'cmake_target_skip_unavailable' from command line to 'False'
[0.822s] Level 5:colcon.colcon_core.verb:set package 'go2_nav' build argument 'cmake_clean_cache' from command line to 'False'
[0.822s] Level 5:colcon.colcon_core.verb:set package 'go2_nav' build argument 'cmake_clean_first' from command line to 'False'
[0.822s] Level 5:colcon.colcon_core.verb:set package 'go2_nav' build argument 'cmake_force_configure' from command line to 'False'
[0.822s] Level 5:colcon.colcon_core.verb:set package 'go2_nav' build argument 'ament_cmake_args' from command line to 'None'
[0.822s] Level 5:colcon.colcon_core.verb:set package 'go2_nav' build argument 'catkin_cmake_args' from command line to 'None'
[0.822s] Level 5:colcon.colcon_core.verb:set package 'go2_nav' build argument 'catkin_skip_building_tests' from command line to 'False'
[0.822s] DEBUG:colcon.colcon_core.verb:Building package 'go2_nav' with the following arguments: {'ament_cmake_args': None, 'build_base': '/workspace/build/go2_nav', 'catkin_cmake_args': None, 'catkin_skip_building_tests': False, 'cmake_args': None, 'cmake_clean_cache': False, 'cmake_clean_first': False, 'cmake_force_configure': False, 'cmake_target': None, 'cmake_target_skip_unavailable': False, 'install_base': '/workspace/install/go2_nav', 'merge_install': False, 'path': '/workspace/src/go2_nav', 'symlink_install': False, 'test_result_base': None}
[0.822s] Level 5:colcon.colcon_core.verb:set package 'go2_vision' build argument 'cmake_args' from command line to 'None'
[0.822s] Level 5:colcon.colcon_core.verb:set package 'go2_vision' build argument 'cmake_target' from command line to 'None'
[0.822s] Level 5:colcon.colcon_core.verb:set package 'go2_vision' build argument 'cmake_target_skip_unavailable' from command line to 'False'
[0.823s] Level 5:colcon.colcon_core.verb:set package 'go2_vision' build argument 'cmake_clean_cache' from command line to 'False'
[0.823s] Level 5:colcon.colcon_core.verb:set package 'go2_vision' build argument 'cmake_clean_first' from command line to 'False'
[0.823s] Level 5:colcon.colcon_core.verb:set package 'go2_vision' build argument 'cmake_force_configure' from command line to 'False'
[0.823s] Level 5:colcon.colcon_core.verb:set package 'go2_vision' build argument 'ament_cmake_args' from command line to 'None'
[0.823s] Level 5:colcon.colcon_core.verb:set package 'go2_vision' build argument 'catkin_cmake_args' from command line to 'None'
[0.823s] Level 5:colcon.colcon_core.verb:set package 'go2_vision' build argument 'catkin_skip_building_tests' from command line to 'False'
[0.823s] DEBUG:colcon.colcon_core.verb:Building package 'go2_vision' with the following arguments: {'ament_cmake_args': None, 'build_base': '/workspace/build/go2_vision', 'catkin_cmake_args': None, 'catkin_skip_building_tests': False, 'cmake_args': None, 'cmake_clean_cache': False, 'cmake_clean_first': False, 'cmake_force_configure': False, 'cmake_target': None, 'cmake_target_skip_unavailable': False, 'install_base': '/workspace/install/go2_vision', 'merge_install': False, 'path': '/workspace/src/go2_vision', 'symlink_install': False, 'test_result_base': None}
[0.823s] Level 5:colcon.colcon_core.verb:set package 'multirobot_map_merge' build argument 'cmake_args' from command line to 'None'
[0.823s] Level 5:colcon.colcon_core.verb:set package 'multirobot_map_merge' build argument 'cmake_target' from command line to 'None'
[0.823s] Level 5:colcon.colcon_core.verb:set package 'multirobot_map_merge' build argument 'cmake_target_skip_unavailable' from command line to 'False'
[0.823s] Level 5:colcon.colcon_core.verb:set package 'multirobot_map_merge' build argument 'cmake_clean_cache' from command line to 'False'
[0.823s] Level 5:colcon.colcon_core.verb:set package 'multirobot_map_merge' build argument 'cmake_clean_first' from command line to 'False'
[0.823s] Level 5:colcon.colcon_core.verb:set package 'multirobot_map_merge' build argument 'cmake_force_configure' from command line to 'False'
[0.823s] Level 5:colcon.colcon_core.verb:set package 'multirobot_map_merge' build argument 'ament_cmake_args' from command line to 'None'
[0.824s] Level 5:colcon.colcon_core.verb:set package 'multirobot_map_merge' build argument 'catkin_cmake_args' from command line to 'None'
[0.824s] Level 5:colcon.colcon_core.verb:set package 'multirobot_map_merge' build argument 'catkin_skip_building_tests' from command line to 'False'
[0.824s] DEBUG:colcon.colcon_core.verb:Building package 'multirobot_map_merge' with the following arguments: {'ament_cmake_args': None, 'build_base': '/workspace/build/multirobot_map_merge', 'catkin_cmake_args': None, 'catkin_skip_building_tests': False, 'cmake_args': None, 'cmake_clean_cache': False, 'cmake_clean_first': False, 'cmake_force_configure': False, 'cmake_target': None, 'cmake_target_skip_unavailable': False, 'install_base': '/workspace/install/multirobot_map_merge', 'merge_install': False, 'path': '/workspace/src/m-explore-ros2/map_merge', 'symlink_install': False, 'test_result_base': None}
[0.824s] Level 5:colcon.colcon_core.verb:set package 'explore_lite' build argument 'cmake_args' from command line to 'None'
[0.824s] Level 5:colcon.colcon_core.verb:set package 'explore_lite' build argument 'cmake_target' from command line to 'None'
[0.824s] Level 5:colcon.colcon_core.verb:set package 'explore_lite' build argument 'cmake_target_skip_unavailable' from command line to 'False'
[0.824s] Level 5:colcon.colcon_core.verb:set package 'explore_lite' build argument 'cmake_clean_cache' from command line to 'False'
[0.824s] Level 5:colcon.colcon_core.verb:set package 'explore_lite' build argument 'cmake_clean_first' from command line to 'False'
[0.824s] Level 5:colcon.colcon_core.verb:set package 'explore_lite' build argument 'cmake_force_configure' from command line to 'False'
[0.824s] Level 5:colcon.colcon_core.verb:set package 'explore_lite' build argument 'ament_cmake_args' from command line to 'None'
[0.824s] Level 5:colcon.colcon_core.verb:set package 'explore_lite' build argument 'catkin_cmake_args' from command line to 'None'
[0.824s] Level 5:colcon.colcon_core.verb:set package 'explore_lite' build argument 'catkin_skip_building_tests' from command line to 'False'
[0.824s] DEBUG:colcon.colcon_core.verb:Building package 'explore_lite' with the following arguments: {'ament_cmake_args': None, 'build_base': '/workspace/build/explore_lite', 'catkin_cmake_args': None, 'catkin_skip_building_tests': False, 'cmake_args': None, 'cmake_clean_cache': False, 'cmake_clean_first': False, 'cmake_force_configure': False, 'cmake_target': None, 'cmake_target_skip_unavailable': False, 'install_base': '/workspace/install/explore_lite', 'merge_install': False, 'path': '/workspace/src/m-explore-ros2/explore', 'symlink_install': False, 'test_result_base': None}
[0.825s] Level 5:colcon.colcon_core.verb:set package 'unitree_sdk2py' build argument 'cmake_args' from command line to 'None'
[0.825s] Level 5:colcon.colcon_core.verb:set package 'unitree_sdk2py' build argument 'cmake_target' from command line to 'None'
[0.825s] Level 5:colcon.colcon_core.verb:set package 'unitree_sdk2py' build argument 'cmake_target_skip_unavailable' from command line to 'False'
[0.825s] Level 5:colcon.colcon_core.verb:set package 'unitree_sdk2py' build argument 'cmake_clean_cache' from command line to 'False'
[0.825s] Level 5:colcon.colcon_core.verb:set package 'unitree_sdk2py' build argument 'cmake_clean_first' from command line to 'False'
[0.825s] Level 5:colcon.colcon_core.verb:set package 'unitree_sdk2py' build argument 'cmake_force_configure' from command line to 'False'
[0.825s] Level 5:colcon.colcon_core.verb:set package 'unitree_sdk2py' build argument 'ament_cmake_args' from command line to 'None'
[0.825s] Level 5:colcon.colcon_core.verb:set package 'unitree_sdk2py' build argument 'catkin_cmake_args' from command line to 'None'
[0.825s] Level 5:colcon.colcon_core.verb:set package 'unitree_sdk2py' build argument 'catkin_skip_building_tests' from command line to 'False'
[0.825s] DEBUG:colcon.colcon_core.verb:Building package 'unitree_sdk2py' with the following arguments: {'ament_cmake_args': None, 'build_base': '/workspace/build/unitree_sdk2py', 'catkin_cmake_args': None, 'catkin_skip_building_tests': False, 'cmake_args': None, 'cmake_clean_cache': False, 'cmake_clean_first': False, 'cmake_force_configure': False, 'cmake_target': None, 'cmake_target_skip_unavailable': False, 'install_base': '/workspace/install/unitree_sdk2py', 'merge_install': False, 'path': '/workspace/sdk/unitree_sdk2_python', 'symlink_install': False, 'test_result_base': None}
[0.826s] INFO:colcon.colcon_core.executor:Executing jobs using 'parallel' executor
[0.828s] DEBUG:colcon.colcon_parallel_executor.executor.parallel:run_until_complete
[0.829s] INFO:colcon.colcon_ros.task.cmake.build:Building ROS package in '/workspace/cyclonedds' with build type 'cmake'
[0.829s] INFO:colcon.colcon_cmake.task.cmake.build:Building CMake package in '/workspace/cyclonedds'
[0.833s] INFO:colcon.colcon_core.plugin_system:Skipping extension 'colcon_core.shell.bat': Not used on non-Windows systems
[0.833s] INFO:colcon.colcon_core.shell:Skip shell extension 'powershell' for command environment: Not usable outside of PowerShell
[0.833s] DEBUG:colcon.colcon_core.shell:Skip shell extension 'dsv' for command environment
[0.841s] INFO:colcon.colcon_ros.task.ament_cmake.build:Building ROS package in '/workspace/src/m-explore-ros2/explore_lite_msgs' with build type 'ament_cmake'
[0.841s] INFO:colcon.colcon_cmake.task.cmake.build:Building CMake package in '/workspace/src/m-explore-ros2/explore_lite_msgs'
[0.841s] INFO:colcon.colcon_core.shell:Skip shell extension 'powershell' for command environment: Not usable outside of PowerShell
[0.842s] DEBUG:colcon.colcon_core.shell:Skip shell extension 'dsv' for command environment
[0.846s] INFO:colcon.colcon_ros.task.ament_python.build:Building ROS package in '/workspace/src/go2_nav' with build type 'ament_python'
[0.846s] Level 1:colcon.colcon_core.shell:create_environment_hook('go2_nav', 'ament_prefix_path')
[0.847s] INFO:colcon.colcon_core.shell:Creating environment hook '/workspace/install/go2_nav/share/go2_nav/hook/ament_prefix_path.ps1'
[0.848s] INFO:colcon.colcon_core.shell:Creating environment descriptor '/workspace/install/go2_nav/share/go2_nav/hook/ament_prefix_path.dsv'
[0.849s] INFO:colcon.colcon_core.shell:Creating environment hook '/workspace/install/go2_nav/share/go2_nav/hook/ament_prefix_path.sh'
[0.850s] INFO:colcon.colcon_core.shell:Skip shell extension 'powershell' for command environment: Not usable outside of PowerShell
[0.850s] DEBUG:colcon.colcon_core.shell:Skip shell extension 'dsv' for command environment
[0.854s] INFO:colcon.colcon_ros.task.ament_python.build:Building ROS package in '/workspace/src/go2_vision' with build type 'ament_python'
[0.854s] Level 1:colcon.colcon_core.shell:create_environment_hook('go2_vision', 'ament_prefix_path')
[0.854s] INFO:colcon.colcon_core.shell:Creating environment hook '/workspace/install/go2_vision/share/go2_vision/hook/ament_prefix_path.ps1'
[0.855s] INFO:colcon.colcon_core.shell:Creating environment descriptor '/workspace/install/go2_vision/share/go2_vision/hook/ament_prefix_path.dsv'
[0.856s] INFO:colcon.colcon_core.shell:Creating environment hook '/workspace/install/go2_vision/share/go2_vision/hook/ament_prefix_path.sh'
[0.857s] INFO:colcon.colcon_core.shell:Skip shell extension 'powershell' for command environment: Not usable outside of PowerShell
[0.857s] DEBUG:colcon.colcon_core.shell:Skip shell extension 'dsv' for command environment
[0.860s] INFO:colcon.colcon_ros.task.ament_cmake.build:Building ROS package in '/workspace/src/m-explore-ros2/map_merge' with build type 'ament_cmake'
[0.861s] INFO:colcon.colcon_cmake.task.cmake.build:Building CMake package in '/workspace/src/m-explore-ros2/map_merge'
[0.861s] INFO:colcon.colcon_core.shell:Skip shell extension 'powershell' for command environment: Not usable outside of PowerShell
[0.861s] DEBUG:colcon.colcon_core.shell:Skip shell extension 'dsv' for command environment
[0.870s] DEBUG:colcon.colcon_core.event_handler.log_command:Invoking command in '/workspace/build/cyclonedds': CMAKE_PREFIX_PATH=/opt/ros/humble /usr/bin/cmake /workspace/cyclonedds -DBUILD_IDLC=AUTO -DCMAKE_INSTALL_PREFIX=/workspace/install/cyclonedds
[0.876s] DEBUG:colcon.colcon_core.event_handler.log_command:Invoking command in '/workspace/build/explore_lite_msgs': CMAKE_PREFIX_PATH=/opt/ros/humble /usr/bin/cmake --build /workspace/build/explore_lite_msgs -- -j8 -l8
[1.254s] INFO:colcon.colcon_core.task.python.build:Building Python package in '/workspace/src/go2_nav'
[1.254s] INFO:colcon.colcon_core.shell:Skip shell extension 'powershell' for command environment: Not usable outside of PowerShell
[1.254s] DEBUG:colcon.colcon_core.shell:Skip shell extension 'dsv' for command environment
[1.617s] INFO:colcon.colcon_core.task.python.build:Building Python package in '/workspace/src/go2_vision'
[1.618s] INFO:colcon.colcon_core.shell:Skip shell extension 'powershell' for command environment: Not usable outside of PowerShell
[1.618s] DEBUG:colcon.colcon_core.shell:Skip shell extension 'dsv' for command environment
[1.640s] DEBUG:colcon.colcon_core.event_handler.log_command:Invoking command in '/workspace/build/multirobot_map_merge': CMAKE_PREFIX_PATH=/opt/ros/humble /usr/bin/cmake --build /workspace/build/multirobot_map_merge -- -j8 -l8
[1.640s] DEBUG:colcon.colcon_core.event_handler.log_command:Invoked command in '/workspace/build/explore_lite_msgs' returned '0': CMAKE_PREFIX_PATH=/opt/ros/humble /usr/bin/cmake --build /workspace/build/explore_lite_msgs -- -j8 -l8
[1.649s] DEBUG:colcon.colcon_core.event_handler.log_command:Invoking command in '/workspace/build/explore_lite_msgs': CMAKE_PREFIX_PATH=/opt/ros/humble /usr/bin/cmake --install /workspace/build/explore_lite_msgs
[1.742s] Level 1:colcon.colcon_core.environment:create_environment_scripts_only(explore_lite_msgs)
[1.743s] DEBUG:colcon.colcon_core.event_handler.log_command:Invoked command in '/workspace/build/explore_lite_msgs' returned '0': CMAKE_PREFIX_PATH=/opt/ros/humble /usr/bin/cmake --install /workspace/build/explore_lite_msgs
[1.748s] Level 1:colcon.colcon_core.environment:checking '/workspace/install/explore_lite_msgs' for CMake module files
[1.749s] Level 1:colcon.colcon_core.environment:checking '/workspace/install/explore_lite_msgs' for CMake config files
[1.750s] Level 1:colcon.colcon_core.shell:create_environment_hook('explore_lite_msgs', 'cmake_prefix_path')
[1.750s] INFO:colcon.colcon_core.shell:Creating environment hook '/workspace/install/explore_lite_msgs/share/explore_lite_msgs/hook/cmake_prefix_path.ps1'
[1.751s] INFO:colcon.colcon_core.shell:Creating environment descriptor '/workspace/install/explore_lite_msgs/share/explore_lite_msgs/hook/cmake_prefix_path.dsv'
[1.752s] INFO:colcon.colcon_core.shell:Creating environment hook '/workspace/install/explore_lite_msgs/share/explore_lite_msgs/hook/cmake_prefix_path.sh'
[1.754s] Level 1:colcon.colcon_core.environment:checking '/workspace/install/explore_lite_msgs/lib'
[1.754s] Level 1:colcon.colcon_core.shell:create_environment_hook('explore_lite_msgs', 'ld_library_path_lib')
[1.754s] INFO:colcon.colcon_core.shell:Creating environment hook '/workspace/install/explore_lite_msgs/share/explore_lite_msgs/hook/ld_library_path_lib.ps1'
[1.758s] INFO:colcon.colcon_core.shell:Creating environment descriptor '/workspace/install/explore_lite_msgs/share/explore_lite_msgs/hook/ld_library_path_lib.dsv'
[1.759s] INFO:colcon.colcon_core.shell:Creating environment hook '/workspace/install/explore_lite_msgs/share/explore_lite_msgs/hook/ld_library_path_lib.sh'
[1.760s] Level 1:colcon.colcon_core.environment:checking '/workspace/install/explore_lite_msgs/bin'
[1.760s] Level 1:colcon.colcon_core.environment:checking '/workspace/install/explore_lite_msgs/lib/pkgconfig/explore_lite_msgs.pc'
[1.761s] Level 1:colcon.colcon_core.environment:checking '/workspace/install/explore_lite_msgs/lib/python3.10/site-packages'
[1.761s] Level 1:colcon.colcon_core.environment:checking '/workspace/install/explore_lite_msgs/bin'
[1.762s] INFO:colcon.colcon_core.shell:Creating package script '/workspace/install/explore_lite_msgs/share/explore_lite_msgs/package.ps1'
[1.764s] INFO:colcon.colcon_core.shell:Creating package descriptor '/workspace/install/explore_lite_msgs/share/explore_lite_msgs/package.dsv'
[1.765s] INFO:colcon.colcon_core.shell:Creating package script '/workspace/install/explore_lite_msgs/share/explore_lite_msgs/package.sh'
[1.767s] INFO:colcon.colcon_core.shell:Creating package script '/workspace/install/explore_lite_msgs/share/explore_lite_msgs/package.bash'
[1.768s] INFO:colcon.colcon_core.shell:Creating package script '/workspace/install/explore_lite_msgs/share/explore_lite_msgs/package.zsh'
[1.769s] Level 1:colcon.colcon_core.environment:create_file_with_runtime_dependencies(/workspace/install/explore_lite_msgs/share/colcon-core/packages/explore_lite_msgs)
[1.771s] Level 1:colcon.colcon_core.environment:create_environment_scripts_only(explore_lite_msgs)
[1.771s] Level 1:colcon.colcon_core.environment:checking '/workspace/install/explore_lite_msgs' for CMake module files
[1.772s] Level 1:colcon.colcon_core.environment:checking '/workspace/install/explore_lite_msgs' for CMake config files
[1.773s] Level 1:colcon.colcon_core.shell:create_environment_hook('explore_lite_msgs', 'cmake_prefix_path')
[1.773s] INFO:colcon.colcon_core.shell:Creating environment hook '/workspace/install/explore_lite_msgs/share/explore_lite_msgs/hook/cmake_prefix_path.ps1'
[1.774s] INFO:colcon.colcon_core.shell:Creating environment descriptor '/workspace/install/explore_lite_msgs/share/explore_lite_msgs/hook/cmake_prefix_path.dsv'
[1.775s] INFO:colcon.colcon_core.shell:Creating environment hook '/workspace/install/explore_lite_msgs/share/explore_lite_msgs/hook/cmake_prefix_path.sh'
[1.776s] Level 1:colcon.colcon_core.environment:checking '/workspace/install/explore_lite_msgs/lib'
[1.776s] Level 1:colcon.colcon_core.shell:create_environment_hook('explore_lite_msgs', 'ld_library_path_lib')
[1.777s] INFO:colcon.colcon_core.shell:Creating environment hook '/workspace/install/explore_lite_msgs/share/explore_lite_msgs/hook/ld_library_path_lib.ps1'
[1.778s] INFO:colcon.colcon_core.shell:Creating environment descriptor '/workspace/install/explore_lite_msgs/share/explore_lite_msgs/hook/ld_library_path_lib.dsv'
[1.778s] INFO:colcon.colcon_core.shell:Creating environment hook '/workspace/install/explore_lite_msgs/share/explore_lite_msgs/hook/ld_library_path_lib.sh'
[1.779s] Level 1:colcon.colcon_core.environment:checking '/workspace/install/explore_lite_msgs/bin'
[1.779s] Level 1:colcon.colcon_core.environment:checking '/workspace/install/explore_lite_msgs/lib/pkgconfig/explore_lite_msgs.pc'
[1.780s] Level 1:colcon.colcon_core.environment:checking '/workspace/install/explore_lite_msgs/lib/python3.10/site-packages'
[1.780s] Level 1:colcon.colcon_core.environment:checking '/workspace/install/explore_lite_msgs/bin'
[1.781s] INFO:colcon.colcon_core.shell:Creating package script '/workspace/install/explore_lite_msgs/share/explore_lite_msgs/package.ps1'
[1.783s] INFO:colcon.colcon_core.shell:Creating package descriptor '/workspace/install/explore_lite_msgs/share/explore_lite_msgs/package.dsv'
[1.784s] INFO:colcon.colcon_core.shell:Creating package script '/workspace/install/explore_lite_msgs/share/explore_lite_msgs/package.sh'
[1.785s] INFO:colcon.colcon_core.shell:Creating package script '/workspace/install/explore_lite_msgs/share/explore_lite_msgs/package.bash'
[1.786s] INFO:colcon.colcon_core.shell:Creating package script '/workspace/install/explore_lite_msgs/share/explore_lite_msgs/package.zsh'
[1.787s] Level 1:colcon.colcon_core.environment:create_file_with_runtime_dependencies(/workspace/install/explore_lite_msgs/share/colcon-core/packages/explore_lite_msgs)
[1.788s] INFO:colcon.colcon_ros.task.ament_cmake.build:Building ROS package in '/workspace/src/m-explore-ros2/explore' with build type 'ament_cmake'
[1.788s] INFO:colcon.colcon_cmake.task.cmake.build:Building CMake package in '/workspace/src/m-explore-ros2/explore'
[1.789s] INFO:colcon.colcon_core.shell:Skip shell extension 'powershell' for command environment: Not usable outside of PowerShell
[1.789s] DEBUG:colcon.colcon_core.shell:Skip shell extension 'dsv' for command environment
[1.833s] DEBUG:colcon.colcon_core.event_handler.log_command:Invoked command in '/workspace/build/multirobot_map_merge' returned '0': CMAKE_PREFIX_PATH=/opt/ros/humble /usr/bin/cmake --build /workspace/build/multirobot_map_merge -- -j8 -l8
[1.837s] DEBUG:colcon.colcon_core.event_handler.log_command:Invoking command in '/workspace/build/multirobot_map_merge': CMAKE_PREFIX_PATH=/opt/ros/humble /usr/bin/cmake --install /workspace/build/multirobot_map_merge
[1.842s] DEBUG:colcon.colcon_core.event_handler.log_command:Invoking command in '/workspace/build/explore_lite': AMENT_PREFIX_PATH=/workspace/install/explore_lite_msgs:${AMENT_PREFIX_PATH} CMAKE_PREFIX_PATH=/workspace/install/explore_lite_msgs:/opt/ros/humble LD_LIBRARY_PATH=/workspace/install/explore_lite_msgs/lib:${LD_LIBRARY_PATH} PYTHONPATH=/workspace/install/explore_lite_msgs/local/lib/python3.10/dist-packages:${PYTHONPATH} /usr/bin/cmake --build /workspace/build/explore_lite -- -j8 -l8
[1.853s] Level 1:colcon.colcon_core.environment:create_environment_scripts_only(multirobot_map_merge)
[1.854s] Level 1:colcon.colcon_core.environment:checking '/workspace/install/multirobot_map_merge' for CMake module files
[1.855s] DEBUG:colcon.colcon_core.event_handler.log_command:Invoked command in '/workspace/build/multirobot_map_merge' returned '0': CMAKE_PREFIX_PATH=/opt/ros/humble /usr/bin/cmake --install /workspace/build/multirobot_map_merge
[1.855s] Level 1:colcon.colcon_core.environment:checking '/workspace/install/multirobot_map_merge' for CMake config files
[1.856s] Level 1:colcon.colcon_core.shell:create_environment_hook('multirobot_map_merge', 'cmake_prefix_path')
[1.856s] INFO:colcon.colcon_core.shell:Creating environment hook '/workspace/install/multirobot_map_merge/share/multirobot_map_merge/hook/cmake_prefix_path.ps1'
[1.857s] INFO:colcon.colcon_core.shell:Creating environment descriptor '/workspace/install/multirobot_map_merge/share/multirobot_map_merge/hook/cmake_prefix_path.dsv'
[1.858s] INFO:colcon.colcon_core.shell:Creating environment hook '/workspace/install/multirobot_map_merge/share/multirobot_map_merge/hook/cmake_prefix_path.sh'
[1.859s] Level 1:colcon.colcon_core.environment:checking '/workspace/install/multirobot_map_merge/lib'
[1.859s] Level 1:colcon.colcon_core.environment:checking '/workspace/install/multirobot_map_merge/bin'
[1.859s] Level 1:colcon.colcon_core.environment:checking '/workspace/install/multirobot_map_merge/lib/pkgconfig/multirobot_map_merge.pc'
[1.860s] Level 1:colcon.colcon_core.environment:checking '/workspace/install/multirobot_map_merge/lib/python3.10/site-packages'
[1.860s] Level 1:colcon.colcon_core.environment:checking '/workspace/install/multirobot_map_merge/bin'
[1.861s] INFO:colcon.colcon_core.shell:Creating package script '/workspace/install/multirobot_map_merge/share/multirobot_map_merge/package.ps1'
[1.862s] INFO:colcon.colcon_core.shell:Creating package descriptor '/workspace/install/multirobot_map_merge/share/multirobot_map_merge/package.dsv'
[1.863s] INFO:colcon.colcon_core.shell:Creating package script '/workspace/install/multirobot_map_merge/share/multirobot_map_merge/package.sh'
[1.863s] INFO:colcon.colcon_core.shell:Creating package script '/workspace/install/multirobot_map_merge/share/multirobot_map_merge/package.bash'
[1.864s] INFO:colcon.colcon_core.shell:Creating package script '/workspace/install/multirobot_map_merge/share/multirobot_map_merge/package.zsh'
[1.865s] Level 1:colcon.colcon_core.environment:create_file_with_runtime_dependencies(/workspace/install/multirobot_map_merge/share/colcon-core/packages/multirobot_map_merge)
[1.866s] Level 1:colcon.colcon_core.environment:create_environment_scripts_only(multirobot_map_merge)
[1.866s] Level 1:colcon.colcon_core.environment:checking '/workspace/install/multirobot_map_merge' for CMake module files
[1.867s] Level 1:colcon.colcon_core.environment:checking '/workspace/install/multirobot_map_merge' for CMake config files
[1.867s] Level 1:colcon.colcon_core.shell:create_environment_hook('multirobot_map_merge', 'cmake_prefix_path')
[1.867s] INFO:colcon.colcon_core.shell:Creating environment hook '/workspace/install/multirobot_map_merge/share/multirobot_map_merge/hook/cmake_prefix_path.ps1'
[1.868s] INFO:colcon.colcon_core.shell:Creating environment descriptor '/workspace/install/multirobot_map_merge/share/multirobot_map_merge/hook/cmake_prefix_path.dsv'
[1.869s] INFO:colcon.colcon_core.shell:Creating environment hook '/workspace/install/multirobot_map_merge/share/multirobot_map_merge/hook/cmake_prefix_path.sh'
[1.870s] Level 1:colcon.colcon_core.environment:checking '/workspace/install/multirobot_map_merge/lib'
[1.870s] Level 1:colcon.colcon_core.environment:checking '/workspace/install/multirobot_map_merge/bin'
[1.870s] Level 1:colcon.colcon_core.environment:checking '/workspace/install/multirobot_map_merge/lib/pkgconfig/multirobot_map_merge.pc'
[1.871s] Level 1:colcon.colcon_core.environment:checking '/workspace/install/multirobot_map_merge/lib/python3.10/site-packages'
[1.871s] Level 1:colcon.colcon_core.environment:checking '/workspace/install/multirobot_map_merge/bin'
[1.872s] INFO:colcon.colcon_core.shell:Creating package script '/workspace/install/multirobot_map_merge/share/multirobot_map_merge/package.ps1'
[1.873s] INFO:colcon.colcon_core.shell:Creating package descriptor '/workspace/install/multirobot_map_merge/share/multirobot_map_merge/package.dsv'
[1.874s] INFO:colcon.colcon_core.shell:Creating package script '/workspace/install/multirobot_map_merge/share/multirobot_map_merge/package.sh'
[1.874s] INFO:colcon.colcon_core.shell:Creating package script '/workspace/install/multirobot_map_merge/share/multirobot_map_merge/package.bash'
[1.875s] INFO:colcon.colcon_core.shell:Creating package script '/workspace/install/multirobot_map_merge/share/multirobot_map_merge/package.zsh'
[1.876s] Level 1:colcon.colcon_core.environment:create_file_with_runtime_dependencies(/workspace/install/multirobot_map_merge/share/colcon-core/packages/multirobot_map_merge)
[1.985s] DEBUG:colcon.colcon_core.event_handler.log_command:Invoked command in '/workspace/build/explore_lite' returned '0': AMENT_PREFIX_PATH=/workspace/install/explore_lite_msgs:${AMENT_PREFIX_PATH} CMAKE_PREFIX_PATH=/workspace/install/explore_lite_msgs:/opt/ros/humble LD_LIBRARY_PATH=/workspace/install/explore_lite_msgs/lib:${LD_LIBRARY_PATH} PYTHONPATH=/workspace/install/explore_lite_msgs/local/lib/python3.10/dist-packages:${PYTHONPATH} /usr/bin/cmake --build /workspace/build/explore_lite -- -j8 -l8
[1.987s] DEBUG:colcon.colcon_core.event_handler.log_command:Invoking command in '/workspace/build/explore_lite': AMENT_PREFIX_PATH=/workspace/install/explore_lite_msgs:${AMENT_PREFIX_PATH} CMAKE_PREFIX_PATH=/workspace/install/explore_lite_msgs:/opt/ros/humble LD_LIBRARY_PATH=/workspace/install/explore_lite_msgs/lib:${LD_LIBRARY_PATH} PYTHONPATH=/workspace/install/explore_lite_msgs/local/lib/python3.10/dist-packages:${PYTHONPATH} /usr/bin/cmake --install /workspace/build/explore_lite
[2.002s] Level 1:colcon.colcon_core.environment:create_environment_scripts_only(explore_lite)
[2.003s] Level 1:colcon.colcon_core.environment:checking '/workspace/install/explore_lite' for CMake module files
[2.004s] DEBUG:colcon.colcon_core.event_handler.log_command:Invoked command in '/workspace/build/explore_lite' returned '0': AMENT_PREFIX_PATH=/workspace/install/explore_lite_msgs:${AMENT_PREFIX_PATH} CMAKE_PREFIX_PATH=/workspace/install/explore_lite_msgs:/opt/ros/humble LD_LIBRARY_PATH=/workspace/install/explore_lite_msgs/lib:${LD_LIBRARY_PATH} PYTHONPATH=/workspace/install/explore_lite_msgs/local/lib/python3.10/dist-packages:${PYTHONPATH} /usr/bin/cmake --install /workspace/build/explore_lite
[2.004s] Level 1:colcon.colcon_core.environment:checking '/workspace/install/explore_lite' for CMake config files
[2.005s] Level 1:colcon.colcon_core.shell:create_environment_hook('explore_lite', 'cmake_prefix_path')
[2.005s] INFO:colcon.colcon_core.shell:Creating environment hook '/workspace/install/explore_lite/share/explore_lite/hook/cmake_prefix_path.ps1'
[2.006s] INFO:colcon.colcon_core.shell:Creating environment descriptor '/workspace/install/explore_lite/share/explore_lite/hook/cmake_prefix_path.dsv'
[2.007s] INFO:colcon.colcon_core.shell:Creating environment hook '/workspace/install/explore_lite/share/explore_lite/hook/cmake_prefix_path.sh'
[2.008s] Level 1:colcon.colcon_core.environment:checking '/workspace/install/explore_lite/lib'
[2.008s] Level 1:colcon.colcon_core.environment:checking '/workspace/install/explore_lite/bin'
[2.009s] Level 1:colcon.colcon_core.environment:checking '/workspace/install/explore_lite/lib/pkgconfig/explore_lite.pc'
[2.009s] Level 1:colcon.colcon_core.environment:checking '/workspace/install/explore_lite/lib/python3.10/site-packages'
[2.010s] Level 1:colcon.colcon_core.environment:checking '/workspace/install/explore_lite/bin'
[2.010s] INFO:colcon.colcon_core.shell:Creating package script '/workspace/install/explore_lite/share/explore_lite/package.ps1'
[2.011s] INFO:colcon.colcon_core.shell:Creating package descriptor '/workspace/install/explore_lite/share/explore_lite/package.dsv'
[2.012s] INFO:colcon.colcon_core.shell:Creating package script '/workspace/install/explore_lite/share/explore_lite/package.sh'
[2.013s] INFO:colcon.colcon_core.shell:Creating package script '/workspace/install/explore_lite/share/explore_lite/package.bash'
[2.014s] INFO:colcon.colcon_core.shell:Creating package script '/workspace/install/explore_lite/share/explore_lite/package.zsh'
[2.014s] Level 1:colcon.colcon_core.environment:create_file_with_runtime_dependencies(/workspace/install/explore_lite/share/colcon-core/packages/explore_lite)
[2.015s] Level 1:colcon.colcon_core.environment:create_environment_scripts_only(explore_lite)
[2.016s] Level 1:colcon.colcon_core.environment:checking '/workspace/install/explore_lite' for CMake module files
[2.017s] Level 1:colcon.colcon_core.environment:checking '/workspace/install/explore_lite' for CMake config files
[2.017s] Level 1:colcon.colcon_core.shell:create_environment_hook('explore_lite', 'cmake_prefix_path')
[2.018s] INFO:colcon.colcon_core.shell:Creating environment hook '/workspace/install/explore_lite/share/explore_lite/hook/cmake_prefix_path.ps1'
[2.019s] INFO:colcon.colcon_core.shell:Creating environment descriptor '/workspace/install/explore_lite/share/explore_lite/hook/cmake_prefix_path.dsv'
[2.019s] INFO:colcon.colcon_core.shell:Creating environment hook '/workspace/install/explore_lite/share/explore_lite/hook/cmake_prefix_path.sh'
[2.020s] Level 1:colcon.colcon_core.environment:checking '/workspace/install/explore_lite/lib'
[2.021s] Level 1:colcon.colcon_core.environment:checking '/workspace/install/explore_lite/bin'
[2.021s] Level 1:colcon.colcon_core.environment:checking '/workspace/install/explore_lite/lib/pkgconfig/explore_lite.pc'
[2.021s] Level 1:colcon.colcon_core.environment:checking '/workspace/install/explore_lite/lib/python3.10/site-packages'
[2.022s] Level 1:colcon.colcon_core.environment:checking '/workspace/install/explore_lite/bin'
[2.022s] INFO:colcon.colcon_core.shell:Creating package script '/workspace/install/explore_lite/share/explore_lite/package.ps1'
[2.023s] INFO:colcon.colcon_core.shell:Creating package descriptor '/workspace/install/explore_lite/share/explore_lite/package.dsv'
[2.024s] INFO:colcon.colcon_core.shell:Creating package script '/workspace/install/explore_lite/share/explore_lite/package.sh'
[2.025s] INFO:colcon.colcon_core.shell:Creating package script '/workspace/install/explore_lite/share/explore_lite/package.bash'
[2.026s] INFO:colcon.colcon_core.shell:Creating package script '/workspace/install/explore_lite/share/explore_lite/package.zsh'
[2.027s] Level 1:colcon.colcon_core.environment:create_file_with_runtime_dependencies(/workspace/install/explore_lite/share/colcon-core/packages/explore_lite)
[2.210s] DEBUG:colcon.colcon_core.task.python.build:Available setuptools commands: dist_info, bdist_dumb, saveopts, alias, easy_install, bdist_rpm, symlink_data, register, install, bdist_wheel, upload_docs, install_lib, egg_info, sdist, test, setopt, check, upload, rotate, build, clean, build_ext, install_data, install_headers, build_scripts, develop, install_egg_info, install_scripts, build_py, bdist, build_clib, bdist_egg
[2.212s] DEBUG:colcon.colcon_core.task.python.build:Available setuptools commands: dist_info, bdist_dumb, saveopts, alias, easy_install, bdist_rpm, symlink_data, register, install, bdist_wheel, upload_docs, install_lib, egg_info, sdist, test, setopt, check, upload, rotate, build, clean, build_ext, install_data, install_headers, build_scripts, develop, install_egg_info, install_scripts, build_py, bdist, build_clib, bdist_egg
[2.214s] DEBUG:colcon.colcon_core.event_handler.log_command:Invoking command in '/workspace/src/go2_nav': PYTHONPATH=/workspace/build/go2_nav/prefix_override:/usr/lib/python3/dist-packages/colcon_core/task/python/colcon_distutils_commands:/workspace/install/go2_nav/lib/python3.10/site-packages:${PYTHONPATH} /usr/bin/python3 -W ignore:setup.py install is deprecated -W ignore:easy_install command is deprecated setup.py egg_info --egg-base ../../build/go2_nav build --build-base /workspace/build/go2_nav/build install --record /workspace/build/go2_nav/install.log --install-scripts $base/lib/go2_nav --single-version-externally-managed install_data
[2.217s] DEBUG:colcon.colcon_core.event_handler.log_command:Invoking command in '/workspace/src/go2_vision': PYTHONPATH=/workspace/build/go2_vision/prefix_override:/usr/lib/python3/dist-packages/colcon_core/task/python/colcon_distutils_commands:/workspace/install/go2_vision/lib/python3.10/site-packages:${PYTHONPATH} /usr/bin/python3 -W ignore:setup.py install is deprecated -W ignore:easy_install command is deprecated setup.py egg_info --egg-base ../../build/go2_vision build --build-base /workspace/build/go2_vision/build install --record /workspace/build/go2_vision/install.log --install-scripts $base/lib/go2_vision --single-version-externally-managed install_data
[2.648s] Level 1:colcon.colcon_core.environment:checking '/workspace/install/go2_nav' for CMake module files
[2.649s] DEBUG:colcon.colcon_core.event_handler.log_command:Invoked command in '/workspace/src/go2_nav' returned '0': PYTHONPATH=/workspace/build/go2_nav/prefix_override:/usr/lib/python3/dist-packages/colcon_core/task/python/colcon_distutils_commands:/workspace/install/go2_nav/lib/python3.10/site-packages:${PYTHONPATH} /usr/bin/python3 -W ignore:setup.py install is deprecated -W ignore:easy_install command is deprecated setup.py egg_info --egg-base ../../build/go2_nav build --build-base /workspace/build/go2_nav/build install --record /workspace/build/go2_nav/install.log --install-scripts $base/lib/go2_nav --single-version-externally-managed install_data
[2.650s] Level 1:colcon.colcon_core.environment:checking '/workspace/install/go2_nav' for CMake config files
[2.651s] Level 1:colcon.colcon_core.environment:checking '/workspace/install/go2_nav/lib'
[2.651s] Level 1:colcon.colcon_core.environment:checking '/workspace/install/go2_nav/bin'
[2.651s] Level 1:colcon.colcon_core.environment:checking '/workspace/install/go2_nav/lib/pkgconfig/go2_nav.pc'
[2.651s] Level 1:colcon.colcon_core.environment:checking '/workspace/install/go2_nav/lib/python3.10/site-packages'
[2.651s] Level 1:colcon.colcon_core.shell:create_environment_hook('go2_nav', 'pythonpath')
[2.652s] INFO:colcon.colcon_core.shell:Creating environment hook '/workspace/install/go2_nav/share/go2_nav/hook/pythonpath.ps1'
[2.653s] INFO:colcon.colcon_core.shell:Creating environment descriptor '/workspace/install/go2_nav/share/go2_nav/hook/pythonpath.dsv'
[2.654s] INFO:colcon.colcon_core.shell:Creating environment hook '/workspace/install/go2_nav/share/go2_nav/hook/pythonpath.sh'
[2.655s] Level 1:colcon.colcon_core.environment:checking '/workspace/install/go2_nav/bin'
[2.655s] Level 1:colcon.colcon_core.environment:create_environment_scripts_only(go2_nav)
[2.656s] INFO:colcon.colcon_core.shell:Creating package script '/workspace/install/go2_nav/share/go2_nav/package.ps1'
[2.657s] INFO:colcon.colcon_core.shell:Creating package descriptor '/workspace/install/go2_nav/share/go2_nav/package.dsv'
[2.660s] INFO:colcon.colcon_core.shell:Creating package script '/workspace/install/go2_nav/share/go2_nav/package.sh'
[2.662s] INFO:colcon.colcon_core.shell:Creating package script '/workspace/install/go2_nav/share/go2_nav/package.bash'
[2.663s] INFO:colcon.colcon_core.shell:Creating package script '/workspace/install/go2_nav/share/go2_nav/package.zsh'
[2.664s] Level 1:colcon.colcon_core.environment:create_file_with_runtime_dependencies(/workspace/install/go2_nav/share/colcon-core/packages/go2_nav)
[2.667s] Level 1:colcon.colcon_core.environment:checking '/workspace/install/go2_vision' for CMake module files
[2.668s] DEBUG:colcon.colcon_core.event_handler.log_command:Invoked command in '/workspace/src/go2_vision' returned '0': PYTHONPATH=/workspace/build/go2_vision/prefix_override:/usr/lib/python3/dist-packages/colcon_core/task/python/colcon_distutils_commands:/workspace/install/go2_vision/lib/python3.10/site-packages:${PYTHONPATH} /usr/bin/python3 -W ignore:setup.py install is deprecated -W ignore:easy_install command is deprecated setup.py egg_info --egg-base ../../build/go2_vision build --build-base /workspace/build/go2_vision/build install --record /workspace/build/go2_vision/install.log --install-scripts $base/lib/go2_vision --single-version-externally-managed install_data
[2.668s] Level 1:colcon.colcon_core.environment:checking '/workspace/install/go2_vision' for CMake config files
[2.670s] Level 1:colcon.colcon_core.environment:checking '/workspace/install/go2_vision/lib'
[2.670s] Level 1:colcon.colcon_core.environment:checking '/workspace/install/go2_vision/bin'
[2.670s] Level 1:colcon.colcon_core.environment:checking '/workspace/install/go2_vision/lib/pkgconfig/go2_vision.pc'
[2.671s] Level 1:colcon.colcon_core.environment:checking '/workspace/install/go2_vision/lib/python3.10/site-packages'
[2.671s] Level 1:colcon.colcon_core.shell:create_environment_hook('go2_vision', 'pythonpath')
[2.672s] INFO:colcon.colcon_core.shell:Creating environment hook '/workspace/install/go2_vision/share/go2_vision/hook/pythonpath.ps1'
[2.673s] INFO:colcon.colcon_core.shell:Creating environment descriptor '/workspace/install/go2_vision/share/go2_vision/hook/pythonpath.dsv'
[2.674s] INFO:colcon.colcon_core.shell:Creating environment hook '/workspace/install/go2_vision/share/go2_vision/hook/pythonpath.sh'
[2.676s] Level 1:colcon.colcon_core.environment:checking '/workspace/install/go2_vision/bin'
[2.676s] Level 1:colcon.colcon_core.environment:create_environment_scripts_only(go2_vision)
[2.677s] INFO:colcon.colcon_core.shell:Creating package script '/workspace/install/go2_vision/share/go2_vision/package.ps1'
[2.678s] INFO:colcon.colcon_core.shell:Creating package descriptor '/workspace/install/go2_vision/share/go2_vision/package.dsv'
[2.679s] INFO:colcon.colcon_core.shell:Creating package script '/workspace/install/go2_vision/share/go2_vision/package.sh'
[2.681s] INFO:colcon.colcon_core.shell:Creating package script '/workspace/install/go2_vision/share/go2_vision/package.bash'
[2.681s] INFO:colcon.colcon_core.shell:Creating package script '/workspace/install/go2_vision/share/go2_vision/package.zsh'
[2.682s] Level 1:colcon.colcon_core.environment:create_file_with_runtime_dependencies(/workspace/install/go2_vision/share/colcon-core/packages/go2_vision)
[4.039s] DEBUG:colcon.colcon_core.event_handler.log_command:Invoked command in '/workspace/build/cyclonedds' returned '0': CMAKE_PREFIX_PATH=/opt/ros/humble /usr/bin/cmake /workspace/cyclonedds -DBUILD_IDLC=AUTO -DCMAKE_INSTALL_PREFIX=/workspace/install/cyclonedds
[4.043s] DEBUG:colcon.colcon_core.event_handler.log_command:Invoking command in '/workspace/build/cyclonedds': CMAKE_PREFIX_PATH=/opt/ros/humble /usr/bin/cmake --build /workspace/build/cyclonedds -- -j8 -l8
[18.509s] DEBUG:colcon.colcon_core.event_handler.log_command:Invoked command in '/workspace/build/cyclonedds' returned '0': CMAKE_PREFIX_PATH=/opt/ros/humble /usr/bin/cmake --build /workspace/build/cyclonedds -- -j8 -l8
[18.513s] DEBUG:colcon.colcon_core.event_handler.log_command:Invoking command in '/workspace/build/cyclonedds': CMAKE_PREFIX_PATH=/opt/ros/humble /usr/bin/cmake --install /workspace/build/cyclonedds
[18.587s] DEBUG:colcon.colcon_core.event_handler.log_command:Invoked command in '/workspace/build/cyclonedds' returned '0': CMAKE_PREFIX_PATH=/opt/ros/humble /usr/bin/cmake --install /workspace/build/cyclonedds
[18.588s] Level 1:colcon.colcon_core.shell:create_environment_hook('cyclonedds', 'pkg_config_path')
[18.588s] INFO:colcon.colcon_core.shell:Creating environment hook '/workspace/install/cyclonedds/share/cyclonedds/hook/pkg_config_path.ps1'
[18.590s] INFO:colcon.colcon_core.shell:Creating environment descriptor '/workspace/install/cyclonedds/share/cyclonedds/hook/pkg_config_path.dsv'
[18.591s] INFO:colcon.colcon_core.shell:Creating environment hook '/workspace/install/cyclonedds/share/cyclonedds/hook/pkg_config_path.sh'
[18.596s] Level 1:colcon.colcon_core.shell:create_environment_hook('cyclonedds', 'pkg_config_path_multiarch')
[18.597s] INFO:colcon.colcon_core.shell:Creating environment hook '/workspace/install/cyclonedds/share/cyclonedds/hook/pkg_config_path_multiarch.ps1'
[18.598s] INFO:colcon.colcon_core.shell:Creating environment descriptor '/workspace/install/cyclonedds/share/cyclonedds/hook/pkg_config_path_multiarch.dsv'
[18.599s] INFO:colcon.colcon_core.shell:Creating environment hook '/workspace/install/cyclonedds/share/cyclonedds/hook/pkg_config_path_multiarch.sh'
[18.600s] Level 1:colcon.colcon_core.environment:create_environment_scripts_only(cyclonedds)
[18.601s] Level 1:colcon.colcon_core.environment:checking '/workspace/install/cyclonedds' for CMake module files
[18.601s] Level 1:colcon.colcon_core.environment:checking '/workspace/install/cyclonedds' for CMake config files
[18.602s] Level 1:colcon.colcon_core.shell:create_environment_hook('cyclonedds', 'cmake_prefix_path')
[18.603s] INFO:colcon.colcon_core.shell:Creating environment hook '/workspace/install/cyclonedds/share/cyclonedds/hook/cmake_prefix_path.ps1'
[18.604s] INFO:colcon.colcon_core.shell:Creating environment descriptor '/workspace/install/cyclonedds/share/cyclonedds/hook/cmake_prefix_path.dsv'
[18.605s] INFO:colcon.colcon_core.shell:Creating environment hook '/workspace/install/cyclonedds/share/cyclonedds/hook/cmake_prefix_path.sh'
[18.606s] Level 1:colcon.colcon_core.environment:checking '/workspace/install/cyclonedds/lib'
[18.607s] Level 1:colcon.colcon_core.shell:create_environment_hook('cyclonedds', 'ld_library_path_lib')
[18.607s] INFO:colcon.colcon_core.shell:Creating environment hook '/workspace/install/cyclonedds/share/cyclonedds/hook/ld_library_path_lib.ps1'
[18.609s] INFO:colcon.colcon_core.shell:Creating environment descriptor '/workspace/install/cyclonedds/share/cyclonedds/hook/ld_library_path_lib.dsv'
[18.610s] INFO:colcon.colcon_core.shell:Creating environment hook '/workspace/install/cyclonedds/share/cyclonedds/hook/ld_library_path_lib.sh'
[18.611s] Level 1:colcon.colcon_core.environment:checking '/workspace/install/cyclonedds/bin'
[18.611s] Level 1:colcon.colcon_core.shell:create_environment_hook('cyclonedds', 'path')
[18.612s] INFO:colcon.colcon_core.shell:Creating environment hook '/workspace/install/cyclonedds/share/cyclonedds/hook/path.ps1'
[18.613s] INFO:colcon.colcon_core.shell:Creating environment descriptor '/workspace/install/cyclonedds/share/cyclonedds/hook/path.dsv'
[18.614s] INFO:colcon.colcon_core.shell:Creating environment hook '/workspace/install/cyclonedds/share/cyclonedds/hook/path.sh'
[18.615s] Level 1:colcon.colcon_core.environment:checking '/workspace/install/cyclonedds/lib/pkgconfig/cyclonedds.pc'
[18.616s] Level 1:colcon.colcon_core.environment:checking '/workspace/install/cyclonedds/lib/python3.10/site-packages'
[18.617s] Level 1:colcon.colcon_core.environment:checking '/workspace/install/cyclonedds/bin'
[18.617s] Level 1:colcon.colcon_core.shell:create_environment_hook('cyclonedds', 'pythonscriptspath')
[18.618s] INFO:colcon.colcon_core.shell:Creating environment hook '/workspace/install/cyclonedds/share/cyclonedds/hook/pythonscriptspath.ps1'
[18.619s] INFO:colcon.colcon_core.shell:Creating environment descriptor '/workspace/install/cyclonedds/share/cyclonedds/hook/pythonscriptspath.dsv'
[18.620s] INFO:colcon.colcon_core.shell:Creating environment hook '/workspace/install/cyclonedds/share/cyclonedds/hook/pythonscriptspath.sh'
[18.622s] INFO:colcon.colcon_core.shell:Creating package script '/workspace/install/cyclonedds/share/cyclonedds/package.ps1'
[18.624s] INFO:colcon.colcon_core.shell:Creating package descriptor '/workspace/install/cyclonedds/share/cyclonedds/package.dsv'
[18.626s] INFO:colcon.colcon_core.shell:Creating package script '/workspace/install/cyclonedds/share/cyclonedds/package.sh'
[18.627s] INFO:colcon.colcon_core.shell:Creating package script '/workspace/install/cyclonedds/share/cyclonedds/package.bash'
[18.628s] INFO:colcon.colcon_core.shell:Creating package script '/workspace/install/cyclonedds/share/cyclonedds/package.zsh'
[18.629s] Level 1:colcon.colcon_core.environment:create_file_with_runtime_dependencies(/workspace/install/cyclonedds/share/colcon-core/packages/cyclonedds)
[18.630s] INFO:colcon.colcon_core.task.python.build:Building Python package in '/workspace/sdk/unitree_sdk2_python'
[18.630s] INFO:colcon.colcon_core.shell:Skip shell extension 'powershell' for command environment: Not usable outside of PowerShell
[18.630s] DEBUG:colcon.colcon_core.shell:Skip shell extension 'dsv' for command environment
[19.463s] DEBUG:colcon.colcon_core.task.python.build:Available setuptools commands: dist_info, bdist_dumb, saveopts, alias, easy_install, bdist_rpm, symlink_data, register, install, bdist_wheel, upload_docs, install_lib, egg_info, sdist, test, setopt, check, upload, rotate, build, clean, build_ext, install_data, install_headers, build_scripts, develop, install_egg_info, install_scripts, build_py, bdist, build_clib, bdist_egg
[19.469s] DEBUG:colcon.colcon_core.event_handler.log_command:Invoking command in '/workspace/sdk/unitree_sdk2_python': CMAKE_PREFIX_PATH=/workspace/install/cyclonedds LD_LIBRARY_PATH=/workspace/install/cyclonedds/lib:${LD_LIBRARY_PATH} PATH=/workspace/install/cyclonedds/bin:${PATH} PKG_CONFIG_PATH=/workspace/install/cyclonedds/lib/aarch64-linux-gnu/pkgconfig:/workspace/install/cyclonedds/lib/pkgconfig PYTHONPATH=/workspace/build/unitree_sdk2py/prefix_override:/usr/lib/python3/dist-packages/colcon_core/task/python/colcon_distutils_commands:/workspace/install/unitree_sdk2py/lib/python3.10/site-packages:${PYTHONPATH} /usr/bin/python3 -W ignore:setup.py install is deprecated -W ignore:easy_install command is deprecated setup.py egg_info --egg-base ../../build/unitree_sdk2py build --build-base /workspace/build/unitree_sdk2py/build install --record /workspace/build/unitree_sdk2py/install.log --single-version-externally-managed
[19.930s] Level 1:colcon.colcon_core.environment:checking '/workspace/install/unitree_sdk2py' for CMake module files
[19.931s] DEBUG:colcon.colcon_core.event_handler.log_command:Invoked command in '/workspace/sdk/unitree_sdk2_python' returned '0': CMAKE_PREFIX_PATH=/workspace/install/cyclonedds LD_LIBRARY_PATH=/workspace/install/cyclonedds/lib:${LD_LIBRARY_PATH} PATH=/workspace/install/cyclonedds/bin:${PATH} PKG_CONFIG_PATH=/workspace/install/cyclonedds/lib/aarch64-linux-gnu/pkgconfig:/workspace/install/cyclonedds/lib/pkgconfig PYTHONPATH=/workspace/build/unitree_sdk2py/prefix_override:/usr/lib/python3/dist-packages/colcon_core/task/python/colcon_distutils_commands:/workspace/install/unitree_sdk2py/lib/python3.10/site-packages:${PYTHONPATH} /usr/bin/python3 -W ignore:setup.py install is deprecated -W ignore:easy_install command is deprecated setup.py egg_info --egg-base ../../build/unitree_sdk2py build --build-base /workspace/build/unitree_sdk2py/build install --record /workspace/build/unitree_sdk2py/install.log --single-version-externally-managed
[19.932s] Level 1:colcon.colcon_core.environment:checking '/workspace/install/unitree_sdk2py' for CMake config files
[19.936s] Level 1:colcon.colcon_core.environment:checking '/workspace/install/unitree_sdk2py/lib'
[19.936s] Level 1:colcon.colcon_core.environment:checking '/workspace/install/unitree_sdk2py/bin'
[19.936s] Level 1:colcon.colcon_core.environment:checking '/workspace/install/unitree_sdk2py/lib/pkgconfig/unitree_sdk2py.pc'
[19.936s] Level 1:colcon.colcon_core.environment:checking '/workspace/install/unitree_sdk2py/lib/python3.10/site-packages'
[19.936s] Level 1:colcon.colcon_core.shell:create_environment_hook('unitree_sdk2py', 'pythonpath')
[19.937s] INFO:colcon.colcon_core.shell:Creating environment hook '/workspace/install/unitree_sdk2py/share/unitree_sdk2py/hook/pythonpath.ps1'
[19.938s] INFO:colcon.colcon_core.shell:Creating environment descriptor '/workspace/install/unitree_sdk2py/share/unitree_sdk2py/hook/pythonpath.dsv'
[19.938s] INFO:colcon.colcon_core.shell:Creating environment hook '/workspace/install/unitree_sdk2py/share/unitree_sdk2py/hook/pythonpath.sh'
[19.939s] Level 1:colcon.colcon_core.environment:checking '/workspace/install/unitree_sdk2py/bin'
[19.940s] Level 1:colcon.colcon_core.environment:create_environment_scripts_only(unitree_sdk2py)
[19.940s] INFO:colcon.colcon_core.shell:Creating package script '/workspace/install/unitree_sdk2py/share/unitree_sdk2py/package.ps1'
[19.942s] INFO:colcon.colcon_core.shell:Creating package descriptor '/workspace/install/unitree_sdk2py/share/unitree_sdk2py/package.dsv'
[19.944s] INFO:colcon.colcon_core.shell:Creating package script '/workspace/install/unitree_sdk2py/share/unitree_sdk2py/package.sh'
[19.945s] INFO:colcon.colcon_core.shell:Creating package script '/workspace/install/unitree_sdk2py/share/unitree_sdk2py/package.bash'
[19.946s] INFO:colcon.colcon_core.shell:Creating package script '/workspace/install/unitree_sdk2py/share/unitree_sdk2py/package.zsh'
[19.947s] Level 1:colcon.colcon_core.environment:create_file_with_runtime_dependencies(/workspace/install/unitree_sdk2py/share/colcon-core/packages/unitree_sdk2py)
[19.948s] DEBUG:colcon.colcon_parallel_executor.executor.parallel:closing loop
[19.949s] DEBUG:colcon.colcon_parallel_executor.executor.parallel:loop closed
[19.949s] DEBUG:colcon.colcon_parallel_executor.executor.parallel:run_until_complete finished with '0'
[19.949s] DEBUG:colcon.colcon_core.event_reactor:joining thread
[19.968s] INFO:colcon.colcon_core.plugin_system:Skipping extension 'colcon_notification.desktop_notification.notify_send': Could not find 'notify-send'
[19.968s] INFO:colcon.colcon_core.plugin_system:Skipping extension 'colcon_notification.desktop_notification.terminal_notifier': Not used on non-Darwin systems
[19.968s] INFO:colcon.colcon_core.plugin_system:Skipping extension 'colcon_notification.desktop_notification.win32': Not used on non-Windows systems
[19.969s] INFO:colcon.colcon_notification.desktop_notification:Sending desktop notification using 'notify2'
[19.969s] DEBUG:colcon.colcon_notification.desktop_notification.notify2:Failed to initialize notify2: org.freedesktop.DBus.Error.NotSupported: Unable to autolaunch a dbus-daemon without a $DISPLAY for X11
[19.969s] DEBUG:colcon.colcon_core.event_reactor:joined thread
[19.970s] INFO:colcon.colcon_core.shell:Creating prefix script '/workspace/install/local_setup.ps1'
[19.973s] INFO:colcon.colcon_core.shell:Creating prefix util module '/workspace/install/_local_setup_util_ps1.py'
[19.977s] INFO:colcon.colcon_core.shell:Creating prefix chain script '/workspace/install/setup.ps1'
[19.980s] INFO:colcon.colcon_core.shell:Creating prefix script '/workspace/install/local_setup.sh'
[19.982s] INFO:colcon.colcon_core.shell:Creating prefix util module '/workspace/install/_local_setup_util_sh.py'
[19.983s] INFO:colcon.colcon_core.shell:Creating prefix chain script '/workspace/install/setup.sh'
[19.986s] INFO:colcon.colcon_core.shell:Creating prefix script '/workspace/install/local_setup.bash'
[19.987s] INFO:colcon.colcon_core.shell:Creating prefix chain script '/workspace/install/setup.bash'
[19.990s] INFO:colcon.colcon_core.shell:Creating prefix script '/workspace/install/local_setup.zsh'
[19.991s] INFO:colcon.colcon_core.shell:Creating prefix chain script '/workspace/install/setup.zsh'
