[0.011s] Invoking command in '/home/safal/Desktop/unitreego2nav/build/explore_lite': AMENT_PREFIX_PATH=/home/safal/Desktop/unitreego2nav/install/explore_lite_msgs:${AMENT_PREFIX_PATH} CMAKE_PREFIX_PATH=/home/safal/Desktop/unitreego2nav/install/explore_lite_msgs:/opt/ros/humble LD_LIBRARY_PATH=/home/safal/Desktop/unitreego2nav/install/explore_lite_msgs/lib:${LD_LIBRARY_PATH} PYTHONPATH=/home/safal/Desktop/unitreego2nav/install/explore_lite_msgs/local/lib/python3.10/dist-packages:${PYTHONPATH} /usr/bin/cmake /home/safal/Desktop/unitreego2nav/src/m-explore-ros2/explore -DCMAKE_INSTALL_PREFIX=/home/safal/Desktop/unitreego2nav/install/explore_lite
[0.016s] [0mCMake Deprecation Warning at CMakeLists.txt:1 (cmake_minimum_required):
[0.016s]   Compatibility with CMake < 3.10 will be removed from a future version of
[0.016s]   CMake.
[0.016s] 
[0.017s]   Update the VERSION argument <min> value.  Or, use the <min>...<max> syntax
[0.017s]   to tell CMake that the project requires at least <min> but has been updated
[0.017s]   to work with policies introduced by <max> or earlier.
[0.017s] 
[0.017s] [0m
[0.063s] -- The C compiler identification is GNU 11.4.0
[0.127s] -- The CXX compiler identification is GNU 11.4.0
[0.135s] -- Detecting C compiler ABI info
[0.190s] -- Detecting C compiler ABI info - done
[0.206s] -- Check for working C compiler: /usr/bin/cc - skipped
[0.206s] -- Detecting C compile features
[0.207s] -- Detecting C compile features - done
[0.216s] -- Detecting CXX compiler ABI info
[0.277s] -- Detecting CXX compiler ABI info - done
[0.293s] -- Check for working CXX compiler: /usr/bin/c++ - skipped
[0.293s] -- Detecting CXX compile features
[0.294s] -- Detecting CXX compile features - done
[0.299s] -- BuilD for ROS2: humble
[0.302s] -- Found ament_cmake: 1.3.14 (/opt/ros/humble/share/ament_cmake/cmake)
[0.470s] -- Found Python3: /usr/bin/python3 (found version "3.10.12") found components: Interpreter
[0.557s] -- Found rclcpp: 16.0.19 (/opt/ros/humble/share/rclcpp/cmake)
[0.606s] -- Found rosidl_generator_c: 3.1.8 (/opt/ros/humble/share/rosidl_generator_c/cmake)
[0.612s] -- Found rosidl_adapter: 3.1.8 (/opt/ros/humble/share/rosidl_adapter/cmake)
[0.622s] -- Found rosidl_generator_cpp: 3.1.8 (/opt/ros/humble/share/rosidl_generator_cpp/cmake)
[0.635s] -- Using all available rosidl_typesupport_c: rosidl_typesupport_fastrtps_c;rosidl_typesupport_introspection_c
[0.655s] -- Using all available rosidl_typesupport_cpp: rosidl_typesupport_fastrtps_cpp;rosidl_typesupport_introspection_cpp
[0.711s] -- Found rmw_implementation_cmake: 6.1.2 (/opt/ros/humble/share/rmw_implementation_cmake/cmake)
[0.715s] -- Found rmw_fastrtps_cpp: 6.2.10 (/opt/ros/humble/share/rmw_fastrtps_cpp/cmake)
[0.809s] -- Found OpenSSL: /usr/lib/x86_64-linux-gnu/libcrypto.so (found version "3.0.2")
[0.858s] -- Found FastRTPS: /opt/ros/humble/include
[0.925s] -- Using RMW implementation 'rmw_fastrtps_cpp' as default
[0.943s] -- Performing Test CMAKE_HAVE_LIBC_PTHREAD
[1.009s] -- Performing Test CMAKE_HAVE_LIBC_PTHREAD - Success
[1.010s] -- Found Threads: TRUE
[1.093s] -- Found sensor_msgs: 4.9.1 (/opt/ros/humble/share/sensor_msgs/cmake)
[1.139s] -- Found tf2_ros: 0.25.20 (/opt/ros/humble/share/tf2_ros/cmake)
[1.269s] -- Found tf2_geometry_msgs: 0.25.20 (/opt/ros/humble/share/tf2_geometry_msgs/cmake)
[1.287s] -- Found eigen3_cmake_module: 0.1.1 (/opt/ros/humble/share/eigen3_cmake_module/cmake)
[1.288s] -- Found Eigen3: TRUE (found version "3.4.0")
[1.289s] -- Ensuring Eigen3 include directory is part of orocos-kdl CMake target
[1.304s] -- Found nav2_msgs: 1.1.20 (/opt/ros/humble/share/nav2_msgs/cmake)
[1.362s] -- Found map_msgs: 2.1.0 (/opt/ros/humble/share/map_msgs/cmake)
[1.391s] -- Found visualization_msgs: 4.9.1 (/opt/ros/humble/share/visualization_msgs/cmake)
[1.422s] -- Found nav2_costmap_2d: 1.1.20 (/opt/ros/humble/share/nav2_costmap_2d/cmake)
[1.592s] -- Found explore_lite_msgs: 1.0.0 (/home/safal/Desktop/unitreego2nav/install/explore_lite_msgs/share/explore_lite_msgs/cmake)
[1.604s] -- Found ament_lint_auto: 0.12.15 (/opt/ros/humble/share/ament_lint_auto/cmake)
[1.681s] -- Found ament_cmake_gtest: 1.3.14 (/opt/ros/humble/share/ament_cmake_gtest/cmake)
[1.686s] -- Found gtest sources under '/opt/ros/humble/src/gtest_vendor': C++ tests using 'Google Test' will be built
[1.689s] [0mCMake Deprecation Warning at /opt/ros/humble/src/gtest_vendor/CMakeLists.txt:2 (cmake_minimum_required):
[1.689s]   Compatibility with CMake < 3.10 will be removed from a future version of
[1.689s]   CMake.
[1.690s] 
[1.690s]   Update the VERSION argument <min> value.  Or, use the <min>...<max> syntax
[1.690s]   to tell CMake that the project requires at least <min> but has been updated
[1.690s]   to work with policies introduced by <max> or earlier.
[1.690s] 
[1.690s] [0m
[1.698s] -- Added test 'cppcheck' to perform static code analysis on C / C++ code
[1.698s] -- Configured cppcheck include dirs: /home/safal/Desktop/unitreego2nav/src/m-explore-ros2/explore/include;$<BUILD_INTERFACE:/home/safal/Desktop/unitreego2nav/src/m-explore-ros2/explore/include>
[1.698s] -- Configured cppcheck exclude dirs and/or files: 
[1.699s] -- Added test 'flake8' to check Python code syntax and style conventions
[1.700s] -- Added test 'lint_cmake' to check CMake code style
[1.701s] -- Added test 'pep257' to check Python code against some of the docstring style conventions in PEP 257
[1.702s] -- Added test 'uncrustify' to check C / C++ code style
[1.702s] -- Configured uncrustify additional arguments: 
[1.703s] -- Added test 'xmllint' to check XML markup files
[1.706s] -- Configuring done (1.7s)
[1.765s] -- Generating done (0.1s)
[1.843s] -- Build files have been written to: /home/safal/Desktop/unitreego2nav/build/explore_lite
[1.857s] Invoked command in '/home/safal/Desktop/unitreego2nav/build/explore_lite' returned '0': AMENT_PREFIX_PATH=/home/safal/Desktop/unitreego2nav/install/explore_lite_msgs:${AMENT_PREFIX_PATH} CMAKE_PREFIX_PATH=/home/safal/Desktop/unitreego2nav/install/explore_lite_msgs:/opt/ros/humble LD_LIBRARY_PATH=/home/safal/Desktop/unitreego2nav/install/explore_lite_msgs/lib:${LD_LIBRARY_PATH} PYTHONPATH=/home/safal/Desktop/unitreego2nav/install/explore_lite_msgs/local/lib/python3.10/dist-packages:${PYTHONPATH} /usr/bin/cmake /home/safal/Desktop/unitreego2nav/src/m-explore-ros2/explore -DCMAKE_INSTALL_PREFIX=/home/safal/Desktop/unitreego2nav/install/explore_lite
[1.859s] Invoking command in '/home/safal/Desktop/unitreego2nav/build/explore_lite': AMENT_PREFIX_PATH=/home/safal/Desktop/unitreego2nav/install/explore_lite_msgs:${AMENT_PREFIX_PATH} CMAKE_PREFIX_PATH=/home/safal/Desktop/unitreego2nav/install/explore_lite_msgs:/opt/ros/humble LD_LIBRARY_PATH=/home/safal/Desktop/unitreego2nav/install/explore_lite_msgs/lib:${LD_LIBRARY_PATH} PYTHONPATH=/home/safal/Desktop/unitreego2nav/install/explore_lite_msgs/local/lib/python3.10/dist-packages:${PYTHONPATH} /usr/bin/cmake --build /home/safal/Desktop/unitreego2nav/build/explore_lite -- -j8 -l8
[1.889s] [ 30%] [32mBuilding CXX object CMakeFiles/explore.dir/src/frontier_search.cpp.o[0m
[1.889s] [ 30%] [32mBuilding CXX object gtest/CMakeFiles/gtest.dir/src/gtest-all.cc.o[0m
[1.889s] [ 30%] [32mBuilding CXX object gtest/CMakeFiles/gtest_main.dir/src/gtest_main.cc.o[0m
[1.890s] [ 40%] [32mBuilding CXX object CMakeFiles/explore.dir/src/costmap_client.cpp.o[0m
[1.890s] [ 50%] [32mBuilding CXX object CMakeFiles/explore.dir/src/explore.cpp.o[0m
[2.787s] [ 60%] [1m[32mLinking CXX static library libgtest_main.a[0m
[2.935s] [ 60%] Built target gtest_main
[5.730s] [ 70%] [1m[32mLinking CXX static library libgtest.a[0m
[5.813s] [ 70%] Built target gtest
[5.825s] [ 80%] [32mBuilding CXX object CMakeFiles/test_explore.dir/test/test_explore.cpp.o[0m
[6.720s] [ 90%] [1m[32mLinking CXX executable test_explore[0m
[6.948s] [ 90%] Built target test_explore
[18.743s] [100%] [1m[32mLinking CXX executable explore[0m
[20.744s] [100%] Built target explore
[20.757s] Invoked command in '/home/safal/Desktop/unitreego2nav/build/explore_lite' returned '0': AMENT_PREFIX_PATH=/home/safal/Desktop/unitreego2nav/install/explore_lite_msgs:${AMENT_PREFIX_PATH} CMAKE_PREFIX_PATH=/home/safal/Desktop/unitreego2nav/install/explore_lite_msgs:/opt/ros/humble LD_LIBRARY_PATH=/home/safal/Desktop/unitreego2nav/install/explore_lite_msgs/lib:${LD_LIBRARY_PATH} PYTHONPATH=/home/safal/Desktop/unitreego2nav/install/explore_lite_msgs/local/lib/python3.10/dist-packages:${PYTHONPATH} /usr/bin/cmake --build /home/safal/Desktop/unitreego2nav/build/explore_lite -- -j8 -l8
[20.761s] Invoking command in '/home/safal/Desktop/unitreego2nav/build/explore_lite': AMENT_PREFIX_PATH=/home/safal/Desktop/unitreego2nav/install/explore_lite_msgs:${AMENT_PREFIX_PATH} CMAKE_PREFIX_PATH=/home/safal/Desktop/unitreego2nav/install/explore_lite_msgs:/opt/ros/humble LD_LIBRARY_PATH=/home/safal/Desktop/unitreego2nav/install/explore_lite_msgs/lib:${LD_LIBRARY_PATH} PYTHONPATH=/home/safal/Desktop/unitreego2nav/install/explore_lite_msgs/local/lib/python3.10/dist-packages:${PYTHONPATH} /usr/bin/cmake --install /home/safal/Desktop/unitreego2nav/build/explore_lite
[20.766s] -- Install configuration: ""
[20.766s] -- Installing: /home/safal/Desktop/unitreego2nav/install/explore_lite/include/explore/
[20.767s] -- Installing: /home/safal/Desktop/unitreego2nav/install/explore_lite/include/explore//costmap_tools.h
[20.767s] -- Installing: /home/safal/Desktop/unitreego2nav/install/explore_lite/include/explore//costmap_client.h
[20.767s] -- Installing: /home/safal/Desktop/unitreego2nav/install/explore_lite/include/explore//explore.h
[20.767s] -- Installing: /home/safal/Desktop/unitreego2nav/install/explore_lite/include/explore//frontier_search.h
[20.767s] -- Installing: /home/safal/Desktop/unitreego2nav/install/explore_lite/share/explore_lite/config
[20.768s] -- Installing: /home/safal/Desktop/unitreego2nav/install/explore_lite/share/explore_lite/config/params.yaml
[20.768s] -- Installing: /home/safal/Desktop/unitreego2nav/install/explore_lite/share/explore_lite/config/params_costmap.yaml
[20.768s] -- Installing: /home/safal/Desktop/unitreego2nav/install/explore_lite/share/explore_lite/launch
[20.768s] -- Installing: /home/safal/Desktop/unitreego2nav/install/explore_lite/share/explore_lite/launch/explore.launch.py
[20.769s] -- Installing: /home/safal/Desktop/unitreego2nav/install/explore_lite/lib/explore_lite/explore
[20.775s] -- Set non-toolchain portion of runtime path of "/home/safal/Desktop/unitreego2nav/install/explore_lite/lib/explore_lite/explore" to ""
[20.775s] -- Installing: /home/safal/Desktop/unitreego2nav/install/explore_lite/share/ament_index/resource_index/package_run_dependencies/explore_lite
[20.775s] -- Installing: /home/safal/Desktop/unitreego2nav/install/explore_lite/share/ament_index/resource_index/parent_prefix_path/explore_lite
[20.776s] -- Installing: /home/safal/Desktop/unitreego2nav/install/explore_lite/share/explore_lite/environment/ament_prefix_path.sh
[20.776s] -- Installing: /home/safal/Desktop/unitreego2nav/install/explore_lite/share/explore_lite/environment/ament_prefix_path.dsv
[20.776s] -- Installing: /home/safal/Desktop/unitreego2nav/install/explore_lite/share/explore_lite/environment/path.sh
[20.776s] -- Installing: /home/safal/Desktop/unitreego2nav/install/explore_lite/share/explore_lite/environment/path.dsv
[20.777s] -- Installing: /home/safal/Desktop/unitreego2nav/install/explore_lite/share/explore_lite/local_setup.bash
[20.777s] -- Installing: /home/safal/Desktop/unitreego2nav/install/explore_lite/share/explore_lite/local_setup.sh
[20.777s] -- Installing: /home/safal/Desktop/unitreego2nav/install/explore_lite/share/explore_lite/local_setup.zsh
[20.777s] -- Installing: /home/safal/Desktop/unitreego2nav/install/explore_lite/share/explore_lite/local_setup.dsv
[20.777s] -- Installing: /home/safal/Desktop/unitreego2nav/install/explore_lite/share/explore_lite/package.dsv
[20.778s] -- Installing: /home/safal/Desktop/unitreego2nav/install/explore_lite/share/ament_index/resource_index/packages/explore_lite
[20.778s] -- Installing: /home/safal/Desktop/unitreego2nav/install/explore_lite/share/explore_lite/cmake/ament_cmake_export_dependencies-extras.cmake
[20.778s] -- Installing: /home/safal/Desktop/unitreego2nav/install/explore_lite/share/explore_lite/cmake/ament_cmake_export_include_directories-extras.cmake
[20.778s] -- Installing: /home/safal/Desktop/unitreego2nav/install/explore_lite/share/explore_lite/cmake/explore_liteConfig.cmake
[20.778s] -- Installing: /home/safal/Desktop/unitreego2nav/install/explore_lite/share/explore_lite/cmake/explore_liteConfig-version.cmake
[20.779s] -- Installing: /home/safal/Desktop/unitreego2nav/install/explore_lite/share/explore_lite/package.xml
[20.781s] Invoked command in '/home/safal/Desktop/unitreego2nav/build/explore_lite' returned '0': AMENT_PREFIX_PATH=/home/safal/Desktop/unitreego2nav/install/explore_lite_msgs:${AMENT_PREFIX_PATH} CMAKE_PREFIX_PATH=/home/safal/Desktop/unitreego2nav/install/explore_lite_msgs:/opt/ros/humble LD_LIBRARY_PATH=/home/safal/Desktop/unitreego2nav/install/explore_lite_msgs/lib:${LD_LIBRARY_PATH} PYTHONPATH=/home/safal/Desktop/unitreego2nav/install/explore_lite_msgs/local/lib/python3.10/dist-packages:${PYTHONPATH} /usr/bin/cmake --install /home/safal/Desktop/unitreego2nav/build/explore_lite
