[0.035s] Invoking command in '/home/safal/Desktop/unitreego2nav/build/explore_lite_msgs': CMAKE_PREFIX_PATH=${CMAKE_PREFIX_PATH}:/home/safal/Desktop/unitreego2nav/install/go2_nav:/opt/ros/humble /usr/bin/cmake --build /home/safal/Desktop/unitreego2nav/build/explore_lite_msgs -- -j8 -l8
[0.470s] [  9%] Built target explore_lite_msgs__rosidl_generator_c
[0.470s] [ 15%] Built target explore_lite_msgs__cpp
[0.470s] [ 15%] Built target explore_lite_msgs__rs
[0.470s] [ 15%] Built target ament_cmake_python_copy_explore_lite_msgs
[0.470s] [ 34%] Built target explore_lite_msgs__rosidl_typesupport_introspection_cpp
[0.471s] [ 34%] Built target explore_lite_msgs__rosidl_typesupport_introspection_c
[0.471s] [ 43%] Built target explore_lite_msgs__rosidl_typesupport_cpp
[0.471s] [ 53%] Built target explore_lite_msgs__rosidl_typesupport_c
[0.471s] [ 62%] Built target explore_lite_msgs__rosidl_typesupport_fastrtps_c
[0.472s] [ 71%] Built target explore_lite_msgs__rosidl_typesupport_fastrtps_cpp
[0.472s] [ 71%] Built target explore_lite_msgs
[0.474s] [ 75%] Built target explore_lite_msgs__py
[0.474s] [ 81%] Built target explore_lite_msgs__rosidl_generator_py
[0.475s] [ 87%] Built target explore_lite_msgs__rosidl_typesupport_introspection_c__pyext
[0.475s] [ 93%] Built target explore_lite_msgs__rosidl_typesupport_c__pyext
[0.475s] [100%] Built target explore_lite_msgs__rosidl_typesupport_fastrtps_c__pyext
[0.475s] running egg_info
[0.475s] writing explore_lite_msgs.egg-info/PKG-INFO
[0.476s] writing dependency_links to explore_lite_msgs.egg-info/dependency_links.txt
[0.476s] writing top-level names to explore_lite_msgs.egg-info/top_level.txt
[0.478s] reading manifest file 'explore_lite_msgs.egg-info/SOURCES.txt'
[0.480s] writing manifest file 'explore_lite_msgs.egg-info/SOURCES.txt'
[0.519s] [100%] Built target ament_cmake_python_build_explore_lite_msgs_egg
[0.527s] Invoked command in '/home/safal/Desktop/unitreego2nav/build/explore_lite_msgs' returned '0': CMAKE_PREFIX_PATH=${CMAKE_PREFIX_PATH}:/home/safal/Desktop/unitreego2nav/install/go2_nav:/opt/ros/humble /usr/bin/cmake --build /home/safal/Desktop/unitreego2nav/build/explore_lite_msgs -- -j8 -l8
[0.536s] Invoking command in '/home/safal/Desktop/unitreego2nav/build/explore_lite_msgs': CMAKE_PREFIX_PATH=${CMAKE_PREFIX_PATH}:/home/safal/Desktop/unitreego2nav/install/go2_nav:/opt/ros/humble /usr/bin/cmake --install /home/safal/Desktop/unitreego2nav/build/explore_lite_msgs
[0.542s] -- Install configuration: ""
[0.542s] -- Up-to-date: /home/safal/Desktop/unitreego2nav/install/explore_lite_msgs/share/ament_index/resource_index/rosidl_interfaces/explore_lite_msgs
[0.542s] -- Up-to-date: /home/safal/Desktop/unitreego2nav/install/explore_lite_msgs/include/explore_lite_msgs/explore_lite_msgs
[0.542s] -- Up-to-date: /home/safal/Desktop/unitreego2nav/install/explore_lite_msgs/include/explore_lite_msgs/explore_lite_msgs/msg
[0.542s] -- Up-to-date: /home/safal/Desktop/unitreego2nav/install/explore_lite_msgs/include/explore_lite_msgs/explore_lite_msgs/msg/detail
[0.542s] -- Up-to-date: /home/safal/Desktop/unitreego2nav/install/explore_lite_msgs/include/explore_lite_msgs/explore_lite_msgs/msg/detail/explore_status__type_support.h
[0.543s] -- Up-to-date: /home/safal/Desktop/unitreego2nav/install/explore_lite_msgs/include/explore_lite_msgs/explore_lite_msgs/msg/detail/explore_status__struct.h
[0.543s] -- Up-to-date: /home/safal/Desktop/unitreego2nav/install/explore_lite_msgs/include/explore_lite_msgs/explore_lite_msgs/msg/detail/explore_status__functions.h
[0.543s] -- Up-to-date: /home/safal/Desktop/unitreego2nav/install/explore_lite_msgs/include/explore_lite_msgs/explore_lite_msgs/msg/detail/explore_status__functions.c
[0.543s] -- Up-to-date: /home/safal/Desktop/unitreego2nav/install/explore_lite_msgs/include/explore_lite_msgs/explore_lite_msgs/msg/rosidl_generator_c__visibility_control.h
[0.543s] -- Up-to-date: /home/safal/Desktop/unitreego2nav/install/explore_lite_msgs/include/explore_lite_msgs/explore_lite_msgs/msg/explore_status.h
[0.544s] -- Up-to-date: /home/safal/Desktop/unitreego2nav/install/explore_lite_msgs/share/explore_lite_msgs/environment/library_path.sh
[0.544s] -- Up-to-date: /home/safal/Desktop/unitreego2nav/install/explore_lite_msgs/share/explore_lite_msgs/environment/library_path.dsv
[0.544s] -- Up-to-date: /home/safal/Desktop/unitreego2nav/install/explore_lite_msgs/lib/libexplore_lite_msgs__rosidl_generator_c.so
[0.544s] -- Up-to-date: /home/safal/Desktop/unitreego2nav/install/explore_lite_msgs/include/explore_lite_msgs/explore_lite_msgs
[0.544s] -- Up-to-date: /home/safal/Desktop/unitreego2nav/install/explore_lite_msgs/include/explore_lite_msgs/explore_lite_msgs/msg
[0.544s] -- Up-to-date: /home/safal/Desktop/unitreego2nav/install/explore_lite_msgs/include/explore_lite_msgs/explore_lite_msgs/msg/detail
[0.545s] -- Up-to-date: /home/safal/Desktop/unitreego2nav/install/explore_lite_msgs/include/explore_lite_msgs/explore_lite_msgs/msg/detail/explore_status__rosidl_typesupport_fastrtps_c.h
[0.545s] -- Up-to-date: /home/safal/Desktop/unitreego2nav/install/explore_lite_msgs/include/explore_lite_msgs/explore_lite_msgs/msg/rosidl_typesupport_fastrtps_c__visibility_control.h
[0.545s] -- Up-to-date: /home/safal/Desktop/unitreego2nav/install/explore_lite_msgs/lib/libexplore_lite_msgs__rosidl_typesupport_fastrtps_c.so
[0.545s] -- Up-to-date: /home/safal/Desktop/unitreego2nav/install/explore_lite_msgs/include/explore_lite_msgs/explore_lite_msgs
[0.545s] -- Up-to-date: /home/safal/Desktop/unitreego2nav/install/explore_lite_msgs/include/explore_lite_msgs/explore_lite_msgs/msg
[0.545s] -- Up-to-date: /home/safal/Desktop/unitreego2nav/install/explore_lite_msgs/include/explore_lite_msgs/explore_lite_msgs/msg/rosidl_typesupport_introspection_c__visibility_control.h
[0.545s] -- Up-to-date: /home/safal/Desktop/unitreego2nav/install/explore_lite_msgs/include/explore_lite_msgs/explore_lite_msgs/msg/detail
[0.546s] -- Up-to-date: /home/safal/Desktop/unitreego2nav/install/explore_lite_msgs/include/explore_lite_msgs/explore_lite_msgs/msg/detail/explore_status__rosidl_typesupport_introspection_c.h
[0.546s] -- Up-to-date: /home/safal/Desktop/unitreego2nav/install/explore_lite_msgs/include/explore_lite_msgs/explore_lite_msgs/msg/detail/explore_status__type_support.c
[0.546s] -- Up-to-date: /home/safal/Desktop/unitreego2nav/install/explore_lite_msgs/lib/libexplore_lite_msgs__rosidl_typesupport_introspection_c.so
[0.546s] -- Up-to-date: /home/safal/Desktop/unitreego2nav/install/explore_lite_msgs/lib/libexplore_lite_msgs__rosidl_typesupport_c.so
[0.546s] -- Up-to-date: /home/safal/Desktop/unitreego2nav/install/explore_lite_msgs/include/explore_lite_msgs/explore_lite_msgs
[0.546s] -- Up-to-date: /home/safal/Desktop/unitreego2nav/install/explore_lite_msgs/include/explore_lite_msgs/explore_lite_msgs/msg
[0.546s] -- Up-to-date: /home/safal/Desktop/unitreego2nav/install/explore_lite_msgs/include/explore_lite_msgs/explore_lite_msgs/msg/rosidl_generator_cpp__visibility_control.hpp
[0.546s] -- Up-to-date: /home/safal/Desktop/unitreego2nav/install/explore_lite_msgs/include/explore_lite_msgs/explore_lite_msgs/msg/detail
[0.546s] -- Up-to-date: /home/safal/Desktop/unitreego2nav/install/explore_lite_msgs/include/explore_lite_msgs/explore_lite_msgs/msg/detail/explore_status__traits.hpp
[0.546s] -- Up-to-date: /home/safal/Desktop/unitreego2nav/install/explore_lite_msgs/include/explore_lite_msgs/explore_lite_msgs/msg/detail/explore_status__struct.hpp
[0.546s] -- Up-to-date: /home/safal/Desktop/unitreego2nav/install/explore_lite_msgs/include/explore_lite_msgs/explore_lite_msgs/msg/detail/explore_status__type_support.hpp
[0.547s] -- Up-to-date: /home/safal/Desktop/unitreego2nav/install/explore_lite_msgs/include/explore_lite_msgs/explore_lite_msgs/msg/detail/explore_status__builder.hpp
[0.547s] -- Up-to-date: /home/safal/Desktop/unitreego2nav/install/explore_lite_msgs/include/explore_lite_msgs/explore_lite_msgs/msg/explore_status.hpp
[0.547s] -- Up-to-date: /home/safal/Desktop/unitreego2nav/install/explore_lite_msgs/include/explore_lite_msgs/explore_lite_msgs
[0.547s] -- Up-to-date: /home/safal/Desktop/unitreego2nav/install/explore_lite_msgs/include/explore_lite_msgs/explore_lite_msgs/msg
[0.547s] -- Up-to-date: /home/safal/Desktop/unitreego2nav/install/explore_lite_msgs/include/explore_lite_msgs/explore_lite_msgs/msg/detail
[0.547s] -- Up-to-date: /home/safal/Desktop/unitreego2nav/install/explore_lite_msgs/include/explore_lite_msgs/explore_lite_msgs/msg/detail/explore_status__rosidl_typesupport_fastrtps_cpp.hpp
[0.547s] -- Up-to-date: /home/safal/Desktop/unitreego2nav/install/explore_lite_msgs/include/explore_lite_msgs/explore_lite_msgs/msg/detail/dds_fastrtps
[0.547s] -- Up-to-date: /home/safal/Desktop/unitreego2nav/install/explore_lite_msgs/include/explore_lite_msgs/explore_lite_msgs/msg/rosidl_typesupport_fastrtps_cpp__visibility_control.h
[0.547s] -- Up-to-date: /home/safal/Desktop/unitreego2nav/install/explore_lite_msgs/lib/libexplore_lite_msgs__rosidl_typesupport_fastrtps_cpp.so
[0.547s] -- Up-to-date: /home/safal/Desktop/unitreego2nav/install/explore_lite_msgs/include/explore_lite_msgs/explore_lite_msgs
[0.548s] -- Up-to-date: /home/safal/Desktop/unitreego2nav/install/explore_lite_msgs/include/explore_lite_msgs/explore_lite_msgs/msg
[0.548s] -- Up-to-date: /home/safal/Desktop/unitreego2nav/install/explore_lite_msgs/include/explore_lite_msgs/explore_lite_msgs/msg/detail
[0.548s] -- Up-to-date: /home/safal/Desktop/unitreego2nav/install/explore_lite_msgs/include/explore_lite_msgs/explore_lite_msgs/msg/detail/explore_status__type_support.cpp
[0.548s] -- Up-to-date: /home/safal/Desktop/unitreego2nav/install/explore_lite_msgs/include/explore_lite_msgs/explore_lite_msgs/msg/detail/explore_status__rosidl_typesupport_introspection_cpp.hpp
[0.548s] -- Up-to-date: /home/safal/Desktop/unitreego2nav/install/explore_lite_msgs/lib/libexplore_lite_msgs__rosidl_typesupport_introspection_cpp.so
[0.548s] -- Up-to-date: /home/safal/Desktop/unitreego2nav/install/explore_lite_msgs/lib/libexplore_lite_msgs__rosidl_typesupport_cpp.so
[0.548s] -- Up-to-date: /home/safal/Desktop/unitreego2nav/install/explore_lite_msgs/share/explore_lite_msgs/environment/pythonpath.sh
[0.548s] -- Up-to-date: /home/safal/Desktop/unitreego2nav/install/explore_lite_msgs/share/explore_lite_msgs/environment/pythonpath.dsv
[0.548s] -- Up-to-date: /home/safal/Desktop/unitreego2nav/install/explore_lite_msgs/local/lib/python3.10/dist-packages/explore_lite_msgs-1.0.0-py3.10.egg-info
[0.549s] -- Installing: /home/safal/Desktop/unitreego2nav/install/explore_lite_msgs/local/lib/python3.10/dist-packages/explore_lite_msgs-1.0.0-py3.10.egg-info/SOURCES.txt
[0.549s] -- Installing: /home/safal/Desktop/unitreego2nav/install/explore_lite_msgs/local/lib/python3.10/dist-packages/explore_lite_msgs-1.0.0-py3.10.egg-info/dependency_links.txt
[0.549s] -- Installing: /home/safal/Desktop/unitreego2nav/install/explore_lite_msgs/local/lib/python3.10/dist-packages/explore_lite_msgs-1.0.0-py3.10.egg-info/top_level.txt
[0.549s] -- Installing: /home/safal/Desktop/unitreego2nav/install/explore_lite_msgs/local/lib/python3.10/dist-packages/explore_lite_msgs-1.0.0-py3.10.egg-info/PKG-INFO
[0.549s] -- Up-to-date: /home/safal/Desktop/unitreego2nav/install/explore_lite_msgs/local/lib/python3.10/dist-packages/explore_lite_msgs
[0.549s] -- Up-to-date: /home/safal/Desktop/unitreego2nav/install/explore_lite_msgs/local/lib/python3.10/dist-packages/explore_lite_msgs/explore_lite_msgs_s__rosidl_typesupport_introspection_c.cpython-310-x86_64-linux-gnu.so
[0.550s] -- Up-to-date: /home/safal/Desktop/unitreego2nav/install/explore_lite_msgs/local/lib/python3.10/dist-packages/explore_lite_msgs/msg
[0.550s] -- Up-to-date: /home/safal/Desktop/unitreego2nav/install/explore_lite_msgs/local/lib/python3.10/dist-packages/explore_lite_msgs/msg/__init__.py
[0.550s] -- Up-to-date: /home/safal/Desktop/unitreego2nav/install/explore_lite_msgs/local/lib/python3.10/dist-packages/explore_lite_msgs/msg/_explore_status.py
[0.550s] -- Up-to-date: /home/safal/Desktop/unitreego2nav/install/explore_lite_msgs/local/lib/python3.10/dist-packages/explore_lite_msgs/msg/_explore_status_s.c
[0.550s] -- Up-to-date: /home/safal/Desktop/unitreego2nav/install/explore_lite_msgs/local/lib/python3.10/dist-packages/explore_lite_msgs/explore_lite_msgs_s__rosidl_typesupport_c.cpython-310-x86_64-linux-gnu.so
[0.550s] -- Up-to-date: /home/safal/Desktop/unitreego2nav/install/explore_lite_msgs/local/lib/python3.10/dist-packages/explore_lite_msgs/__init__.py
[0.550s] -- Up-to-date: /home/safal/Desktop/unitreego2nav/install/explore_lite_msgs/local/lib/python3.10/dist-packages/explore_lite_msgs/libexplore_lite_msgs__rosidl_generator_py.so
[0.550s] -- Up-to-date: /home/safal/Desktop/unitreego2nav/install/explore_lite_msgs/local/lib/python3.10/dist-packages/explore_lite_msgs/explore_lite_msgs_s__rosidl_typesupport_fastrtps_c.cpython-310-x86_64-linux-gnu.so
[0.551s] -- Up-to-date: /home/safal/Desktop/unitreego2nav/install/explore_lite_msgs/local/lib/python3.10/dist-packages/explore_lite_msgs/_explore_lite_msgs_s.ep.rosidl_typesupport_fastrtps_c.c
[0.551s] -- Up-to-date: /home/safal/Desktop/unitreego2nav/install/explore_lite_msgs/local/lib/python3.10/dist-packages/explore_lite_msgs/_explore_lite_msgs_s.ep.rosidl_typesupport_introspection_c.c
[0.551s] -- Up-to-date: /home/safal/Desktop/unitreego2nav/install/explore_lite_msgs/local/lib/python3.10/dist-packages/explore_lite_msgs/_explore_lite_msgs_s.ep.rosidl_typesupport_c.c
[0.598s] Listing '/home/safal/Desktop/unitreego2nav/install/explore_lite_msgs/local/lib/python3.10/dist-packages/explore_lite_msgs'...
[0.598s] Listing '/home/safal/Desktop/unitreego2nav/install/explore_lite_msgs/local/lib/python3.10/dist-packages/explore_lite_msgs/msg'...
[0.606s] -- Up-to-date: /home/safal/Desktop/unitreego2nav/install/explore_lite_msgs/local/lib/python3.10/dist-packages/explore_lite_msgs/explore_lite_msgs_s__rosidl_typesupport_fastrtps_c.cpython-310-x86_64-linux-gnu.so
[0.606s] -- Up-to-date: /home/safal/Desktop/unitreego2nav/install/explore_lite_msgs/local/lib/python3.10/dist-packages/explore_lite_msgs/explore_lite_msgs_s__rosidl_typesupport_introspection_c.cpython-310-x86_64-linux-gnu.so
[0.607s] -- Up-to-date: /home/safal/Desktop/unitreego2nav/install/explore_lite_msgs/local/lib/python3.10/dist-packages/explore_lite_msgs/explore_lite_msgs_s__rosidl_typesupport_c.cpython-310-x86_64-linux-gnu.so
[0.607s] -- Up-to-date: /home/safal/Desktop/unitreego2nav/install/explore_lite_msgs/lib/libexplore_lite_msgs__rosidl_generator_py.so
[0.608s] -- Up-to-date: /home/safal/Desktop/unitreego2nav/install/explore_lite_msgs/share/ament_index/resource_index/rust_packages/explore_lite_msgs
[0.609s] -- Up-to-date: /home/safal/Desktop/unitreego2nav/install/explore_lite_msgs/share/explore_lite_msgs/rust
[0.609s] -- Up-to-date: /home/safal/Desktop/unitreego2nav/install/explore_lite_msgs/share/explore_lite_msgs/rust/Cargo.toml
[0.609s] -- Up-to-date: /home/safal/Desktop/unitreego2nav/install/explore_lite_msgs/share/explore_lite_msgs/rust/src
[0.609s] -- Up-to-date: /home/safal/Desktop/unitreego2nav/install/explore_lite_msgs/share/explore_lite_msgs/rust/src/msg
[0.609s] -- Up-to-date: /home/safal/Desktop/unitreego2nav/install/explore_lite_msgs/share/explore_lite_msgs/rust/src/msg/rmw.rs
[0.610s] -- Up-to-date: /home/safal/Desktop/unitreego2nav/install/explore_lite_msgs/share/explore_lite_msgs/rust/src/lib.rs
[0.610s] -- Up-to-date: /home/safal/Desktop/unitreego2nav/install/explore_lite_msgs/share/explore_lite_msgs/rust/src/msg.rs
[0.610s] -- Up-to-date: /home/safal/Desktop/unitreego2nav/install/explore_lite_msgs/share/explore_lite_msgs/rust/build.rs
[0.611s] -- Up-to-date: /home/safal/Desktop/unitreego2nav/install/explore_lite_msgs/share/explore_lite_msgs/msg/ExploreStatus.idl
[0.611s] -- Up-to-date: /home/safal/Desktop/unitreego2nav/install/explore_lite_msgs/share/explore_lite_msgs/msg/ExploreStatus.msg
[0.611s] -- Up-to-date: /home/safal/Desktop/unitreego2nav/install/explore_lite_msgs/share/ament_index/resource_index/package_run_dependencies/explore_lite_msgs
[0.611s] -- Up-to-date: /home/safal/Desktop/unitreego2nav/install/explore_lite_msgs/share/ament_index/resource_index/parent_prefix_path/explore_lite_msgs
[0.612s] -- Up-to-date: /home/safal/Desktop/unitreego2nav/install/explore_lite_msgs/share/explore_lite_msgs/environment/ament_prefix_path.sh
[0.612s] -- Up-to-date: /home/safal/Desktop/unitreego2nav/install/explore_lite_msgs/share/explore_lite_msgs/environment/ament_prefix_path.dsv
[0.612s] -- Up-to-date: /home/safal/Desktop/unitreego2nav/install/explore_lite_msgs/share/explore_lite_msgs/environment/path.sh
[0.612s] -- Up-to-date: /home/safal/Desktop/unitreego2nav/install/explore_lite_msgs/share/explore_lite_msgs/environment/path.dsv
[0.613s] -- Up-to-date: /home/safal/Desktop/unitreego2nav/install/explore_lite_msgs/share/explore_lite_msgs/local_setup.bash
[0.614s] -- Up-to-date: /home/safal/Desktop/unitreego2nav/install/explore_lite_msgs/share/explore_lite_msgs/local_setup.sh
[0.614s] -- Up-to-date: /home/safal/Desktop/unitreego2nav/install/explore_lite_msgs/share/explore_lite_msgs/local_setup.zsh
[0.616s] -- Up-to-date: /home/safal/Desktop/unitreego2nav/install/explore_lite_msgs/share/explore_lite_msgs/local_setup.dsv
[0.616s] -- Installing: /home/safal/Desktop/unitreego2nav/install/explore_lite_msgs/share/explore_lite_msgs/package.dsv
[0.616s] -- Up-to-date: /home/safal/Desktop/unitreego2nav/install/explore_lite_msgs/share/ament_index/resource_index/packages/explore_lite_msgs
[0.616s] -- Up-to-date: /home/safal/Desktop/unitreego2nav/install/explore_lite_msgs/share/explore_lite_msgs/cmake/export_explore_lite_msgs__rosidl_generator_cExport.cmake
[0.616s] -- Up-to-date: /home/safal/Desktop/unitreego2nav/install/explore_lite_msgs/share/explore_lite_msgs/cmake/export_explore_lite_msgs__rosidl_generator_cExport-noconfig.cmake
[0.617s] -- Up-to-date: /home/safal/Desktop/unitreego2nav/install/explore_lite_msgs/share/explore_lite_msgs/cmake/export_explore_lite_msgs__rosidl_typesupport_fastrtps_cExport.cmake
[0.617s] -- Up-to-date: /home/safal/Desktop/unitreego2nav/install/explore_lite_msgs/share/explore_lite_msgs/cmake/export_explore_lite_msgs__rosidl_typesupport_fastrtps_cExport-noconfig.cmake
[0.618s] -- Up-to-date: /home/safal/Desktop/unitreego2nav/install/explore_lite_msgs/share/explore_lite_msgs/cmake/explore_lite_msgs__rosidl_typesupport_introspection_cExport.cmake
[0.618s] -- Up-to-date: /home/safal/Desktop/unitreego2nav/install/explore_lite_msgs/share/explore_lite_msgs/cmake/explore_lite_msgs__rosidl_typesupport_introspection_cExport-noconfig.cmake
[0.618s] -- Up-to-date: /home/safal/Desktop/unitreego2nav/install/explore_lite_msgs/share/explore_lite_msgs/cmake/explore_lite_msgs__rosidl_typesupport_cExport.cmake
[0.618s] -- Up-to-date: /home/safal/Desktop/unitreego2nav/install/explore_lite_msgs/share/explore_lite_msgs/cmake/explore_lite_msgs__rosidl_typesupport_cExport-noconfig.cmake
[0.618s] -- Up-to-date: /home/safal/Desktop/unitreego2nav/install/explore_lite_msgs/share/explore_lite_msgs/cmake/export_explore_lite_msgs__rosidl_generator_cppExport.cmake
[0.619s] -- Up-to-date: /home/safal/Desktop/unitreego2nav/install/explore_lite_msgs/share/explore_lite_msgs/cmake/export_explore_lite_msgs__rosidl_typesupport_fastrtps_cppExport.cmake
[0.619s] -- Up-to-date: /home/safal/Desktop/unitreego2nav/install/explore_lite_msgs/share/explore_lite_msgs/cmake/export_explore_lite_msgs__rosidl_typesupport_fastrtps_cppExport-noconfig.cmake
[0.620s] -- Up-to-date: /home/safal/Desktop/unitreego2nav/install/explore_lite_msgs/share/explore_lite_msgs/cmake/explore_lite_msgs__rosidl_typesupport_introspection_cppExport.cmake
[0.620s] -- Up-to-date: /home/safal/Desktop/unitreego2nav/install/explore_lite_msgs/share/explore_lite_msgs/cmake/explore_lite_msgs__rosidl_typesupport_introspection_cppExport-noconfig.cmake
[0.620s] -- Up-to-date: /home/safal/Desktop/unitreego2nav/install/explore_lite_msgs/share/explore_lite_msgs/cmake/explore_lite_msgs__rosidl_typesupport_cppExport.cmake
[0.620s] -- Up-to-date: /home/safal/Desktop/unitreego2nav/install/explore_lite_msgs/share/explore_lite_msgs/cmake/explore_lite_msgs__rosidl_typesupport_cppExport-noconfig.cmake
[0.620s] -- Up-to-date: /home/safal/Desktop/unitreego2nav/install/explore_lite_msgs/share/explore_lite_msgs/cmake/export_explore_lite_msgs__rosidl_generator_pyExport.cmake
[0.620s] -- Up-to-date: /home/safal/Desktop/unitreego2nav/install/explore_lite_msgs/share/explore_lite_msgs/cmake/export_explore_lite_msgs__rosidl_generator_pyExport-noconfig.cmake
[0.621s] -- Up-to-date: /home/safal/Desktop/unitreego2nav/install/explore_lite_msgs/share/explore_lite_msgs/cmake/rosidl_cmake-extras.cmake
[0.621s] -- Up-to-date: /home/safal/Desktop/unitreego2nav/install/explore_lite_msgs/share/explore_lite_msgs/cmake/ament_cmake_export_include_directories-extras.cmake
[0.621s] -- Up-to-date: /home/safal/Desktop/unitreego2nav/install/explore_lite_msgs/share/explore_lite_msgs/cmake/ament_cmake_export_libraries-extras.cmake
[0.622s] -- Up-to-date: /home/safal/Desktop/unitreego2nav/install/explore_lite_msgs/share/explore_lite_msgs/cmake/ament_cmake_export_targets-extras.cmake
[0.622s] -- Up-to-date: /home/safal/Desktop/unitreego2nav/install/explore_lite_msgs/share/explore_lite_msgs/cmake/rosidl_cmake_export_typesupport_targets-extras.cmake
[0.622s] -- Up-to-date: /home/safal/Desktop/unitreego2nav/install/explore_lite_msgs/share/explore_lite_msgs/cmake/ament_cmake_export_dependencies-extras.cmake
[0.622s] -- Up-to-date: /home/safal/Desktop/unitreego2nav/install/explore_lite_msgs/share/explore_lite_msgs/cmake/rosidl_cmake_export_typesupport_libraries-extras.cmake
[0.622s] -- Up-to-date: /home/safal/Desktop/unitreego2nav/install/explore_lite_msgs/share/explore_lite_msgs/cmake/explore_lite_msgsConfig.cmake
[0.622s] -- Up-to-date: /home/safal/Desktop/unitreego2nav/install/explore_lite_msgs/share/explore_lite_msgs/cmake/explore_lite_msgsConfig-version.cmake
[0.622s] -- Up-to-date: /home/safal/Desktop/unitreego2nav/install/explore_lite_msgs/share/explore_lite_msgs/package.xml
[0.639s] Invoked command in '/home/safal/Desktop/unitreego2nav/build/explore_lite_msgs' returned '0': CMAKE_PREFIX_PATH=${CMAKE_PREFIX_PATH}:/home/safal/Desktop/unitreego2nav/install/go2_nav:/opt/ros/humble /usr/bin/cmake --install /home/safal/Desktop/unitreego2nav/build/explore_lite_msgs
