[0.012s] Invoking command in '/workspace/build/explore_lite': AMENT_PREFIX_PATH=/workspace/install/explore_lite_msgs:${AMENT_PREFIX_PATH} CMAKE_PREFIX_PATH=/workspace/install/explore_lite_msgs:/opt/ros/humble LD_LIBRARY_PATH=/workspace/install/explore_lite_msgs/lib:${LD_LIBRARY_PATH} PYTHONPATH=/workspace/install/explore_lite_msgs/local/lib/python3.10/dist-packages:${PYTHONPATH} /usr/bin/cmake /workspace/src/m-explore-ros2/explore -DCMAKE_INSTALL_PREFIX=/workspace/install/explore_lite
[0.086s] -- The C compiler identification is GNU 11.4.0
[0.163s] -- The CXX compiler identification is GNU 11.4.0
[0.173s] -- Detecting C compiler ABI info
[0.271s] -- Detecting C compiler ABI info - done
[0.280s] -- Check for working C compiler: /usr/bin/cc - skipped
[0.281s] -- Detecting C compile features
[0.281s] -- Detecting C compile features - done
[0.286s] -- Detecting CXX compiler ABI info
[0.404s] -- Detecting CXX compiler ABI info - done
[0.414s] -- Check for working CXX compiler: /usr/bin/c++ - skipped
[0.414s] -- Detecting CXX compile features
[0.415s] -- Detecting CXX compile features - done
[0.416s] -- BuilD for ROS2: humble
[0.420s] -- Found ament_cmake: 1.3.14 (/opt/ros/humble/share/ament_cmake/cmake)
[0.615s] -- Found Python3: /usr/bin/python3 (found version "3.10.12") found components: Interpreter 
[0.763s] -- Found rclcpp: 16.0.19 (/opt/ros/humble/share/rclcpp/cmake)
[0.825s] -- Found rosidl_generator_c: 3.1.8 (/opt/ros/humble/share/rosidl_generator_c/cmake)
[0.832s] -- Found rosidl_adapter: 3.1.8 (/opt/ros/humble/share/rosidl_adapter/cmake)
[0.846s] -- Found rosidl_generator_cpp: 3.1.8 (/opt/ros/humble/share/rosidl_generator_cpp/cmake)
[0.861s] -- Using all available rosidl_typesupport_c: rosidl_typesupport_fastrtps_c;rosidl_typesupport_introspection_c
[0.884s] -- Using all available rosidl_typesupport_cpp: rosidl_typesupport_fastrtps_cpp;rosidl_typesupport_introspection_cpp
[0.945s] -- Found rmw_implementation_cmake: 6.1.2 (/opt/ros/humble/share/rmw_implementation_cmake/cmake)
[0.949s] -- Found rmw_fastrtps_cpp: 6.2.10 (/opt/ros/humble/share/rmw_fastrtps_cpp/cmake)
[1.084s] -- Found OpenSSL: /usr/lib/aarch64-linux-gnu/libcrypto.so (found version "3.0.2")  
[1.121s] -- Found FastRTPS: /opt/ros/humble/include  
[1.183s] -- Using RMW implementation 'rmw_fastrtps_cpp' as default
[1.194s] -- Looking for pthread.h
[1.296s] -- Looking for pthread.h - found
[1.296s] -- Performing Test CMAKE_HAVE_LIBC_PTHREAD
[1.401s] -- Performing Test CMAKE_HAVE_LIBC_PTHREAD - Success
[1.404s] -- Found Threads: TRUE  
[1.492s] -- Found sensor_msgs: 4.9.1 (/opt/ros/humble/share/sensor_msgs/cmake)
[1.536s] -- Found tf2_ros: 0.25.20 (/opt/ros/humble/share/tf2_ros/cmake)
[1.678s] -- Found tf2_geometry_msgs: 0.25.20 (/opt/ros/humble/share/tf2_geometry_msgs/cmake)
[1.697s] -- Found eigen3_cmake_module: 0.1.1 (/opt/ros/humble/share/eigen3_cmake_module/cmake)
[1.699s] -- Found Eigen3: TRUE (found version "3.4.0") 
[1.699s] -- Ensuring Eigen3 include directory is part of orocos-kdl CMake target
[1.703s] -- Found nav2_msgs: 1.1.20 (/opt/ros/humble/share/nav2_msgs/cmake)
[1.762s] -- Found map_msgs: 2.1.0 (/opt/ros/humble/share/map_msgs/cmake)
[1.787s] -- Found visualization_msgs: 4.9.1 (/opt/ros/humble/share/visualization_msgs/cmake)
[1.816s] -- Found nav2_costmap_2d: 1.1.20 (/opt/ros/humble/share/nav2_costmap_2d/cmake)
[1.982s] -- Found explore_lite_msgs: 1.0.0 (/workspace/install/explore_lite_msgs/share/explore_lite_msgs/cmake)
[1.996s] -- Found ament_lint_auto: 0.12.15 (/opt/ros/humble/share/ament_lint_auto/cmake)
[2.117s] -- Found ament_cmake_gtest: 1.3.14 (/opt/ros/humble/share/ament_cmake_gtest/cmake)
[2.120s] -- Found gtest sources under '/opt/ros/humble/src/gtest_vendor': C++ tests using 'Google Test' will be built
[2.134s] -- Added test 'cppcheck' to perform static code analysis on C / C++ code
[2.134s] -- Configured cppcheck include dirs: /workspace/src/m-explore-ros2/explore/include;$<BUILD_INTERFACE:/workspace/src/m-explore-ros2/explore/include>
[2.135s] -- Configured cppcheck exclude dirs and/or files: 
[2.135s] -- Added test 'flake8' to check Python code syntax and style conventions
[2.136s] -- Added test 'lint_cmake' to check CMake code style
[2.137s] -- Added test 'pep257' to check Python code against some of the docstring style conventions in PEP 257
[2.139s] -- Added test 'uncrustify' to check C / C++ code style
[2.139s] -- Configured uncrustify additional arguments: 
[2.140s] -- Added test 'xmllint' to check XML markup files
[2.143s] -- Configuring done
[2.209s] -- Generating done
[2.221s] -- Build files have been written to: /workspace/build/explore_lite
[2.247s] Invoked command in '/workspace/build/explore_lite' returned '0': AMENT_PREFIX_PATH=/workspace/install/explore_lite_msgs:${AMENT_PREFIX_PATH} CMAKE_PREFIX_PATH=/workspace/install/explore_lite_msgs:/opt/ros/humble LD_LIBRARY_PATH=/workspace/install/explore_lite_msgs/lib:${LD_LIBRARY_PATH} PYTHONPATH=/workspace/install/explore_lite_msgs/local/lib/python3.10/dist-packages:${PYTHONPATH} /usr/bin/cmake /workspace/src/m-explore-ros2/explore -DCMAKE_INSTALL_PREFIX=/workspace/install/explore_lite
[2.250s] Invoking command in '/workspace/build/explore_lite': AMENT_PREFIX_PATH=/workspace/install/explore_lite_msgs:${AMENT_PREFIX_PATH} CMAKE_PREFIX_PATH=/workspace/install/explore_lite_msgs:/opt/ros/humble LD_LIBRARY_PATH=/workspace/install/explore_lite_msgs/lib:${LD_LIBRARY_PATH} PYTHONPATH=/workspace/install/explore_lite_msgs/local/lib/python3.10/dist-packages:${PYTHONPATH} /usr/bin/cmake --build /workspace/build/explore_lite -- -j8 -l8
[2.327s] [ 50%] [32mBuilding CXX object gtest/CMakeFiles/gtest_main.dir/src/gtest_main.cc.o[0m
[2.327s] [ 50%] [32mBuilding CXX object gtest/CMakeFiles/gtest.dir/src/gtest-all.cc.o[0m
[2.327s] [ 50%] [32mBuilding CXX object CMakeFiles/explore.dir/src/frontier_search.cpp.o[0m
[2.327s] [ 50%] [32mBuilding CXX object CMakeFiles/explore.dir/src/explore.cpp.o[0m
[2.327s] [ 50%] [32mBuilding CXX object CMakeFiles/explore.dir/src/costmap_client.cpp.o[0m
[3.443s] [ 60%] [32m[1mLinking CXX static library libgtest_main.a[0m
[3.489s] [ 60%] Built target gtest_main
[7.522s] [ 70%] [32m[1mLinking CXX static library libgtest.a[0m
[7.610s] [ 70%] Built target gtest
[7.639s] [ 80%] [32mBuilding CXX object CMakeFiles/test_explore.dir/test/test_explore.cpp.o[0m
[8.961s] [ 90%] [32m[1mLinking CXX executable test_explore[0m
[9.216s] [ 90%] Built target test_explore
[25.902s] [100%] [32m[1mLinking CXX executable explore[0m
[28.676s] [100%] Built target explore
[28.698s] Invoked command in '/workspace/build/explore_lite' returned '0': AMENT_PREFIX_PATH=/workspace/install/explore_lite_msgs:${AMENT_PREFIX_PATH} CMAKE_PREFIX_PATH=/workspace/install/explore_lite_msgs:/opt/ros/humble LD_LIBRARY_PATH=/workspace/install/explore_lite_msgs/lib:${LD_LIBRARY_PATH} PYTHONPATH=/workspace/install/explore_lite_msgs/local/lib/python3.10/dist-packages:${PYTHONPATH} /usr/bin/cmake --build /workspace/build/explore_lite -- -j8 -l8
[28.702s] Invoking command in '/workspace/build/explore_lite': AMENT_PREFIX_PATH=/workspace/install/explore_lite_msgs:${AMENT_PREFIX_PATH} CMAKE_PREFIX_PATH=/workspace/install/explore_lite_msgs:/opt/ros/humble LD_LIBRARY_PATH=/workspace/install/explore_lite_msgs/lib:${LD_LIBRARY_PATH} PYTHONPATH=/workspace/install/explore_lite_msgs/local/lib/python3.10/dist-packages:${PYTHONPATH} /usr/bin/cmake --install /workspace/build/explore_lite
[28.712s] -- Install configuration: ""
[28.713s] -- Installing: /workspace/install/explore_lite/include/explore/
[28.713s] -- Installing: /workspace/install/explore_lite/include/explore//costmap_client.h
[28.713s] -- Installing: /workspace/install/explore_lite/include/explore//explore.h
[28.713s] -- Installing: /workspace/install/explore_lite/include/explore//costmap_tools.h
[28.713s] -- Installing: /workspace/install/explore_lite/include/explore//frontier_search.h
[28.713s] -- Installing: /workspace/install/explore_lite/share/explore_lite/config
[28.713s] -- Installing: /workspace/install/explore_lite/share/explore_lite/config/params.yaml
[28.714s] -- Installing: /workspace/install/explore_lite/share/explore_lite/config/params_costmap.yaml
[28.714s] -- Installing: /workspace/install/explore_lite/share/explore_lite/launch
[28.714s] -- Installing: /workspace/install/explore_lite/share/explore_lite/launch/explore.launch.py
[28.714s] -- Installing: /workspace/install/explore_lite/lib/explore_lite/explore
[28.727s] -- Set runtime path of "/workspace/install/explore_lite/lib/explore_lite/explore" to ""
[28.727s] -- Installing: /workspace/install/explore_lite/share/ament_index/resource_index/package_run_dependencies/explore_lite
[28.727s] -- Installing: /workspace/install/explore_lite/share/ament_index/resource_index/parent_prefix_path/explore_lite
[28.727s] -- Installing: /workspace/install/explore_lite/share/explore_lite/environment/ament_prefix_path.sh
[28.728s] -- Installing: /workspace/install/explore_lite/share/explore_lite/environment/ament_prefix_path.dsv
[28.728s] -- Installing: /workspace/install/explore_lite/share/explore_lite/environment/path.sh
[28.728s] -- Installing: /workspace/install/explore_lite/share/explore_lite/environment/path.dsv
[28.728s] -- Installing: /workspace/install/explore_lite/share/explore_lite/local_setup.bash
[28.728s] -- Installing: /workspace/install/explore_lite/share/explore_lite/local_setup.sh
[28.729s] -- Installing: /workspace/install/explore_lite/share/explore_lite/local_setup.zsh
[28.729s] -- Installing: /workspace/install/explore_lite/share/explore_lite/local_setup.dsv
[28.729s] -- Installing: /workspace/install/explore_lite/share/explore_lite/package.dsv
[28.729s] -- Installing: /workspace/install/explore_lite/share/ament_index/resource_index/packages/explore_lite
[28.729s] -- Installing: /workspace/install/explore_lite/share/explore_lite/cmake/ament_cmake_export_dependencies-extras.cmake
[28.730s] -- Installing: /workspace/install/explore_lite/share/explore_lite/cmake/ament_cmake_export_include_directories-extras.cmake
[28.730s] -- Installing: /workspace/install/explore_lite/share/explore_lite/cmake/explore_liteConfig.cmake
[28.730s] -- Installing: /workspace/install/explore_lite/share/explore_lite/cmake/explore_liteConfig-version.cmake
[28.730s] -- Installing: /workspace/install/explore_lite/share/explore_lite/package.xml
[28.734s] Invoked command in '/workspace/build/explore_lite' returned '0': AMENT_PREFIX_PATH=/workspace/install/explore_lite_msgs:${AMENT_PREFIX_PATH} CMAKE_PREFIX_PATH=/workspace/install/explore_lite_msgs:/opt/ros/humble LD_LIBRARY_PATH=/workspace/install/explore_lite_msgs/lib:${LD_LIBRARY_PATH} PYTHONPATH=/workspace/install/explore_lite_msgs/local/lib/python3.10/dist-packages:${PYTHONPATH} /usr/bin/cmake --install /workspace/build/explore_lite
