[1.490s] Invoking command in '/workspace/src/go2_nav': PYTHONPATH=/workspace/build/go2_nav/prefix_override:/usr/lib/python3/dist-packages/colcon_core/task/python/colcon_distutils_commands:/workspace/install/go2_nav/lib/python3.10/site-packages:${PYTHONPATH} /usr/bin/python3 -W ignore:setup.py install is deprecated -W ignore:easy_install command is deprecated setup.py egg_info --egg-base ../../build/go2_nav build --build-base /workspace/build/go2_nav/build install --record /workspace/build/go2_nav/install.log --install-scripts $base/lib/go2_nav --single-version-externally-managed install_data
[1.839s] running egg_info
[1.840s] writing ../../build/go2_nav/go2_nav.egg-info/PKG-INFO
[1.841s] writing dependency_links to ../../build/go2_nav/go2_nav.egg-info/dependency_links.txt
[1.842s] writing entry points to ../../build/go2_nav/go2_nav.egg-info/entry_points.txt
[1.842s] writing requirements to ../../build/go2_nav/go2_nav.egg-info/requires.txt
[1.842s] writing top-level names to ../../build/go2_nav/go2_nav.egg-info/top_level.txt
[1.845s] reading manifest file '../../build/go2_nav/go2_nav.egg-info/SOURCES.txt'
[1.846s] writing manifest file '../../build/go2_nav/go2_nav.egg-info/SOURCES.txt'
[1.847s] running build
[1.847s] running build_py
[1.847s] running install
[1.848s] running install_lib
[1.850s] running install_data
[1.850s] running install_egg_info
[1.854s] removing '/workspace/install/go2_nav/lib/python3.10/site-packages/go2_nav-0.0.0-py3.10.egg-info' (and everything under it)
[1.855s] Copying ../../build/go2_nav/go2_nav.egg-info to /workspace/install/go2_nav/lib/python3.10/site-packages/go2_nav-0.0.0-py3.10.egg-info
[1.856s] running install_scripts
[1.894s] Installing go2_sport_bridge script to /workspace/install/go2_nav/lib/go2_nav
[1.894s] Installing odom_broadcast script to /workspace/install/go2_nav/lib/go2_nav
[1.895s] Installing restamp_node script to /workspace/install/go2_nav/lib/go2_nav
[1.895s] writing list of installed files to '/workspace/build/go2_nav/install.log'
[2.000s] Invoked command in '/workspace/src/go2_nav' returned '0': PYTHONPATH=/workspace/build/go2_nav/prefix_override:/usr/lib/python3/dist-packages/colcon_core/task/python/colcon_distutils_commands:/workspace/install/go2_nav/lib/python3.10/site-packages:${PYTHONPATH} /usr/bin/python3 -W ignore:setup.py install is deprecated -W ignore:easy_install command is deprecated setup.py egg_info --egg-base ../../build/go2_nav build --build-base /workspace/build/go2_nav/build install --record /workspace/build/go2_nav/install.log --install-scripts $base/lib/go2_nav --single-version-externally-managed install_data
