[0.125s] DEBUG:colcon:Command line arguments: ['/usr/bin/colcon', 'build']
[0.125s] DEBUG:colcon:Parsed command line arguments: Namespace(log_base=None, log_level=None, verb_name='build', build_base='build', install_base='install', merge_install=False, symlink_install=False, test_result_base=None, continue_on_error=False, executor='parallel', parallel_workers=8, event_handlers=None, ignore_user_meta=False, metas=['./colcon.meta'], base_paths=['.'], packages_ignore=None, packages_ignore_regex=None, paths=None, packages_up_to=None, packages_up_to_regex=None, packages_above=None, packages_above_and_dependencies=None, packages_above_depth=None, packages_select_by_dep=None, packages_skip_by_dep=None, packages_skip_up_to=None, packages_select_build_failed=False, packages_skip_build_finished=False, packages_select_test_failures=False, packages_skip_test_passed=False, packages_select=None, packages_skip=None, packages_select_regex=None, packages_skip_regex=None, packages_start=None, packages_end=None, allow_overriding=[], cmake_args=None, cmake_target=None, cmake_target_skip_unavailable=False, cmake_clean_cache=False, cmake_clean_first=False, cmake_force_configure=False, ament_cmake_args=None, catkin_cmake_args=None, catkin_skip_building_tests=False, mixin_files=None, mixin=None, verb_parser=<colcon_mixin.mixin.mixin_argument.MixinArgumentDecorator object at 0x72058eea4970>, verb_extension=<colcon_core.verb.build.BuildVerb object at 0x72058ee73fd0>, main=<bound method BuildVerb.main of <colcon_core.verb.build.BuildVerb object at 0x72058ee73fd0>>, mixin_verb=('build',))
[0.311s] Level 1:colcon.colcon_core.package_discovery:discover_packages(colcon_meta) check parameters
[0.311s] Level 1:colcon.colcon_core.package_discovery:discover_packages(recursive) check parameters
[0.311s] Level 1:colcon.colcon_core.package_discovery:discover_packages(ignore) check parameters
[0.311s] Level 1:colcon.colcon_core.package_discovery:discover_packages(path) check parameters
[0.311s] Level 1:colcon.colcon_core.package_discovery:discover_packages(colcon_meta) discover
[0.311s] Level 1:colcon.colcon_core.package_discovery:discover_packages(recursive) discover
[0.312s] INFO:colcon.colcon_core.package_discovery:Crawling recursively for packages in '/home/safal/Desktop/unitreego2nav'
[0.312s] Level 1:colcon.colcon_core.package_identification:_identify(.) by extensions ['ignore', 'ignore_ament_install']
[0.312s] Level 1:colcon.colcon_core.package_identification:_identify(.) by extension 'ignore'
[0.312s] Level 1:colcon.colcon_core.package_identification:_identify(.) by extension 'ignore_ament_install'
[0.312s] Level 1:colcon.colcon_core.package_identification:_identify(.) by extensions ['colcon_pkg']
[0.312s] Level 1:colcon.colcon_core.package_identification:_identify(.) by extension 'colcon_pkg'
[0.312s] Level 1:colcon.colcon_core.package_identification:_identify(.) by extensions ['colcon_meta']
[0.312s] Level 1:colcon.colcon_core.package_identification:_identify(.) by extension 'colcon_meta'
[0.312s] Level 1:colcon.colcon_core.package_identification:_identify(.) by extensions ['ros']
[0.312s] Level 1:colcon.colcon_core.package_identification:_identify(.) by extension 'ros'
[0.329s] Level 1:colcon.colcon_core.package_identification:_identify(.) by extensions ['cmake', 'python']
[0.329s] Level 1:colcon.colcon_core.package_identification:_identify(.) by extension 'cmake'
[0.329s] Level 1:colcon.colcon_core.package_identification:_identify(.) by extension 'python'
[0.329s] Level 1:colcon.colcon_core.package_identification:_identify(.) by extensions ['python_setup_py']
[0.330s] Level 1:colcon.colcon_core.package_identification:_identify(.) by extension 'python_setup_py'
[0.330s] Level 1:colcon.colcon_core.package_identification:_identify(build) by extensions ['ignore', 'ignore_ament_install']
[0.330s] Level 1:colcon.colcon_core.package_identification:_identify(build) by extension 'ignore'
[0.330s] Level 1:colcon.colcon_core.package_identification:_identify(build) ignored
[0.330s] Level 1:colcon.colcon_core.package_identification:_identify(install) by extensions ['ignore', 'ignore_ament_install']
[0.330s] Level 1:colcon.colcon_core.package_identification:_identify(install) by extension 'ignore'
[0.330s] Level 1:colcon.colcon_core.package_identification:_identify(install) ignored
[0.331s] Level 1:colcon.colcon_core.package_identification:_identify(log) by extensions ['ignore', 'ignore_ament_install']
[0.331s] Level 1:colcon.colcon_core.package_identification:_identify(log) by extension 'ignore'
[0.331s] Level 1:colcon.colcon_core.package_identification:_identify(log) ignored
[0.331s] Level 1:colcon.colcon_core.package_identification:_identify(sdk) by extensions ['ignore', 'ignore_ament_install']
[0.331s] Level 1:colcon.colcon_core.package_identification:_identify(sdk) by extension 'ignore'
[0.331s] Level 1:colcon.colcon_core.package_identification:_identify(sdk) ignored
[0.331s] Level 1:colcon.colcon_core.package_identification:_identify(src) by extensions ['ignore', 'ignore_ament_install']
[0.331s] Level 1:colcon.colcon_core.package_identification:_identify(src) by extension 'ignore'
[0.331s] Level 1:colcon.colcon_core.package_identification:_identify(src) by extension 'ignore_ament_install'
[0.331s] Level 1:colcon.colcon_core.package_identification:_identify(src) by extensions ['colcon_pkg']
[0.332s] Level 1:colcon.colcon_core.package_identification:_identify(src) by extension 'colcon_pkg'
[0.332s] Level 1:colcon.colcon_core.package_identification:_identify(src) by extensions ['colcon_meta']
[0.332s] Level 1:colcon.colcon_core.package_identification:_identify(src) by extension 'colcon_meta'
[0.332s] Level 1:colcon.colcon_core.package_identification:_identify(src) by extensions ['ros']
[0.332s] Level 1:colcon.colcon_core.package_identification:_identify(src) by extension 'ros'
[0.332s] Level 1:colcon.colcon_core.package_identification:_identify(src) by extensions ['cmake', 'python']
[0.332s] Level 1:colcon.colcon_core.package_identification:_identify(src) by extension 'cmake'
[0.332s] Level 1:colcon.colcon_core.package_identification:_identify(src) by extension 'python'
[0.332s] Level 1:colcon.colcon_core.package_identification:_identify(src) by extensions ['python_setup_py']
[0.332s] Level 1:colcon.colcon_core.package_identification:_identify(src) by extension 'python_setup_py'
[0.332s] Level 1:colcon.colcon_core.package_identification:_identify(src/go2_nav) by extensions ['ignore', 'ignore_ament_install']
[0.332s] Level 1:colcon.colcon_core.package_identification:_identify(src/go2_nav) by extension 'ignore'
[0.332s] Level 1:colcon.colcon_core.package_identification:_identify(src/go2_nav) by extension 'ignore_ament_install'
[0.333s] Level 1:colcon.colcon_core.package_identification:_identify(src/go2_nav) by extensions ['colcon_pkg']
[0.333s] Level 1:colcon.colcon_core.package_identification:_identify(src/go2_nav) by extension 'colcon_pkg'
[0.333s] Level 1:colcon.colcon_core.package_identification:_identify(src/go2_nav) by extensions ['colcon_meta']
[0.333s] Level 1:colcon.colcon_core.package_identification:_identify(src/go2_nav) by extension 'colcon_meta'
[0.333s] Level 1:colcon.colcon_core.package_identification:_identify(src/go2_nav) by extensions ['ros']
[0.333s] Level 1:colcon.colcon_core.package_identification:_identify(src/go2_nav) by extension 'ros'
[0.346s] DEBUG:colcon.colcon_core.package_identification:Package 'src/go2_nav' with type 'ros.ament_python' and name 'go2_nav'
[0.346s] Level 1:colcon.colcon_core.package_identification:_identify(src/m-explore-ros2) by extensions ['ignore', 'ignore_ament_install']
[0.346s] Level 1:colcon.colcon_core.package_identification:_identify(src/m-explore-ros2) by extension 'ignore'
[0.346s] Level 1:colcon.colcon_core.package_identification:_identify(src/m-explore-ros2) by extension 'ignore_ament_install'
[0.346s] Level 1:colcon.colcon_core.package_identification:_identify(src/m-explore-ros2) by extensions ['colcon_pkg']
[0.346s] Level 1:colcon.colcon_core.package_identification:_identify(src/m-explore-ros2) by extension 'colcon_pkg'
[0.346s] Level 1:colcon.colcon_core.package_identification:_identify(src/m-explore-ros2) by extensions ['colcon_meta']
[0.346s] Level 1:colcon.colcon_core.package_identification:_identify(src/m-explore-ros2) by extension 'colcon_meta'
[0.347s] Level 1:colcon.colcon_core.package_identification:_identify(src/m-explore-ros2) by extensions ['ros']
[0.347s] Level 1:colcon.colcon_core.package_identification:_identify(src/m-explore-ros2) by extension 'ros'
[0.347s] Level 1:colcon.colcon_core.package_identification:_identify(src/m-explore-ros2) by extensions ['cmake', 'python']
[0.347s] Level 1:colcon.colcon_core.package_identification:_identify(src/m-explore-ros2) by extension 'cmake'
[0.347s] Level 1:colcon.colcon_core.package_identification:_identify(src/m-explore-ros2) by extension 'python'
[0.347s] Level 1:colcon.colcon_core.package_identification:_identify(src/m-explore-ros2) by extensions ['python_setup_py']
[0.347s] Level 1:colcon.colcon_core.package_identification:_identify(src/m-explore-ros2) by extension 'python_setup_py'
[0.347s] Level 1:colcon.colcon_core.package_identification:_identify(src/m-explore-ros2/explore) by extensions ['ignore', 'ignore_ament_install']
[0.347s] Level 1:colcon.colcon_core.package_identification:_identify(src/m-explore-ros2/explore) by extension 'ignore'
[0.347s] Level 1:colcon.colcon_core.package_identification:_identify(src/m-explore-ros2/explore) by extension 'ignore_ament_install'
[0.347s] Level 1:colcon.colcon_core.package_identification:_identify(src/m-explore-ros2/explore) by extensions ['colcon_pkg']
[0.347s] Level 1:colcon.colcon_core.package_identification:_identify(src/m-explore-ros2/explore) by extension 'colcon_pkg'
[0.347s] Level 1:colcon.colcon_core.package_identification:_identify(src/m-explore-ros2/explore) by extensions ['colcon_meta']
[0.347s] Level 1:colcon.colcon_core.package_identification:_identify(src/m-explore-ros2/explore) by extension 'colcon_meta'
[0.347s] Level 1:colcon.colcon_core.package_identification:_identify(src/m-explore-ros2/explore) by extensions ['ros']
[0.348s] Level 1:colcon.colcon_core.package_identification:_identify(src/m-explore-ros2/explore) by extension 'ros'
[0.349s] DEBUG:colcon.colcon_core.package_identification:Package 'src/m-explore-ros2/explore' with type 'ros.ament_cmake' and name 'explore_lite'
[0.349s] Level 1:colcon.colcon_core.package_identification:_identify(src/m-explore-ros2/explore_lite_msgs) by extensions ['ignore', 'ignore_ament_install']
[0.349s] Level 1:colcon.colcon_core.package_identification:_identify(src/m-explore-ros2/explore_lite_msgs) by extension 'ignore'
[0.349s] Level 1:colcon.colcon_core.package_identification:_identify(src/m-explore-ros2/explore_lite_msgs) by extension 'ignore_ament_install'
[0.349s] Level 1:colcon.colcon_core.package_identification:_identify(src/m-explore-ros2/explore_lite_msgs) by extensions ['colcon_pkg']
[0.349s] Level 1:colcon.colcon_core.package_identification:_identify(src/m-explore-ros2/explore_lite_msgs) by extension 'colcon_pkg'
[0.349s] Level 1:colcon.colcon_core.package_identification:_identify(src/m-explore-ros2/explore_lite_msgs) by extensions ['colcon_meta']
[0.349s] Level 1:colcon.colcon_core.package_identification:_identify(src/m-explore-ros2/explore_lite_msgs) by extension 'colcon_meta'
[0.350s] Level 1:colcon.colcon_core.package_identification:_identify(src/m-explore-ros2/explore_lite_msgs) by extensions ['ros']
[0.350s] Level 1:colcon.colcon_core.package_identification:_identify(src/m-explore-ros2/explore_lite_msgs) by extension 'ros'
[0.350s] DEBUG:colcon.colcon_core.package_identification:Package 'src/m-explore-ros2/explore_lite_msgs' with type 'ros.ament_cmake' and name 'explore_lite_msgs'
[0.350s] Level 1:colcon.colcon_core.package_identification:_identify(src/m-explore-ros2/map_merge) by extensions ['ignore', 'ignore_ament_install']
[0.350s] Level 1:colcon.colcon_core.package_identification:_identify(src/m-explore-ros2/map_merge) by extension 'ignore'
[0.350s] Level 1:colcon.colcon_core.package_identification:_identify(src/m-explore-ros2/map_merge) by extension 'ignore_ament_install'
[0.350s] Level 1:colcon.colcon_core.package_identification:_identify(src/m-explore-ros2/map_merge) by extensions ['colcon_pkg']
[0.351s] Level 1:colcon.colcon_core.package_identification:_identify(src/m-explore-ros2/map_merge) by extension 'colcon_pkg'
[0.351s] Level 1:colcon.colcon_core.package_identification:_identify(src/m-explore-ros2/map_merge) by extensions ['colcon_meta']
[0.351s] Level 1:colcon.colcon_core.package_identification:_identify(src/m-explore-ros2/map_merge) by extension 'colcon_meta'
[0.351s] Level 1:colcon.colcon_core.package_identification:_identify(src/m-explore-ros2/map_merge) by extensions ['ros']
[0.351s] Level 1:colcon.colcon_core.package_identification:_identify(src/m-explore-ros2/map_merge) by extension 'ros'
[0.352s] DEBUG:colcon.colcon_core.package_identification:Package 'src/m-explore-ros2/map_merge' with type 'ros.ament_cmake' and name 'multirobot_map_merge'
[0.352s] Level 1:colcon.colcon_core.package_discovery:discover_packages(recursive) using defaults
[0.352s] Level 1:colcon.colcon_core.package_discovery:discover_packages(ignore) discover
[0.352s] Level 1:colcon.colcon_core.package_discovery:discover_packages(ignore) using defaults
[0.352s] Level 1:colcon.colcon_core.package_discovery:discover_packages(path) discover
[0.352s] Level 1:colcon.colcon_core.package_discovery:discover_packages(path) using defaults
[0.371s] Level 1:colcon.colcon_core.package_discovery:discover_packages(prefix_path) check parameters
[0.371s] Level 1:colcon.colcon_core.package_discovery:discover_packages(prefix_path) discover
[0.373s] DEBUG:colcon.colcon_installed_package_information.package_discovery:Found 508 installed packages in /opt/ros/humble
[0.376s] Level 1:colcon.colcon_core.package_discovery:discover_packages(prefix_path) using defaults
[0.427s] Level 5:colcon.colcon_core.verb:set package 'explore_lite_msgs' build argument 'cmake_args' from command line to 'None'
[0.427s] Level 5:colcon.colcon_core.verb:set package 'explore_lite_msgs' build argument 'cmake_target' from command line to 'None'
[0.427s] Level 5:colcon.colcon_core.verb:set package 'explore_lite_msgs' build argument 'cmake_target_skip_unavailable' from command line to 'False'
[0.427s] Level 5:colcon.colcon_core.verb:set package 'explore_lite_msgs' build argument 'cmake_clean_cache' from command line to 'False'
[0.427s] Level 5:colcon.colcon_core.verb:set package 'explore_lite_msgs' build argument 'cmake_clean_first' from command line to 'False'
[0.427s] Level 5:colcon.colcon_core.verb:set package 'explore_lite_msgs' build argument 'cmake_force_configure' from command line to 'False'
[0.427s] Level 5:colcon.colcon_core.verb:set package 'explore_lite_msgs' build argument 'ament_cmake_args' from command line to 'None'
[0.427s] Level 5:colcon.colcon_core.verb:set package 'explore_lite_msgs' build argument 'catkin_cmake_args' from command line to 'None'
[0.427s] Level 5:colcon.colcon_core.verb:set package 'explore_lite_msgs' build argument 'catkin_skip_building_tests' from command line to 'False'
[0.428s] DEBUG:colcon.colcon_core.verb:Building package 'explore_lite_msgs' with the following arguments: {'ament_cmake_args': None, 'build_base': '/home/safal/Desktop/unitreego2nav/build/explore_lite_msgs', 'catkin_cmake_args': None, 'catkin_skip_building_tests': False, 'cmake_args': None, 'cmake_clean_cache': False, 'cmake_clean_first': False, 'cmake_force_configure': False, 'cmake_target': None, 'cmake_target_skip_unavailable': False, 'install_base': '/home/safal/Desktop/unitreego2nav/install/explore_lite_msgs', 'merge_install': False, 'path': '/home/safal/Desktop/unitreego2nav/src/m-explore-ros2/explore_lite_msgs', 'symlink_install': False, 'test_result_base': None}
[0.428s] Level 5:colcon.colcon_core.verb:set package 'go2_nav' build argument 'cmake_args' from command line to 'None'
[0.428s] Level 5:colcon.colcon_core.verb:set package 'go2_nav' build argument 'cmake_target' from command line to 'None'
[0.428s] Level 5:colcon.colcon_core.verb:set package 'go2_nav' build argument 'cmake_target_skip_unavailable' from command line to 'False'
[0.428s] Level 5:colcon.colcon_core.verb:set package 'go2_nav' build argument 'cmake_clean_cache' from command line to 'False'
[0.428s] Level 5:colcon.colcon_core.verb:set package 'go2_nav' build argument 'cmake_clean_first' from command line to 'False'
[0.428s] Level 5:colcon.colcon_core.verb:set package 'go2_nav' build argument 'cmake_force_configure' from command line to 'False'
[0.428s] Level 5:colcon.colcon_core.verb:set package 'go2_nav' build argument 'ament_cmake_args' from command line to 'None'
[0.428s] Level 5:colcon.colcon_core.verb:set package 'go2_nav' build argument 'catkin_cmake_args' from command line to 'None'
[0.428s] Level 5:colcon.colcon_core.verb:set package 'go2_nav' build argument 'catkin_skip_building_tests' from command line to 'False'
[0.428s] DEBUG:colcon.colcon_core.verb:Building package 'go2_nav' with the following arguments: {'ament_cmake_args': None, 'build_base': '/home/safal/Desktop/unitreego2nav/build/go2_nav', 'catkin_cmake_args': None, 'catkin_skip_building_tests': False, 'cmake_args': None, 'cmake_clean_cache': False, 'cmake_clean_first': False, 'cmake_force_configure': False, 'cmake_target': None, 'cmake_target_skip_unavailable': False, 'install_base': '/home/safal/Desktop/unitreego2nav/install/go2_nav', 'merge_install': False, 'path': '/home/safal/Desktop/unitreego2nav/src/go2_nav', 'symlink_install': False, 'test_result_base': None}
[0.429s] Level 5:colcon.colcon_core.verb:set package 'multirobot_map_merge' build argument 'cmake_args' from command line to 'None'
[0.429s] Level 5:colcon.colcon_core.verb:set package 'multirobot_map_merge' build argument 'cmake_target' from command line to 'None'
[0.429s] Level 5:colcon.colcon_core.verb:set package 'multirobot_map_merge' build argument 'cmake_target_skip_unavailable' from command line to 'False'
[0.429s] Level 5:colcon.colcon_core.verb:set package 'multirobot_map_merge' build argument 'cmake_clean_cache' from command line to 'False'
[0.429s] Level 5:colcon.colcon_core.verb:set package 'multirobot_map_merge' build argument 'cmake_clean_first' from command line to 'False'
[0.429s] Level 5:colcon.colcon_core.verb:set package 'multirobot_map_merge' build argument 'cmake_force_configure' from command line to 'False'
[0.429s] Level 5:colcon.colcon_core.verb:set package 'multirobot_map_merge' build argument 'ament_cmake_args' from command line to 'None'
[0.429s] Level 5:colcon.colcon_core.verb:set package 'multirobot_map_merge' build argument 'catkin_cmake_args' from command line to 'None'
[0.429s] Level 5:colcon.colcon_core.verb:set package 'multirobot_map_merge' build argument 'catkin_skip_building_tests' from command line to 'False'
[0.429s] DEBUG:colcon.colcon_core.verb:Building package 'multirobot_map_merge' with the following arguments: {'ament_cmake_args': None, 'build_base': '/home/safal/Desktop/unitreego2nav/build/multirobot_map_merge', 'catkin_cmake_args': None, 'catkin_skip_building_tests': False, 'cmake_args': None, 'cmake_clean_cache': False, 'cmake_clean_first': False, 'cmake_force_configure': False, 'cmake_target': None, 'cmake_target_skip_unavailable': False, 'install_base': '/home/safal/Desktop/unitreego2nav/install/multirobot_map_merge', 'merge_install': False, 'path': '/home/safal/Desktop/unitreego2nav/src/m-explore-ros2/map_merge', 'symlink_install': False, 'test_result_base': None}
[0.429s] Level 5:colcon.colcon_core.verb:set package 'explore_lite' build argument 'cmake_args' from command line to 'None'
[0.429s] Level 5:colcon.colcon_core.verb:set package 'explore_lite' build argument 'cmake_target' from command line to 'None'
[0.429s] Level 5:colcon.colcon_core.verb:set package 'explore_lite' build argument 'cmake_target_skip_unavailable' from command line to 'False'
[0.429s] Level 5:colcon.colcon_core.verb:set package 'explore_lite' build argument 'cmake_clean_cache' from command line to 'False'
[0.429s] Level 5:colcon.colcon_core.verb:set package 'explore_lite' build argument 'cmake_clean_first' from command line to 'False'
[0.429s] Level 5:colcon.colcon_core.verb:set package 'explore_lite' build argument 'cmake_force_configure' from command line to 'False'
[0.429s] Level 5:colcon.colcon_core.verb:set package 'explore_lite' build argument 'ament_cmake_args' from command line to 'None'
[0.430s] Level 5:colcon.colcon_core.verb:set package 'explore_lite' build argument 'catkin_cmake_args' from command line to 'None'
[0.430s] Level 5:colcon.colcon_core.verb:set package 'explore_lite' build argument 'catkin_skip_building_tests' from command line to 'False'
[0.430s] DEBUG:colcon.colcon_core.verb:Building package 'explore_lite' with the following arguments: {'ament_cmake_args': None, 'build_base': '/home/safal/Desktop/unitreego2nav/build/explore_lite', 'catkin_cmake_args': None, 'catkin_skip_building_tests': False, 'cmake_args': None, 'cmake_clean_cache': False, 'cmake_clean_first': False, 'cmake_force_configure': False, 'cmake_target': None, 'cmake_target_skip_unavailable': False, 'install_base': '/home/safal/Desktop/unitreego2nav/install/explore_lite', 'merge_install': False, 'path': '/home/safal/Desktop/unitreego2nav/src/m-explore-ros2/explore', 'symlink_install': False, 'test_result_base': None}
[0.430s] INFO:colcon.colcon_core.executor:Executing jobs using 'parallel' executor
[0.431s] DEBUG:colcon.colcon_parallel_executor.executor.parallel:run_until_complete
[0.431s] INFO:colcon.colcon_ros.task.ament_cmake.build:Building ROS package in '/home/safal/Desktop/unitreego2nav/src/m-explore-ros2/explore_lite_msgs' with build type 'ament_cmake'
[0.431s] INFO:colcon.colcon_cmake.task.cmake.build:Building CMake package in '/home/safal/Desktop/unitreego2nav/src/m-explore-ros2/explore_lite_msgs'
[0.433s] INFO:colcon.colcon_core.plugin_system:Skipping extension 'colcon_core.shell.bat': Not used on non-Windows systems
[0.434s] INFO:colcon.colcon_core.shell:Skip shell extension 'powershell' for command environment: Not usable outside of PowerShell
[0.434s] DEBUG:colcon.colcon_core.shell:Skip shell extension 'dsv' for command environment
[0.437s] INFO:colcon.colcon_ros.task.ament_python.build:Building ROS package in '/home/safal/Desktop/unitreego2nav/src/go2_nav' with build type 'ament_python'
[0.437s] Level 1:colcon.colcon_core.shell:create_environment_hook('go2_nav', 'ament_prefix_path')
[0.438s] INFO:colcon.colcon_core.shell:Creating environment hook '/home/safal/Desktop/unitreego2nav/install/go2_nav/share/go2_nav/hook/ament_prefix_path.ps1'
[0.438s] INFO:colcon.colcon_core.shell:Creating environment descriptor '/home/safal/Desktop/unitreego2nav/install/go2_nav/share/go2_nav/hook/ament_prefix_path.dsv'
[0.439s] INFO:colcon.colcon_core.shell:Creating environment hook '/home/safal/Desktop/unitreego2nav/install/go2_nav/share/go2_nav/hook/ament_prefix_path.sh'
[0.440s] INFO:colcon.colcon_core.shell:Skip shell extension 'powershell' for command environment: Not usable outside of PowerShell
[0.440s] DEBUG:colcon.colcon_core.shell:Skip shell extension 'dsv' for command environment
[0.445s] INFO:colcon.colcon_ros.task.ament_cmake.build:Building ROS package in '/home/safal/Desktop/unitreego2nav/src/m-explore-ros2/map_merge' with build type 'ament_cmake'
[0.445s] INFO:colcon.colcon_cmake.task.cmake.build:Building CMake package in '/home/safal/Desktop/unitreego2nav/src/m-explore-ros2/map_merge'
[0.445s] INFO:colcon.colcon_core.shell:Skip shell extension 'powershell' for command environment: Not usable outside of PowerShell
[0.445s] DEBUG:colcon.colcon_core.shell:Skip shell extension 'dsv' for command environment
[0.455s] DEBUG:colcon.colcon_core.event_handler.log_command:Invoking command in '/home/safal/Desktop/unitreego2nav/build/explore_lite_msgs': CMAKE_PREFIX_PATH=/opt/ros/humble /usr/bin/cmake /home/safal/Desktop/unitreego2nav/src/m-explore-ros2/explore_lite_msgs -DCMAKE_INSTALL_PREFIX=/home/safal/Desktop/unitreego2nav/install/explore_lite_msgs
[0.796s] INFO:colcon.colcon_core.task.python.build:Building Python package in '/home/safal/Desktop/unitreego2nav/src/go2_nav'
[0.797s] INFO:colcon.colcon_core.shell:Skip shell extension 'powershell' for command environment: Not usable outside of PowerShell
[0.797s] DEBUG:colcon.colcon_core.shell:Skip shell extension 'dsv' for command environment
[0.810s] DEBUG:colcon.colcon_core.event_handler.log_command:Invoking command in '/home/safal/Desktop/unitreego2nav/build/multirobot_map_merge': CMAKE_PREFIX_PATH=/opt/ros/humble /usr/bin/cmake /home/safal/Desktop/unitreego2nav/src/m-explore-ros2/map_merge -DCMAKE_INSTALL_PREFIX=/home/safal/Desktop/unitreego2nav/install/multirobot_map_merge
[1.334s] DEBUG:colcon.colcon_core.event_handler.log_command:Invoking command in '/home/safal/Desktop/unitreego2nav/src/go2_nav': PYTHONPATH=/home/safal/Desktop/unitreego2nav/build/go2_nav/prefix_override:/usr/lib/python3/dist-packages/colcon_core/task/python/colcon_distutils_commands:/home/safal/Desktop/unitreego2nav/install/go2_nav/lib/python3.10/site-packages:${PYTHONPATH} /usr/bin/python3 -W ignore:setup.py install is deprecated -W ignore:easy_install command is deprecated setup.py egg_info --egg-base ../../build/go2_nav build --build-base /home/safal/Desktop/unitreego2nav/build/go2_nav/build install --record /home/safal/Desktop/unitreego2nav/build/go2_nav/install.log --single-version-externally-managed install_data
[1.751s] DEBUG:colcon.colcon_core.event_handler.log_command:Invoked command in '/home/safal/Desktop/unitreego2nav/src/go2_nav' returned '0': PYTHONPATH=/home/safal/Desktop/unitreego2nav/build/go2_nav/prefix_override:/usr/lib/python3/dist-packages/colcon_core/task/python/colcon_distutils_commands:/home/safal/Desktop/unitreego2nav/install/go2_nav/lib/python3.10/site-packages:${PYTHONPATH} /usr/bin/python3 -W ignore:setup.py install is deprecated -W ignore:easy_install command is deprecated setup.py egg_info --egg-base ../../build/go2_nav build --build-base /home/safal/Desktop/unitreego2nav/build/go2_nav/build install --record /home/safal/Desktop/unitreego2nav/build/go2_nav/install.log --single-version-externally-managed install_data
[1.753s] Level 1:colcon.colcon_core.environment:checking '/home/safal/Desktop/unitreego2nav/install/go2_nav' for CMake module files
[1.754s] Level 1:colcon.colcon_core.environment:checking '/home/safal/Desktop/unitreego2nav/install/go2_nav' for CMake config files
[1.755s] Level 1:colcon.colcon_core.environment:checking '/home/safal/Desktop/unitreego2nav/install/go2_nav/lib'
[1.755s] Level 1:colcon.colcon_core.environment:checking '/home/safal/Desktop/unitreego2nav/install/go2_nav/bin'
[1.755s] Level 1:colcon.colcon_core.environment:checking '/home/safal/Desktop/unitreego2nav/install/go2_nav/lib/pkgconfig/go2_nav.pc'
[1.755s] Level 1:colcon.colcon_core.environment:checking '/home/safal/Desktop/unitreego2nav/install/go2_nav/lib/python3.10/site-packages'
[1.755s] Level 1:colcon.colcon_core.shell:create_environment_hook('go2_nav', 'pythonpath')
[1.756s] INFO:colcon.colcon_core.shell:Creating environment hook '/home/safal/Desktop/unitreego2nav/install/go2_nav/share/go2_nav/hook/pythonpath.ps1'
[1.756s] INFO:colcon.colcon_core.shell:Creating environment descriptor '/home/safal/Desktop/unitreego2nav/install/go2_nav/share/go2_nav/hook/pythonpath.dsv'
[1.757s] INFO:colcon.colcon_core.shell:Creating environment hook '/home/safal/Desktop/unitreego2nav/install/go2_nav/share/go2_nav/hook/pythonpath.sh'
[1.758s] Level 1:colcon.colcon_core.environment:checking '/home/safal/Desktop/unitreego2nav/install/go2_nav/bin'
[1.758s] Level 1:colcon.colcon_core.environment:create_environment_scripts_only(go2_nav)
[1.758s] INFO:colcon.colcon_core.shell:Creating package script '/home/safal/Desktop/unitreego2nav/install/go2_nav/share/go2_nav/package.ps1'
[1.760s] INFO:colcon.colcon_core.shell:Creating package descriptor '/home/safal/Desktop/unitreego2nav/install/go2_nav/share/go2_nav/package.dsv'
[1.761s] INFO:colcon.colcon_core.shell:Creating package script '/home/safal/Desktop/unitreego2nav/install/go2_nav/share/go2_nav/package.sh'
[1.762s] INFO:colcon.colcon_core.shell:Creating package script '/home/safal/Desktop/unitreego2nav/install/go2_nav/share/go2_nav/package.bash'
[1.763s] INFO:colcon.colcon_core.shell:Creating package script '/home/safal/Desktop/unitreego2nav/install/go2_nav/share/go2_nav/package.zsh'
[1.764s] Level 1:colcon.colcon_core.environment:create_file_with_runtime_dependencies(/home/safal/Desktop/unitreego2nav/install/go2_nav/share/colcon-core/packages/go2_nav)
[4.199s] DEBUG:colcon.colcon_core.event_handler.log_command:Invoked command in '/home/safal/Desktop/unitreego2nav/build/explore_lite_msgs' returned '0': CMAKE_PREFIX_PATH=/opt/ros/humble /usr/bin/cmake /home/safal/Desktop/unitreego2nav/src/m-explore-ros2/explore_lite_msgs -DCMAKE_INSTALL_PREFIX=/home/safal/Desktop/unitreego2nav/install/explore_lite_msgs
[4.201s] DEBUG:colcon.colcon_core.event_handler.log_command:Invoking command in '/home/safal/Desktop/unitreego2nav/build/explore_lite_msgs': CMAKE_PREFIX_PATH=/opt/ros/humble /usr/bin/cmake --build /home/safal/Desktop/unitreego2nav/build/explore_lite_msgs -- -j8 -l8
[6.409s] DEBUG:colcon.colcon_core.event_handler.log_command:Invoked command in '/home/safal/Desktop/unitreego2nav/build/explore_lite_msgs' returned '0': CMAKE_PREFIX_PATH=/opt/ros/humble /usr/bin/cmake --build /home/safal/Desktop/unitreego2nav/build/explore_lite_msgs -- -j8 -l8
[6.415s] DEBUG:colcon.colcon_core.event_handler.log_command:Invoking command in '/home/safal/Desktop/unitreego2nav/build/explore_lite_msgs': CMAKE_PREFIX_PATH=/opt/ros/humble /usr/bin/cmake --install /home/safal/Desktop/unitreego2nav/build/explore_lite_msgs
[6.479s] Level 1:colcon.colcon_core.environment:create_environment_scripts_only(explore_lite_msgs)
[6.479s] Level 1:colcon.colcon_core.environment:checking '/home/safal/Desktop/unitreego2nav/install/explore_lite_msgs' for CMake module files
[6.480s] DEBUG:colcon.colcon_core.event_handler.log_command:Invoked command in '/home/safal/Desktop/unitreego2nav/build/explore_lite_msgs' returned '0': CMAKE_PREFIX_PATH=/opt/ros/humble /usr/bin/cmake --install /home/safal/Desktop/unitreego2nav/build/explore_lite_msgs
[6.481s] Level 1:colcon.colcon_core.environment:checking '/home/safal/Desktop/unitreego2nav/install/explore_lite_msgs' for CMake config files
[6.481s] Level 1:colcon.colcon_core.shell:create_environment_hook('explore_lite_msgs', 'cmake_prefix_path')
[6.481s] INFO:colcon.colcon_core.shell:Creating environment hook '/home/safal/Desktop/unitreego2nav/install/explore_lite_msgs/share/explore_lite_msgs/hook/cmake_prefix_path.ps1'
[6.482s] INFO:colcon.colcon_core.shell:Creating environment descriptor '/home/safal/Desktop/unitreego2nav/install/explore_lite_msgs/share/explore_lite_msgs/hook/cmake_prefix_path.dsv'
[6.482s] INFO:colcon.colcon_core.shell:Creating environment hook '/home/safal/Desktop/unitreego2nav/install/explore_lite_msgs/share/explore_lite_msgs/hook/cmake_prefix_path.sh'
[6.483s] Level 1:colcon.colcon_core.environment:checking '/home/safal/Desktop/unitreego2nav/install/explore_lite_msgs/lib'
[6.483s] Level 1:colcon.colcon_core.shell:create_environment_hook('explore_lite_msgs', 'ld_library_path_lib')
[6.483s] INFO:colcon.colcon_core.shell:Creating environment hook '/home/safal/Desktop/unitreego2nav/install/explore_lite_msgs/share/explore_lite_msgs/hook/ld_library_path_lib.ps1'
[6.484s] INFO:colcon.colcon_core.shell:Creating environment descriptor '/home/safal/Desktop/unitreego2nav/install/explore_lite_msgs/share/explore_lite_msgs/hook/ld_library_path_lib.dsv'
[6.484s] INFO:colcon.colcon_core.shell:Creating environment hook '/home/safal/Desktop/unitreego2nav/install/explore_lite_msgs/share/explore_lite_msgs/hook/ld_library_path_lib.sh'
[6.485s] Level 1:colcon.colcon_core.environment:checking '/home/safal/Desktop/unitreego2nav/install/explore_lite_msgs/bin'
[6.485s] Level 1:colcon.colcon_core.environment:checking '/home/safal/Desktop/unitreego2nav/install/explore_lite_msgs/lib/pkgconfig/explore_lite_msgs.pc'
[6.485s] Level 1:colcon.colcon_core.environment:checking '/home/safal/Desktop/unitreego2nav/install/explore_lite_msgs/lib/python3.10/site-packages'
[6.486s] Level 1:colcon.colcon_core.environment:checking '/home/safal/Desktop/unitreego2nav/install/explore_lite_msgs/bin'
[6.486s] INFO:colcon.colcon_core.shell:Creating package script '/home/safal/Desktop/unitreego2nav/install/explore_lite_msgs/share/explore_lite_msgs/package.ps1'
[6.487s] INFO:colcon.colcon_core.shell:Creating package descriptor '/home/safal/Desktop/unitreego2nav/install/explore_lite_msgs/share/explore_lite_msgs/package.dsv'
[6.487s] INFO:colcon.colcon_core.shell:Creating package script '/home/safal/Desktop/unitreego2nav/install/explore_lite_msgs/share/explore_lite_msgs/package.sh'
[6.488s] INFO:colcon.colcon_core.shell:Creating package script '/home/safal/Desktop/unitreego2nav/install/explore_lite_msgs/share/explore_lite_msgs/package.bash'
[6.488s] INFO:colcon.colcon_core.shell:Creating package script '/home/safal/Desktop/unitreego2nav/install/explore_lite_msgs/share/explore_lite_msgs/package.zsh'
[6.489s] Level 1:colcon.colcon_core.environment:create_file_with_runtime_dependencies(/home/safal/Desktop/unitreego2nav/install/explore_lite_msgs/share/colcon-core/packages/explore_lite_msgs)
[6.489s] Level 1:colcon.colcon_core.environment:create_environment_scripts_only(explore_lite_msgs)
[6.490s] Level 1:colcon.colcon_core.environment:checking '/home/safal/Desktop/unitreego2nav/install/explore_lite_msgs' for CMake module files
[6.490s] Level 1:colcon.colcon_core.environment:checking '/home/safal/Desktop/unitreego2nav/install/explore_lite_msgs' for CMake config files
[6.491s] Level 1:colcon.colcon_core.shell:create_environment_hook('explore_lite_msgs', 'cmake_prefix_path')
[6.491s] INFO:colcon.colcon_core.shell:Creating environment hook '/home/safal/Desktop/unitreego2nav/install/explore_lite_msgs/share/explore_lite_msgs/hook/cmake_prefix_path.ps1'
[6.492s] INFO:colcon.colcon_core.shell:Creating environment descriptor '/home/safal/Desktop/unitreego2nav/install/explore_lite_msgs/share/explore_lite_msgs/hook/cmake_prefix_path.dsv'
[6.492s] INFO:colcon.colcon_core.shell:Creating environment hook '/home/safal/Desktop/unitreego2nav/install/explore_lite_msgs/share/explore_lite_msgs/hook/cmake_prefix_path.sh'
[6.493s] Level 1:colcon.colcon_core.environment:checking '/home/safal/Desktop/unitreego2nav/install/explore_lite_msgs/lib'
[6.493s] Level 1:colcon.colcon_core.shell:create_environment_hook('explore_lite_msgs', 'ld_library_path_lib')
[6.493s] INFO:colcon.colcon_core.shell:Creating environment hook '/home/safal/Desktop/unitreego2nav/install/explore_lite_msgs/share/explore_lite_msgs/hook/ld_library_path_lib.ps1'
[6.494s] INFO:colcon.colcon_core.shell:Creating environment descriptor '/home/safal/Desktop/unitreego2nav/install/explore_lite_msgs/share/explore_lite_msgs/hook/ld_library_path_lib.dsv'
[6.494s] INFO:colcon.colcon_core.shell:Creating environment hook '/home/safal/Desktop/unitreego2nav/install/explore_lite_msgs/share/explore_lite_msgs/hook/ld_library_path_lib.sh'
[6.495s] Level 1:colcon.colcon_core.environment:checking '/home/safal/Desktop/unitreego2nav/install/explore_lite_msgs/bin'
[6.495s] Level 1:colcon.colcon_core.environment:checking '/home/safal/Desktop/unitreego2nav/install/explore_lite_msgs/lib/pkgconfig/explore_lite_msgs.pc'
[6.495s] Level 1:colcon.colcon_core.environment:checking '/home/safal/Desktop/unitreego2nav/install/explore_lite_msgs/lib/python3.10/site-packages'
[6.495s] Level 1:colcon.colcon_core.environment:checking '/home/safal/Desktop/unitreego2nav/install/explore_lite_msgs/bin'
[6.496s] INFO:colcon.colcon_core.shell:Creating package script '/home/safal/Desktop/unitreego2nav/install/explore_lite_msgs/share/explore_lite_msgs/package.ps1'
[6.496s] INFO:colcon.colcon_core.shell:Creating package descriptor '/home/safal/Desktop/unitreego2nav/install/explore_lite_msgs/share/explore_lite_msgs/package.dsv'
[6.497s] INFO:colcon.colcon_core.shell:Creating package script '/home/safal/Desktop/unitreego2nav/install/explore_lite_msgs/share/explore_lite_msgs/package.sh'
[6.498s] INFO:colcon.colcon_core.shell:Creating package script '/home/safal/Desktop/unitreego2nav/install/explore_lite_msgs/share/explore_lite_msgs/package.bash'
[6.498s] INFO:colcon.colcon_core.shell:Creating package script '/home/safal/Desktop/unitreego2nav/install/explore_lite_msgs/share/explore_lite_msgs/package.zsh'
[6.498s] Level 1:colcon.colcon_core.environment:create_file_with_runtime_dependencies(/home/safal/Desktop/unitreego2nav/install/explore_lite_msgs/share/colcon-core/packages/explore_lite_msgs)
[6.499s] INFO:colcon.colcon_ros.task.ament_cmake.build:Building ROS package in '/home/safal/Desktop/unitreego2nav/src/m-explore-ros2/explore' with build type 'ament_cmake'
[6.499s] INFO:colcon.colcon_cmake.task.cmake.build:Building CMake package in '/home/safal/Desktop/unitreego2nav/src/m-explore-ros2/explore'
[6.499s] INFO:colcon.colcon_core.shell:Skip shell extension 'powershell' for command environment: Not usable outside of PowerShell
[6.499s] DEBUG:colcon.colcon_core.shell:Skip shell extension 'dsv' for command environment
[6.512s] DEBUG:colcon.colcon_core.event_handler.log_command:Invoking command in '/home/safal/Desktop/unitreego2nav/build/explore_lite': AMENT_PREFIX_PATH=/home/safal/Desktop/unitreego2nav/install/explore_lite_msgs:${AMENT_PREFIX_PATH} CMAKE_PREFIX_PATH=/home/safal/Desktop/unitreego2nav/install/explore_lite_msgs:/opt/ros/humble LD_LIBRARY_PATH=/home/safal/Desktop/unitreego2nav/install/explore_lite_msgs/lib:${LD_LIBRARY_PATH} PYTHONPATH=/home/safal/Desktop/unitreego2nav/install/explore_lite_msgs/local/lib/python3.10/dist-packages:${PYTHONPATH} /usr/bin/cmake /home/safal/Desktop/unitreego2nav/src/m-explore-ros2/explore -DCMAKE_INSTALL_PREFIX=/home/safal/Desktop/unitreego2nav/install/explore_lite
[8.358s] DEBUG:colcon.colcon_core.event_handler.log_command:Invoked command in '/home/safal/Desktop/unitreego2nav/build/explore_lite' returned '0': AMENT_PREFIX_PATH=/home/safal/Desktop/unitreego2nav/install/explore_lite_msgs:${AMENT_PREFIX_PATH} CMAKE_PREFIX_PATH=/home/safal/Desktop/unitreego2nav/install/explore_lite_msgs:/opt/ros/humble LD_LIBRARY_PATH=/home/safal/Desktop/unitreego2nav/install/explore_lite_msgs/lib:${LD_LIBRARY_PATH} PYTHONPATH=/home/safal/Desktop/unitreego2nav/install/explore_lite_msgs/local/lib/python3.10/dist-packages:${PYTHONPATH} /usr/bin/cmake /home/safal/Desktop/unitreego2nav/src/m-explore-ros2/explore -DCMAKE_INSTALL_PREFIX=/home/safal/Desktop/unitreego2nav/install/explore_lite
[8.360s] DEBUG:colcon.colcon_core.event_handler.log_command:Invoking command in '/home/safal/Desktop/unitreego2nav/build/explore_lite': AMENT_PREFIX_PATH=/home/safal/Desktop/unitreego2nav/install/explore_lite_msgs:${AMENT_PREFIX_PATH} CMAKE_PREFIX_PATH=/home/safal/Desktop/unitreego2nav/install/explore_lite_msgs:/opt/ros/humble LD_LIBRARY_PATH=/home/safal/Desktop/unitreego2nav/install/explore_lite_msgs/lib:${LD_LIBRARY_PATH} PYTHONPATH=/home/safal/Desktop/unitreego2nav/install/explore_lite_msgs/local/lib/python3.10/dist-packages:${PYTHONPATH} /usr/bin/cmake --build /home/safal/Desktop/unitreego2nav/build/explore_lite -- -j8 -l8
[18.313s] DEBUG:colcon.colcon_core.event_handler.log_command:Invoked command in '/home/safal/Desktop/unitreego2nav/build/multirobot_map_merge' returned '0': CMAKE_PREFIX_PATH=/opt/ros/humble /usr/bin/cmake /home/safal/Desktop/unitreego2nav/src/m-explore-ros2/map_merge -DCMAKE_INSTALL_PREFIX=/home/safal/Desktop/unitreego2nav/install/multirobot_map_merge
[18.315s] DEBUG:colcon.colcon_core.event_handler.log_command:Invoking command in '/home/safal/Desktop/unitreego2nav/build/multirobot_map_merge': CMAKE_PREFIX_PATH=/opt/ros/humble /usr/bin/cmake --build /home/safal/Desktop/unitreego2nav/build/multirobot_map_merge -- -j8 -l8
[27.258s] DEBUG:colcon.colcon_core.event_handler.log_command:Invoked command in '/home/safal/Desktop/unitreego2nav/build/explore_lite' returned '0': AMENT_PREFIX_PATH=/home/safal/Desktop/unitreego2nav/install/explore_lite_msgs:${AMENT_PREFIX_PATH} CMAKE_PREFIX_PATH=/home/safal/Desktop/unitreego2nav/install/explore_lite_msgs:/opt/ros/humble LD_LIBRARY_PATH=/home/safal/Desktop/unitreego2nav/install/explore_lite_msgs/lib:${LD_LIBRARY_PATH} PYTHONPATH=/home/safal/Desktop/unitreego2nav/install/explore_lite_msgs/local/lib/python3.10/dist-packages:${PYTHONPATH} /usr/bin/cmake --build /home/safal/Desktop/unitreego2nav/build/explore_lite -- -j8 -l8
[27.261s] DEBUG:colcon.colcon_core.event_handler.log_command:Invoking command in '/home/safal/Desktop/unitreego2nav/build/explore_lite': AMENT_PREFIX_PATH=/home/safal/Desktop/unitreego2nav/install/explore_lite_msgs:${AMENT_PREFIX_PATH} CMAKE_PREFIX_PATH=/home/safal/Desktop/unitreego2nav/install/explore_lite_msgs:/opt/ros/humble LD_LIBRARY_PATH=/home/safal/Desktop/unitreego2nav/install/explore_lite_msgs/lib:${LD_LIBRARY_PATH} PYTHONPATH=/home/safal/Desktop/unitreego2nav/install/explore_lite_msgs/local/lib/python3.10/dist-packages:${PYTHONPATH} /usr/bin/cmake --install /home/safal/Desktop/unitreego2nav/build/explore_lite
[27.281s] Level 1:colcon.colcon_core.environment:create_environment_scripts_only(explore_lite)
[27.281s] Level 1:colcon.colcon_core.environment:checking '/home/safal/Desktop/unitreego2nav/install/explore_lite' for CMake module files
[27.282s] DEBUG:colcon.colcon_core.event_handler.log_command:Invoked command in '/home/safal/Desktop/unitreego2nav/build/explore_lite' returned '0': AMENT_PREFIX_PATH=/home/safal/Desktop/unitreego2nav/install/explore_lite_msgs:${AMENT_PREFIX_PATH} CMAKE_PREFIX_PATH=/home/safal/Desktop/unitreego2nav/install/explore_lite_msgs:/opt/ros/humble LD_LIBRARY_PATH=/home/safal/Desktop/unitreego2nav/install/explore_lite_msgs/lib:${LD_LIBRARY_PATH} PYTHONPATH=/home/safal/Desktop/unitreego2nav/install/explore_lite_msgs/local/lib/python3.10/dist-packages:${PYTHONPATH} /usr/bin/cmake --install /home/safal/Desktop/unitreego2nav/build/explore_lite
[27.282s] Level 1:colcon.colcon_core.environment:checking '/home/safal/Desktop/unitreego2nav/install/explore_lite' for CMake config files
[27.283s] Level 1:colcon.colcon_core.shell:create_environment_hook('explore_lite', 'cmake_prefix_path')
[27.283s] INFO:colcon.colcon_core.shell:Creating environment hook '/home/safal/Desktop/unitreego2nav/install/explore_lite/share/explore_lite/hook/cmake_prefix_path.ps1'
[27.284s] INFO:colcon.colcon_core.shell:Creating environment descriptor '/home/safal/Desktop/unitreego2nav/install/explore_lite/share/explore_lite/hook/cmake_prefix_path.dsv'
[27.284s] INFO:colcon.colcon_core.shell:Creating environment hook '/home/safal/Desktop/unitreego2nav/install/explore_lite/share/explore_lite/hook/cmake_prefix_path.sh'
[27.285s] Level 1:colcon.colcon_core.environment:checking '/home/safal/Desktop/unitreego2nav/install/explore_lite/lib'
[27.285s] Level 1:colcon.colcon_core.environment:checking '/home/safal/Desktop/unitreego2nav/install/explore_lite/bin'
[27.285s] Level 1:colcon.colcon_core.environment:checking '/home/safal/Desktop/unitreego2nav/install/explore_lite/lib/pkgconfig/explore_lite.pc'
[27.286s] Level 1:colcon.colcon_core.environment:checking '/home/safal/Desktop/unitreego2nav/install/explore_lite/lib/python3.10/site-packages'
[27.286s] Level 1:colcon.colcon_core.environment:checking '/home/safal/Desktop/unitreego2nav/install/explore_lite/bin'
[27.287s] INFO:colcon.colcon_core.shell:Creating package script '/home/safal/Desktop/unitreego2nav/install/explore_lite/share/explore_lite/package.ps1'
[27.287s] INFO:colcon.colcon_core.shell:Creating package descriptor '/home/safal/Desktop/unitreego2nav/install/explore_lite/share/explore_lite/package.dsv'
[27.288s] INFO:colcon.colcon_core.shell:Creating package script '/home/safal/Desktop/unitreego2nav/install/explore_lite/share/explore_lite/package.sh'
[27.289s] INFO:colcon.colcon_core.shell:Creating package script '/home/safal/Desktop/unitreego2nav/install/explore_lite/share/explore_lite/package.bash'
[27.289s] INFO:colcon.colcon_core.shell:Creating package script '/home/safal/Desktop/unitreego2nav/install/explore_lite/share/explore_lite/package.zsh'
[27.290s] Level 1:colcon.colcon_core.environment:create_file_with_runtime_dependencies(/home/safal/Desktop/unitreego2nav/install/explore_lite/share/colcon-core/packages/explore_lite)
[27.292s] Level 1:colcon.colcon_core.environment:create_environment_scripts_only(explore_lite)
[27.292s] Level 1:colcon.colcon_core.environment:checking '/home/safal/Desktop/unitreego2nav/install/explore_lite' for CMake module files
[27.293s] Level 1:colcon.colcon_core.environment:checking '/home/safal/Desktop/unitreego2nav/install/explore_lite' for CMake config files
[27.293s] Level 1:colcon.colcon_core.shell:create_environment_hook('explore_lite', 'cmake_prefix_path')
[27.293s] INFO:colcon.colcon_core.shell:Creating environment hook '/home/safal/Desktop/unitreego2nav/install/explore_lite/share/explore_lite/hook/cmake_prefix_path.ps1'
[27.294s] INFO:colcon.colcon_core.shell:Creating environment descriptor '/home/safal/Desktop/unitreego2nav/install/explore_lite/share/explore_lite/hook/cmake_prefix_path.dsv'
[27.294s] INFO:colcon.colcon_core.shell:Creating environment hook '/home/safal/Desktop/unitreego2nav/install/explore_lite/share/explore_lite/hook/cmake_prefix_path.sh'
[27.295s] Level 1:colcon.colcon_core.environment:checking '/home/safal/Desktop/unitreego2nav/install/explore_lite/lib'
[27.296s] Level 1:colcon.colcon_core.environment:checking '/home/safal/Desktop/unitreego2nav/install/explore_lite/bin'
[27.296s] Level 1:colcon.colcon_core.environment:checking '/home/safal/Desktop/unitreego2nav/install/explore_lite/lib/pkgconfig/explore_lite.pc'
[27.296s] Level 1:colcon.colcon_core.environment:checking '/home/safal/Desktop/unitreego2nav/install/explore_lite/lib/python3.10/site-packages'
[27.297s] Level 1:colcon.colcon_core.environment:checking '/home/safal/Desktop/unitreego2nav/install/explore_lite/bin'
[27.297s] INFO:colcon.colcon_core.shell:Creating package script '/home/safal/Desktop/unitreego2nav/install/explore_lite/share/explore_lite/package.ps1'
[27.298s] INFO:colcon.colcon_core.shell:Creating package descriptor '/home/safal/Desktop/unitreego2nav/install/explore_lite/share/explore_lite/package.dsv'
[27.299s] INFO:colcon.colcon_core.shell:Creating package script '/home/safal/Desktop/unitreego2nav/install/explore_lite/share/explore_lite/package.sh'
[27.299s] INFO:colcon.colcon_core.shell:Creating package script '/home/safal/Desktop/unitreego2nav/install/explore_lite/share/explore_lite/package.bash'
[27.300s] INFO:colcon.colcon_core.shell:Creating package script '/home/safal/Desktop/unitreego2nav/install/explore_lite/share/explore_lite/package.zsh'
[27.300s] Level 1:colcon.colcon_core.environment:create_file_with_runtime_dependencies(/home/safal/Desktop/unitreego2nav/install/explore_lite/share/colcon-core/packages/explore_lite)
[38.538s] DEBUG:colcon.colcon_core.event_handler.log_command:Invoked command in '/home/safal/Desktop/unitreego2nav/build/multirobot_map_merge' returned '0': CMAKE_PREFIX_PATH=/opt/ros/humble /usr/bin/cmake --build /home/safal/Desktop/unitreego2nav/build/multirobot_map_merge -- -j8 -l8
[38.541s] DEBUG:colcon.colcon_core.event_handler.log_command:Invoking command in '/home/safal/Desktop/unitreego2nav/build/multirobot_map_merge': CMAKE_PREFIX_PATH=/opt/ros/humble /usr/bin/cmake --install /home/safal/Desktop/unitreego2nav/build/multirobot_map_merge
[38.567s] Level 1:colcon.colcon_core.environment:create_environment_scripts_only(multirobot_map_merge)
[38.567s] Level 1:colcon.colcon_core.environment:checking '/home/safal/Desktop/unitreego2nav/install/multirobot_map_merge' for CMake module files
[38.568s] DEBUG:colcon.colcon_core.event_handler.log_command:Invoked command in '/home/safal/Desktop/unitreego2nav/build/multirobot_map_merge' returned '0': CMAKE_PREFIX_PATH=/opt/ros/humble /usr/bin/cmake --install /home/safal/Desktop/unitreego2nav/build/multirobot_map_merge
[38.568s] Level 1:colcon.colcon_core.environment:checking '/home/safal/Desktop/unitreego2nav/install/multirobot_map_merge' for CMake config files
[38.569s] Level 1:colcon.colcon_core.shell:create_environment_hook('multirobot_map_merge', 'cmake_prefix_path')
[38.569s] INFO:colcon.colcon_core.shell:Creating environment hook '/home/safal/Desktop/unitreego2nav/install/multirobot_map_merge/share/multirobot_map_merge/hook/cmake_prefix_path.ps1'
[38.569s] INFO:colcon.colcon_core.shell:Creating environment descriptor '/home/safal/Desktop/unitreego2nav/install/multirobot_map_merge/share/multirobot_map_merge/hook/cmake_prefix_path.dsv'
[38.570s] INFO:colcon.colcon_core.shell:Creating environment hook '/home/safal/Desktop/unitreego2nav/install/multirobot_map_merge/share/multirobot_map_merge/hook/cmake_prefix_path.sh'
[38.571s] Level 1:colcon.colcon_core.environment:checking '/home/safal/Desktop/unitreego2nav/install/multirobot_map_merge/lib'
[38.571s] Level 1:colcon.colcon_core.environment:checking '/home/safal/Desktop/unitreego2nav/install/multirobot_map_merge/bin'
[38.571s] Level 1:colcon.colcon_core.environment:checking '/home/safal/Desktop/unitreego2nav/install/multirobot_map_merge/lib/pkgconfig/multirobot_map_merge.pc'
[38.571s] Level 1:colcon.colcon_core.environment:checking '/home/safal/Desktop/unitreego2nav/install/multirobot_map_merge/lib/python3.10/site-packages'
[38.571s] Level 1:colcon.colcon_core.environment:checking '/home/safal/Desktop/unitreego2nav/install/multirobot_map_merge/bin'
[38.572s] INFO:colcon.colcon_core.shell:Creating package script '/home/safal/Desktop/unitreego2nav/install/multirobot_map_merge/share/multirobot_map_merge/package.ps1'
[38.572s] INFO:colcon.colcon_core.shell:Creating package descriptor '/home/safal/Desktop/unitreego2nav/install/multirobot_map_merge/share/multirobot_map_merge/package.dsv'
[38.573s] INFO:colcon.colcon_core.shell:Creating package script '/home/safal/Desktop/unitreego2nav/install/multirobot_map_merge/share/multirobot_map_merge/package.sh'
[38.573s] INFO:colcon.colcon_core.shell:Creating package script '/home/safal/Desktop/unitreego2nav/install/multirobot_map_merge/share/multirobot_map_merge/package.bash'
[38.574s] INFO:colcon.colcon_core.shell:Creating package script '/home/safal/Desktop/unitreego2nav/install/multirobot_map_merge/share/multirobot_map_merge/package.zsh'
[38.574s] Level 1:colcon.colcon_core.environment:create_file_with_runtime_dependencies(/home/safal/Desktop/unitreego2nav/install/multirobot_map_merge/share/colcon-core/packages/multirobot_map_merge)
[38.576s] Level 1:colcon.colcon_core.environment:create_environment_scripts_only(multirobot_map_merge)
[38.576s] Level 1:colcon.colcon_core.environment:checking '/home/safal/Desktop/unitreego2nav/install/multirobot_map_merge' for CMake module files
[38.577s] Level 1:colcon.colcon_core.environment:checking '/home/safal/Desktop/unitreego2nav/install/multirobot_map_merge' for CMake config files
[38.577s] Level 1:colcon.colcon_core.shell:create_environment_hook('multirobot_map_merge', 'cmake_prefix_path')
[38.577s] INFO:colcon.colcon_core.shell:Creating environment hook '/home/safal/Desktop/unitreego2nav/install/multirobot_map_merge/share/multirobot_map_merge/hook/cmake_prefix_path.ps1'
[38.578s] INFO:colcon.colcon_core.shell:Creating environment descriptor '/home/safal/Desktop/unitreego2nav/install/multirobot_map_merge/share/multirobot_map_merge/hook/cmake_prefix_path.dsv'
[38.578s] INFO:colcon.colcon_core.shell:Creating environment hook '/home/safal/Desktop/unitreego2nav/install/multirobot_map_merge/share/multirobot_map_merge/hook/cmake_prefix_path.sh'
[38.579s] Level 1:colcon.colcon_core.environment:checking '/home/safal/Desktop/unitreego2nav/install/multirobot_map_merge/lib'
[38.579s] Level 1:colcon.colcon_core.environment:checking '/home/safal/Desktop/unitreego2nav/install/multirobot_map_merge/bin'
[38.579s] Level 1:colcon.colcon_core.environment:checking '/home/safal/Desktop/unitreego2nav/install/multirobot_map_merge/lib/pkgconfig/multirobot_map_merge.pc'
[38.579s] Level 1:colcon.colcon_core.environment:checking '/home/safal/Desktop/unitreego2nav/install/multirobot_map_merge/lib/python3.10/site-packages'
[38.580s] Level 1:colcon.colcon_core.environment:checking '/home/safal/Desktop/unitreego2nav/install/multirobot_map_merge/bin'
[38.580s] INFO:colcon.colcon_core.shell:Creating package script '/home/safal/Desktop/unitreego2nav/install/multirobot_map_merge/share/multirobot_map_merge/package.ps1'
[38.581s] INFO:colcon.colcon_core.shell:Creating package descriptor '/home/safal/Desktop/unitreego2nav/install/multirobot_map_merge/share/multirobot_map_merge/package.dsv'
[38.582s] INFO:colcon.colcon_core.shell:Creating package script '/home/safal/Desktop/unitreego2nav/install/multirobot_map_merge/share/multirobot_map_merge/package.sh'
[38.582s] INFO:colcon.colcon_core.shell:Creating package script '/home/safal/Desktop/unitreego2nav/install/multirobot_map_merge/share/multirobot_map_merge/package.bash'
[38.583s] INFO:colcon.colcon_core.shell:Creating package script '/home/safal/Desktop/unitreego2nav/install/multirobot_map_merge/share/multirobot_map_merge/package.zsh'
[38.583s] Level 1:colcon.colcon_core.environment:create_file_with_runtime_dependencies(/home/safal/Desktop/unitreego2nav/install/multirobot_map_merge/share/colcon-core/packages/multirobot_map_merge)
[38.583s] DEBUG:colcon.colcon_parallel_executor.executor.parallel:closing loop
[38.584s] DEBUG:colcon.colcon_parallel_executor.executor.parallel:loop closed
[38.584s] DEBUG:colcon.colcon_parallel_executor.executor.parallel:run_until_complete finished with '0'
[38.584s] DEBUG:colcon.colcon_core.event_reactor:joining thread
[38.606s] INFO:colcon.colcon_core.plugin_system:Skipping extension 'colcon_notification.desktop_notification.terminal_notifier': Not used on non-Darwin systems
[38.606s] INFO:colcon.colcon_core.plugin_system:Skipping extension 'colcon_notification.desktop_notification.win32': Not used on non-Windows systems
[38.606s] INFO:colcon.colcon_notification.desktop_notification:Sending desktop notification using 'notify2'
[38.621s] DEBUG:colcon.colcon_core.event_reactor:joined thread
[38.621s] INFO:colcon.colcon_core.shell:Creating prefix script '/home/safal/Desktop/unitreego2nav/install/local_setup.ps1'
[38.623s] INFO:colcon.colcon_core.shell:Creating prefix util module '/home/safal/Desktop/unitreego2nav/install/_local_setup_util_ps1.py'
[38.625s] INFO:colcon.colcon_core.shell:Creating prefix chain script '/home/safal/Desktop/unitreego2nav/install/setup.ps1'
[38.628s] INFO:colcon.colcon_core.shell:Creating prefix script '/home/safal/Desktop/unitreego2nav/install/local_setup.sh'
[38.629s] INFO:colcon.colcon_core.shell:Creating prefix util module '/home/safal/Desktop/unitreego2nav/install/_local_setup_util_sh.py'
[38.630s] INFO:colcon.colcon_core.shell:Creating prefix chain script '/home/safal/Desktop/unitreego2nav/install/setup.sh'
[38.632s] INFO:colcon.colcon_core.shell:Creating prefix script '/home/safal/Desktop/unitreego2nav/install/local_setup.bash'
[38.634s] INFO:colcon.colcon_core.shell:Creating prefix chain script '/home/safal/Desktop/unitreego2nav/install/setup.bash'
[38.635s] INFO:colcon.colcon_core.shell:Creating prefix script '/home/safal/Desktop/unitreego2nav/install/local_setup.zsh'
[38.636s] INFO:colcon.colcon_core.shell:Creating prefix chain script '/home/safal/Desktop/unitreego2nav/install/setup.zsh'
