[0.420s] Invoking command in '/workspace/build/explore_lite': CMAKE_PREFIX_PATH=/workspace/install/explore_lite_msgs:/workspace/install/multirobot_map_merge:/workspace/install/explore_lite:/workspace/install/cyclonedds:/workspace/install/go2_vision:/workspace/install/go2_nav:/opt/ros/humble LD_LIBRARY_PATH=/workspace/install/explore_lite_msgs/lib:/workspace/install/multirobot_map_merge/lib:/workspace/install/cyclonedds/lib:/opt/ros/humble/opt/rviz_ogre_vendor/lib:/opt/ros/humble/lib/aarch64-linux-gnu:/opt/ros/humble/lib /usr/bin/cmake --build /workspace/build/explore_lite -- -j8 -l8
[0.511s] [ 40%] Built target gtest_main
[0.511s] [ 40%] Built target gtest
[0.526s] [ 80%] Built target explore
[0.549s] [100%] Built target test_explore
[0.567s] Invoked command in '/workspace/build/explore_lite' returned '0': CMAKE_PREFIX_PATH=/workspace/install/explore_lite_msgs:/workspace/install/multirobot_map_merge:/workspace/install/explore_lite:/workspace/install/cyclonedds:/workspace/install/go2_vision:/workspace/install/go2_nav:/opt/ros/humble LD_LIBRARY_PATH=/workspace/install/explore_lite_msgs/lib:/workspace/install/multirobot_map_merge/lib:/workspace/install/cyclonedds/lib:/opt/ros/humble/opt/rviz_ogre_vendor/lib:/opt/ros/humble/lib/aarch64-linux-gnu:/opt/ros/humble/lib /usr/bin/cmake --build /workspace/build/explore_lite -- -j8 -l8
[0.570s] Invoking command in '/workspace/build/explore_lite': CMAKE_PREFIX_PATH=/workspace/install/explore_lite_msgs:/workspace/install/multirobot_map_merge:/workspace/install/explore_lite:/workspace/install/cyclonedds:/workspace/install/go2_vision:/workspace/install/go2_nav:/opt/ros/humble LD_LIBRARY_PATH=/workspace/install/explore_lite_msgs/lib:/workspace/install/multirobot_map_merge/lib:/workspace/install/cyclonedds/lib:/opt/ros/humble/opt/rviz_ogre_vendor/lib:/opt/ros/humble/lib/aarch64-linux-gnu:/opt/ros/humble/lib /usr/bin/cmake --install /workspace/build/explore_lite
[0.581s] -- Install configuration: ""
[0.582s] -- Up-to-date: /workspace/install/explore_lite/include/explore/
[0.582s] -- Up-to-date: /workspace/install/explore_lite/include/explore//costmap_client.h
[0.582s] -- Up-to-date: /workspace/install/explore_lite/include/explore//explore.h
[0.582s] -- Up-to-date: /workspace/install/explore_lite/include/explore//costmap_tools.h
[0.582s] -- Up-to-date: /workspace/install/explore_lite/include/explore//frontier_search.h
[0.582s] -- Up-to-date: /workspace/install/explore_lite/share/explore_lite/config
[0.583s] -- Up-to-date: /workspace/install/explore_lite/share/explore_lite/config/params.yaml
[0.583s] -- Up-to-date: /workspace/install/explore_lite/share/explore_lite/config/params_costmap.yaml
[0.583s] -- Up-to-date: /workspace/install/explore_lite/share/explore_lite/launch
[0.583s] -- Up-to-date: /workspace/install/explore_lite/share/explore_lite/launch/explore.launch.py
[0.583s] -- Up-to-date: /workspace/install/explore_lite/lib/explore_lite/explore
[0.583s] -- Up-to-date: /workspace/install/explore_lite/share/ament_index/resource_index/package_run_dependencies/explore_lite
[0.583s] -- Up-to-date: /workspace/install/explore_lite/share/ament_index/resource_index/parent_prefix_path/explore_lite
[0.583s] -- Up-to-date: /workspace/install/explore_lite/share/explore_lite/environment/ament_prefix_path.sh
[0.584s] -- Up-to-date: /workspace/install/explore_lite/share/explore_lite/environment/ament_prefix_path.dsv
[0.584s] -- Up-to-date: /workspace/install/explore_lite/share/explore_lite/environment/path.sh
[0.584s] -- Up-to-date: /workspace/install/explore_lite/share/explore_lite/environment/path.dsv
[0.584s] -- Up-to-date: /workspace/install/explore_lite/share/explore_lite/local_setup.bash
[0.584s] -- Up-to-date: /workspace/install/explore_lite/share/explore_lite/local_setup.sh
[0.584s] -- Up-to-date: /workspace/install/explore_lite/share/explore_lite/local_setup.zsh
[0.584s] -- Up-to-date: /workspace/install/explore_lite/share/explore_lite/local_setup.dsv
[0.584s] -- Installing: /workspace/install/explore_lite/share/explore_lite/package.dsv
[0.584s] -- Up-to-date: /workspace/install/explore_lite/share/ament_index/resource_index/packages/explore_lite
[0.584s] -- Up-to-date: /workspace/install/explore_lite/share/explore_lite/cmake/ament_cmake_export_dependencies-extras.cmake
[0.584s] -- Up-to-date: /workspace/install/explore_lite/share/explore_lite/cmake/ament_cmake_export_include_directories-extras.cmake
[0.585s] -- Up-to-date: /workspace/install/explore_lite/share/explore_lite/cmake/explore_liteConfig.cmake
[0.585s] -- Up-to-date: /workspace/install/explore_lite/share/explore_lite/cmake/explore_liteConfig-version.cmake
[0.585s] -- Up-to-date: /workspace/install/explore_lite/share/explore_lite/package.xml
[0.588s] Invoked command in '/workspace/build/explore_lite' returned '0': CMAKE_PREFIX_PATH=/workspace/install/explore_lite_msgs:/workspace/install/multirobot_map_merge:/workspace/install/explore_lite:/workspace/install/cyclonedds:/workspace/install/go2_vision:/workspace/install/go2_nav:/opt/ros/humble LD_LIBRARY_PATH=/workspace/install/explore_lite_msgs/lib:/workspace/install/multirobot_map_merge/lib:/workspace/install/cyclonedds/lib:/opt/ros/humble/opt/rviz_ogre_vendor/lib:/opt/ros/humble/lib/aarch64-linux-gnu:/opt/ros/humble/lib /usr/bin/cmake --install /workspace/build/explore_lite
