[1.430s] Invoking command in '/workspace/src/go2_vision': PYTHONPATH=/workspace/build/go2_vision/prefix_override:/usr/lib/python3/dist-packages/colcon_core/task/python/colcon_distutils_commands:/workspace/install/go2_vision/lib/python3.10/site-packages:${PYTHONPATH} /usr/bin/python3 -W ignore:setup.py install is deprecated -W ignore:easy_install command is deprecated setup.py egg_info --egg-base ../../build/go2_vision build --build-base /workspace/build/go2_vision/build install --record /workspace/build/go2_vision/install.log --install-scripts $base/lib/go2_vision --single-version-externally-managed install_data
[1.762s] running egg_info
[1.763s] writing ../../build/go2_vision/go2_vision.egg-info/PKG-INFO
[1.763s] writing dependency_links to ../../build/go2_vision/go2_vision.egg-info/dependency_links.txt
[1.763s] writing entry points to ../../build/go2_vision/go2_vision.egg-info/entry_points.txt
[1.764s] writing requirements to ../../build/go2_vision/go2_vision.egg-info/requires.txt
[1.764s] writing top-level names to ../../build/go2_vision/go2_vision.egg-info/top_level.txt
[1.767s] reading manifest file '../../build/go2_vision/go2_vision.egg-info/SOURCES.txt'
[1.769s] writing manifest file '../../build/go2_vision/go2_vision.egg-info/SOURCES.txt'
[1.769s] running build
[1.769s] running build_py
[1.771s] running install
[1.771s] running install_lib
[1.774s] running install_data
[1.775s] running install_egg_info
[1.778s] removing '/workspace/install/go2_vision/lib/python3.10/site-packages/go2_vision-0.0.0-py3.10.egg-info' (and everything under it)
[1.778s] Copying ../../build/go2_vision/go2_vision.egg-info to /workspace/install/go2_vision/lib/python3.10/site-packages/go2_vision-0.0.0-py3.10.egg-info
[1.780s] running install_scripts
[1.814s] Installing cameraimg script to /workspace/install/go2_vision/lib/go2_vision
[1.815s] writing list of installed files to '/workspace/build/go2_vision/install.log'
[1.880s] Invoked command in '/workspace/src/go2_vision' returned '0': PYTHONPATH=/workspace/build/go2_vision/prefix_override:/usr/lib/python3/dist-packages/colcon_core/task/python/colcon_distutils_commands:/workspace/install/go2_vision/lib/python3.10/site-packages:${PYTHONPATH} /usr/bin/python3 -W ignore:setup.py install is deprecated -W ignore:easy_install command is deprecated setup.py egg_info --egg-base ../../build/go2_vision build --build-base /workspace/build/go2_vision/build install --record /workspace/build/go2_vision/install.log --install-scripts $base/lib/go2_vision --single-version-externally-managed install_data
