[0.193s] DEBUG:colcon:Command line arguments: ['/usr/bin/colcon', 'build']
[0.193s] DEBUG:colcon:Parsed command line arguments: Namespace(log_base=None, log_level=None, verb_name='build', build_base='build', install_base='install', merge_install=False, symlink_install=False, test_result_base=None, continue_on_error=False, executor='parallel', parallel_workers=8, event_handlers=None, ignore_user_meta=False, metas=['./colcon.meta'], base_paths=['.'], packages_ignore=None, packages_ignore_regex=None, paths=None, packages_up_to=None, packages_up_to_regex=None, packages_above=None, packages_above_and_dependencies=None, packages_above_depth=None, packages_select_by_dep=None, packages_skip_by_dep=None, packages_skip_up_to=None, packages_select_build_failed=False, packages_skip_build_finished=False, packages_select_test_failures=False, packages_skip_test_passed=False, packages_select=None, packages_skip=None, packages_select_regex=None, packages_skip_regex=None, packages_start=None, packages_end=None, cmake_args=None, cmake_target=None, cmake_target_skip_unavailable=False, cmake_clean_cache=False, cmake_clean_first=False, cmake_force_configure=False, ament_cmake_args=None, catkin_cmake_args=None, catkin_skip_building_tests=False, mixin_files=None, mixin=None, verb_parser=<colcon_mixin.mixin.mixin_argument.MixinArgumentDecorator object at 0xffff825ee020>, verb_extension=<colcon_core.verb.build.BuildVerb object at 0xffff825edb70>, main=<bound method BuildVerb.main of <colcon_core.verb.build.BuildVerb object at 0xffff825edb70>>, mixin_verb=('build',))
[0.381s] Level 1:colcon.colcon_core.package_discovery:discover_packages(colcon_meta) check parameters
[0.382s] INFO:colcon.colcon_metadata.package_discovery.colcon_meta:Using configuration from '/root/.colcon/metadata/default/Gazebo.meta'
[0.383s] INFO:colcon.colcon_metadata.package_discovery.colcon_meta:Using configuration from '/root/.colcon/metadata/default/fastdds.meta'
[0.384s] INFO:colcon.colcon_metadata.package_discovery.colcon_meta:Using configuration from '/root/.colcon/metadata/default/fastrtps.meta'
[0.384s] Level 1:colcon.colcon_core.package_discovery:discover_packages(recursive) check parameters
[0.384s] Level 1:colcon.colcon_core.package_discovery:discover_packages(ignore) check parameters
[0.384s] Level 1:colcon.colcon_core.package_discovery:discover_packages(path) check parameters
[0.384s] Level 1:colcon.colcon_core.package_discovery:discover_packages(colcon_meta) discover
[0.384s] Level 1:colcon.colcon_core.package_discovery:discover_packages(recursive) discover
[0.384s] INFO:colcon.colcon_core.package_discovery:Crawling recursively for packages in '/workspace'
[0.384s] Level 1:colcon.colcon_core.package_identification:_identify(.) by extensions ['ignore', 'ignore_ament_install']
[0.384s] Level 1:colcon.colcon_core.package_identification:_identify(.) by extension 'ignore'
[0.385s] Level 1:colcon.colcon_core.package_identification:_identify(.) by extension 'ignore_ament_install'
[0.385s] Level 1:colcon.colcon_core.package_identification:_identify(.) by extensions ['colcon_pkg']
[0.385s] Level 1:colcon.colcon_core.package_identification:_identify(.) by extension 'colcon_pkg'
[0.385s] Level 1:colcon.colcon_core.package_identification:_identify(.) by extensions ['colcon_meta']
[0.385s] Level 1:colcon.colcon_core.package_identification:_identify(.) by extension 'colcon_meta'
[0.385s] Level 1:colcon.colcon_core.package_identification:_identify(.) by extensions ['ros']
[0.385s] Level 1:colcon.colcon_core.package_identification:_identify(.) by extension 'ros'
[0.402s] Level 1:colcon.colcon_core.package_identification:_identify(.) by extensions ['cmake', 'python']
[0.403s] Level 1:colcon.colcon_core.package_identification:_identify(.) by extension 'cmake'
[0.403s] Level 1:colcon.colcon_core.package_identification:_identify(.) by extension 'python'
[0.403s] Level 1:colcon.colcon_core.package_identification:_identify(.) by extensions ['python_setup_py']
[0.403s] Level 1:colcon.colcon_core.package_identification:_identify(.) by extension 'python_setup_py'
[0.403s] Level 1:colcon.colcon_core.package_identification:_identify(build) by extensions ['ignore', 'ignore_ament_install']
[0.403s] Level 1:colcon.colcon_core.package_identification:_identify(build) by extension 'ignore'
[0.403s] Level 1:colcon.colcon_core.package_identification:_identify(build) ignored
[0.404s] Level 1:colcon.colcon_core.package_identification:_identify(install) by extensions ['ignore', 'ignore_ament_install']
[0.404s] Level 1:colcon.colcon_core.package_identification:_identify(install) by extension 'ignore'
[0.404s] Level 1:colcon.colcon_core.package_identification:_identify(install) ignored
[0.404s] Level 1:colcon.colcon_core.package_identification:_identify(log) by extensions ['ignore', 'ignore_ament_install']
[0.404s] Level 1:colcon.colcon_core.package_identification:_identify(log) by extension 'ignore'
[0.404s] Level 1:colcon.colcon_core.package_identification:_identify(log) ignored
[0.404s] Level 1:colcon.colcon_core.package_identification:_identify(sdk) by extensions ['ignore', 'ignore_ament_install']
[0.404s] Level 1:colcon.colcon_core.package_identification:_identify(sdk) by extension 'ignore'
[0.404s] Level 1:colcon.colcon_core.package_identification:_identify(sdk) by extension 'ignore_ament_install'
[0.405s] Level 1:colcon.colcon_core.package_identification:_identify(sdk) by extensions ['colcon_pkg']
[0.405s] Level 1:colcon.colcon_core.package_identification:_identify(sdk) by extension 'colcon_pkg'
[0.405s] Level 1:colcon.colcon_core.package_identification:_identify(sdk) by extensions ['colcon_meta']
[0.405s] Level 1:colcon.colcon_core.package_identification:_identify(sdk) by extension 'colcon_meta'
[0.405s] Level 1:colcon.colcon_core.package_identification:_identify(sdk) by extensions ['ros']
[0.405s] Level 1:colcon.colcon_core.package_identification:_identify(sdk) by extension 'ros'
[0.405s] Level 1:colcon.colcon_core.package_identification:_identify(sdk) by extensions ['cmake', 'python']
[0.405s] Level 1:colcon.colcon_core.package_identification:_identify(sdk) by extension 'cmake'
[0.405s] Level 1:colcon.colcon_core.package_identification:_identify(sdk) by extension 'python'
[0.405s] Level 1:colcon.colcon_core.package_identification:_identify(sdk) by extensions ['python_setup_py']
[0.405s] Level 1:colcon.colcon_core.package_identification:_identify(sdk) by extension 'python_setup_py'
[0.405s] Level 1:colcon.colcon_core.package_identification:_identify(sdk/unitree_sdk2_python) by extensions ['ignore', 'ignore_ament_install']
[0.406s] Level 1:colcon.colcon_core.package_identification:_identify(sdk/unitree_sdk2_python) by extension 'ignore'
[0.406s] Level 1:colcon.colcon_core.package_identification:_identify(sdk/unitree_sdk2_python) by extension 'ignore_ament_install'
[0.406s] Level 1:colcon.colcon_core.package_identification:_identify(sdk/unitree_sdk2_python) by extensions ['colcon_pkg']
[0.406s] Level 1:colcon.colcon_core.package_identification:_identify(sdk/unitree_sdk2_python) by extension 'colcon_pkg'
[0.406s] Level 1:colcon.colcon_core.package_identification:_identify(sdk/unitree_sdk2_python) by extensions ['colcon_meta']
[0.406s] Level 1:colcon.colcon_core.package_identification:_identify(sdk/unitree_sdk2_python) by extension 'colcon_meta'
[0.406s] Level 1:colcon.colcon_core.package_identification:_identify(sdk/unitree_sdk2_python) by extensions ['ros']
[0.406s] Level 1:colcon.colcon_core.package_identification:_identify(sdk/unitree_sdk2_python) by extension 'ros'
[0.406s] Level 1:colcon.colcon_core.package_identification:_identify(sdk/unitree_sdk2_python) by extensions ['cmake', 'python']
[0.406s] Level 1:colcon.colcon_core.package_identification:_identify(sdk/unitree_sdk2_python) by extension 'cmake'
[0.406s] Level 1:colcon.colcon_core.package_identification:_identify(sdk/unitree_sdk2_python) by extension 'python'
[0.407s] Level 1:colcon.colcon_core.package_identification:_identify(sdk/unitree_sdk2_python) by extensions ['python_setup_py']
[0.407s] Level 1:colcon.colcon_core.package_identification:_identify(sdk/unitree_sdk2_python) by extension 'python_setup_py'
[0.731s] DEBUG:colcon.colcon_core.package_identification:Package 'sdk/unitree_sdk2_python' with type 'python' and name 'unitree_sdk2py'
[0.731s] Level 1:colcon.colcon_core.package_identification:_identify(src) by extensions ['ignore', 'ignore_ament_install']
[0.732s] Level 1:colcon.colcon_core.package_identification:_identify(src) by extension 'ignore'
[0.732s] Level 1:colcon.colcon_core.package_identification:_identify(src) by extension 'ignore_ament_install'
[0.732s] Level 1:colcon.colcon_core.package_identification:_identify(src) by extensions ['colcon_pkg']
[0.732s] Level 1:colcon.colcon_core.package_identification:_identify(src) by extension 'colcon_pkg'
[0.732s] Level 1:colcon.colcon_core.package_identification:_identify(src) by extensions ['colcon_meta']
[0.732s] Level 1:colcon.colcon_core.package_identification:_identify(src) by extension 'colcon_meta'
[0.732s] Level 1:colcon.colcon_core.package_identification:_identify(src) by extensions ['ros']
[0.732s] Level 1:colcon.colcon_core.package_identification:_identify(src) by extension 'ros'
[0.732s] Level 1:colcon.colcon_core.package_identification:_identify(src) by extensions ['cmake', 'python']
[0.732s] Level 1:colcon.colcon_core.package_identification:_identify(src) by extension 'cmake'
[0.732s] Level 1:colcon.colcon_core.package_identification:_identify(src) by extension 'python'
[0.732s] Level 1:colcon.colcon_core.package_identification:_identify(src) by extensions ['python_setup_py']
[0.732s] Level 1:colcon.colcon_core.package_identification:_identify(src) by extension 'python_setup_py'
[0.733s] Level 1:colcon.colcon_core.package_identification:_identify(src/go2_nav) by extensions ['ignore', 'ignore_ament_install']
[0.733s] Level 1:colcon.colcon_core.package_identification:_identify(src/go2_nav) by extension 'ignore'
[0.733s] Level 1:colcon.colcon_core.package_identification:_identify(src/go2_nav) by extension 'ignore_ament_install'
[0.733s] Level 1:colcon.colcon_core.package_identification:_identify(src/go2_nav) by extensions ['colcon_pkg']
[0.733s] Level 1:colcon.colcon_core.package_identification:_identify(src/go2_nav) by extension 'colcon_pkg'
[0.733s] Level 1:colcon.colcon_core.package_identification:_identify(src/go2_nav) by extensions ['colcon_meta']
[0.733s] Level 1:colcon.colcon_core.package_identification:_identify(src/go2_nav) by extension 'colcon_meta'
[0.733s] Level 1:colcon.colcon_core.package_identification:_identify(src/go2_nav) by extensions ['ros']
[0.733s] Level 1:colcon.colcon_core.package_identification:_identify(src/go2_nav) by extension 'ros'
[0.737s] DEBUG:colcon.colcon_core.package_identification:Package 'src/go2_nav' with type 'ros.ament_python' and name 'go2_nav'
[0.738s] Level 1:colcon.colcon_core.package_identification:_identify(src/go2_vision) by extensions ['ignore', 'ignore_ament_install']
[0.738s] Level 1:colcon.colcon_core.package_identification:_identify(src/go2_vision) by extension 'ignore'
[0.738s] Level 1:colcon.colcon_core.package_identification:_identify(src/go2_vision) by extension 'ignore_ament_install'
[0.738s] Level 1:colcon.colcon_core.package_identification:_identify(src/go2_vision) by extensions ['colcon_pkg']
[0.738s] Level 1:colcon.colcon_core.package_identification:_identify(src/go2_vision) by extension 'colcon_pkg'
[0.738s] Level 1:colcon.colcon_core.package_identification:_identify(src/go2_vision) by extensions ['colcon_meta']
[0.738s] Level 1:colcon.colcon_core.package_identification:_identify(src/go2_vision) by extension 'colcon_meta'
[0.738s] Level 1:colcon.colcon_core.package_identification:_identify(src/go2_vision) by extensions ['ros']
[0.738s] Level 1:colcon.colcon_core.package_identification:_identify(src/go2_vision) by extension 'ros'
[0.739s] DEBUG:colcon.colcon_core.package_identification:Package 'src/go2_vision' with type 'ros.ament_python' and name 'go2_vision'
[0.739s] Level 1:colcon.colcon_core.package_identification:_identify(src/m-explore-ros2) by extensions ['ignore', 'ignore_ament_install']
[0.739s] Level 1:colcon.colcon_core.package_identification:_identify(src/m-explore-ros2) by extension 'ignore'
[0.739s] Level 1:colcon.colcon_core.package_identification:_identify(src/m-explore-ros2) by extension 'ignore_ament_install'
[0.740s] Level 1:colcon.colcon_core.package_identification:_identify(src/m-explore-ros2) by extensions ['colcon_pkg']
[0.740s] Level 1:colcon.colcon_core.package_identification:_identify(src/m-explore-ros2) by extension 'colcon_pkg'
[0.740s] Level 1:colcon.colcon_core.package_identification:_identify(src/m-explore-ros2) by extensions ['colcon_meta']
[0.740s] Level 1:colcon.colcon_core.package_identification:_identify(src/m-explore-ros2) by extension 'colcon_meta'
[0.740s] Level 1:colcon.colcon_core.package_identification:_identify(src/m-explore-ros2) by extensions ['ros']
[0.740s] Level 1:colcon.colcon_core.package_identification:_identify(src/m-explore-ros2) by extension 'ros'
[0.740s] Level 1:colcon.colcon_core.package_identification:_identify(src/m-explore-ros2) by extensions ['cmake', 'python']
[0.740s] Level 1:colcon.colcon_core.package_identification:_identify(src/m-explore-ros2) by extension 'cmake'
[0.740s] Level 1:colcon.colcon_core.package_identification:_identify(src/m-explore-ros2) by extension 'python'
[0.740s] Level 1:colcon.colcon_core.package_identification:_identify(src/m-explore-ros2) by extensions ['python_setup_py']
[0.740s] Level 1:colcon.colcon_core.package_identification:_identify(src/m-explore-ros2) by extension 'python_setup_py'
[0.740s] Level 1:colcon.colcon_core.package_identification:_identify(src/m-explore-ros2/explore) by extensions ['ignore', 'ignore_ament_install']
[0.741s] Level 1:colcon.colcon_core.package_identification:_identify(src/m-explore-ros2/explore) by extension 'ignore'
[0.741s] Level 1:colcon.colcon_core.package_identification:_identify(src/m-explore-ros2/explore) by extension 'ignore_ament_install'
[0.741s] Level 1:colcon.colcon_core.package_identification:_identify(src/m-explore-ros2/explore) by extensions ['colcon_pkg']
[0.741s] Level 1:colcon.colcon_core.package_identification:_identify(src/m-explore-ros2/explore) by extension 'colcon_pkg'
[0.741s] Level 1:colcon.colcon_core.package_identification:_identify(src/m-explore-ros2/explore) by extensions ['colcon_meta']
[0.741s] Level 1:colcon.colcon_core.package_identification:_identify(src/m-explore-ros2/explore) by extension 'colcon_meta'
[0.741s] Level 1:colcon.colcon_core.package_identification:_identify(src/m-explore-ros2/explore) by extensions ['ros']
[0.741s] Level 1:colcon.colcon_core.package_identification:_identify(src/m-explore-ros2/explore) by extension 'ros'
[0.743s] DEBUG:colcon.colcon_core.package_identification:Package 'src/m-explore-ros2/explore' with type 'ros.ament_cmake' and name 'explore_lite'
[0.743s] Level 1:colcon.colcon_core.package_identification:_identify(src/m-explore-ros2/explore_lite_msgs) by extensions ['ignore', 'ignore_ament_install']
[0.743s] Level 1:colcon.colcon_core.package_identification:_identify(src/m-explore-ros2/explore_lite_msgs) by extension 'ignore'
[0.743s] Level 1:colcon.colcon_core.package_identification:_identify(src/m-explore-ros2/explore_lite_msgs) by extension 'ignore_ament_install'
[0.743s] Level 1:colcon.colcon_core.package_identification:_identify(src/m-explore-ros2/explore_lite_msgs) by extensions ['colcon_pkg']
[0.743s] Level 1:colcon.colcon_core.package_identification:_identify(src/m-explore-ros2/explore_lite_msgs) by extension 'colcon_pkg'
[0.744s] Level 1:colcon.colcon_core.package_identification:_identify(src/m-explore-ros2/explore_lite_msgs) by extensions ['colcon_meta']
[0.744s] Level 1:colcon.colcon_core.package_identification:_identify(src/m-explore-ros2/explore_lite_msgs) by extension 'colcon_meta'
[0.744s] Level 1:colcon.colcon_core.package_identification:_identify(src/m-explore-ros2/explore_lite_msgs) by extensions ['ros']
[0.744s] Level 1:colcon.colcon_core.package_identification:_identify(src/m-explore-ros2/explore_lite_msgs) by extension 'ros'
[0.744s] DEBUG:colcon.colcon_core.package_identification:Package 'src/m-explore-ros2/explore_lite_msgs' with type 'ros.ament_cmake' and name 'explore_lite_msgs'
[0.745s] Level 1:colcon.colcon_core.package_identification:_identify(src/m-explore-ros2/map_merge) by extensions ['ignore', 'ignore_ament_install']
[0.745s] Level 1:colcon.colcon_core.package_identification:_identify(src/m-explore-ros2/map_merge) by extension 'ignore'
[0.745s] Level 1:colcon.colcon_core.package_identification:_identify(src/m-explore-ros2/map_merge) by extension 'ignore_ament_install'
[0.745s] Level 1:colcon.colcon_core.package_identification:_identify(src/m-explore-ros2/map_merge) by extensions ['colcon_pkg']
[0.745s] Level 1:colcon.colcon_core.package_identification:_identify(src/m-explore-ros2/map_merge) by extension 'colcon_pkg'
[0.745s] Level 1:colcon.colcon_core.package_identification:_identify(src/m-explore-ros2/map_merge) by extensions ['colcon_meta']
[0.745s] Level 1:colcon.colcon_core.package_identification:_identify(src/m-explore-ros2/map_merge) by extension 'colcon_meta'
[0.745s] Level 1:colcon.colcon_core.package_identification:_identify(src/m-explore-ros2/map_merge) by extensions ['ros']
[0.745s] Level 1:colcon.colcon_core.package_identification:_identify(src/m-explore-ros2/map_merge) by extension 'ros'
[0.747s] DEBUG:colcon.colcon_core.package_identification:Package 'src/m-explore-ros2/map_merge' with type 'ros.ament_cmake' and name 'multirobot_map_merge'
[0.747s] Level 1:colcon.colcon_core.package_discovery:discover_packages(recursive) using defaults
[0.747s] Level 1:colcon.colcon_core.package_discovery:discover_packages(ignore) discover
[0.747s] Level 1:colcon.colcon_core.package_discovery:discover_packages(ignore) using defaults
[0.747s] Level 1:colcon.colcon_core.package_discovery:discover_packages(path) discover
[0.747s] Level 1:colcon.colcon_core.package_discovery:discover_packages(path) using defaults
[0.782s] Level 5:colcon.colcon_core.verb:set package 'explore_lite_msgs' build argument 'cmake_args' from command line to 'None'
[0.782s] Level 5:colcon.colcon_core.verb:set package 'explore_lite_msgs' build argument 'cmake_target' from command line to 'None'
[0.782s] Level 5:colcon.colcon_core.verb:set package 'explore_lite_msgs' build argument 'cmake_target_skip_unavailable' from command line to 'False'
[0.782s] Level 5:colcon.colcon_core.verb:set package 'explore_lite_msgs' build argument 'cmake_clean_cache' from command line to 'False'
[0.782s] Level 5:colcon.colcon_core.verb:set package 'explore_lite_msgs' build argument 'cmake_clean_first' from command line to 'False'
[0.782s] Level 5:colcon.colcon_core.verb:set package 'explore_lite_msgs' build argument 'cmake_force_configure' from command line to 'False'
[0.782s] Level 5:colcon.colcon_core.verb:set package 'explore_lite_msgs' build argument 'ament_cmake_args' from command line to 'None'
[0.782s] Level 5:colcon.colcon_core.verb:set package 'explore_lite_msgs' build argument 'catkin_cmake_args' from command line to 'None'
[0.782s] Level 5:colcon.colcon_core.verb:set package 'explore_lite_msgs' build argument 'catkin_skip_building_tests' from command line to 'False'
[0.782s] DEBUG:colcon.colcon_core.verb:Building package 'explore_lite_msgs' with the following arguments: {'ament_cmake_args': None, 'build_base': '/workspace/build/explore_lite_msgs', 'catkin_cmake_args': None, 'catkin_skip_building_tests': False, 'cmake_args': None, 'cmake_clean_cache': False, 'cmake_clean_first': False, 'cmake_force_configure': False, 'cmake_target': None, 'cmake_target_skip_unavailable': False, 'install_base': '/workspace/install/explore_lite_msgs', 'merge_install': False, 'path': '/workspace/src/m-explore-ros2/explore_lite_msgs', 'symlink_install': False, 'test_result_base': None}
[0.783s] Level 5:colcon.colcon_core.verb:set package 'go2_nav' build argument 'cmake_args' from command line to 'None'
[0.783s] Level 5:colcon.colcon_core.verb:set package 'go2_nav' build argument 'cmake_target' from command line to 'None'
[0.783s] Level 5:colcon.colcon_core.verb:set package 'go2_nav' build argument 'cmake_target_skip_unavailable' from command line to 'False'
[0.783s] Level 5:colcon.colcon_core.verb:set package 'go2_nav' build argument 'cmake_clean_cache' from command line to 'False'
[0.783s] Level 5:colcon.colcon_core.verb:set package 'go2_nav' build argument 'cmake_clean_first' from command line to 'False'
[0.783s] Level 5:colcon.colcon_core.verb:set package 'go2_nav' build argument 'cmake_force_configure' from command line to 'False'
[0.783s] Level 5:colcon.colcon_core.verb:set package 'go2_nav' build argument 'ament_cmake_args' from command line to 'None'
[0.783s] Level 5:colcon.colcon_core.verb:set package 'go2_nav' build argument 'catkin_cmake_args' from command line to 'None'
[0.783s] Level 5:colcon.colcon_core.verb:set package 'go2_nav' build argument 'catkin_skip_building_tests' from command line to 'False'
[0.783s] DEBUG:colcon.colcon_core.verb:Building package 'go2_nav' with the following arguments: {'ament_cmake_args': None, 'build_base': '/workspace/build/go2_nav', 'catkin_cmake_args': None, 'catkin_skip_building_tests': False, 'cmake_args': None, 'cmake_clean_cache': False, 'cmake_clean_first': False, 'cmake_force_configure': False, 'cmake_target': None, 'cmake_target_skip_unavailable': False, 'install_base': '/workspace/install/go2_nav', 'merge_install': False, 'path': '/workspace/src/go2_nav', 'symlink_install': False, 'test_result_base': None}
[0.784s] Level 5:colcon.colcon_core.verb:set package 'go2_vision' build argument 'cmake_args' from command line to 'None'
[0.784s] Level 5:colcon.colcon_core.verb:set package 'go2_vision' build argument 'cmake_target' from command line to 'None'
[0.784s] Level 5:colcon.colcon_core.verb:set package 'go2_vision' build argument 'cmake_target_skip_unavailable' from command line to 'False'
[0.784s] Level 5:colcon.colcon_core.verb:set package 'go2_vision' build argument 'cmake_clean_cache' from command line to 'False'
[0.784s] Level 5:colcon.colcon_core.verb:set package 'go2_vision' build argument 'cmake_clean_first' from command line to 'False'
[0.784s] Level 5:colcon.colcon_core.verb:set package 'go2_vision' build argument 'cmake_force_configure' from command line to 'False'
[0.784s] Level 5:colcon.colcon_core.verb:set package 'go2_vision' build argument 'ament_cmake_args' from command line to 'None'
[0.784s] Level 5:colcon.colcon_core.verb:set package 'go2_vision' build argument 'catkin_cmake_args' from command line to 'None'
[0.784s] Level 5:colcon.colcon_core.verb:set package 'go2_vision' build argument 'catkin_skip_building_tests' from command line to 'False'
[0.784s] DEBUG:colcon.colcon_core.verb:Building package 'go2_vision' with the following arguments: {'ament_cmake_args': None, 'build_base': '/workspace/build/go2_vision', 'catkin_cmake_args': None, 'catkin_skip_building_tests': False, 'cmake_args': None, 'cmake_clean_cache': False, 'cmake_clean_first': False, 'cmake_force_configure': False, 'cmake_target': None, 'cmake_target_skip_unavailable': False, 'install_base': '/workspace/install/go2_vision', 'merge_install': False, 'path': '/workspace/src/go2_vision', 'symlink_install': False, 'test_result_base': None}
[0.785s] Level 5:colcon.colcon_core.verb:set package 'multirobot_map_merge' build argument 'cmake_args' from command line to 'None'
[0.785s] Level 5:colcon.colcon_core.verb:set package 'multirobot_map_merge' build argument 'cmake_target' from command line to 'None'
[0.785s] Level 5:colcon.colcon_core.verb:set package 'multirobot_map_merge' build argument 'cmake_target_skip_unavailable' from command line to 'False'
[0.785s] Level 5:colcon.colcon_core.verb:set package 'multirobot_map_merge' build argument 'cmake_clean_cache' from command line to 'False'
[0.785s] Level 5:colcon.colcon_core.verb:set package 'multirobot_map_merge' build argument 'cmake_clean_first' from command line to 'False'
[0.785s] Level 5:colcon.colcon_core.verb:set package 'multirobot_map_merge' build argument 'cmake_force_configure' from command line to 'False'
[0.785s] Level 5:colcon.colcon_core.verb:set package 'multirobot_map_merge' build argument 'ament_cmake_args' from command line to 'None'
[0.785s] Level 5:colcon.colcon_core.verb:set package 'multirobot_map_merge' build argument 'catkin_cmake_args' from command line to 'None'
[0.785s] Level 5:colcon.colcon_core.verb:set package 'multirobot_map_merge' build argument 'catkin_skip_building_tests' from command line to 'False'
[0.785s] DEBUG:colcon.colcon_core.verb:Building package 'multirobot_map_merge' with the following arguments: {'ament_cmake_args': None, 'build_base': '/workspace/build/multirobot_map_merge', 'catkin_cmake_args': None, 'catkin_skip_building_tests': False, 'cmake_args': None, 'cmake_clean_cache': False, 'cmake_clean_first': False, 'cmake_force_configure': False, 'cmake_target': None, 'cmake_target_skip_unavailable': False, 'install_base': '/workspace/install/multirobot_map_merge', 'merge_install': False, 'path': '/workspace/src/m-explore-ros2/map_merge', 'symlink_install': False, 'test_result_base': None}
[0.785s] Level 5:colcon.colcon_core.verb:set package 'unitree_sdk2py' build argument 'cmake_args' from command line to 'None'
[0.785s] Level 5:colcon.colcon_core.verb:set package 'unitree_sdk2py' build argument 'cmake_target' from command line to 'None'
[0.786s] Level 5:colcon.colcon_core.verb:set package 'unitree_sdk2py' build argument 'cmake_target_skip_unavailable' from command line to 'False'
[0.786s] Level 5:colcon.colcon_core.verb:set package 'unitree_sdk2py' build argument 'cmake_clean_cache' from command line to 'False'
[0.786s] Level 5:colcon.colcon_core.verb:set package 'unitree_sdk2py' build argument 'cmake_clean_first' from command line to 'False'
[0.786s] Level 5:colcon.colcon_core.verb:set package 'unitree_sdk2py' build argument 'cmake_force_configure' from command line to 'False'
[0.786s] Level 5:colcon.colcon_core.verb:set package 'unitree_sdk2py' build argument 'ament_cmake_args' from command line to 'None'
[0.786s] Level 5:colcon.colcon_core.verb:set package 'unitree_sdk2py' build argument 'catkin_cmake_args' from command line to 'None'
[0.786s] Level 5:colcon.colcon_core.verb:set package 'unitree_sdk2py' build argument 'catkin_skip_building_tests' from command line to 'False'
[0.786s] DEBUG:colcon.colcon_core.verb:Building package 'unitree_sdk2py' with the following arguments: {'ament_cmake_args': None, 'build_base': '/workspace/build/unitree_sdk2py', 'catkin_cmake_args': None, 'catkin_skip_building_tests': False, 'cmake_args': None, 'cmake_clean_cache': False, 'cmake_clean_first': False, 'cmake_force_configure': False, 'cmake_target': None, 'cmake_target_skip_unavailable': False, 'install_base': '/workspace/install/unitree_sdk2py', 'merge_install': False, 'path': '/workspace/sdk/unitree_sdk2_python', 'symlink_install': False, 'test_result_base': None}
[0.786s] Level 5:colcon.colcon_core.verb:set package 'explore_lite' build argument 'cmake_args' from command line to 'None'
[0.786s] Level 5:colcon.colcon_core.verb:set package 'explore_lite' build argument 'cmake_target' from command line to 'None'
[0.786s] Level 5:colcon.colcon_core.verb:set package 'explore_lite' build argument 'cmake_target_skip_unavailable' from command line to 'False'
[0.786s] Level 5:colcon.colcon_core.verb:set package 'explore_lite' build argument 'cmake_clean_cache' from command line to 'False'
[0.786s] Level 5:colcon.colcon_core.verb:set package 'explore_lite' build argument 'cmake_clean_first' from command line to 'False'
[0.787s] Level 5:colcon.colcon_core.verb:set package 'explore_lite' build argument 'cmake_force_configure' from command line to 'False'
[0.787s] Level 5:colcon.colcon_core.verb:set package 'explore_lite' build argument 'ament_cmake_args' from command line to 'None'
[0.787s] Level 5:colcon.colcon_core.verb:set package 'explore_lite' build argument 'catkin_cmake_args' from command line to 'None'
[0.787s] Level 5:colcon.colcon_core.verb:set package 'explore_lite' build argument 'catkin_skip_building_tests' from command line to 'False'
[0.787s] DEBUG:colcon.colcon_core.verb:Building package 'explore_lite' with the following arguments: {'ament_cmake_args': None, 'build_base': '/workspace/build/explore_lite', 'catkin_cmake_args': None, 'catkin_skip_building_tests': False, 'cmake_args': None, 'cmake_clean_cache': False, 'cmake_clean_first': False, 'cmake_force_configure': False, 'cmake_target': None, 'cmake_target_skip_unavailable': False, 'install_base': '/workspace/install/explore_lite', 'merge_install': False, 'path': '/workspace/src/m-explore-ros2/explore', 'symlink_install': False, 'test_result_base': None}
[0.787s] INFO:colcon.colcon_core.executor:Executing jobs using 'parallel' executor
[0.789s] DEBUG:colcon.colcon_parallel_executor.executor.parallel:run_until_complete
[0.790s] INFO:colcon.colcon_ros.task.ament_cmake.build:Building ROS package in '/workspace/src/m-explore-ros2/explore_lite_msgs' with build type 'ament_cmake'
[0.790s] INFO:colcon.colcon_cmake.task.cmake.build:Building CMake package in '/workspace/src/m-explore-ros2/explore_lite_msgs'
[0.794s] INFO:colcon.colcon_core.plugin_system:Skipping extension 'colcon_core.shell.bat': Not used on non-Windows systems
[0.794s] INFO:colcon.colcon_core.shell:Skip shell extension 'powershell' for command environment: Not usable outside of PowerShell
[0.794s] DEBUG:colcon.colcon_core.shell:Skip shell extension 'dsv' for command environment
[0.801s] INFO:colcon.colcon_ros.task.ament_python.build:Building ROS package in '/workspace/src/go2_nav' with build type 'ament_python'
[0.801s] Level 1:colcon.colcon_core.shell:create_environment_hook('go2_nav', 'ament_prefix_path')
[0.802s] INFO:colcon.colcon_core.shell:Creating environment hook '/workspace/install/go2_nav/share/go2_nav/hook/ament_prefix_path.ps1'
[0.803s] INFO:colcon.colcon_core.shell:Creating environment descriptor '/workspace/install/go2_nav/share/go2_nav/hook/ament_prefix_path.dsv'
[0.804s] INFO:colcon.colcon_core.shell:Creating environment hook '/workspace/install/go2_nav/share/go2_nav/hook/ament_prefix_path.sh'
[0.805s] INFO:colcon.colcon_core.shell:Skip shell extension 'powershell' for command environment: Not usable outside of PowerShell
[0.805s] DEBUG:colcon.colcon_core.shell:Skip shell extension 'dsv' for command environment
[0.808s] INFO:colcon.colcon_ros.task.ament_python.build:Building ROS package in '/workspace/src/go2_vision' with build type 'ament_python'
[0.809s] Level 1:colcon.colcon_core.shell:create_environment_hook('go2_vision', 'ament_prefix_path')
[0.809s] INFO:colcon.colcon_core.shell:Creating environment hook '/workspace/install/go2_vision/share/go2_vision/hook/ament_prefix_path.ps1'
[0.810s] INFO:colcon.colcon_core.shell:Creating environment descriptor '/workspace/install/go2_vision/share/go2_vision/hook/ament_prefix_path.dsv'
[0.811s] INFO:colcon.colcon_core.shell:Creating environment hook '/workspace/install/go2_vision/share/go2_vision/hook/ament_prefix_path.sh'
[0.811s] INFO:colcon.colcon_core.shell:Skip shell extension 'powershell' for command environment: Not usable outside of PowerShell
[0.812s] DEBUG:colcon.colcon_core.shell:Skip shell extension 'dsv' for command environment
[0.815s] INFO:colcon.colcon_ros.task.ament_cmake.build:Building ROS package in '/workspace/src/m-explore-ros2/map_merge' with build type 'ament_cmake'
[0.815s] INFO:colcon.colcon_cmake.task.cmake.build:Building CMake package in '/workspace/src/m-explore-ros2/map_merge'
[0.815s] INFO:colcon.colcon_core.shell:Skip shell extension 'powershell' for command environment: Not usable outside of PowerShell
[0.816s] DEBUG:colcon.colcon_core.shell:Skip shell extension 'dsv' for command environment
[0.819s] INFO:colcon.colcon_core.task.python.build:Building Python package in '/workspace/sdk/unitree_sdk2_python'
[0.820s] INFO:colcon.colcon_core.shell:Skip shell extension 'powershell' for command environment: Not usable outside of PowerShell
[0.820s] DEBUG:colcon.colcon_core.shell:Skip shell extension 'dsv' for command environment
[0.828s] DEBUG:colcon.colcon_core.event_handler.log_command:Invoking command in '/workspace/build/explore_lite_msgs': CMAKE_PREFIX_PATH=/opt/ros/humble /usr/bin/cmake /workspace/src/m-explore-ros2/explore_lite_msgs -DCMAKE_INSTALL_PREFIX=/workspace/install/explore_lite_msgs
[1.161s] INFO:colcon.colcon_core.task.python.build:Building Python package in '/workspace/src/go2_nav'
[1.162s] INFO:colcon.colcon_core.shell:Skip shell extension 'powershell' for command environment: Not usable outside of PowerShell
[1.162s] DEBUG:colcon.colcon_core.shell:Skip shell extension 'dsv' for command environment
[1.494s] INFO:colcon.colcon_core.task.python.build:Building Python package in '/workspace/src/go2_vision'
[1.495s] INFO:colcon.colcon_core.shell:Skip shell extension 'powershell' for command environment: Not usable outside of PowerShell
[1.495s] DEBUG:colcon.colcon_core.shell:Skip shell extension 'dsv' for command environment
[1.505s] DEBUG:colcon.colcon_core.event_handler.log_command:Invoking command in '/workspace/build/multirobot_map_merge': CMAKE_PREFIX_PATH=/opt/ros/humble /usr/bin/cmake /workspace/src/m-explore-ros2/map_merge -DCMAKE_INSTALL_PREFIX=/workspace/install/multirobot_map_merge
[2.386s] DEBUG:colcon.colcon_core.task.python.build:Available setuptools commands: rotate, build, symlink_data, upload, build_clib, alias, egg_info, bdist_rpm, build_py, install_lib, install_egg_info, easy_install, sdist, setopt, bdist_egg, saveopts, clean, build_scripts, test, check, bdist, develop, bdist_dumb, build_ext, install_data, install, dist_info, install_headers, install_scripts, upload_docs, register
[2.390s] DEBUG:colcon.colcon_core.event_handler.log_command:Invoking command in '/workspace/src/go2_nav': PYTHONPATH=/workspace/build/go2_nav/prefix_override:/usr/lib/python3/dist-packages/colcon_core/task/python/colcon_distutils_commands:/workspace/install/go2_nav/lib/python3.10/site-packages:${PYTHONPATH} /usr/bin/python3 -W ignore:setup.py install is deprecated -W ignore:easy_install command is deprecated setup.py egg_info --egg-base ../../build/go2_nav build --build-base /workspace/build/go2_nav/build install --record /workspace/build/go2_nav/install.log --install-scripts $base/lib/go2_nav --single-version-externally-managed install_data
[2.393s] DEBUG:colcon.colcon_core.task.python.build:Available setuptools commands: rotate, build, symlink_data, upload, build_clib, alias, egg_info, bdist_rpm, build_py, install_lib, install_egg_info, easy_install, sdist, setopt, bdist_egg, saveopts, clean, build_scripts, test, check, bdist, develop, bdist_dumb, build_ext, install_data, install, dist_info, install_headers, install_scripts, upload_docs, register
[2.396s] DEBUG:colcon.colcon_core.task.python.build:Available setuptools commands: rotate, build, symlink_data, upload, build_clib, alias, egg_info, bdist_rpm, build_py, install_lib, install_egg_info, easy_install, sdist, setopt, bdist_egg, saveopts, clean, build_scripts, test, check, bdist, develop, bdist_dumb, build_ext, install_data, install, dist_info, install_headers, install_scripts, upload_docs, register
[2.398s] DEBUG:colcon.colcon_core.event_handler.log_command:Invoking command in '/workspace/src/go2_vision': PYTHONPATH=/workspace/build/go2_vision/prefix_override:/usr/lib/python3/dist-packages/colcon_core/task/python/colcon_distutils_commands:/workspace/install/go2_vision/lib/python3.10/site-packages:${PYTHONPATH} /usr/bin/python3 -W ignore:setup.py install is deprecated -W ignore:easy_install command is deprecated setup.py egg_info --egg-base ../../build/go2_vision build --build-base /workspace/build/go2_vision/build install --record /workspace/build/go2_vision/install.log --install-scripts $base/lib/go2_vision --single-version-externally-managed install_data
[2.401s] DEBUG:colcon.colcon_core.event_handler.log_command:Invoking command in '/workspace/sdk/unitree_sdk2_python': PYTHONPATH=/workspace/build/unitree_sdk2py/prefix_override:/usr/lib/python3/dist-packages/colcon_core/task/python/colcon_distutils_commands:/workspace/install/unitree_sdk2py/lib/python3.10/site-packages:${PYTHONPATH} /usr/bin/python3 -W ignore:setup.py install is deprecated -W ignore:easy_install command is deprecated setup.py egg_info --egg-base ../../build/unitree_sdk2py build --build-base /workspace/build/unitree_sdk2py/build install --record /workspace/build/unitree_sdk2py/install.log --single-version-externally-managed
[2.848s] DEBUG:colcon.colcon_core.event_handler.log_command:Invoked command in '/workspace/src/go2_vision' returned '0': PYTHONPATH=/workspace/build/go2_vision/prefix_override:/usr/lib/python3/dist-packages/colcon_core/task/python/colcon_distutils_commands:/workspace/install/go2_vision/lib/python3.10/site-packages:${PYTHONPATH} /usr/bin/python3 -W ignore:setup.py install is deprecated -W ignore:easy_install command is deprecated setup.py egg_info --egg-base ../../build/go2_vision build --build-base /workspace/build/go2_vision/build install --record /workspace/build/go2_vision/install.log --install-scripts $base/lib/go2_vision --single-version-externally-managed install_data
[2.854s] Level 1:colcon.colcon_core.environment:checking '/workspace/install/go2_vision' for CMake module files
[2.856s] Level 1:colcon.colcon_core.environment:checking '/workspace/install/go2_vision' for CMake config files
[2.858s] Level 1:colcon.colcon_core.environment:checking '/workspace/install/go2_vision/lib'
[2.859s] Level 1:colcon.colcon_core.environment:checking '/workspace/install/go2_vision/bin'
[2.859s] Level 1:colcon.colcon_core.environment:checking '/workspace/install/go2_vision/lib/pkgconfig/go2_vision.pc'
[2.860s] Level 1:colcon.colcon_core.environment:checking '/workspace/install/go2_vision/lib/python3.10/site-packages'
[2.860s] Level 1:colcon.colcon_core.shell:create_environment_hook('go2_vision', 'pythonpath')
[2.861s] INFO:colcon.colcon_core.shell:Creating environment hook '/workspace/install/go2_vision/share/go2_vision/hook/pythonpath.ps1'
[2.862s] INFO:colcon.colcon_core.shell:Creating environment descriptor '/workspace/install/go2_vision/share/go2_vision/hook/pythonpath.dsv'
[2.864s] INFO:colcon.colcon_core.shell:Creating environment hook '/workspace/install/go2_vision/share/go2_vision/hook/pythonpath.sh'
[2.866s] Level 1:colcon.colcon_core.environment:checking '/workspace/install/go2_vision/bin'
[2.866s] Level 1:colcon.colcon_core.environment:create_environment_scripts_only(go2_vision)
[2.867s] INFO:colcon.colcon_core.shell:Creating package script '/workspace/install/go2_vision/share/go2_vision/package.ps1'
[2.870s] INFO:colcon.colcon_core.shell:Creating package descriptor '/workspace/install/go2_vision/share/go2_vision/package.dsv'
[2.873s] INFO:colcon.colcon_core.shell:Creating package script '/workspace/install/go2_vision/share/go2_vision/package.sh'
[2.875s] INFO:colcon.colcon_core.shell:Creating package script '/workspace/install/go2_vision/share/go2_vision/package.bash'
[2.877s] INFO:colcon.colcon_core.shell:Creating package script '/workspace/install/go2_vision/share/go2_vision/package.zsh'
[2.879s] Level 1:colcon.colcon_core.environment:create_file_with_runtime_dependencies(/workspace/install/go2_vision/share/colcon-core/packages/go2_vision)
[2.898s] Level 1:colcon.colcon_core.environment:checking '/workspace/install/go2_nav' for CMake module files
[2.899s] DEBUG:colcon.colcon_core.event_handler.log_command:Invoked command in '/workspace/src/go2_nav' returned '0': PYTHONPATH=/workspace/build/go2_nav/prefix_override:/usr/lib/python3/dist-packages/colcon_core/task/python/colcon_distutils_commands:/workspace/install/go2_nav/lib/python3.10/site-packages:${PYTHONPATH} /usr/bin/python3 -W ignore:setup.py install is deprecated -W ignore:easy_install command is deprecated setup.py egg_info --egg-base ../../build/go2_nav build --build-base /workspace/build/go2_nav/build install --record /workspace/build/go2_nav/install.log --install-scripts $base/lib/go2_nav --single-version-externally-managed install_data
[2.899s] Level 1:colcon.colcon_core.environment:checking '/workspace/install/go2_nav' for CMake config files
[2.901s] Level 1:colcon.colcon_core.environment:checking '/workspace/install/go2_nav/lib'
[2.902s] Level 1:colcon.colcon_core.environment:checking '/workspace/install/go2_nav/bin'
[2.902s] Level 1:colcon.colcon_core.environment:checking '/workspace/install/go2_nav/lib/pkgconfig/go2_nav.pc'
[2.903s] Level 1:colcon.colcon_core.environment:checking '/workspace/install/go2_nav/lib/python3.10/site-packages'
[2.903s] Level 1:colcon.colcon_core.shell:create_environment_hook('go2_nav', 'pythonpath')
[2.904s] INFO:colcon.colcon_core.shell:Creating environment hook '/workspace/install/go2_nav/share/go2_nav/hook/pythonpath.ps1'
[2.905s] INFO:colcon.colcon_core.shell:Creating environment descriptor '/workspace/install/go2_nav/share/go2_nav/hook/pythonpath.dsv'
[2.906s] INFO:colcon.colcon_core.shell:Creating environment hook '/workspace/install/go2_nav/share/go2_nav/hook/pythonpath.sh'
[2.907s] Level 1:colcon.colcon_core.environment:checking '/workspace/install/go2_nav/bin'
[2.907s] Level 1:colcon.colcon_core.environment:create_environment_scripts_only(go2_nav)
[2.908s] INFO:colcon.colcon_core.shell:Creating package script '/workspace/install/go2_nav/share/go2_nav/package.ps1'
[2.909s] INFO:colcon.colcon_core.shell:Creating package descriptor '/workspace/install/go2_nav/share/go2_nav/package.dsv'
[2.910s] INFO:colcon.colcon_core.shell:Creating package script '/workspace/install/go2_nav/share/go2_nav/package.sh'
[2.911s] INFO:colcon.colcon_core.shell:Creating package script '/workspace/install/go2_nav/share/go2_nav/package.bash'
[2.912s] INFO:colcon.colcon_core.shell:Creating package script '/workspace/install/go2_nav/share/go2_nav/package.zsh'
[2.913s] Level 1:colcon.colcon_core.environment:create_file_with_runtime_dependencies(/workspace/install/go2_nav/share/colcon-core/packages/go2_nav)
[2.994s] DEBUG:colcon.colcon_core.event_handler.log_command:Invoked command in '/workspace/build/explore_lite_msgs' returned '0': CMAKE_PREFIX_PATH=/opt/ros/humble /usr/bin/cmake /workspace/src/m-explore-ros2/explore_lite_msgs -DCMAKE_INSTALL_PREFIX=/workspace/install/explore_lite_msgs
[2.999s] DEBUG:colcon.colcon_core.event_handler.log_command:Invoking command in '/workspace/build/explore_lite_msgs': CMAKE_PREFIX_PATH=/opt/ros/humble /usr/bin/cmake --build /workspace/build/explore_lite_msgs -- -j8 -l8
[3.061s] Level 1:colcon.colcon_core.environment:checking '/workspace/install/unitree_sdk2py' for CMake module files
[3.062s] DEBUG:colcon.colcon_core.event_handler.log_command:Invoked command in '/workspace/sdk/unitree_sdk2_python' returned '0': PYTHONPATH=/workspace/build/unitree_sdk2py/prefix_override:/usr/lib/python3/dist-packages/colcon_core/task/python/colcon_distutils_commands:/workspace/install/unitree_sdk2py/lib/python3.10/site-packages:${PYTHONPATH} /usr/bin/python3 -W ignore:setup.py install is deprecated -W ignore:easy_install command is deprecated setup.py egg_info --egg-base ../../build/unitree_sdk2py build --build-base /workspace/build/unitree_sdk2py/build install --record /workspace/build/unitree_sdk2py/install.log --single-version-externally-managed
[3.062s] Level 1:colcon.colcon_core.environment:checking '/workspace/install/unitree_sdk2py' for CMake config files
[3.067s] Level 1:colcon.colcon_core.environment:checking '/workspace/install/unitree_sdk2py/lib'
[3.068s] Level 1:colcon.colcon_core.environment:checking '/workspace/install/unitree_sdk2py/bin'
[3.068s] Level 1:colcon.colcon_core.environment:checking '/workspace/install/unitree_sdk2py/lib/pkgconfig/unitree_sdk2py.pc'
[3.068s] Level 1:colcon.colcon_core.environment:checking '/workspace/install/unitree_sdk2py/lib/python3.10/site-packages'
[3.069s] Level 1:colcon.colcon_core.shell:create_environment_hook('unitree_sdk2py', 'pythonpath')
[3.069s] INFO:colcon.colcon_core.shell:Creating environment hook '/workspace/install/unitree_sdk2py/share/unitree_sdk2py/hook/pythonpath.ps1'
[3.070s] INFO:colcon.colcon_core.shell:Creating environment descriptor '/workspace/install/unitree_sdk2py/share/unitree_sdk2py/hook/pythonpath.dsv'
[3.071s] INFO:colcon.colcon_core.shell:Creating environment hook '/workspace/install/unitree_sdk2py/share/unitree_sdk2py/hook/pythonpath.sh'
[3.072s] Level 1:colcon.colcon_core.environment:checking '/workspace/install/unitree_sdk2py/bin'
[3.072s] Level 1:colcon.colcon_core.environment:create_environment_scripts_only(unitree_sdk2py)
[3.073s] INFO:colcon.colcon_core.shell:Creating package script '/workspace/install/unitree_sdk2py/share/unitree_sdk2py/package.ps1'
[3.074s] INFO:colcon.colcon_core.shell:Creating package descriptor '/workspace/install/unitree_sdk2py/share/unitree_sdk2py/package.dsv'
[3.075s] INFO:colcon.colcon_core.shell:Creating package script '/workspace/install/unitree_sdk2py/share/unitree_sdk2py/package.sh'
[3.075s] INFO:colcon.colcon_core.shell:Creating package script '/workspace/install/unitree_sdk2py/share/unitree_sdk2py/package.bash'
[3.076s] INFO:colcon.colcon_core.shell:Creating package script '/workspace/install/unitree_sdk2py/share/unitree_sdk2py/package.zsh'
[3.077s] Level 1:colcon.colcon_core.environment:create_file_with_runtime_dependencies(/workspace/install/unitree_sdk2py/share/colcon-core/packages/unitree_sdk2py)
[3.454s] DEBUG:colcon.colcon_core.event_handler.log_command:Invoked command in '/workspace/build/multirobot_map_merge' returned '1': CMAKE_PREFIX_PATH=/opt/ros/humble /usr/bin/cmake /workspace/src/m-explore-ros2/map_merge -DCMAKE_INSTALL_PREFIX=/workspace/install/multirobot_map_merge
[3.475s] Level 1:colcon.colcon_core.environment:create_environment_scripts_only(multirobot_map_merge)
[3.476s] Level 1:colcon.colcon_core.environment:checking '/workspace/install/multirobot_map_merge' for CMake module files
[3.477s] Level 1:colcon.colcon_core.environment:checking '/workspace/install/multirobot_map_merge' for CMake config files
[3.477s] Level 1:colcon.colcon_core.environment:checking '/workspace/install/multirobot_map_merge/bin'
[3.477s] Level 1:colcon.colcon_core.environment:checking '/workspace/install/multirobot_map_merge/lib/pkgconfig/multirobot_map_merge.pc'
[3.478s] Level 1:colcon.colcon_core.environment:checking '/workspace/install/multirobot_map_merge/lib/python3.10/site-packages'
[3.478s] Level 1:colcon.colcon_core.environment:checking '/workspace/install/multirobot_map_merge/bin'
[3.479s] INFO:colcon.colcon_core.shell:Creating package script '/workspace/install/multirobot_map_merge/share/multirobot_map_merge/package.ps1'
[3.480s] INFO:colcon.colcon_core.shell:Creating package descriptor '/workspace/install/multirobot_map_merge/share/multirobot_map_merge/package.dsv'
[3.481s] INFO:colcon.colcon_core.shell:Creating package script '/workspace/install/multirobot_map_merge/share/multirobot_map_merge/package.sh'
[3.482s] INFO:colcon.colcon_core.shell:Creating package script '/workspace/install/multirobot_map_merge/share/multirobot_map_merge/package.bash'
[3.482s] INFO:colcon.colcon_core.shell:Creating package script '/workspace/install/multirobot_map_merge/share/multirobot_map_merge/package.zsh'
[3.483s] Level 1:colcon.colcon_core.environment:create_file_with_runtime_dependencies(/workspace/install/multirobot_map_merge/share/colcon-core/packages/multirobot_map_merge)
[5.959s] DEBUG:colcon.colcon_parallel_executor.executor.parallel:closing loop
[5.959s] DEBUG:colcon.colcon_parallel_executor.executor.parallel:loop closed
[5.959s] DEBUG:colcon.colcon_parallel_executor.executor.parallel:run_until_complete finished with '1'
[5.960s] DEBUG:colcon.colcon_core.event_reactor:joining thread
[5.980s] INFO:colcon.colcon_core.plugin_system:Skipping extension 'colcon_notification.desktop_notification.notify_send': Could not find 'notify-send'
[5.980s] INFO:colcon.colcon_core.plugin_system:Skipping extension 'colcon_notification.desktop_notification.terminal_notifier': Not used on non-Darwin systems
[5.981s] INFO:colcon.colcon_core.plugin_system:Skipping extension 'colcon_notification.desktop_notification.win32': Not used on non-Windows systems
[5.981s] INFO:colcon.colcon_notification.desktop_notification:Sending desktop notification using 'notify2'
[5.981s] DEBUG:colcon.colcon_notification.desktop_notification.notify2:Failed to initialize notify2: org.freedesktop.DBus.Error.NotSupported: Unable to autolaunch a dbus-daemon without a $DISPLAY for X11
[5.981s] DEBUG:colcon.colcon_core.event_reactor:joined thread
[5.982s] INFO:colcon.colcon_core.shell:Creating prefix script '/workspace/install/local_setup.ps1'
[5.986s] INFO:colcon.colcon_core.shell:Creating prefix util module '/workspace/install/_local_setup_util_ps1.py'
[5.991s] INFO:colcon.colcon_core.shell:Creating prefix chain script '/workspace/install/setup.ps1'
[5.995s] INFO:colcon.colcon_core.shell:Creating prefix script '/workspace/install/local_setup.sh'
[5.997s] INFO:colcon.colcon_core.shell:Creating prefix util module '/workspace/install/_local_setup_util_sh.py'
[5.999s] INFO:colcon.colcon_core.shell:Creating prefix chain script '/workspace/install/setup.sh'
[6.002s] INFO:colcon.colcon_core.shell:Creating prefix script '/workspace/install/local_setup.bash'
[6.004s] INFO:colcon.colcon_core.shell:Creating prefix chain script '/workspace/install/setup.bash'
[6.007s] INFO:colcon.colcon_core.shell:Creating prefix script '/workspace/install/local_setup.zsh'
[6.009s] INFO:colcon.colcon_core.shell:Creating prefix chain script '/workspace/install/setup.zsh'
