[0.018s] Invoking command in '/workspace/build/explore_lite_msgs': CMAKE_PREFIX_PATH=/opt/ros/humble /usr/bin/cmake --build /workspace/build/explore_lite_msgs -- -j8 -l8
[0.074s] [35m[1mConsolidate compiler generated dependencies of target explore_lite_msgs__rosidl_generator_c[0m
[0.088s] [  6%] Built target explore_lite_msgs__rs
[0.088s] [  6%] Built target explore_lite_msgs__cpp
[0.091s] [ 15%] Built target explore_lite_msgs__rosidl_generator_c
[0.102s] [ 15%] Built target ament_cmake_python_copy_explore_lite_msgs
[0.103s] [35m[1mConsolidate compiler generated dependencies of target explore_lite_msgs__rosidl_typesupport_introspection_cpp[0m
[0.103s] [35m[1mConsolidate compiler generated dependencies of target explore_lite_msgs__rosidl_typesupport_fastrtps_cpp[0m
[0.103s] [35m[1mConsolidate compiler generated dependencies of target explore_lite_msgs__rosidl_typesupport_cpp[0m
[0.107s] [35m[1mConsolidate compiler generated dependencies of target explore_lite_msgs__rosidl_typesupport_c[0m
[0.107s] [35m[1mConsolidate compiler generated dependencies of target explore_lite_msgs__rosidl_typesupport_introspection_c[0m
[0.107s] [35m[1mConsolidate compiler generated dependencies of target explore_lite_msgs__rosidl_typesupport_fastrtps_c[0m
[0.123s] [ 43%] Built target explore_lite_msgs__rosidl_typesupport_cpp
[0.123s] [ 43%] Built target explore_lite_msgs__rosidl_typesupport_c
[0.123s] [ 43%] Built target explore_lite_msgs__rosidl_typesupport_introspection_cpp
[0.124s] [ 62%] Built target explore_lite_msgs__rosidl_typesupport_introspection_c
[0.124s] [ 62%] Built target explore_lite_msgs__rosidl_typesupport_fastrtps_cpp
[0.126s] [ 71%] Built target explore_lite_msgs__rosidl_typesupport_fastrtps_c
[0.156s] [ 71%] Built target explore_lite_msgs
[0.185s] [ 75%] Built target explore_lite_msgs__py
[0.200s] [35m[1mConsolidate compiler generated dependencies of target explore_lite_msgs__rosidl_generator_py[0m
[0.220s] [ 81%] Built target explore_lite_msgs__rosidl_generator_py
[0.236s] [35m[1mConsolidate compiler generated dependencies of target explore_lite_msgs__rosidl_typesupport_introspection_c__pyext[0m
[0.236s] [35m[1mConsolidate compiler generated dependencies of target explore_lite_msgs__rosidl_typesupport_fastrtps_c__pyext[0m
[0.236s] [35m[1mConsolidate compiler generated dependencies of target explore_lite_msgs__rosidl_typesupport_c__pyext[0m
[0.257s] [100%] Built target explore_lite_msgs__rosidl_typesupport_introspection_c__pyext
[0.257s] [100%] Built target explore_lite_msgs__rosidl_typesupport_fastrtps_c__pyext
[0.257s] [100%] Built target explore_lite_msgs__rosidl_typesupport_c__pyext
[0.411s] running egg_info
[0.412s] writing explore_lite_msgs.egg-info/PKG-INFO
[0.412s] writing dependency_links to explore_lite_msgs.egg-info/dependency_links.txt
[0.413s] writing top-level names to explore_lite_msgs.egg-info/top_level.txt
[0.416s] reading manifest file 'explore_lite_msgs.egg-info/SOURCES.txt'
[0.417s] writing manifest file 'explore_lite_msgs.egg-info/SOURCES.txt'
[0.473s] [100%] Built target ament_cmake_python_build_explore_lite_msgs_egg
[0.491s] Invoked command in '/workspace/build/explore_lite_msgs' returned '0': CMAKE_PREFIX_PATH=/opt/ros/humble /usr/bin/cmake --build /workspace/build/explore_lite_msgs -- -j8 -l8
[0.505s] Invoking command in '/workspace/build/explore_lite_msgs': CMAKE_PREFIX_PATH=/opt/ros/humble /usr/bin/cmake --install /workspace/build/explore_lite_msgs
[0.516s] -- Install configuration: ""
[0.516s] -- Installing: /workspace/install/explore_lite_msgs/share/ament_index/resource_index/rosidl_interfaces/explore_lite_msgs
[0.516s] -- Installing: /workspace/install/explore_lite_msgs/include/explore_lite_msgs/explore_lite_msgs
[0.517s] -- Installing: /workspace/install/explore_lite_msgs/include/explore_lite_msgs/explore_lite_msgs/msg
[0.517s] -- Installing: /workspace/install/explore_lite_msgs/include/explore_lite_msgs/explore_lite_msgs/msg/explore_status.h
[0.517s] -- Installing: /workspace/install/explore_lite_msgs/include/explore_lite_msgs/explore_lite_msgs/msg/rosidl_generator_c__visibility_control.h
[0.517s] -- Installing: /workspace/install/explore_lite_msgs/include/explore_lite_msgs/explore_lite_msgs/msg/detail
[0.517s] -- Installing: /workspace/install/explore_lite_msgs/include/explore_lite_msgs/explore_lite_msgs/msg/detail/explore_status__functions.h
[0.517s] -- Installing: /workspace/install/explore_lite_msgs/include/explore_lite_msgs/explore_lite_msgs/msg/detail/explore_status__functions.c
[0.518s] -- Installing: /workspace/install/explore_lite_msgs/include/explore_lite_msgs/explore_lite_msgs/msg/detail/explore_status__struct.h
[0.518s] -- Installing: /workspace/install/explore_lite_msgs/include/explore_lite_msgs/explore_lite_msgs/msg/detail/explore_status__type_support.h
[0.518s] -- Installing: /workspace/install/explore_lite_msgs/share/explore_lite_msgs/environment/library_path.sh
[0.518s] -- Installing: /workspace/install/explore_lite_msgs/share/explore_lite_msgs/environment/library_path.dsv
[0.518s] -- Installing: /workspace/install/explore_lite_msgs/lib/libexplore_lite_msgs__rosidl_generator_c.so
[0.519s] -- Set runtime path of "/workspace/install/explore_lite_msgs/lib/libexplore_lite_msgs__rosidl_generator_c.so" to ""
[0.519s] -- Up-to-date: /workspace/install/explore_lite_msgs/include/explore_lite_msgs/explore_lite_msgs
[0.519s] -- Up-to-date: /workspace/install/explore_lite_msgs/include/explore_lite_msgs/explore_lite_msgs/msg
[0.519s] -- Installing: /workspace/install/explore_lite_msgs/include/explore_lite_msgs/explore_lite_msgs/msg/rosidl_typesupport_fastrtps_c__visibility_control.h
[0.519s] -- Up-to-date: /workspace/install/explore_lite_msgs/include/explore_lite_msgs/explore_lite_msgs/msg/detail
[0.520s] -- Installing: /workspace/install/explore_lite_msgs/include/explore_lite_msgs/explore_lite_msgs/msg/detail/explore_status__rosidl_typesupport_fastrtps_c.h
[0.520s] -- Installing: /workspace/install/explore_lite_msgs/lib/libexplore_lite_msgs__rosidl_typesupport_fastrtps_c.so
[0.520s] -- Set runtime path of "/workspace/install/explore_lite_msgs/lib/libexplore_lite_msgs__rosidl_typesupport_fastrtps_c.so" to ""
[0.520s] -- Up-to-date: /workspace/install/explore_lite_msgs/include/explore_lite_msgs/explore_lite_msgs
[0.520s] -- Up-to-date: /workspace/install/explore_lite_msgs/include/explore_lite_msgs/explore_lite_msgs/msg
[0.521s] -- Installing: /workspace/install/explore_lite_msgs/include/explore_lite_msgs/explore_lite_msgs/msg/rosidl_typesupport_introspection_c__visibility_control.h
[0.521s] -- Up-to-date: /workspace/install/explore_lite_msgs/include/explore_lite_msgs/explore_lite_msgs/msg/detail
[0.521s] -- Installing: /workspace/install/explore_lite_msgs/include/explore_lite_msgs/explore_lite_msgs/msg/detail/explore_status__rosidl_typesupport_introspection_c.h
[0.521s] -- Installing: /workspace/install/explore_lite_msgs/include/explore_lite_msgs/explore_lite_msgs/msg/detail/explore_status__type_support.c
[0.521s] -- Installing: /workspace/install/explore_lite_msgs/lib/libexplore_lite_msgs__rosidl_typesupport_introspection_c.so
[0.521s] -- Set runtime path of "/workspace/install/explore_lite_msgs/lib/libexplore_lite_msgs__rosidl_typesupport_introspection_c.so" to ""
[0.521s] -- Installing: /workspace/install/explore_lite_msgs/lib/libexplore_lite_msgs__rosidl_typesupport_c.so
[0.522s] -- Set runtime path of "/workspace/install/explore_lite_msgs/lib/libexplore_lite_msgs__rosidl_typesupport_c.so" to ""
[0.522s] -- Up-to-date: /workspace/install/explore_lite_msgs/include/explore_lite_msgs/explore_lite_msgs
[0.522s] -- Up-to-date: /workspace/install/explore_lite_msgs/include/explore_lite_msgs/explore_lite_msgs/msg
[0.522s] -- Installing: /workspace/install/explore_lite_msgs/include/explore_lite_msgs/explore_lite_msgs/msg/explore_status.hpp
[0.522s] -- Up-to-date: /workspace/install/explore_lite_msgs/include/explore_lite_msgs/explore_lite_msgs/msg/detail
[0.522s] -- Installing: /workspace/install/explore_lite_msgs/include/explore_lite_msgs/explore_lite_msgs/msg/detail/explore_status__traits.hpp
[0.522s] -- Installing: /workspace/install/explore_lite_msgs/include/explore_lite_msgs/explore_lite_msgs/msg/detail/explore_status__builder.hpp
[0.523s] -- Installing: /workspace/install/explore_lite_msgs/include/explore_lite_msgs/explore_lite_msgs/msg/detail/explore_status__struct.hpp
[0.523s] -- Installing: /workspace/install/explore_lite_msgs/include/explore_lite_msgs/explore_lite_msgs/msg/detail/explore_status__type_support.hpp
[0.523s] -- Installing: /workspace/install/explore_lite_msgs/include/explore_lite_msgs/explore_lite_msgs/msg/rosidl_generator_cpp__visibility_control.hpp
[0.523s] -- Up-to-date: /workspace/install/explore_lite_msgs/include/explore_lite_msgs/explore_lite_msgs
[0.523s] -- Up-to-date: /workspace/install/explore_lite_msgs/include/explore_lite_msgs/explore_lite_msgs/msg
[0.523s] -- Installing: /workspace/install/explore_lite_msgs/include/explore_lite_msgs/explore_lite_msgs/msg/rosidl_typesupport_fastrtps_cpp__visibility_control.h
[0.523s] -- Up-to-date: /workspace/install/explore_lite_msgs/include/explore_lite_msgs/explore_lite_msgs/msg/detail
[0.523s] -- Installing: /workspace/install/explore_lite_msgs/include/explore_lite_msgs/explore_lite_msgs/msg/detail/explore_status__rosidl_typesupport_fastrtps_cpp.hpp
[0.524s] -- Installing: /workspace/install/explore_lite_msgs/include/explore_lite_msgs/explore_lite_msgs/msg/detail/dds_fastrtps
[0.524s] -- Installing: /workspace/install/explore_lite_msgs/lib/libexplore_lite_msgs__rosidl_typesupport_fastrtps_cpp.so
[0.524s] -- Set runtime path of "/workspace/install/explore_lite_msgs/lib/libexplore_lite_msgs__rosidl_typesupport_fastrtps_cpp.so" to ""
[0.524s] -- Up-to-date: /workspace/install/explore_lite_msgs/include/explore_lite_msgs/explore_lite_msgs
[0.524s] -- Up-to-date: /workspace/install/explore_lite_msgs/include/explore_lite_msgs/explore_lite_msgs/msg
[0.524s] -- Up-to-date: /workspace/install/explore_lite_msgs/include/explore_lite_msgs/explore_lite_msgs/msg/detail
[0.525s] -- Installing: /workspace/install/explore_lite_msgs/include/explore_lite_msgs/explore_lite_msgs/msg/detail/explore_status__rosidl_typesupport_introspection_cpp.hpp
[0.525s] -- Installing: /workspace/install/explore_lite_msgs/include/explore_lite_msgs/explore_lite_msgs/msg/detail/explore_status__type_support.cpp
[0.525s] -- Installing: /workspace/install/explore_lite_msgs/lib/libexplore_lite_msgs__rosidl_typesupport_introspection_cpp.so
[0.525s] -- Set runtime path of "/workspace/install/explore_lite_msgs/lib/libexplore_lite_msgs__rosidl_typesupport_introspection_cpp.so" to ""
[0.525s] -- Installing: /workspace/install/explore_lite_msgs/lib/libexplore_lite_msgs__rosidl_typesupport_cpp.so
[0.526s] -- Set runtime path of "/workspace/install/explore_lite_msgs/lib/libexplore_lite_msgs__rosidl_typesupport_cpp.so" to ""
[0.526s] -- Installing: /workspace/install/explore_lite_msgs/share/explore_lite_msgs/environment/pythonpath.sh
[0.526s] -- Installing: /workspace/install/explore_lite_msgs/share/explore_lite_msgs/environment/pythonpath.dsv
[0.526s] -- Installing: /workspace/install/explore_lite_msgs/local/lib/python3.10/dist-packages/explore_lite_msgs-1.0.0-py3.10.egg-info
[0.526s] -- Installing: /workspace/install/explore_lite_msgs/local/lib/python3.10/dist-packages/explore_lite_msgs-1.0.0-py3.10.egg-info/dependency_links.txt
[0.526s] -- Installing: /workspace/install/explore_lite_msgs/local/lib/python3.10/dist-packages/explore_lite_msgs-1.0.0-py3.10.egg-info/top_level.txt
[0.527s] -- Installing: /workspace/install/explore_lite_msgs/local/lib/python3.10/dist-packages/explore_lite_msgs-1.0.0-py3.10.egg-info/PKG-INFO
[0.527s] -- Installing: /workspace/install/explore_lite_msgs/local/lib/python3.10/dist-packages/explore_lite_msgs-1.0.0-py3.10.egg-info/SOURCES.txt
[0.527s] -- Installing: /workspace/install/explore_lite_msgs/local/lib/python3.10/dist-packages/explore_lite_msgs
[0.527s] -- Installing: /workspace/install/explore_lite_msgs/local/lib/python3.10/dist-packages/explore_lite_msgs/libexplore_lite_msgs__rosidl_generator_py.so
[0.527s] -- Installing: /workspace/install/explore_lite_msgs/local/lib/python3.10/dist-packages/explore_lite_msgs/_explore_lite_msgs_s.ep.rosidl_typesupport_fastrtps_c.c
[0.527s] -- Installing: /workspace/install/explore_lite_msgs/local/lib/python3.10/dist-packages/explore_lite_msgs/explore_lite_msgs_s__rosidl_typesupport_fastrtps_c.cpython-310-aarch64-linux-gnu.so
[0.528s] -- Installing: /workspace/install/explore_lite_msgs/local/lib/python3.10/dist-packages/explore_lite_msgs/_explore_lite_msgs_s.ep.rosidl_typesupport_introspection_c.c
[0.528s] -- Installing: /workspace/install/explore_lite_msgs/local/lib/python3.10/dist-packages/explore_lite_msgs/__init__.py
[0.528s] -- Installing: /workspace/install/explore_lite_msgs/local/lib/python3.10/dist-packages/explore_lite_msgs/explore_lite_msgs_s__rosidl_typesupport_c.cpython-310-aarch64-linux-gnu.so
[0.528s] -- Installing: /workspace/install/explore_lite_msgs/local/lib/python3.10/dist-packages/explore_lite_msgs/_explore_lite_msgs_s.ep.rosidl_typesupport_c.c
[0.528s] -- Installing: /workspace/install/explore_lite_msgs/local/lib/python3.10/dist-packages/explore_lite_msgs/msg
[0.528s] -- Installing: /workspace/install/explore_lite_msgs/local/lib/python3.10/dist-packages/explore_lite_msgs/msg/_explore_status.py
[0.529s] -- Installing: /workspace/install/explore_lite_msgs/local/lib/python3.10/dist-packages/explore_lite_msgs/msg/__init__.py
[0.529s] -- Installing: /workspace/install/explore_lite_msgs/local/lib/python3.10/dist-packages/explore_lite_msgs/msg/_explore_status_s.c
[0.529s] -- Installing: /workspace/install/explore_lite_msgs/local/lib/python3.10/dist-packages/explore_lite_msgs/explore_lite_msgs_s__rosidl_typesupport_introspection_c.cpython-310-aarch64-linux-gnu.so
[0.578s] Listing '/workspace/install/explore_lite_msgs/local/lib/python3.10/dist-packages/explore_lite_msgs'...
[0.579s] Compiling '/workspace/install/explore_lite_msgs/local/lib/python3.10/dist-packages/explore_lite_msgs/__init__.py'...
[0.579s] Listing '/workspace/install/explore_lite_msgs/local/lib/python3.10/dist-packages/explore_lite_msgs/msg'...
[0.579s] Compiling '/workspace/install/explore_lite_msgs/local/lib/python3.10/dist-packages/explore_lite_msgs/msg/__init__.py'...
[0.579s] Compiling '/workspace/install/explore_lite_msgs/local/lib/python3.10/dist-packages/explore_lite_msgs/msg/_explore_status.py'...
[0.588s] -- Installing: /workspace/install/explore_lite_msgs/local/lib/python3.10/dist-packages/explore_lite_msgs/explore_lite_msgs_s__rosidl_typesupport_fastrtps_c.cpython-310-aarch64-linux-gnu.so
[0.588s] -- Set runtime path of "/workspace/install/explore_lite_msgs/local/lib/python3.10/dist-packages/explore_lite_msgs/explore_lite_msgs_s__rosidl_typesupport_fastrtps_c.cpython-310-aarch64-linux-gnu.so" to ""
[0.588s] -- Installing: /workspace/install/explore_lite_msgs/local/lib/python3.10/dist-packages/explore_lite_msgs/explore_lite_msgs_s__rosidl_typesupport_introspection_c.cpython-310-aarch64-linux-gnu.so
[0.589s] -- Set runtime path of "/workspace/install/explore_lite_msgs/local/lib/python3.10/dist-packages/explore_lite_msgs/explore_lite_msgs_s__rosidl_typesupport_introspection_c.cpython-310-aarch64-linux-gnu.so" to ""
[0.589s] -- Installing: /workspace/install/explore_lite_msgs/local/lib/python3.10/dist-packages/explore_lite_msgs/explore_lite_msgs_s__rosidl_typesupport_c.cpython-310-aarch64-linux-gnu.so
[0.589s] -- Set runtime path of "/workspace/install/explore_lite_msgs/local/lib/python3.10/dist-packages/explore_lite_msgs/explore_lite_msgs_s__rosidl_typesupport_c.cpython-310-aarch64-linux-gnu.so" to ""
[0.590s] -- Installing: /workspace/install/explore_lite_msgs/lib/libexplore_lite_msgs__rosidl_generator_py.so
[0.590s] -- Set runtime path of "/workspace/install/explore_lite_msgs/lib/libexplore_lite_msgs__rosidl_generator_py.so" to ""
[0.590s] -- Installing: /workspace/install/explore_lite_msgs/share/ament_index/resource_index/rust_packages/explore_lite_msgs
[0.590s] -- Installing: /workspace/install/explore_lite_msgs/share/explore_lite_msgs/rust
[0.590s] -- Installing: /workspace/install/explore_lite_msgs/share/explore_lite_msgs/rust/build.rs
[0.591s] -- Installing: /workspace/install/explore_lite_msgs/share/explore_lite_msgs/rust/src
[0.591s] -- Installing: /workspace/install/explore_lite_msgs/share/explore_lite_msgs/rust/src/msg.rs
[0.591s] -- Installing: /workspace/install/explore_lite_msgs/share/explore_lite_msgs/rust/src/lib.rs
[0.591s] -- Installing: /workspace/install/explore_lite_msgs/share/explore_lite_msgs/rust/src/msg
[0.591s] -- Installing: /workspace/install/explore_lite_msgs/share/explore_lite_msgs/rust/src/msg/rmw.rs
[0.591s] -- Installing: /workspace/install/explore_lite_msgs/share/explore_lite_msgs/rust/Cargo.toml
[0.592s] -- Installing: /workspace/install/explore_lite_msgs/share/explore_lite_msgs/msg/ExploreStatus.idl
[0.592s] -- Installing: /workspace/install/explore_lite_msgs/share/explore_lite_msgs/msg/ExploreStatus.msg
[0.592s] -- Installing: /workspace/install/explore_lite_msgs/share/ament_index/resource_index/package_run_dependencies/explore_lite_msgs
[0.592s] -- Installing: /workspace/install/explore_lite_msgs/share/ament_index/resource_index/parent_prefix_path/explore_lite_msgs
[0.592s] -- Installing: /workspace/install/explore_lite_msgs/share/explore_lite_msgs/environment/ament_prefix_path.sh
[0.593s] -- Installing: /workspace/install/explore_lite_msgs/share/explore_lite_msgs/environment/ament_prefix_path.dsv
[0.593s] -- Installing: /workspace/install/explore_lite_msgs/share/explore_lite_msgs/environment/path.sh
[0.593s] -- Installing: /workspace/install/explore_lite_msgs/share/explore_lite_msgs/environment/path.dsv
[0.593s] -- Installing: /workspace/install/explore_lite_msgs/share/explore_lite_msgs/local_setup.bash
[0.593s] -- Installing: /workspace/install/explore_lite_msgs/share/explore_lite_msgs/local_setup.sh
[0.594s] -- Installing: /workspace/install/explore_lite_msgs/share/explore_lite_msgs/local_setup.zsh
[0.594s] -- Installing: /workspace/install/explore_lite_msgs/share/explore_lite_msgs/local_setup.dsv
[0.594s] -- Installing: /workspace/install/explore_lite_msgs/share/explore_lite_msgs/package.dsv
[0.594s] -- Installing: /workspace/install/explore_lite_msgs/share/ament_index/resource_index/packages/explore_lite_msgs
[0.594s] -- Installing: /workspace/install/explore_lite_msgs/share/explore_lite_msgs/cmake/export_explore_lite_msgs__rosidl_generator_cExport.cmake
[0.595s] -- Installing: /workspace/install/explore_lite_msgs/share/explore_lite_msgs/cmake/export_explore_lite_msgs__rosidl_generator_cExport-noconfig.cmake
[0.595s] -- Installing: /workspace/install/explore_lite_msgs/share/explore_lite_msgs/cmake/export_explore_lite_msgs__rosidl_typesupport_fastrtps_cExport.cmake
[0.595s] -- Installing: /workspace/install/explore_lite_msgs/share/explore_lite_msgs/cmake/export_explore_lite_msgs__rosidl_typesupport_fastrtps_cExport-noconfig.cmake
[0.595s] -- Installing: /workspace/install/explore_lite_msgs/share/explore_lite_msgs/cmake/explore_lite_msgs__rosidl_typesupport_introspection_cExport.cmake
[0.596s] -- Installing: /workspace/install/explore_lite_msgs/share/explore_lite_msgs/cmake/explore_lite_msgs__rosidl_typesupport_introspection_cExport-noconfig.cmake
[0.596s] -- Installing: /workspace/install/explore_lite_msgs/share/explore_lite_msgs/cmake/explore_lite_msgs__rosidl_typesupport_cExport.cmake
[0.596s] -- Installing: /workspace/install/explore_lite_msgs/share/explore_lite_msgs/cmake/explore_lite_msgs__rosidl_typesupport_cExport-noconfig.cmake
[0.596s] -- Installing: /workspace/install/explore_lite_msgs/share/explore_lite_msgs/cmake/export_explore_lite_msgs__rosidl_generator_cppExport.cmake
[0.596s] -- Installing: /workspace/install/explore_lite_msgs/share/explore_lite_msgs/cmake/export_explore_lite_msgs__rosidl_typesupport_fastrtps_cppExport.cmake
[0.597s] -- Installing: /workspace/install/explore_lite_msgs/share/explore_lite_msgs/cmake/export_explore_lite_msgs__rosidl_typesupport_fastrtps_cppExport-noconfig.cmake
[0.597s] -- Installing: /workspace/install/explore_lite_msgs/share/explore_lite_msgs/cmake/explore_lite_msgs__rosidl_typesupport_introspection_cppExport.cmake
[0.597s] -- Installing: /workspace/install/explore_lite_msgs/share/explore_lite_msgs/cmake/explore_lite_msgs__rosidl_typesupport_introspection_cppExport-noconfig.cmake
[0.597s] -- Installing: /workspace/install/explore_lite_msgs/share/explore_lite_msgs/cmake/explore_lite_msgs__rosidl_typesupport_cppExport.cmake
[0.597s] -- Installing: /workspace/install/explore_lite_msgs/share/explore_lite_msgs/cmake/explore_lite_msgs__rosidl_typesupport_cppExport-noconfig.cmake
[0.598s] -- Installing: /workspace/install/explore_lite_msgs/share/explore_lite_msgs/cmake/export_explore_lite_msgs__rosidl_generator_pyExport.cmake
[0.598s] -- Installing: /workspace/install/explore_lite_msgs/share/explore_lite_msgs/cmake/export_explore_lite_msgs__rosidl_generator_pyExport-noconfig.cmake
[0.598s] -- Installing: /workspace/install/explore_lite_msgs/share/explore_lite_msgs/cmake/rosidl_cmake-extras.cmake
[0.598s] -- Installing: /workspace/install/explore_lite_msgs/share/explore_lite_msgs/cmake/ament_cmake_export_include_directories-extras.cmake
[0.598s] -- Installing: /workspace/install/explore_lite_msgs/share/explore_lite_msgs/cmake/ament_cmake_export_libraries-extras.cmake
[0.599s] -- Installing: /workspace/install/explore_lite_msgs/share/explore_lite_msgs/cmake/ament_cmake_export_targets-extras.cmake
[0.599s] -- Installing: /workspace/install/explore_lite_msgs/share/explore_lite_msgs/cmake/rosidl_cmake_export_typesupport_targets-extras.cmake
[0.599s] -- Installing: /workspace/install/explore_lite_msgs/share/explore_lite_msgs/cmake/ament_cmake_export_dependencies-extras.cmake
[0.599s] -- Installing: /workspace/install/explore_lite_msgs/share/explore_lite_msgs/cmake/rosidl_cmake_export_typesupport_libraries-extras.cmake
[0.600s] -- Installing: /workspace/install/explore_lite_msgs/share/explore_lite_msgs/cmake/explore_lite_msgsConfig.cmake
[0.600s] -- Installing: /workspace/install/explore_lite_msgs/share/explore_lite_msgs/cmake/explore_lite_msgsConfig-version.cmake
[0.600s] -- Installing: /workspace/install/explore_lite_msgs/share/explore_lite_msgs/package.xml
[0.604s] Invoked command in '/workspace/build/explore_lite_msgs' returned '0': CMAKE_PREFIX_PATH=/opt/ros/humble /usr/bin/cmake --install /workspace/build/explore_lite_msgs
