running develop
running egg_info
creating go2_nav.egg-info
writing go2_nav.egg-info/PKG-INFO
writing dependency_links to go2_nav.egg-info/dependency_links.txt
writing entry points to go2_nav.egg-info/entry_points.txt
writing requirements to go2_nav.egg-info/requires.txt
writing top-level names to go2_nav.egg-info/top_level.txt
writing manifest file 'go2_nav.egg-info/SOURCES.txt'
reading manifest file 'go2_nav.egg-info/SOURCES.txt'
writing manifest file 'go2_nav.egg-info/SOURCES.txt'
running build_ext
Creating /home/safal/Desktop/unitreego2nav/install/go2_nav/lib/python3.10/site-packages/go2-nav.egg-link (link to .)

Installed /home/safal/Desktop/unitreego2nav/build/go2_nav
running symlink_data
creating /home/safal/Desktop/unitreego2nav/install/go2_nav/share/ament_index
creating /home/safal/Desktop/unitreego2nav/install/go2_nav/share/ament_index/resource_index
creating /home/safal/Desktop/unitreego2nav/install/go2_nav/share/ament_index/resource_index/packages
symbolically linking /home/safal/Desktop/unitreego2nav/build/go2_nav/resource/go2_nav -> /home/safal/Desktop/unitreego2nav/install/go2_nav/share/ament_index/resource_index/packages
symbolically linking /home/safal/Desktop/unitreego2nav/build/go2_nav/package.xml -> /home/safal/Desktop/unitreego2nav/install/go2_nav/share/go2_nav
