[0.887s] Invoking command in '/home/safal/Desktop/unitreego2nav/build/go2_nav': PYTHONPATH=/home/safal/Desktop/unitreego2nav/build/go2_nav/prefix_override:/usr/lib/python3/dist-packages/colcon_core/task/python/colcon_distutils_commands:/home/safal/Desktop/unitreego2nav/install/go2_nav/lib/python3.10/site-packages:${PYTHONPATH} /usr/bin/python3 -W ignore:setup.py install is deprecated -W ignore:easy_install command is deprecated setup.py develop --editable --build-directory /home/safal/Desktop/unitreego2nav/build/go2_nav/build --no-deps symlink_data
[1.216s] running develop
[1.311s] /usr/lib/python3/dist-packages/pkg_resources/__init__.py:116: PkgResourcesDeprecationWarning: 2.22.1ubuntu1.2 is an invalid version and will not be supported in a future release
[1.311s]   warnings.warn(
[1.470s] running egg_info
[1.471s] creating go2_nav.egg-info
[1.471s] writing go2_nav.egg-info/PKG-INFO
[1.471s] writing dependency_links to go2_nav.egg-info/dependency_links.txt
[1.471s] writing entry points to go2_nav.egg-info/entry_points.txt
[1.471s] writing requirements to go2_nav.egg-info/requires.txt
[1.471s] writing top-level names to go2_nav.egg-info/top_level.txt
[1.471s] writing manifest file 'go2_nav.egg-info/SOURCES.txt'
[1.473s] reading manifest file 'go2_nav.egg-info/SOURCES.txt'
[1.473s] writing manifest file 'go2_nav.egg-info/SOURCES.txt'
[1.475s] running build_ext
[1.475s] Creating /home/safal/Desktop/unitreego2nav/install/go2_nav/lib/python3.10/site-packages/go2-nav.egg-link (link to .)
[1.476s] 
[1.476s] Installed /home/safal/Desktop/unitreego2nav/build/go2_nav
[1.476s] running symlink_data
[1.476s] creating /home/safal/Desktop/unitreego2nav/install/go2_nav/share/ament_index
[1.476s] creating /home/safal/Desktop/unitreego2nav/install/go2_nav/share/ament_index/resource_index
[1.476s] creating /home/safal/Desktop/unitreego2nav/install/go2_nav/share/ament_index/resource_index/packages
[1.477s] symbolically linking /home/safal/Desktop/unitreego2nav/build/go2_nav/resource/go2_nav -> /home/safal/Desktop/unitreego2nav/install/go2_nav/share/ament_index/resource_index/packages
[1.477s] symbolically linking /home/safal/Desktop/unitreego2nav/build/go2_nav/package.xml -> /home/safal/Desktop/unitreego2nav/install/go2_nav/share/go2_nav
