running egg_info
creating ../../build/go2_vision/go2_vision.egg-info
writing ../../build/go2_vision/go2_vision.egg-info/PKG-INFO
writing dependency_links to ../../build/go2_vision/go2_vision.egg-info/dependency_links.txt
writing entry points to ../../build/go2_vision/go2_vision.egg-info/entry_points.txt
writing requirements to ../../build/go2_vision/go2_vision.egg-info/requires.txt
writing top-level names to ../../build/go2_vision/go2_vision.egg-info/top_level.txt
writing manifest file '../../build/go2_vision/go2_vision.egg-info/SOURCES.txt'
reading manifest file '../../build/go2_vision/go2_vision.egg-info/SOURCES.txt'
writing manifest file '../../build/go2_vision/go2_vision.egg-info/SOURCES.txt'
running build
running build_py
creating /workspace/build/go2_vision/build
creating /workspace/build/go2_vision/build/lib
creating /workspace/build/go2_vision/build/lib/go2_vision
copying go2_vision/__init__.py -> /workspace/build/go2_vision/build/lib/go2_vision
copying go2_vision/cameraaccess.py -> /workspace/build/go2_vision/build/lib/go2_vision
running install
running install_lib
creating /workspace/install/go2_vision/lib/python3.10/site-packages/go2_vision
copying /workspace/build/go2_vision/build/lib/go2_vision/__init__.py -> /workspace/install/go2_vision/lib/python3.10/site-packages/go2_vision
copying /workspace/build/go2_vision/build/lib/go2_vision/cameraaccess.py -> /workspace/install/go2_vision/lib/python3.10/site-packages/go2_vision
byte-compiling /workspace/install/go2_vision/lib/python3.10/site-packages/go2_vision/__init__.py to __init__.cpython-310.pyc
byte-compiling /workspace/install/go2_vision/lib/python3.10/site-packages/go2_vision/cameraaccess.py to cameraaccess.cpython-310.pyc
running install_data
creating /workspace/install/go2_vision/share/ament_index
creating /workspace/install/go2_vision/share/ament_index/resource_index
creating /workspace/install/go2_vision/share/ament_index/resource_index/packages
copying resource/go2_vision -> /workspace/install/go2_vision/share/ament_index/resource_index/packages
copying package.xml -> /workspace/install/go2_vision/share/go2_vision
running install_egg_info
Copying ../../build/go2_vision/go2_vision.egg-info to /workspace/install/go2_vision/lib/python3.10/site-packages/go2_vision-0.0.0-py3.10.egg-info
running install_scripts
Installing cameraimg script to /workspace/install/go2_vision/lib/go2_vision
writing list of installed files to '/workspace/build/go2_vision/install.log'
