[1.589s] Invoking command in '/workspace/src/go2_vision': PYTHONPATH=/workspace/build/go2_vision/prefix_override:/usr/lib/python3/dist-packages/colcon_core/task/python/colcon_distutils_commands:/workspace/install/go2_vision/lib/python3.10/site-packages:${PYTHONPATH} /usr/bin/python3 -W ignore:setup.py install is deprecated -W ignore:easy_install command is deprecated setup.py egg_info --egg-base ../../build/go2_vision build --build-base /workspace/build/go2_vision/build install --record /workspace/build/go2_vision/install.log --install-scripts $base/lib/go2_vision --single-version-externally-managed install_data
[1.899s] running egg_info
[1.900s] creating ../../build/go2_vision/go2_vision.egg-info
[1.901s] writing ../../build/go2_vision/go2_vision.egg-info/PKG-INFO
[1.901s] writing dependency_links to ../../build/go2_vision/go2_vision.egg-info/dependency_links.txt
[1.901s] writing entry points to ../../build/go2_vision/go2_vision.egg-info/entry_points.txt
[1.901s] writing requirements to ../../build/go2_vision/go2_vision.egg-info/requires.txt
[1.901s] writing top-level names to ../../build/go2_vision/go2_vision.egg-info/top_level.txt
[1.901s] writing manifest file '../../build/go2_vision/go2_vision.egg-info/SOURCES.txt'
[1.904s] reading manifest file '../../build/go2_vision/go2_vision.egg-info/SOURCES.txt'
[1.906s] writing manifest file '../../build/go2_vision/go2_vision.egg-info/SOURCES.txt'
[1.906s] running build
[1.907s] running build_py
[1.907s] creating /workspace/build/go2_vision/build
[1.907s] creating /workspace/build/go2_vision/build/lib
[1.907s] creating /workspace/build/go2_vision/build/lib/go2_vision
[1.908s] copying go2_vision/__init__.py -> /workspace/build/go2_vision/build/lib/go2_vision
[1.908s] copying go2_vision/cameraaccess.py -> /workspace/build/go2_vision/build/lib/go2_vision
[1.909s] running install
[1.909s] running install_lib
[1.910s] creating /workspace/install/go2_vision/lib/python3.10/site-packages/go2_vision
[1.910s] copying /workspace/build/go2_vision/build/lib/go2_vision/__init__.py -> /workspace/install/go2_vision/lib/python3.10/site-packages/go2_vision
[1.911s] copying /workspace/build/go2_vision/build/lib/go2_vision/cameraaccess.py -> /workspace/install/go2_vision/lib/python3.10/site-packages/go2_vision
[1.911s] byte-compiling /workspace/install/go2_vision/lib/python3.10/site-packages/go2_vision/__init__.py to __init__.cpython-310.pyc
[1.911s] byte-compiling /workspace/install/go2_vision/lib/python3.10/site-packages/go2_vision/cameraaccess.py to cameraaccess.cpython-310.pyc
[1.912s] running install_data
[1.913s] creating /workspace/install/go2_vision/share/ament_index
[1.913s] creating /workspace/install/go2_vision/share/ament_index/resource_index
[1.913s] creating /workspace/install/go2_vision/share/ament_index/resource_index/packages
[1.913s] copying resource/go2_vision -> /workspace/install/go2_vision/share/ament_index/resource_index/packages
[1.913s] copying package.xml -> /workspace/install/go2_vision/share/go2_vision
[1.914s] running install_egg_info
[1.920s] Copying ../../build/go2_vision/go2_vision.egg-info to /workspace/install/go2_vision/lib/python3.10/site-packages/go2_vision-0.0.0-py3.10.egg-info
[1.921s] running install_scripts
[1.958s] Installing cameraimg script to /workspace/install/go2_vision/lib/go2_vision
[1.959s] writing list of installed files to '/workspace/build/go2_vision/install.log'
[2.039s] Invoked command in '/workspace/src/go2_vision' returned '0': PYTHONPATH=/workspace/build/go2_vision/prefix_override:/usr/lib/python3/dist-packages/colcon_core/task/python/colcon_distutils_commands:/workspace/install/go2_vision/lib/python3.10/site-packages:${PYTHONPATH} /usr/bin/python3 -W ignore:setup.py install is deprecated -W ignore:easy_install command is deprecated setup.py egg_info --egg-base ../../build/go2_vision build --build-base /workspace/build/go2_vision/build install --record /workspace/build/go2_vision/install.log --install-scripts $base/lib/go2_vision --single-version-externally-managed install_data
