[0.203s] DEBUG:colcon:Command line arguments: ['/usr/bin/colcon', 'build']
[0.203s] DEBUG:colcon:Parsed command line arguments: Namespace(log_base=None, log_level=None, verb_name='build', build_base='build', install_base='install', merge_install=False, symlink_install=False, test_result_base=None, continue_on_error=False, executor='parallel', parallel_workers=8, event_handlers=None, ignore_user_meta=False, metas=['./colcon.meta'], base_paths=['.'], packages_ignore=None, packages_ignore_regex=None, paths=None, packages_up_to=None, packages_up_to_regex=None, packages_above=None, packages_above_and_dependencies=None, packages_above_depth=None, packages_select_by_dep=None, packages_skip_by_dep=None, packages_skip_up_to=None, packages_select_build_failed=False, packages_skip_build_finished=False, packages_select_test_failures=False, packages_skip_test_passed=False, packages_select=None, packages_skip=None, packages_select_regex=None, packages_skip_regex=None, packages_start=None, packages_end=None, cmake_args=None, cmake_target=None, cmake_target_skip_unavailable=False, cmake_clean_cache=False, cmake_clean_first=False, cmake_force_configure=False, ament_cmake_args=None, catkin_cmake_args=None, catkin_skip_building_tests=False, mixin_files=None, mixin=None, verb_parser=<colcon_mixin.mixin.mixin_argument.MixinArgumentDecorator object at 0xffffb0d4b160>, verb_extension=<colcon_core.verb.build.BuildVerb object at 0xffffb0d4acb0>, main=<bound method BuildVerb.main of <colcon_core.verb.build.BuildVerb object at 0xffffb0d4acb0>>, mixin_verb=('build',))
[0.421s] Level 1:colcon.colcon_core.package_discovery:discover_packages(colcon_meta) check parameters
[0.422s] INFO:colcon.colcon_metadata.package_discovery.colcon_meta:Using configuration from '/root/.colcon/metadata/default/Gazebo.meta'
[0.423s] INFO:colcon.colcon_metadata.package_discovery.colcon_meta:Using configuration from '/root/.colcon/metadata/default/fastdds.meta'
[0.424s] INFO:colcon.colcon_metadata.package_discovery.colcon_meta:Using configuration from '/root/.colcon/metadata/default/fastrtps.meta'
[0.424s] Level 1:colcon.colcon_core.package_discovery:discover_packages(recursive) check parameters
[0.424s] Level 1:colcon.colcon_core.package_discovery:discover_packages(ignore) check parameters
[0.424s] Level 1:colcon.colcon_core.package_discovery:discover_packages(path) check parameters
[0.424s] Level 1:colcon.colcon_core.package_discovery:discover_packages(colcon_meta) discover
[0.424s] Level 1:colcon.colcon_core.package_discovery:discover_packages(recursive) discover
[0.425s] INFO:colcon.colcon_core.package_discovery:Crawling recursively for packages in '/workspace'
[0.425s] Level 1:colcon.colcon_core.package_identification:_identify(.) by extensions ['ignore', 'ignore_ament_install']
[0.425s] Level 1:colcon.colcon_core.package_identification:_identify(.) by extension 'ignore'
[0.425s] Level 1:colcon.colcon_core.package_identification:_identify(.) by extension 'ignore_ament_install'
[0.425s] Level 1:colcon.colcon_core.package_identification:_identify(.) by extensions ['colcon_pkg']
[0.425s] Level 1:colcon.colcon_core.package_identification:_identify(.) by extension 'colcon_pkg'
[0.426s] Level 1:colcon.colcon_core.package_identification:_identify(.) by extensions ['colcon_meta']
[0.426s] Level 1:colcon.colcon_core.package_identification:_identify(.) by extension 'colcon_meta'
[0.426s] Level 1:colcon.colcon_core.package_identification:_identify(.) by extensions ['ros']
[0.426s] Level 1:colcon.colcon_core.package_identification:_identify(.) by extension 'ros'
[0.445s] Level 1:colcon.colcon_core.package_identification:_identify(.) by extensions ['cmake', 'python']
[0.446s] Level 1:colcon.colcon_core.package_identification:_identify(.) by extension 'cmake'
[0.446s] Level 1:colcon.colcon_core.package_identification:_identify(.) by extension 'python'
[0.446s] Level 1:colcon.colcon_core.package_identification:_identify(.) by extensions ['python_setup_py']
[0.446s] Level 1:colcon.colcon_core.package_identification:_identify(.) by extension 'python_setup_py'
[0.446s] Level 1:colcon.colcon_core.package_identification:_identify(build) by extensions ['ignore', 'ignore_ament_install']
[0.446s] Level 1:colcon.colcon_core.package_identification:_identify(build) by extension 'ignore'
[0.447s] Level 1:colcon.colcon_core.package_identification:_identify(build) ignored
[0.447s] Level 1:colcon.colcon_core.package_identification:_identify(cyclonedds) by extensions ['ignore', 'ignore_ament_install']
[0.447s] Level 1:colcon.colcon_core.package_identification:_identify(cyclonedds) by extension 'ignore'
[0.447s] Level 1:colcon.colcon_core.package_identification:_identify(cyclonedds) by extension 'ignore_ament_install'
[0.447s] Level 1:colcon.colcon_core.package_identification:_identify(cyclonedds) by extensions ['colcon_pkg']
[0.447s] Level 1:colcon.colcon_core.package_identification:_identify(cyclonedds) by extension 'colcon_pkg'
[0.448s] Level 1:colcon.colcon_core.package_identification:_identify(cyclonedds) by extensions ['colcon_meta']
[0.448s] Level 1:colcon.colcon_core.package_identification:_identify(cyclonedds) by extension 'colcon_meta'
[0.448s] Level 1:colcon.colcon_core.package_identification:_identify(cyclonedds) by extensions ['ros']
[0.448s] Level 1:colcon.colcon_core.package_identification:_identify(cyclonedds) by extension 'ros'
[0.453s] DEBUG:colcon.colcon_core.package_identification:Package 'cyclonedds' with type 'ros.cmake' and name 'cyclonedds'
[0.453s] Level 1:colcon.colcon_core.package_identification:_identify(install) by extensions ['ignore', 'ignore_ament_install']
[0.453s] Level 1:colcon.colcon_core.package_identification:_identify(install) by extension 'ignore'
[0.453s] Level 1:colcon.colcon_core.package_identification:_identify(install) ignored
[0.454s] Level 1:colcon.colcon_core.package_identification:_identify(log) by extensions ['ignore', 'ignore_ament_install']
[0.454s] Level 1:colcon.colcon_core.package_identification:_identify(log) by extension 'ignore'
[0.454s] Level 1:colcon.colcon_core.package_identification:_identify(log) ignored
[0.454s] Level 1:colcon.colcon_core.package_identification:_identify(sdk) by extensions ['ignore', 'ignore_ament_install']
[0.454s] Level 1:colcon.colcon_core.package_identification:_identify(sdk) by extension 'ignore'
[0.454s] Level 1:colcon.colcon_core.package_identification:_identify(sdk) by extension 'ignore_ament_install'
[0.454s] Level 1:colcon.colcon_core.package_identification:_identify(sdk) by extensions ['colcon_pkg']
[0.454s] Level 1:colcon.colcon_core.package_identification:_identify(sdk) by extension 'colcon_pkg'
[0.455s] Level 1:colcon.colcon_core.package_identification:_identify(sdk) by extensions ['colcon_meta']
[0.455s] Level 1:colcon.colcon_core.package_identification:_identify(sdk) by extension 'colcon_meta'
[0.455s] Level 1:colcon.colcon_core.package_identification:_identify(sdk) by extensions ['ros']
[0.455s] Level 1:colcon.colcon_core.package_identification:_identify(sdk) by extension 'ros'
[0.455s] Level 1:colcon.colcon_core.package_identification:_identify(sdk) by extensions ['cmake', 'python']
[0.455s] Level 1:colcon.colcon_core.package_identification:_identify(sdk) by extension 'cmake'
[0.455s] Level 1:colcon.colcon_core.package_identification:_identify(sdk) by extension 'python'
[0.455s] Level 1:colcon.colcon_core.package_identification:_identify(sdk) by extensions ['python_setup_py']
[0.455s] Level 1:colcon.colcon_core.package_identification:_identify(sdk) by extension 'python_setup_py'
[0.455s] Level 1:colcon.colcon_core.package_identification:_identify(sdk/unitree_sdk2_python) by extensions ['ignore', 'ignore_ament_install']
[0.455s] Level 1:colcon.colcon_core.package_identification:_identify(sdk/unitree_sdk2_python) by extension 'ignore'
[0.456s] Level 1:colcon.colcon_core.package_identification:_identify(sdk/unitree_sdk2_python) by extension 'ignore_ament_install'
[0.456s] Level 1:colcon.colcon_core.package_identification:_identify(sdk/unitree_sdk2_python) by extensions ['colcon_pkg']
[0.456s] Level 1:colcon.colcon_core.package_identification:_identify(sdk/unitree_sdk2_python) by extension 'colcon_pkg'
[0.456s] Level 1:colcon.colcon_core.package_identification:_identify(sdk/unitree_sdk2_python) by extensions ['colcon_meta']
[0.456s] Level 1:colcon.colcon_core.package_identification:_identify(sdk/unitree_sdk2_python) by extension 'colcon_meta'
[0.456s] Level 1:colcon.colcon_core.package_identification:_identify(sdk/unitree_sdk2_python) by extensions ['ros']
[0.456s] Level 1:colcon.colcon_core.package_identification:_identify(sdk/unitree_sdk2_python) by extension 'ros'
[0.456s] Level 1:colcon.colcon_core.package_identification:_identify(sdk/unitree_sdk2_python) by extensions ['cmake', 'python']
[0.456s] Level 1:colcon.colcon_core.package_identification:_identify(sdk/unitree_sdk2_python) by extension 'cmake'
[0.456s] Level 1:colcon.colcon_core.package_identification:_identify(sdk/unitree_sdk2_python) by extension 'python'
[0.456s] Level 1:colcon.colcon_core.package_identification:_identify(sdk/unitree_sdk2_python) by extensions ['python_setup_py']
[0.456s] Level 1:colcon.colcon_core.package_identification:_identify(sdk/unitree_sdk2_python) by extension 'python_setup_py'
[0.824s] DEBUG:colcon.colcon_core.package_identification:Package 'sdk/unitree_sdk2_python' with type 'python' and name 'unitree_sdk2py'
[0.825s] Level 1:colcon.colcon_core.package_identification:_identify(src) by extensions ['ignore', 'ignore_ament_install']
[0.825s] Level 1:colcon.colcon_core.package_identification:_identify(src) by extension 'ignore'
[0.825s] Level 1:colcon.colcon_core.package_identification:_identify(src) by extension 'ignore_ament_install'
[0.826s] Level 1:colcon.colcon_core.package_identification:_identify(src) by extensions ['colcon_pkg']
[0.826s] Level 1:colcon.colcon_core.package_identification:_identify(src) by extension 'colcon_pkg'
[0.826s] Level 1:colcon.colcon_core.package_identification:_identify(src) by extensions ['colcon_meta']
[0.826s] Level 1:colcon.colcon_core.package_identification:_identify(src) by extension 'colcon_meta'
[0.826s] Level 1:colcon.colcon_core.package_identification:_identify(src) by extensions ['ros']
[0.826s] Level 1:colcon.colcon_core.package_identification:_identify(src) by extension 'ros'
[0.827s] Level 1:colcon.colcon_core.package_identification:_identify(src) by extensions ['cmake', 'python']
[0.827s] Level 1:colcon.colcon_core.package_identification:_identify(src) by extension 'cmake'
[0.827s] Level 1:colcon.colcon_core.package_identification:_identify(src) by extension 'python'
[0.827s] Level 1:colcon.colcon_core.package_identification:_identify(src) by extensions ['python_setup_py']
[0.827s] Level 1:colcon.colcon_core.package_identification:_identify(src) by extension 'python_setup_py'
[0.827s] Level 1:colcon.colcon_core.package_identification:_identify(src/go2_nav) by extensions ['ignore', 'ignore_ament_install']
[0.827s] Level 1:colcon.colcon_core.package_identification:_identify(src/go2_nav) by extension 'ignore'
[0.827s] Level 1:colcon.colcon_core.package_identification:_identify(src/go2_nav) by extension 'ignore_ament_install'
[0.827s] Level 1:colcon.colcon_core.package_identification:_identify(src/go2_nav) by extensions ['colcon_pkg']
[0.828s] Level 1:colcon.colcon_core.package_identification:_identify(src/go2_nav) by extension 'colcon_pkg'
[0.828s] Level 1:colcon.colcon_core.package_identification:_identify(src/go2_nav) by extensions ['colcon_meta']
[0.828s] Level 1:colcon.colcon_core.package_identification:_identify(src/go2_nav) by extension 'colcon_meta'
[0.828s] Level 1:colcon.colcon_core.package_identification:_identify(src/go2_nav) by extensions ['ros']
[0.828s] Level 1:colcon.colcon_core.package_identification:_identify(src/go2_nav) by extension 'ros'
[0.829s] DEBUG:colcon.colcon_core.package_identification:Package 'src/go2_nav' with type 'ros.ament_python' and name 'go2_nav'
[0.829s] Level 1:colcon.colcon_core.package_identification:_identify(src/go2_vision) by extensions ['ignore', 'ignore_ament_install']
[0.830s] Level 1:colcon.colcon_core.package_identification:_identify(src/go2_vision) by extension 'ignore'
[0.830s] Level 1:colcon.colcon_core.package_identification:_identify(src/go2_vision) by extension 'ignore_ament_install'
[0.830s] Level 1:colcon.colcon_core.package_identification:_identify(src/go2_vision) by extensions ['colcon_pkg']
[0.830s] Level 1:colcon.colcon_core.package_identification:_identify(src/go2_vision) by extension 'colcon_pkg'
[0.830s] Level 1:colcon.colcon_core.package_identification:_identify(src/go2_vision) by extensions ['colcon_meta']
[0.830s] Level 1:colcon.colcon_core.package_identification:_identify(src/go2_vision) by extension 'colcon_meta'
[0.830s] Level 1:colcon.colcon_core.package_identification:_identify(src/go2_vision) by extensions ['ros']
[0.830s] Level 1:colcon.colcon_core.package_identification:_identify(src/go2_vision) by extension 'ros'
[0.831s] DEBUG:colcon.colcon_core.package_identification:Package 'src/go2_vision' with type 'ros.ament_python' and name 'go2_vision'
[0.831s] Level 1:colcon.colcon_core.package_identification:_identify(src/m-explore-ros2) by extensions ['ignore', 'ignore_ament_install']
[0.832s] Level 1:colcon.colcon_core.package_identification:_identify(src/m-explore-ros2) by extension 'ignore'
[0.832s] Level 1:colcon.colcon_core.package_identification:_identify(src/m-explore-ros2) by extension 'ignore_ament_install'
[0.832s] Level 1:colcon.colcon_core.package_identification:_identify(src/m-explore-ros2) by extensions ['colcon_pkg']
[0.832s] Level 1:colcon.colcon_core.package_identification:_identify(src/m-explore-ros2) by extension 'colcon_pkg'
[0.832s] Level 1:colcon.colcon_core.package_identification:_identify(src/m-explore-ros2) by extensions ['colcon_meta']
[0.832s] Level 1:colcon.colcon_core.package_identification:_identify(src/m-explore-ros2) by extension 'colcon_meta'
[0.832s] Level 1:colcon.colcon_core.package_identification:_identify(src/m-explore-ros2) by extensions ['ros']
[0.832s] Level 1:colcon.colcon_core.package_identification:_identify(src/m-explore-ros2) by extension 'ros'
[0.832s] Level 1:colcon.colcon_core.package_identification:_identify(src/m-explore-ros2) by extensions ['cmake', 'python']
[0.832s] Level 1:colcon.colcon_core.package_identification:_identify(src/m-explore-ros2) by extension 'cmake'
[0.833s] Level 1:colcon.colcon_core.package_identification:_identify(src/m-explore-ros2) by extension 'python'
[0.833s] Level 1:colcon.colcon_core.package_identification:_identify(src/m-explore-ros2) by extensions ['python_setup_py']
[0.833s] Level 1:colcon.colcon_core.package_identification:_identify(src/m-explore-ros2) by extension 'python_setup_py'
[0.833s] Level 1:colcon.colcon_core.package_identification:_identify(src/m-explore-ros2/explore) by extensions ['ignore', 'ignore_ament_install']
[0.833s] Level 1:colcon.colcon_core.package_identification:_identify(src/m-explore-ros2/explore) by extension 'ignore'
[0.833s] Level 1:colcon.colcon_core.package_identification:_identify(src/m-explore-ros2/explore) by extension 'ignore_ament_install'
[0.833s] Level 1:colcon.colcon_core.package_identification:_identify(src/m-explore-ros2/explore) by extensions ['colcon_pkg']
[0.833s] Level 1:colcon.colcon_core.package_identification:_identify(src/m-explore-ros2/explore) by extension 'colcon_pkg'
[0.833s] Level 1:colcon.colcon_core.package_identification:_identify(src/m-explore-ros2/explore) by extensions ['colcon_meta']
[0.833s] Level 1:colcon.colcon_core.package_identification:_identify(src/m-explore-ros2/explore) by extension 'colcon_meta'
[0.834s] Level 1:colcon.colcon_core.package_identification:_identify(src/m-explore-ros2/explore) by extensions ['ros']
[0.834s] Level 1:colcon.colcon_core.package_identification:_identify(src/m-explore-ros2/explore) by extension 'ros'
[0.836s] DEBUG:colcon.colcon_core.package_identification:Package 'src/m-explore-ros2/explore' with type 'ros.ament_cmake' and name 'explore_lite'
[0.836s] Level 1:colcon.colcon_core.package_identification:_identify(src/m-explore-ros2/explore_lite_msgs) by extensions ['ignore', 'ignore_ament_install']
[0.836s] Level 1:colcon.colcon_core.package_identification:_identify(src/m-explore-ros2/explore_lite_msgs) by extension 'ignore'
[0.837s] Level 1:colcon.colcon_core.package_identification:_identify(src/m-explore-ros2/explore_lite_msgs) by extension 'ignore_ament_install'
[0.837s] Level 1:colcon.colcon_core.package_identification:_identify(src/m-explore-ros2/explore_lite_msgs) by extensions ['colcon_pkg']
[0.837s] Level 1:colcon.colcon_core.package_identification:_identify(src/m-explore-ros2/explore_lite_msgs) by extension 'colcon_pkg'
[0.837s] Level 1:colcon.colcon_core.package_identification:_identify(src/m-explore-ros2/explore_lite_msgs) by extensions ['colcon_meta']
[0.837s] Level 1:colcon.colcon_core.package_identification:_identify(src/m-explore-ros2/explore_lite_msgs) by extension 'colcon_meta'
[0.837s] Level 1:colcon.colcon_core.package_identification:_identify(src/m-explore-ros2/explore_lite_msgs) by extensions ['ros']
[0.837s] Level 1:colcon.colcon_core.package_identification:_identify(src/m-explore-ros2/explore_lite_msgs) by extension 'ros'
[0.838s] DEBUG:colcon.colcon_core.package_identification:Package 'src/m-explore-ros2/explore_lite_msgs' with type 'ros.ament_cmake' and name 'explore_lite_msgs'
[0.838s] Level 1:colcon.colcon_core.package_identification:_identify(src/m-explore-ros2/map_merge) by extensions ['ignore', 'ignore_ament_install']
[0.839s] Level 1:colcon.colcon_core.package_identification:_identify(src/m-explore-ros2/map_merge) by extension 'ignore'
[0.839s] Level 1:colcon.colcon_core.package_identification:_identify(src/m-explore-ros2/map_merge) by extension 'ignore_ament_install'
[0.839s] Level 1:colcon.colcon_core.package_identification:_identify(src/m-explore-ros2/map_merge) by extensions ['colcon_pkg']
[0.839s] Level 1:colcon.colcon_core.package_identification:_identify(src/m-explore-ros2/map_merge) by extension 'colcon_pkg'
[0.839s] Level 1:colcon.colcon_core.package_identification:_identify(src/m-explore-ros2/map_merge) by extensions ['colcon_meta']
[0.839s] Level 1:colcon.colcon_core.package_identification:_identify(src/m-explore-ros2/map_merge) by extension 'colcon_meta'
[0.839s] Level 1:colcon.colcon_core.package_identification:_identify(src/m-explore-ros2/map_merge) by extensions ['ros']
[0.839s] Level 1:colcon.colcon_core.package_identification:_identify(src/m-explore-ros2/map_merge) by extension 'ros'
[0.841s] DEBUG:colcon.colcon_core.package_identification:Package 'src/m-explore-ros2/map_merge' with type 'ros.ament_cmake' and name 'multirobot_map_merge'
[0.841s] Level 1:colcon.colcon_core.package_discovery:discover_packages(recursive) using defaults
[0.841s] Level 1:colcon.colcon_core.package_discovery:discover_packages(ignore) discover
[0.841s] Level 1:colcon.colcon_core.package_discovery:discover_packages(ignore) using defaults
[0.841s] Level 1:colcon.colcon_core.package_discovery:discover_packages(path) discover
[0.841s] Level 1:colcon.colcon_core.package_discovery:discover_packages(path) using defaults
[0.874s] INFO:colcon.colcon_metadata.metadata.colcon_pkg:Updating descriptor of package 'cyclonedds' from colcon.pkg: {'cmake-args': ['-DBUILD_IDLC=AUTO']}
[0.875s] DEBUG:colcon.colcon_core.package_augmentation.check_dependency_constraint:unitree_sdk2py depends on cyclonedds which has version 0.10.2 which satisfies to be equal to 0.10.2
[0.877s] Level 5:colcon.colcon_core.verb:set package 'cyclonedds' build argument 'cmake_args' from command line to 'None'
[0.877s] Level 5:colcon.colcon_core.verb:overwrite package 'cyclonedds' build argument 'cmake_args' from package metadata with '['-DBUILD_IDLC=AUTO']' (before: 'None')
[0.877s] Level 5:colcon.colcon_core.verb:set package 'cyclonedds' build argument 'cmake_target' from command line to 'None'
[0.877s] Level 5:colcon.colcon_core.verb:set package 'cyclonedds' build argument 'cmake_target_skip_unavailable' from command line to 'False'
[0.878s] Level 5:colcon.colcon_core.verb:set package 'cyclonedds' build argument 'cmake_clean_cache' from command line to 'False'
[0.878s] Level 5:colcon.colcon_core.verb:set package 'cyclonedds' build argument 'cmake_clean_first' from command line to 'False'
[0.878s] Level 5:colcon.colcon_core.verb:set package 'cyclonedds' build argument 'cmake_force_configure' from command line to 'False'
[0.878s] Level 5:colcon.colcon_core.verb:set package 'cyclonedds' build argument 'ament_cmake_args' from command line to 'None'
[0.878s] Level 5:colcon.colcon_core.verb:set package 'cyclonedds' build argument 'catkin_cmake_args' from command line to 'None'
[0.878s] Level 5:colcon.colcon_core.verb:set package 'cyclonedds' build argument 'catkin_skip_building_tests' from command line to 'False'
[0.878s] DEBUG:colcon.colcon_core.verb:Building package 'cyclonedds' with the following arguments: {'ament_cmake_args': None, 'build_base': '/workspace/build/cyclonedds', 'catkin_cmake_args': None, 'catkin_skip_building_tests': False, 'cmake_args': ['-DBUILD_IDLC=AUTO'], 'cmake_clean_cache': False, 'cmake_clean_first': False, 'cmake_force_configure': False, 'cmake_target': None, 'cmake_target_skip_unavailable': False, 'install_base': '/workspace/install/cyclonedds', 'merge_install': False, 'path': '/workspace/cyclonedds', 'symlink_install': False, 'test_result_base': None}
[0.878s] Level 5:colcon.colcon_core.verb:set package 'explore_lite_msgs' build argument 'cmake_args' from command line to 'None'
[0.879s] Level 5:colcon.colcon_core.verb:set package 'explore_lite_msgs' build argument 'cmake_target' from command line to 'None'
[0.879s] Level 5:colcon.colcon_core.verb:set package 'explore_lite_msgs' build argument 'cmake_target_skip_unavailable' from command line to 'False'
[0.879s] Level 5:colcon.colcon_core.verb:set package 'explore_lite_msgs' build argument 'cmake_clean_cache' from command line to 'False'
[0.879s] Level 5:colcon.colcon_core.verb:set package 'explore_lite_msgs' build argument 'cmake_clean_first' from command line to 'False'
[0.879s] Level 5:colcon.colcon_core.verb:set package 'explore_lite_msgs' build argument 'cmake_force_configure' from command line to 'False'
[0.879s] Level 5:colcon.colcon_core.verb:set package 'explore_lite_msgs' build argument 'ament_cmake_args' from command line to 'None'
[0.879s] Level 5:colcon.colcon_core.verb:set package 'explore_lite_msgs' build argument 'catkin_cmake_args' from command line to 'None'
[0.879s] Level 5:colcon.colcon_core.verb:set package 'explore_lite_msgs' build argument 'catkin_skip_building_tests' from command line to 'False'
[0.879s] DEBUG:colcon.colcon_core.verb:Building package 'explore_lite_msgs' with the following arguments: {'ament_cmake_args': None, 'build_base': '/workspace/build/explore_lite_msgs', 'catkin_cmake_args': None, 'catkin_skip_building_tests': False, 'cmake_args': None, 'cmake_clean_cache': False, 'cmake_clean_first': False, 'cmake_force_configure': False, 'cmake_target': None, 'cmake_target_skip_unavailable': False, 'install_base': '/workspace/install/explore_lite_msgs', 'merge_install': False, 'path': '/workspace/src/m-explore-ros2/explore_lite_msgs', 'symlink_install': False, 'test_result_base': None}
[0.879s] Level 5:colcon.colcon_core.verb:set package 'go2_nav' build argument 'cmake_args' from command line to 'None'
[0.879s] Level 5:colcon.colcon_core.verb:set package 'go2_nav' build argument 'cmake_target' from command line to 'None'
[0.879s] Level 5:colcon.colcon_core.verb:set package 'go2_nav' build argument 'cmake_target_skip_unavailable' from command line to 'False'
[0.880s] Level 5:colcon.colcon_core.verb:set package 'go2_nav' build argument 'cmake_clean_cache' from command line to 'False'
[0.880s] Level 5:colcon.colcon_core.verb:set package 'go2_nav' build argument 'cmake_clean_first' from command line to 'False'
[0.880s] Level 5:colcon.colcon_core.verb:set package 'go2_nav' build argument 'cmake_force_configure' from command line to 'False'
[0.880s] Level 5:colcon.colcon_core.verb:set package 'go2_nav' build argument 'ament_cmake_args' from command line to 'None'
[0.880s] Level 5:colcon.colcon_core.verb:set package 'go2_nav' build argument 'catkin_cmake_args' from command line to 'None'
[0.880s] Level 5:colcon.colcon_core.verb:set package 'go2_nav' build argument 'catkin_skip_building_tests' from command line to 'False'
[0.880s] DEBUG:colcon.colcon_core.verb:Building package 'go2_nav' with the following arguments: {'ament_cmake_args': None, 'build_base': '/workspace/build/go2_nav', 'catkin_cmake_args': None, 'catkin_skip_building_tests': False, 'cmake_args': None, 'cmake_clean_cache': False, 'cmake_clean_first': False, 'cmake_force_configure': False, 'cmake_target': None, 'cmake_target_skip_unavailable': False, 'install_base': '/workspace/install/go2_nav', 'merge_install': False, 'path': '/workspace/src/go2_nav', 'symlink_install': False, 'test_result_base': None}
[0.880s] Level 5:colcon.colcon_core.verb:set package 'go2_vision' build argument 'cmake_args' from command line to 'None'
[0.880s] Level 5:colcon.colcon_core.verb:set package 'go2_vision' build argument 'cmake_target' from command line to 'None'
[0.881s] Level 5:colcon.colcon_core.verb:set package 'go2_vision' build argument 'cmake_target_skip_unavailable' from command line to 'False'
[0.881s] Level 5:colcon.colcon_core.verb:set package 'go2_vision' build argument 'cmake_clean_cache' from command line to 'False'
[0.881s] Level 5:colcon.colcon_core.verb:set package 'go2_vision' build argument 'cmake_clean_first' from command line to 'False'
[0.881s] Level 5:colcon.colcon_core.verb:set package 'go2_vision' build argument 'cmake_force_configure' from command line to 'False'
[0.881s] Level 5:colcon.colcon_core.verb:set package 'go2_vision' build argument 'ament_cmake_args' from command line to 'None'
[0.881s] Level 5:colcon.colcon_core.verb:set package 'go2_vision' build argument 'catkin_cmake_args' from command line to 'None'
[0.881s] Level 5:colcon.colcon_core.verb:set package 'go2_vision' build argument 'catkin_skip_building_tests' from command line to 'False'
[0.881s] DEBUG:colcon.colcon_core.verb:Building package 'go2_vision' with the following arguments: {'ament_cmake_args': None, 'build_base': '/workspace/build/go2_vision', 'catkin_cmake_args': None, 'catkin_skip_building_tests': False, 'cmake_args': None, 'cmake_clean_cache': False, 'cmake_clean_first': False, 'cmake_force_configure': False, 'cmake_target': None, 'cmake_target_skip_unavailable': False, 'install_base': '/workspace/install/go2_vision', 'merge_install': False, 'path': '/workspace/src/go2_vision', 'symlink_install': False, 'test_result_base': None}
[0.882s] Level 5:colcon.colcon_core.verb:set package 'multirobot_map_merge' build argument 'cmake_args' from command line to 'None'
[0.882s] Level 5:colcon.colcon_core.verb:set package 'multirobot_map_merge' build argument 'cmake_target' from command line to 'None'
[0.882s] Level 5:colcon.colcon_core.verb:set package 'multirobot_map_merge' build argument 'cmake_target_skip_unavailable' from command line to 'False'
[0.882s] Level 5:colcon.colcon_core.verb:set package 'multirobot_map_merge' build argument 'cmake_clean_cache' from command line to 'False'
[0.882s] Level 5:colcon.colcon_core.verb:set package 'multirobot_map_merge' build argument 'cmake_clean_first' from command line to 'False'
[0.882s] Level 5:colcon.colcon_core.verb:set package 'multirobot_map_merge' build argument 'cmake_force_configure' from command line to 'False'
[0.882s] Level 5:colcon.colcon_core.verb:set package 'multirobot_map_merge' build argument 'ament_cmake_args' from command line to 'None'
[0.882s] Level 5:colcon.colcon_core.verb:set package 'multirobot_map_merge' build argument 'catkin_cmake_args' from command line to 'None'
[0.882s] Level 5:colcon.colcon_core.verb:set package 'multirobot_map_merge' build argument 'catkin_skip_building_tests' from command line to 'False'
[0.882s] DEBUG:colcon.colcon_core.verb:Building package 'multirobot_map_merge' with the following arguments: {'ament_cmake_args': None, 'build_base': '/workspace/build/multirobot_map_merge', 'catkin_cmake_args': None, 'catkin_skip_building_tests': False, 'cmake_args': None, 'cmake_clean_cache': False, 'cmake_clean_first': False, 'cmake_force_configure': False, 'cmake_target': None, 'cmake_target_skip_unavailable': False, 'install_base': '/workspace/install/multirobot_map_merge', 'merge_install': False, 'path': '/workspace/src/m-explore-ros2/map_merge', 'symlink_install': False, 'test_result_base': None}
[0.883s] Level 5:colcon.colcon_core.verb:set package 'explore_lite' build argument 'cmake_args' from command line to 'None'
[0.883s] Level 5:colcon.colcon_core.verb:set package 'explore_lite' build argument 'cmake_target' from command line to 'None'
[0.883s] Level 5:colcon.colcon_core.verb:set package 'explore_lite' build argument 'cmake_target_skip_unavailable' from command line to 'False'
[0.883s] Level 5:colcon.colcon_core.verb:set package 'explore_lite' build argument 'cmake_clean_cache' from command line to 'False'
[0.883s] Level 5:colcon.colcon_core.verb:set package 'explore_lite' build argument 'cmake_clean_first' from command line to 'False'
[0.883s] Level 5:colcon.colcon_core.verb:set package 'explore_lite' build argument 'cmake_force_configure' from command line to 'False'
[0.883s] Level 5:colcon.colcon_core.verb:set package 'explore_lite' build argument 'ament_cmake_args' from command line to 'None'
[0.883s] Level 5:colcon.colcon_core.verb:set package 'explore_lite' build argument 'catkin_cmake_args' from command line to 'None'
[0.883s] Level 5:colcon.colcon_core.verb:set package 'explore_lite' build argument 'catkin_skip_building_tests' from command line to 'False'
[0.883s] DEBUG:colcon.colcon_core.verb:Building package 'explore_lite' with the following arguments: {'ament_cmake_args': None, 'build_base': '/workspace/build/explore_lite', 'catkin_cmake_args': None, 'catkin_skip_building_tests': False, 'cmake_args': None, 'cmake_clean_cache': False, 'cmake_clean_first': False, 'cmake_force_configure': False, 'cmake_target': None, 'cmake_target_skip_unavailable': False, 'install_base': '/workspace/install/explore_lite', 'merge_install': False, 'path': '/workspace/src/m-explore-ros2/explore', 'symlink_install': False, 'test_result_base': None}
[0.884s] Level 5:colcon.colcon_core.verb:set package 'unitree_sdk2py' build argument 'cmake_args' from command line to 'None'
[0.884s] Level 5:colcon.colcon_core.verb:set package 'unitree_sdk2py' build argument 'cmake_target' from command line to 'None'
[0.884s] Level 5:colcon.colcon_core.verb:set package 'unitree_sdk2py' build argument 'cmake_target_skip_unavailable' from command line to 'False'
[0.884s] Level 5:colcon.colcon_core.verb:set package 'unitree_sdk2py' build argument 'cmake_clean_cache' from command line to 'False'
[0.884s] Level 5:colcon.colcon_core.verb:set package 'unitree_sdk2py' build argument 'cmake_clean_first' from command line to 'False'
[0.884s] Level 5:colcon.colcon_core.verb:set package 'unitree_sdk2py' build argument 'cmake_force_configure' from command line to 'False'
[0.884s] Level 5:colcon.colcon_core.verb:set package 'unitree_sdk2py' build argument 'ament_cmake_args' from command line to 'None'
[0.884s] Level 5:colcon.colcon_core.verb:set package 'unitree_sdk2py' build argument 'catkin_cmake_args' from command line to 'None'
[0.884s] Level 5:colcon.colcon_core.verb:set package 'unitree_sdk2py' build argument 'catkin_skip_building_tests' from command line to 'False'
[0.884s] DEBUG:colcon.colcon_core.verb:Building package 'unitree_sdk2py' with the following arguments: {'ament_cmake_args': None, 'build_base': '/workspace/build/unitree_sdk2py', 'catkin_cmake_args': None, 'catkin_skip_building_tests': False, 'cmake_args': None, 'cmake_clean_cache': False, 'cmake_clean_first': False, 'cmake_force_configure': False, 'cmake_target': None, 'cmake_target_skip_unavailable': False, 'install_base': '/workspace/install/unitree_sdk2py', 'merge_install': False, 'path': '/workspace/sdk/unitree_sdk2_python', 'symlink_install': False, 'test_result_base': None}
[0.884s] INFO:colcon.colcon_core.executor:Executing jobs using 'parallel' executor
[0.887s] DEBUG:colcon.colcon_parallel_executor.executor.parallel:run_until_complete
[0.887s] INFO:colcon.colcon_ros.task.cmake.build:Building ROS package in '/workspace/cyclonedds' with build type 'cmake'
[0.888s] INFO:colcon.colcon_cmake.task.cmake.build:Building CMake package in '/workspace/cyclonedds'
[0.892s] INFO:colcon.colcon_core.plugin_system:Skipping extension 'colcon_core.shell.bat': Not used on non-Windows systems
[0.892s] INFO:colcon.colcon_core.shell:Skip shell extension 'powershell' for command environment: Not usable outside of PowerShell
[0.892s] DEBUG:colcon.colcon_core.shell:Skip shell extension 'dsv' for command environment
[0.900s] INFO:colcon.colcon_ros.task.ament_cmake.build:Building ROS package in '/workspace/src/m-explore-ros2/explore_lite_msgs' with build type 'ament_cmake'
[0.901s] INFO:colcon.colcon_cmake.task.cmake.build:Building CMake package in '/workspace/src/m-explore-ros2/explore_lite_msgs'
[0.901s] INFO:colcon.colcon_core.shell:Skip shell extension 'powershell' for command environment: Not usable outside of PowerShell
[0.901s] DEBUG:colcon.colcon_core.shell:Skip shell extension 'dsv' for command environment
[0.907s] INFO:colcon.colcon_ros.task.ament_python.build:Building ROS package in '/workspace/src/go2_nav' with build type 'ament_python'
[0.908s] Level 1:colcon.colcon_core.shell:create_environment_hook('go2_nav', 'ament_prefix_path')
[0.908s] INFO:colcon.colcon_core.shell:Creating environment hook '/workspace/install/go2_nav/share/go2_nav/hook/ament_prefix_path.ps1'
[0.910s] INFO:colcon.colcon_core.shell:Creating environment descriptor '/workspace/install/go2_nav/share/go2_nav/hook/ament_prefix_path.dsv'
[0.911s] INFO:colcon.colcon_core.shell:Creating environment hook '/workspace/install/go2_nav/share/go2_nav/hook/ament_prefix_path.sh'
[0.912s] INFO:colcon.colcon_core.shell:Skip shell extension 'powershell' for command environment: Not usable outside of PowerShell
[0.912s] DEBUG:colcon.colcon_core.shell:Skip shell extension 'dsv' for command environment
[0.918s] INFO:colcon.colcon_ros.task.ament_python.build:Building ROS package in '/workspace/src/go2_vision' with build type 'ament_python'
[0.919s] Level 1:colcon.colcon_core.shell:create_environment_hook('go2_vision', 'ament_prefix_path')
[0.919s] INFO:colcon.colcon_core.shell:Creating environment hook '/workspace/install/go2_vision/share/go2_vision/hook/ament_prefix_path.ps1'
[0.921s] INFO:colcon.colcon_core.shell:Creating environment descriptor '/workspace/install/go2_vision/share/go2_vision/hook/ament_prefix_path.dsv'
[0.921s] INFO:colcon.colcon_core.shell:Creating environment hook '/workspace/install/go2_vision/share/go2_vision/hook/ament_prefix_path.sh'
[0.922s] INFO:colcon.colcon_core.shell:Skip shell extension 'powershell' for command environment: Not usable outside of PowerShell
[0.922s] DEBUG:colcon.colcon_core.shell:Skip shell extension 'dsv' for command environment
[0.928s] INFO:colcon.colcon_ros.task.ament_cmake.build:Building ROS package in '/workspace/src/m-explore-ros2/map_merge' with build type 'ament_cmake'
[0.928s] INFO:colcon.colcon_cmake.task.cmake.build:Building CMake package in '/workspace/src/m-explore-ros2/map_merge'
[0.929s] INFO:colcon.colcon_core.shell:Skip shell extension 'powershell' for command environment: Not usable outside of PowerShell
[0.929s] DEBUG:colcon.colcon_core.shell:Skip shell extension 'dsv' for command environment
[0.942s] DEBUG:colcon.colcon_core.event_handler.log_command:Invoking command in '/workspace/build/cyclonedds': CMAKE_PREFIX_PATH=${CMAKE_PREFIX_PATH}:/workspace/install/go2_vision:/workspace/install/go2_nav:/opt/ros/humble /usr/bin/cmake --build /workspace/build/cyclonedds -- -j8 -l8
[0.948s] DEBUG:colcon.colcon_core.event_handler.log_command:Invoking command in '/workspace/build/explore_lite_msgs': CMAKE_PREFIX_PATH=${CMAKE_PREFIX_PATH}:/workspace/install/go2_vision:/workspace/install/go2_nav:/opt/ros/humble /usr/bin/cmake --build /workspace/build/explore_lite_msgs -- -j8 -l8
[1.349s] INFO:colcon.colcon_core.task.python.build:Building Python package in '/workspace/src/go2_nav'
[1.349s] INFO:colcon.colcon_core.shell:Skip shell extension 'powershell' for command environment: Not usable outside of PowerShell
[1.349s] DEBUG:colcon.colcon_core.shell:Skip shell extension 'dsv' for command environment
[1.726s] INFO:colcon.colcon_core.task.python.build:Building Python package in '/workspace/src/go2_vision'
[1.727s] INFO:colcon.colcon_core.shell:Skip shell extension 'powershell' for command environment: Not usable outside of PowerShell
[1.727s] DEBUG:colcon.colcon_core.shell:Skip shell extension 'dsv' for command environment
[1.752s] DEBUG:colcon.colcon_core.event_handler.log_command:Invoking command in '/workspace/build/multirobot_map_merge': CMAKE_PREFIX_PATH=${CMAKE_PREFIX_PATH}:/workspace/install/go2_vision:/workspace/install/go2_nav:/opt/ros/humble /usr/bin/cmake --build /workspace/build/multirobot_map_merge -- -j8 -l8
[1.752s] DEBUG:colcon.colcon_core.event_handler.log_command:Invoked command in '/workspace/build/cyclonedds' returned '0': CMAKE_PREFIX_PATH=${CMAKE_PREFIX_PATH}:/workspace/install/go2_vision:/workspace/install/go2_nav:/opt/ros/humble /usr/bin/cmake --build /workspace/build/cyclonedds -- -j8 -l8
[1.764s] DEBUG:colcon.colcon_core.event_handler.log_command:Invoking command in '/workspace/build/cyclonedds': CMAKE_PREFIX_PATH=${CMAKE_PREFIX_PATH}:/workspace/install/go2_vision:/workspace/install/go2_nav:/opt/ros/humble /usr/bin/cmake --install /workspace/build/cyclonedds
[1.765s] DEBUG:colcon.colcon_core.event_handler.log_command:Invoked command in '/workspace/build/explore_lite_msgs' returned '0': CMAKE_PREFIX_PATH=${CMAKE_PREFIX_PATH}:/workspace/install/go2_vision:/workspace/install/go2_nav:/opt/ros/humble /usr/bin/cmake --build /workspace/build/explore_lite_msgs -- -j8 -l8
[1.768s] DEBUG:colcon.colcon_core.event_handler.log_command:Invoking command in '/workspace/build/explore_lite_msgs': CMAKE_PREFIX_PATH=${CMAKE_PREFIX_PATH}:/workspace/install/go2_vision:/workspace/install/go2_nav:/opt/ros/humble /usr/bin/cmake --install /workspace/build/explore_lite_msgs
[1.801s] Level 1:colcon.colcon_core.shell:create_environment_hook('cyclonedds', 'pkg_config_path')
[1.802s] INFO:colcon.colcon_core.shell:Creating environment hook '/workspace/install/cyclonedds/share/cyclonedds/hook/pkg_config_path.ps1'
[1.806s] INFO:colcon.colcon_core.shell:Creating environment descriptor '/workspace/install/cyclonedds/share/cyclonedds/hook/pkg_config_path.dsv'
[1.807s] INFO:colcon.colcon_core.shell:Creating environment hook '/workspace/install/cyclonedds/share/cyclonedds/hook/pkg_config_path.sh'
[1.813s] Level 1:colcon.colcon_core.shell:create_environment_hook('cyclonedds', 'pkg_config_path_multiarch')
[1.814s] INFO:colcon.colcon_core.shell:Creating environment hook '/workspace/install/cyclonedds/share/cyclonedds/hook/pkg_config_path_multiarch.ps1'
[1.817s] INFO:colcon.colcon_core.shell:Creating environment descriptor '/workspace/install/cyclonedds/share/cyclonedds/hook/pkg_config_path_multiarch.dsv'
[1.820s] INFO:colcon.colcon_core.shell:Creating environment hook '/workspace/install/cyclonedds/share/cyclonedds/hook/pkg_config_path_multiarch.sh'
[1.823s] Level 1:colcon.colcon_core.environment:create_environment_scripts_only(cyclonedds)
[1.831s] Level 1:colcon.colcon_core.environment:checking '/workspace/install/cyclonedds' for CMake module files
[1.832s] Level 1:colcon.colcon_core.environment:checking '/workspace/install/cyclonedds' for CMake config files
[1.836s] Level 1:colcon.colcon_core.shell:create_environment_hook('cyclonedds', 'cmake_prefix_path')
[1.837s] INFO:colcon.colcon_core.shell:Creating environment hook '/workspace/install/cyclonedds/share/cyclonedds/hook/cmake_prefix_path.ps1'
[1.839s] INFO:colcon.colcon_core.shell:Creating environment descriptor '/workspace/install/cyclonedds/share/cyclonedds/hook/cmake_prefix_path.dsv'
[1.840s] INFO:colcon.colcon_core.shell:Creating environment hook '/workspace/install/cyclonedds/share/cyclonedds/hook/cmake_prefix_path.sh'
[1.842s] Level 1:colcon.colcon_core.environment:checking '/workspace/install/cyclonedds/lib'
[1.843s] Level 1:colcon.colcon_core.shell:create_environment_hook('cyclonedds', 'ld_library_path_lib')
[1.844s] INFO:colcon.colcon_core.shell:Creating environment hook '/workspace/install/cyclonedds/share/cyclonedds/hook/ld_library_path_lib.ps1'
[1.845s] INFO:colcon.colcon_core.shell:Creating environment descriptor '/workspace/install/cyclonedds/share/cyclonedds/hook/ld_library_path_lib.dsv'
[1.847s] INFO:colcon.colcon_core.shell:Creating environment hook '/workspace/install/cyclonedds/share/cyclonedds/hook/ld_library_path_lib.sh'
[1.849s] Level 1:colcon.colcon_core.environment:checking '/workspace/install/cyclonedds/bin'
[1.849s] Level 1:colcon.colcon_core.shell:create_environment_hook('cyclonedds', 'path')
[1.850s] INFO:colcon.colcon_core.shell:Creating environment hook '/workspace/install/cyclonedds/share/cyclonedds/hook/path.ps1'
[1.852s] INFO:colcon.colcon_core.shell:Creating environment descriptor '/workspace/install/cyclonedds/share/cyclonedds/hook/path.dsv'
[1.856s] INFO:colcon.colcon_core.shell:Creating environment hook '/workspace/install/cyclonedds/share/cyclonedds/hook/path.sh'
[1.859s] Level 1:colcon.colcon_core.environment:checking '/workspace/install/cyclonedds/lib/pkgconfig/cyclonedds.pc'
[1.860s] Level 1:colcon.colcon_core.environment:checking '/workspace/install/cyclonedds/lib/python3.10/site-packages'
[1.860s] Level 1:colcon.colcon_core.environment:checking '/workspace/install/cyclonedds/bin'
[1.861s] Level 1:colcon.colcon_core.shell:create_environment_hook('cyclonedds', 'pythonscriptspath')
[1.861s] INFO:colcon.colcon_core.shell:Creating environment hook '/workspace/install/cyclonedds/share/cyclonedds/hook/pythonscriptspath.ps1'
[1.864s] INFO:colcon.colcon_core.shell:Creating environment descriptor '/workspace/install/cyclonedds/share/cyclonedds/hook/pythonscriptspath.dsv'
[1.866s] INFO:colcon.colcon_core.shell:Creating environment hook '/workspace/install/cyclonedds/share/cyclonedds/hook/pythonscriptspath.sh'
[1.871s] INFO:colcon.colcon_core.shell:Creating package script '/workspace/install/cyclonedds/share/cyclonedds/package.ps1'
[1.913s] INFO:colcon.colcon_core.shell:Creating package descriptor '/workspace/install/cyclonedds/share/cyclonedds/package.dsv'
[1.915s] INFO:colcon.colcon_core.shell:Creating package script '/workspace/install/cyclonedds/share/cyclonedds/package.sh'
[1.918s] INFO:colcon.colcon_core.shell:Creating package script '/workspace/install/cyclonedds/share/cyclonedds/package.bash'
[1.919s] INFO:colcon.colcon_core.shell:Creating package script '/workspace/install/cyclonedds/share/cyclonedds/package.zsh'
[1.921s] Level 1:colcon.colcon_core.environment:create_file_with_runtime_dependencies(/workspace/install/cyclonedds/share/colcon-core/packages/cyclonedds)
[1.922s] INFO:colcon.colcon_core.task.python.build:Building Python package in '/workspace/sdk/unitree_sdk2_python'
[1.922s] INFO:colcon.colcon_core.shell:Skip shell extension 'powershell' for command environment: Not usable outside of PowerShell
[1.923s] DEBUG:colcon.colcon_core.shell:Skip shell extension 'dsv' for command environment
[1.940s] Level 1:colcon.colcon_core.environment:create_environment_scripts_only(explore_lite_msgs)
[1.940s] Level 1:colcon.colcon_core.environment:checking '/workspace/install/explore_lite_msgs' for CMake module files
[1.943s] Level 1:colcon.colcon_core.environment:checking '/workspace/install/explore_lite_msgs' for CMake config files
[1.946s] Level 1:colcon.colcon_core.shell:create_environment_hook('explore_lite_msgs', 'cmake_prefix_path')
[1.947s] INFO:colcon.colcon_core.shell:Creating environment hook '/workspace/install/explore_lite_msgs/share/explore_lite_msgs/hook/cmake_prefix_path.ps1'
[1.948s] DEBUG:colcon.colcon_core.event_handler.log_command:Invoked command in '/workspace/build/cyclonedds' returned '0': CMAKE_PREFIX_PATH=${CMAKE_PREFIX_PATH}:/workspace/install/go2_vision:/workspace/install/go2_nav:/opt/ros/humble /usr/bin/cmake --install /workspace/build/cyclonedds
[1.949s] INFO:colcon.colcon_core.shell:Creating environment descriptor '/workspace/install/explore_lite_msgs/share/explore_lite_msgs/hook/cmake_prefix_path.dsv'
[1.950s] INFO:colcon.colcon_core.shell:Creating environment hook '/workspace/install/explore_lite_msgs/share/explore_lite_msgs/hook/cmake_prefix_path.sh'
[1.951s] Level 1:colcon.colcon_core.environment:checking '/workspace/install/explore_lite_msgs/lib'
[1.952s] Level 1:colcon.colcon_core.shell:create_environment_hook('explore_lite_msgs', 'ld_library_path_lib')
[1.952s] INFO:colcon.colcon_core.shell:Creating environment hook '/workspace/install/explore_lite_msgs/share/explore_lite_msgs/hook/ld_library_path_lib.ps1'
[1.953s] INFO:colcon.colcon_core.shell:Creating environment descriptor '/workspace/install/explore_lite_msgs/share/explore_lite_msgs/hook/ld_library_path_lib.dsv'
[1.954s] INFO:colcon.colcon_core.shell:Creating environment hook '/workspace/install/explore_lite_msgs/share/explore_lite_msgs/hook/ld_library_path_lib.sh'
[1.955s] Level 1:colcon.colcon_core.environment:checking '/workspace/install/explore_lite_msgs/bin'
[1.955s] Level 1:colcon.colcon_core.environment:checking '/workspace/install/explore_lite_msgs/lib/pkgconfig/explore_lite_msgs.pc'
[1.956s] Level 1:colcon.colcon_core.environment:checking '/workspace/install/explore_lite_msgs/lib/python3.10/site-packages'
[1.956s] Level 1:colcon.colcon_core.environment:checking '/workspace/install/explore_lite_msgs/bin'
[1.957s] INFO:colcon.colcon_core.shell:Creating package script '/workspace/install/explore_lite_msgs/share/explore_lite_msgs/package.ps1'
[1.959s] INFO:colcon.colcon_core.shell:Creating package descriptor '/workspace/install/explore_lite_msgs/share/explore_lite_msgs/package.dsv'
[1.960s] INFO:colcon.colcon_core.shell:Creating package script '/workspace/install/explore_lite_msgs/share/explore_lite_msgs/package.sh'
[1.961s] INFO:colcon.colcon_core.shell:Creating package script '/workspace/install/explore_lite_msgs/share/explore_lite_msgs/package.bash'
[1.962s] INFO:colcon.colcon_core.shell:Creating package script '/workspace/install/explore_lite_msgs/share/explore_lite_msgs/package.zsh'
[1.963s] Level 1:colcon.colcon_core.environment:create_file_with_runtime_dependencies(/workspace/install/explore_lite_msgs/share/colcon-core/packages/explore_lite_msgs)
[1.965s] Level 1:colcon.colcon_core.environment:create_environment_scripts_only(explore_lite_msgs)
[1.965s] Level 1:colcon.colcon_core.environment:checking '/workspace/install/explore_lite_msgs' for CMake module files
[1.968s] Level 1:colcon.colcon_core.environment:checking '/workspace/install/explore_lite_msgs' for CMake config files
[1.969s] DEBUG:colcon.colcon_core.event_handler.log_command:Invoked command in '/workspace/build/explore_lite_msgs' returned '0': CMAKE_PREFIX_PATH=${CMAKE_PREFIX_PATH}:/workspace/install/go2_vision:/workspace/install/go2_nav:/opt/ros/humble /usr/bin/cmake --install /workspace/build/explore_lite_msgs
[1.970s] Level 1:colcon.colcon_core.shell:create_environment_hook('explore_lite_msgs', 'cmake_prefix_path')
[1.970s] INFO:colcon.colcon_core.shell:Creating environment hook '/workspace/install/explore_lite_msgs/share/explore_lite_msgs/hook/cmake_prefix_path.ps1'
[1.971s] INFO:colcon.colcon_core.shell:Creating environment descriptor '/workspace/install/explore_lite_msgs/share/explore_lite_msgs/hook/cmake_prefix_path.dsv'
[1.972s] INFO:colcon.colcon_core.shell:Creating environment hook '/workspace/install/explore_lite_msgs/share/explore_lite_msgs/hook/cmake_prefix_path.sh'
[1.973s] Level 1:colcon.colcon_core.environment:checking '/workspace/install/explore_lite_msgs/lib'
[1.973s] Level 1:colcon.colcon_core.shell:create_environment_hook('explore_lite_msgs', 'ld_library_path_lib')
[1.973s] INFO:colcon.colcon_core.shell:Creating environment hook '/workspace/install/explore_lite_msgs/share/explore_lite_msgs/hook/ld_library_path_lib.ps1'
[1.974s] INFO:colcon.colcon_core.shell:Creating environment descriptor '/workspace/install/explore_lite_msgs/share/explore_lite_msgs/hook/ld_library_path_lib.dsv'
[1.974s] INFO:colcon.colcon_core.shell:Creating environment hook '/workspace/install/explore_lite_msgs/share/explore_lite_msgs/hook/ld_library_path_lib.sh'
[1.975s] Level 1:colcon.colcon_core.environment:checking '/workspace/install/explore_lite_msgs/bin'
[1.975s] Level 1:colcon.colcon_core.environment:checking '/workspace/install/explore_lite_msgs/lib/pkgconfig/explore_lite_msgs.pc'
[1.976s] Level 1:colcon.colcon_core.environment:checking '/workspace/install/explore_lite_msgs/lib/python3.10/site-packages'
[1.976s] Level 1:colcon.colcon_core.environment:checking '/workspace/install/explore_lite_msgs/bin'
[1.977s] INFO:colcon.colcon_core.shell:Creating package script '/workspace/install/explore_lite_msgs/share/explore_lite_msgs/package.ps1'
[1.979s] INFO:colcon.colcon_core.shell:Creating package descriptor '/workspace/install/explore_lite_msgs/share/explore_lite_msgs/package.dsv'
[1.979s] INFO:colcon.colcon_core.shell:Creating package script '/workspace/install/explore_lite_msgs/share/explore_lite_msgs/package.sh'
[1.980s] INFO:colcon.colcon_core.shell:Creating package script '/workspace/install/explore_lite_msgs/share/explore_lite_msgs/package.bash'
[1.981s] INFO:colcon.colcon_core.shell:Creating package script '/workspace/install/explore_lite_msgs/share/explore_lite_msgs/package.zsh'
[1.982s] Level 1:colcon.colcon_core.environment:create_file_with_runtime_dependencies(/workspace/install/explore_lite_msgs/share/colcon-core/packages/explore_lite_msgs)
[1.984s] INFO:colcon.colcon_ros.task.ament_cmake.build:Building ROS package in '/workspace/src/m-explore-ros2/explore' with build type 'ament_cmake'
[1.984s] INFO:colcon.colcon_cmake.task.cmake.build:Building CMake package in '/workspace/src/m-explore-ros2/explore'
[1.984s] INFO:colcon.colcon_core.shell:Skip shell extension 'powershell' for command environment: Not usable outside of PowerShell
[1.985s] DEBUG:colcon.colcon_core.shell:Skip shell extension 'dsv' for command environment
[1.991s] DEBUG:colcon.colcon_core.event_handler.log_command:Invoked command in '/workspace/build/multirobot_map_merge' returned '0': CMAKE_PREFIX_PATH=${CMAKE_PREFIX_PATH}:/workspace/install/go2_vision:/workspace/install/go2_nav:/opt/ros/humble /usr/bin/cmake --build /workspace/build/multirobot_map_merge -- -j8 -l8
[1.993s] DEBUG:colcon.colcon_core.event_handler.log_command:Invoking command in '/workspace/build/multirobot_map_merge': CMAKE_PREFIX_PATH=${CMAKE_PREFIX_PATH}:/workspace/install/go2_vision:/workspace/install/go2_nav:/opt/ros/humble /usr/bin/cmake --install /workspace/build/multirobot_map_merge
[2.388s] DEBUG:colcon.colcon_core.task.python.build:Available setuptools commands: test, develop, bdist, build_clib, clean, install_egg_info, install_headers, bdist_egg, build_ext, install, dist_info, saveopts, upload_docs, rotate, install_scripts, upload, register, bdist_dumb, easy_install, build_scripts, bdist_rpm, sdist, alias, setopt, install_data, egg_info, build, install_lib, symlink_data, bdist_wheel, build_py, check
[2.389s] DEBUG:colcon.colcon_core.event_handler.log_command:Invoking command in '/workspace/build/explore_lite': CMAKE_PREFIX_PATH=/workspace/install/explore_lite_msgs:/workspace/install/multirobot_map_merge:/workspace/install/explore_lite:/workspace/install/cyclonedds:/workspace/install/go2_vision:/workspace/install/go2_nav:/opt/ros/humble LD_LIBRARY_PATH=/workspace/install/explore_lite_msgs/lib:/workspace/install/multirobot_map_merge/lib:/workspace/install/cyclonedds/lib:/opt/ros/humble/opt/rviz_ogre_vendor/lib:/opt/ros/humble/lib/aarch64-linux-gnu:/opt/ros/humble/lib /usr/bin/cmake --build /workspace/build/explore_lite -- -j8 -l8
[2.391s] DEBUG:colcon.colcon_core.task.python.build:Available setuptools commands: test, develop, bdist, build_clib, clean, install_egg_info, install_headers, bdist_egg, build_ext, install, dist_info, saveopts, upload_docs, rotate, install_scripts, upload, register, bdist_dumb, easy_install, build_scripts, bdist_rpm, sdist, alias, setopt, install_data, egg_info, build, install_lib, symlink_data, bdist_wheel, build_py, check
[2.392s] DEBUG:colcon.colcon_core.event_handler.log_command:Invoking command in '/workspace/src/go2_nav': PYTHONPATH=/workspace/build/go2_nav/prefix_override:/usr/lib/python3/dist-packages/colcon_core/task/python/colcon_distutils_commands:/workspace/install/go2_nav/lib/python3.10/site-packages:${PYTHONPATH} /usr/bin/python3 -W ignore:setup.py install is deprecated -W ignore:easy_install command is deprecated setup.py egg_info --egg-base ../../build/go2_nav build --build-base /workspace/build/go2_nav/build install --record /workspace/build/go2_nav/install.log --install-scripts $base/lib/go2_nav --single-version-externally-managed install_data
[2.395s] Level 1:colcon.colcon_core.environment:create_environment_scripts_only(multirobot_map_merge)
[2.396s] Level 1:colcon.colcon_core.environment:checking '/workspace/install/multirobot_map_merge' for CMake module files
[2.397s] DEBUG:colcon.colcon_core.event_handler.log_command:Invoking command in '/workspace/src/go2_vision': PYTHONPATH=/workspace/build/go2_vision/prefix_override:/usr/lib/python3/dist-packages/colcon_core/task/python/colcon_distutils_commands:/workspace/install/go2_vision/lib/python3.10/site-packages:${PYTHONPATH} /usr/bin/python3 -W ignore:setup.py install is deprecated -W ignore:easy_install command is deprecated setup.py egg_info --egg-base ../../build/go2_vision build --build-base /workspace/build/go2_vision/build install --record /workspace/build/go2_vision/install.log --install-scripts $base/lib/go2_vision --single-version-externally-managed install_data
[2.397s] DEBUG:colcon.colcon_core.event_handler.log_command:Invoked command in '/workspace/build/multirobot_map_merge' returned '0': CMAKE_PREFIX_PATH=${CMAKE_PREFIX_PATH}:/workspace/install/go2_vision:/workspace/install/go2_nav:/opt/ros/humble /usr/bin/cmake --install /workspace/build/multirobot_map_merge
[2.398s] Level 1:colcon.colcon_core.environment:checking '/workspace/install/multirobot_map_merge' for CMake config files
[2.399s] Level 1:colcon.colcon_core.shell:create_environment_hook('multirobot_map_merge', 'cmake_prefix_path')
[2.399s] INFO:colcon.colcon_core.shell:Creating environment hook '/workspace/install/multirobot_map_merge/share/multirobot_map_merge/hook/cmake_prefix_path.ps1'
[2.400s] INFO:colcon.colcon_core.shell:Creating environment descriptor '/workspace/install/multirobot_map_merge/share/multirobot_map_merge/hook/cmake_prefix_path.dsv'
[2.401s] INFO:colcon.colcon_core.shell:Creating environment hook '/workspace/install/multirobot_map_merge/share/multirobot_map_merge/hook/cmake_prefix_path.sh'
[2.402s] Level 1:colcon.colcon_core.environment:checking '/workspace/install/multirobot_map_merge/lib'
[2.402s] Level 1:colcon.colcon_core.environment:checking '/workspace/install/multirobot_map_merge/bin'
[2.403s] Level 1:colcon.colcon_core.environment:checking '/workspace/install/multirobot_map_merge/lib/pkgconfig/multirobot_map_merge.pc'
[2.403s] Level 1:colcon.colcon_core.environment:checking '/workspace/install/multirobot_map_merge/lib/python3.10/site-packages'
[2.403s] Level 1:colcon.colcon_core.environment:checking '/workspace/install/multirobot_map_merge/bin'
[2.404s] INFO:colcon.colcon_core.shell:Creating package script '/workspace/install/multirobot_map_merge/share/multirobot_map_merge/package.ps1'
[2.405s] INFO:colcon.colcon_core.shell:Creating package descriptor '/workspace/install/multirobot_map_merge/share/multirobot_map_merge/package.dsv'
[2.406s] INFO:colcon.colcon_core.shell:Creating package script '/workspace/install/multirobot_map_merge/share/multirobot_map_merge/package.sh'
[2.407s] INFO:colcon.colcon_core.shell:Creating package script '/workspace/install/multirobot_map_merge/share/multirobot_map_merge/package.bash'
[2.408s] INFO:colcon.colcon_core.shell:Creating package script '/workspace/install/multirobot_map_merge/share/multirobot_map_merge/package.zsh'
[2.408s] Level 1:colcon.colcon_core.environment:create_file_with_runtime_dependencies(/workspace/install/multirobot_map_merge/share/colcon-core/packages/multirobot_map_merge)
[2.409s] Level 1:colcon.colcon_core.environment:create_environment_scripts_only(multirobot_map_merge)
[2.410s] Level 1:colcon.colcon_core.environment:checking '/workspace/install/multirobot_map_merge' for CMake module files
[2.411s] Level 1:colcon.colcon_core.environment:checking '/workspace/install/multirobot_map_merge' for CMake config files
[2.411s] Level 1:colcon.colcon_core.shell:create_environment_hook('multirobot_map_merge', 'cmake_prefix_path')
[2.412s] INFO:colcon.colcon_core.shell:Creating environment hook '/workspace/install/multirobot_map_merge/share/multirobot_map_merge/hook/cmake_prefix_path.ps1'
[2.412s] INFO:colcon.colcon_core.shell:Creating environment descriptor '/workspace/install/multirobot_map_merge/share/multirobot_map_merge/hook/cmake_prefix_path.dsv'
[2.413s] INFO:colcon.colcon_core.shell:Creating environment hook '/workspace/install/multirobot_map_merge/share/multirobot_map_merge/hook/cmake_prefix_path.sh'
[2.415s] Level 1:colcon.colcon_core.environment:checking '/workspace/install/multirobot_map_merge/lib'
[2.415s] Level 1:colcon.colcon_core.environment:checking '/workspace/install/multirobot_map_merge/bin'
[2.415s] Level 1:colcon.colcon_core.environment:checking '/workspace/install/multirobot_map_merge/lib/pkgconfig/multirobot_map_merge.pc'
[2.415s] Level 1:colcon.colcon_core.environment:checking '/workspace/install/multirobot_map_merge/lib/python3.10/site-packages'
[2.416s] Level 1:colcon.colcon_core.environment:checking '/workspace/install/multirobot_map_merge/bin'
[2.417s] INFO:colcon.colcon_core.shell:Creating package script '/workspace/install/multirobot_map_merge/share/multirobot_map_merge/package.ps1'
[2.418s] INFO:colcon.colcon_core.shell:Creating package descriptor '/workspace/install/multirobot_map_merge/share/multirobot_map_merge/package.dsv'
[2.419s] INFO:colcon.colcon_core.shell:Creating package script '/workspace/install/multirobot_map_merge/share/multirobot_map_merge/package.sh'
[2.420s] INFO:colcon.colcon_core.shell:Creating package script '/workspace/install/multirobot_map_merge/share/multirobot_map_merge/package.bash'
[2.421s] INFO:colcon.colcon_core.shell:Creating package script '/workspace/install/multirobot_map_merge/share/multirobot_map_merge/package.zsh'
[2.422s] Level 1:colcon.colcon_core.environment:create_file_with_runtime_dependencies(/workspace/install/multirobot_map_merge/share/colcon-core/packages/multirobot_map_merge)
[2.538s] DEBUG:colcon.colcon_core.event_handler.log_command:Invoked command in '/workspace/build/explore_lite' returned '0': CMAKE_PREFIX_PATH=/workspace/install/explore_lite_msgs:/workspace/install/multirobot_map_merge:/workspace/install/explore_lite:/workspace/install/cyclonedds:/workspace/install/go2_vision:/workspace/install/go2_nav:/opt/ros/humble LD_LIBRARY_PATH=/workspace/install/explore_lite_msgs/lib:/workspace/install/multirobot_map_merge/lib:/workspace/install/cyclonedds/lib:/opt/ros/humble/opt/rviz_ogre_vendor/lib:/opt/ros/humble/lib/aarch64-linux-gnu:/opt/ros/humble/lib /usr/bin/cmake --build /workspace/build/explore_lite -- -j8 -l8
[2.541s] DEBUG:colcon.colcon_core.event_handler.log_command:Invoking command in '/workspace/build/explore_lite': CMAKE_PREFIX_PATH=/workspace/install/explore_lite_msgs:/workspace/install/multirobot_map_merge:/workspace/install/explore_lite:/workspace/install/cyclonedds:/workspace/install/go2_vision:/workspace/install/go2_nav:/opt/ros/humble LD_LIBRARY_PATH=/workspace/install/explore_lite_msgs/lib:/workspace/install/multirobot_map_merge/lib:/workspace/install/cyclonedds/lib:/opt/ros/humble/opt/rviz_ogre_vendor/lib:/opt/ros/humble/lib/aarch64-linux-gnu:/opt/ros/humble/lib /usr/bin/cmake --install /workspace/build/explore_lite
[2.559s] Level 1:colcon.colcon_core.environment:create_environment_scripts_only(explore_lite)
[2.560s] Level 1:colcon.colcon_core.environment:checking '/workspace/install/explore_lite' for CMake module files
[2.561s] Level 1:colcon.colcon_core.environment:checking '/workspace/install/explore_lite' for CMake config files
[2.561s] Level 1:colcon.colcon_core.shell:create_environment_hook('explore_lite', 'cmake_prefix_path')
[2.562s] INFO:colcon.colcon_core.shell:Creating environment hook '/workspace/install/explore_lite/share/explore_lite/hook/cmake_prefix_path.ps1'
[2.563s] DEBUG:colcon.colcon_core.event_handler.log_command:Invoked command in '/workspace/build/explore_lite' returned '0': CMAKE_PREFIX_PATH=/workspace/install/explore_lite_msgs:/workspace/install/multirobot_map_merge:/workspace/install/explore_lite:/workspace/install/cyclonedds:/workspace/install/go2_vision:/workspace/install/go2_nav:/opt/ros/humble LD_LIBRARY_PATH=/workspace/install/explore_lite_msgs/lib:/workspace/install/multirobot_map_merge/lib:/workspace/install/cyclonedds/lib:/opt/ros/humble/opt/rviz_ogre_vendor/lib:/opt/ros/humble/lib/aarch64-linux-gnu:/opt/ros/humble/lib /usr/bin/cmake --install /workspace/build/explore_lite
[2.564s] INFO:colcon.colcon_core.shell:Creating environment descriptor '/workspace/install/explore_lite/share/explore_lite/hook/cmake_prefix_path.dsv'
[2.564s] INFO:colcon.colcon_core.shell:Creating environment hook '/workspace/install/explore_lite/share/explore_lite/hook/cmake_prefix_path.sh'
[2.566s] Level 1:colcon.colcon_core.environment:checking '/workspace/install/explore_lite/lib'
[2.566s] Level 1:colcon.colcon_core.environment:checking '/workspace/install/explore_lite/bin'
[2.566s] Level 1:colcon.colcon_core.environment:checking '/workspace/install/explore_lite/lib/pkgconfig/explore_lite.pc'
[2.566s] Level 1:colcon.colcon_core.environment:checking '/workspace/install/explore_lite/lib/python3.10/site-packages'
[2.567s] Level 1:colcon.colcon_core.environment:checking '/workspace/install/explore_lite/bin'
[2.567s] INFO:colcon.colcon_core.shell:Creating package script '/workspace/install/explore_lite/share/explore_lite/package.ps1'
[2.569s] INFO:colcon.colcon_core.shell:Creating package descriptor '/workspace/install/explore_lite/share/explore_lite/package.dsv'
[2.569s] INFO:colcon.colcon_core.shell:Creating package script '/workspace/install/explore_lite/share/explore_lite/package.sh'
[2.570s] INFO:colcon.colcon_core.shell:Creating package script '/workspace/install/explore_lite/share/explore_lite/package.bash'
[2.571s] INFO:colcon.colcon_core.shell:Creating package script '/workspace/install/explore_lite/share/explore_lite/package.zsh'
[2.572s] Level 1:colcon.colcon_core.environment:create_file_with_runtime_dependencies(/workspace/install/explore_lite/share/colcon-core/packages/explore_lite)
[2.573s] Level 1:colcon.colcon_core.environment:create_environment_scripts_only(explore_lite)
[2.573s] Level 1:colcon.colcon_core.environment:checking '/workspace/install/explore_lite' for CMake module files
[2.574s] Level 1:colcon.colcon_core.environment:checking '/workspace/install/explore_lite' for CMake config files
[2.574s] Level 1:colcon.colcon_core.shell:create_environment_hook('explore_lite', 'cmake_prefix_path')
[2.575s] INFO:colcon.colcon_core.shell:Creating environment hook '/workspace/install/explore_lite/share/explore_lite/hook/cmake_prefix_path.ps1'
[2.576s] INFO:colcon.colcon_core.shell:Creating environment descriptor '/workspace/install/explore_lite/share/explore_lite/hook/cmake_prefix_path.dsv'
[2.576s] INFO:colcon.colcon_core.shell:Creating environment hook '/workspace/install/explore_lite/share/explore_lite/hook/cmake_prefix_path.sh'
[2.577s] Level 1:colcon.colcon_core.environment:checking '/workspace/install/explore_lite/lib'
[2.577s] Level 1:colcon.colcon_core.environment:checking '/workspace/install/explore_lite/bin'
[2.577s] Level 1:colcon.colcon_core.environment:checking '/workspace/install/explore_lite/lib/pkgconfig/explore_lite.pc'
[2.578s] Level 1:colcon.colcon_core.environment:checking '/workspace/install/explore_lite/lib/python3.10/site-packages'
[2.578s] Level 1:colcon.colcon_core.environment:checking '/workspace/install/explore_lite/bin'
[2.579s] INFO:colcon.colcon_core.shell:Creating package script '/workspace/install/explore_lite/share/explore_lite/package.ps1'
[2.580s] INFO:colcon.colcon_core.shell:Creating package descriptor '/workspace/install/explore_lite/share/explore_lite/package.dsv'
[2.581s] INFO:colcon.colcon_core.shell:Creating package script '/workspace/install/explore_lite/share/explore_lite/package.sh'
[2.582s] INFO:colcon.colcon_core.shell:Creating package script '/workspace/install/explore_lite/share/explore_lite/package.bash'
[2.583s] INFO:colcon.colcon_core.shell:Creating package script '/workspace/install/explore_lite/share/explore_lite/package.zsh'
[2.583s] Level 1:colcon.colcon_core.environment:create_file_with_runtime_dependencies(/workspace/install/explore_lite/share/colcon-core/packages/explore_lite)
[2.865s] Level 1:colcon.colcon_core.environment:checking '/workspace/install/go2_nav' for CMake module files
[2.866s] DEBUG:colcon.colcon_core.event_handler.log_command:Invoked command in '/workspace/src/go2_nav' returned '0': PYTHONPATH=/workspace/build/go2_nav/prefix_override:/usr/lib/python3/dist-packages/colcon_core/task/python/colcon_distutils_commands:/workspace/install/go2_nav/lib/python3.10/site-packages:${PYTHONPATH} /usr/bin/python3 -W ignore:setup.py install is deprecated -W ignore:easy_install command is deprecated setup.py egg_info --egg-base ../../build/go2_nav build --build-base /workspace/build/go2_nav/build install --record /workspace/build/go2_nav/install.log --install-scripts $base/lib/go2_nav --single-version-externally-managed install_data
[2.867s] Level 1:colcon.colcon_core.environment:checking '/workspace/install/go2_nav' for CMake config files
[2.869s] Level 1:colcon.colcon_core.environment:checking '/workspace/install/go2_nav/lib'
[2.869s] Level 1:colcon.colcon_core.environment:checking '/workspace/install/go2_nav/bin'
[2.869s] Level 1:colcon.colcon_core.environment:checking '/workspace/install/go2_nav/lib/pkgconfig/go2_nav.pc'
[2.870s] Level 1:colcon.colcon_core.environment:checking '/workspace/install/go2_nav/lib/python3.10/site-packages'
[2.870s] Level 1:colcon.colcon_core.shell:create_environment_hook('go2_nav', 'pythonpath')
[2.870s] INFO:colcon.colcon_core.shell:Creating environment hook '/workspace/install/go2_nav/share/go2_nav/hook/pythonpath.ps1'
[2.871s] INFO:colcon.colcon_core.shell:Creating environment descriptor '/workspace/install/go2_nav/share/go2_nav/hook/pythonpath.dsv'
[2.872s] INFO:colcon.colcon_core.shell:Creating environment hook '/workspace/install/go2_nav/share/go2_nav/hook/pythonpath.sh'
[2.873s] Level 1:colcon.colcon_core.environment:checking '/workspace/install/go2_nav/bin'
[2.873s] Level 1:colcon.colcon_core.environment:create_environment_scripts_only(go2_nav)
[2.874s] INFO:colcon.colcon_core.shell:Creating package script '/workspace/install/go2_nav/share/go2_nav/package.ps1'
[2.875s] INFO:colcon.colcon_core.shell:Creating package descriptor '/workspace/install/go2_nav/share/go2_nav/package.dsv'
[2.876s] INFO:colcon.colcon_core.shell:Creating package script '/workspace/install/go2_nav/share/go2_nav/package.sh'
[2.877s] INFO:colcon.colcon_core.shell:Creating package script '/workspace/install/go2_nav/share/go2_nav/package.bash'
[2.877s] INFO:colcon.colcon_core.shell:Creating package script '/workspace/install/go2_nav/share/go2_nav/package.zsh'
[2.878s] Level 1:colcon.colcon_core.environment:create_file_with_runtime_dependencies(/workspace/install/go2_nav/share/colcon-core/packages/go2_nav)
[2.881s] Level 1:colcon.colcon_core.environment:checking '/workspace/install/go2_vision' for CMake module files
[2.882s] Level 1:colcon.colcon_core.environment:checking '/workspace/install/go2_vision' for CMake config files
[2.883s] DEBUG:colcon.colcon_core.event_handler.log_command:Invoked command in '/workspace/src/go2_vision' returned '0': PYTHONPATH=/workspace/build/go2_vision/prefix_override:/usr/lib/python3/dist-packages/colcon_core/task/python/colcon_distutils_commands:/workspace/install/go2_vision/lib/python3.10/site-packages:${PYTHONPATH} /usr/bin/python3 -W ignore:setup.py install is deprecated -W ignore:easy_install command is deprecated setup.py egg_info --egg-base ../../build/go2_vision build --build-base /workspace/build/go2_vision/build install --record /workspace/build/go2_vision/install.log --install-scripts $base/lib/go2_vision --single-version-externally-managed install_data
[2.884s] Level 1:colcon.colcon_core.environment:checking '/workspace/install/go2_vision/lib'
[2.884s] Level 1:colcon.colcon_core.environment:checking '/workspace/install/go2_vision/bin'
[2.884s] Level 1:colcon.colcon_core.environment:checking '/workspace/install/go2_vision/lib/pkgconfig/go2_vision.pc'
[2.885s] Level 1:colcon.colcon_core.environment:checking '/workspace/install/go2_vision/lib/python3.10/site-packages'
[2.885s] Level 1:colcon.colcon_core.shell:create_environment_hook('go2_vision', 'pythonpath')
[2.885s] INFO:colcon.colcon_core.shell:Creating environment hook '/workspace/install/go2_vision/share/go2_vision/hook/pythonpath.ps1'
[2.886s] INFO:colcon.colcon_core.shell:Creating environment descriptor '/workspace/install/go2_vision/share/go2_vision/hook/pythonpath.dsv'
[2.887s] INFO:colcon.colcon_core.shell:Creating environment hook '/workspace/install/go2_vision/share/go2_vision/hook/pythonpath.sh'
[2.889s] Level 1:colcon.colcon_core.environment:checking '/workspace/install/go2_vision/bin'
[2.889s] Level 1:colcon.colcon_core.environment:create_environment_scripts_only(go2_vision)
[2.889s] INFO:colcon.colcon_core.shell:Creating package script '/workspace/install/go2_vision/share/go2_vision/package.ps1'
[2.891s] INFO:colcon.colcon_core.shell:Creating package descriptor '/workspace/install/go2_vision/share/go2_vision/package.dsv'
[2.892s] INFO:colcon.colcon_core.shell:Creating package script '/workspace/install/go2_vision/share/go2_vision/package.sh'
[2.892s] INFO:colcon.colcon_core.shell:Creating package script '/workspace/install/go2_vision/share/go2_vision/package.bash'
[2.893s] INFO:colcon.colcon_core.shell:Creating package script '/workspace/install/go2_vision/share/go2_vision/package.zsh'
[2.894s] Level 1:colcon.colcon_core.environment:create_file_with_runtime_dependencies(/workspace/install/go2_vision/share/colcon-core/packages/go2_vision)
[2.935s] DEBUG:colcon.colcon_core.task.python.build:Available setuptools commands: test, develop, bdist, build_clib, clean, install_egg_info, install_headers, bdist_egg, build_ext, install, dist_info, saveopts, upload_docs, rotate, install_scripts, upload, register, bdist_dumb, easy_install, build_scripts, bdist_rpm, sdist, alias, setopt, install_data, egg_info, build, install_lib, symlink_data, bdist_wheel, build_py, check
[2.939s] DEBUG:colcon.colcon_core.event_handler.log_command:Invoking command in '/workspace/sdk/unitree_sdk2_python': CMAKE_PREFIX_PATH=/workspace/install/cyclonedds:/workspace/install/multirobot_map_merge:/workspace/install/explore_lite:/workspace/install/explore_lite_msgs LD_LIBRARY_PATH=/workspace/install/cyclonedds/lib:/workspace/install/multirobot_map_merge/lib:/workspace/install/explore_lite_msgs/lib:/opt/ros/humble/opt/rviz_ogre_vendor/lib:/opt/ros/humble/lib/aarch64-linux-gnu:/opt/ros/humble/lib PYTHONPATH=/workspace/build/unitree_sdk2py/prefix_override:/usr/lib/python3/dist-packages/colcon_core/task/python/colcon_distutils_commands:/workspace/install/unitree_sdk2py/lib/python3.10/site-packages:${PYTHONPATH} /usr/bin/python3 -W ignore:setup.py install is deprecated -W ignore:easy_install command is deprecated setup.py egg_info --egg-base ../../build/unitree_sdk2py build --build-base /workspace/build/unitree_sdk2py/build install --record /workspace/build/unitree_sdk2py/install.log --single-version-externally-managed
[3.425s] Level 1:colcon.colcon_core.environment:checking '/workspace/install/unitree_sdk2py' for CMake module files
[3.426s] DEBUG:colcon.colcon_core.event_handler.log_command:Invoked command in '/workspace/sdk/unitree_sdk2_python' returned '0': CMAKE_PREFIX_PATH=/workspace/install/cyclonedds:/workspace/install/multirobot_map_merge:/workspace/install/explore_lite:/workspace/install/explore_lite_msgs LD_LIBRARY_PATH=/workspace/install/cyclonedds/lib:/workspace/install/multirobot_map_merge/lib:/workspace/install/explore_lite_msgs/lib:/opt/ros/humble/opt/rviz_ogre_vendor/lib:/opt/ros/humble/lib/aarch64-linux-gnu:/opt/ros/humble/lib PYTHONPATH=/workspace/build/unitree_sdk2py/prefix_override:/usr/lib/python3/dist-packages/colcon_core/task/python/colcon_distutils_commands:/workspace/install/unitree_sdk2py/lib/python3.10/site-packages:${PYTHONPATH} /usr/bin/python3 -W ignore:setup.py install is deprecated -W ignore:easy_install command is deprecated setup.py egg_info --egg-base ../../build/unitree_sdk2py build --build-base /workspace/build/unitree_sdk2py/build install --record /workspace/build/unitree_sdk2py/install.log --single-version-externally-managed
[3.427s] Level 1:colcon.colcon_core.environment:checking '/workspace/install/unitree_sdk2py' for CMake config files
[3.436s] Level 1:colcon.colcon_core.environment:checking '/workspace/install/unitree_sdk2py/lib'
[3.436s] Level 1:colcon.colcon_core.environment:checking '/workspace/install/unitree_sdk2py/bin'
[3.437s] Level 1:colcon.colcon_core.environment:checking '/workspace/install/unitree_sdk2py/lib/pkgconfig/unitree_sdk2py.pc'
[3.438s] Level 1:colcon.colcon_core.environment:checking '/workspace/install/unitree_sdk2py/lib/python3.10/site-packages'
[3.438s] Level 1:colcon.colcon_core.shell:create_environment_hook('unitree_sdk2py', 'pythonpath')
[3.439s] INFO:colcon.colcon_core.shell:Creating environment hook '/workspace/install/unitree_sdk2py/share/unitree_sdk2py/hook/pythonpath.ps1'
[3.441s] INFO:colcon.colcon_core.shell:Creating environment descriptor '/workspace/install/unitree_sdk2py/share/unitree_sdk2py/hook/pythonpath.dsv'
[3.442s] INFO:colcon.colcon_core.shell:Creating environment hook '/workspace/install/unitree_sdk2py/share/unitree_sdk2py/hook/pythonpath.sh'
[3.445s] Level 1:colcon.colcon_core.environment:checking '/workspace/install/unitree_sdk2py/bin'
[3.445s] Level 1:colcon.colcon_core.environment:create_environment_scripts_only(unitree_sdk2py)
[3.446s] INFO:colcon.colcon_core.shell:Creating package script '/workspace/install/unitree_sdk2py/share/unitree_sdk2py/package.ps1'
[3.448s] INFO:colcon.colcon_core.shell:Creating package descriptor '/workspace/install/unitree_sdk2py/share/unitree_sdk2py/package.dsv'
[3.450s] INFO:colcon.colcon_core.shell:Creating package script '/workspace/install/unitree_sdk2py/share/unitree_sdk2py/package.sh'
[3.451s] INFO:colcon.colcon_core.shell:Creating package script '/workspace/install/unitree_sdk2py/share/unitree_sdk2py/package.bash'
[3.453s] INFO:colcon.colcon_core.shell:Creating package script '/workspace/install/unitree_sdk2py/share/unitree_sdk2py/package.zsh'
[3.454s] Level 1:colcon.colcon_core.environment:create_file_with_runtime_dependencies(/workspace/install/unitree_sdk2py/share/colcon-core/packages/unitree_sdk2py)
[3.455s] DEBUG:colcon.colcon_parallel_executor.executor.parallel:closing loop
[3.456s] DEBUG:colcon.colcon_parallel_executor.executor.parallel:loop closed
[3.456s] DEBUG:colcon.colcon_parallel_executor.executor.parallel:run_until_complete finished with '0'
[3.456s] DEBUG:colcon.colcon_core.event_reactor:joining thread
[3.476s] INFO:colcon.colcon_core.plugin_system:Skipping extension 'colcon_notification.desktop_notification.notify_send': Could not find 'notify-send'
[3.477s] INFO:colcon.colcon_core.plugin_system:Skipping extension 'colcon_notification.desktop_notification.terminal_notifier': Not used on non-Darwin systems
[3.477s] INFO:colcon.colcon_core.plugin_system:Skipping extension 'colcon_notification.desktop_notification.win32': Not used on non-Windows systems
[3.477s] INFO:colcon.colcon_notification.desktop_notification:Sending desktop notification using 'notify2'
[3.477s] DEBUG:colcon.colcon_notification.desktop_notification.notify2:Failed to initialize notify2: org.freedesktop.DBus.Error.NotSupported: Unable to autolaunch a dbus-daemon without a $DISPLAY for X11
[3.478s] DEBUG:colcon.colcon_core.event_reactor:joined thread
[3.479s] INFO:colcon.colcon_core.shell:Creating prefix script '/workspace/install/local_setup.ps1'
[3.482s] INFO:colcon.colcon_core.shell:Creating prefix util module '/workspace/install/_local_setup_util_ps1.py'
[3.488s] INFO:colcon.colcon_core.shell:Creating prefix chain script '/workspace/install/setup.ps1'
[3.492s] INFO:colcon.colcon_core.shell:Creating prefix script '/workspace/install/local_setup.sh'
[3.494s] INFO:colcon.colcon_core.shell:Creating prefix util module '/workspace/install/_local_setup_util_sh.py'
[3.496s] INFO:colcon.colcon_core.shell:Creating prefix chain script '/workspace/install/setup.sh'
[3.499s] INFO:colcon.colcon_core.shell:Creating prefix script '/workspace/install/local_setup.bash'
[3.501s] INFO:colcon.colcon_core.shell:Creating prefix chain script '/workspace/install/setup.bash'
[3.503s] INFO:colcon.colcon_core.shell:Creating prefix script '/workspace/install/local_setup.zsh'
[3.505s] INFO:colcon.colcon_core.shell:Creating prefix chain script '/workspace/install/setup.zsh'
