[0.037s] Invoking command in '/workspace/build/explore_lite_msgs': CMAKE_PREFIX_PATH=/opt/ros/humble /usr/bin/cmake /workspace/src/m-explore-ros2/explore_lite_msgs -DCMAKE_INSTALL_PREFIX=/workspace/install/explore_lite_msgs
[1.079s] -- The C compiler identification is GNU 11.4.0
[1.079s] -- The CXX compiler identification is GNU 11.4.0
[1.080s] -- Detecting C compiler ABI info
[1.080s] -- Detecting C compiler ABI info - done
[1.080s] -- Check for working C compiler: /usr/bin/cc - skipped
[1.080s] -- Detecting C compile features
[1.080s] -- Detecting C compile features - done
[1.080s] -- Detecting CXX compiler ABI info
[1.080s] -- Detecting CXX compiler ABI info - done
[1.080s] -- Check for working CXX compiler: /usr/bin/c++ - skipped
[1.081s] -- Detecting CXX compile features
[1.081s] -- Detecting CXX compile features - done
[1.081s] -- Found ament_cmake: 1.3.14 (/opt/ros/humble/share/ament_cmake/cmake)
[1.081s] -- Found Python3: /usr/bin/python3 (found version "3.10.12") found components: Interpreter 
[1.081s] -- Found rosidl_default_generators: 1.2.1 (/opt/ros/humble/share/rosidl_default_generators/cmake)
[1.081s] -- Using all available rosidl_typesupport_c: rosidl_typesupport_fastrtps_c;rosidl_typesupport_introspection_c
[1.081s] -- Found rosidl_adapter: 3.1.8 (/opt/ros/humble/share/rosidl_adapter/cmake)
[1.081s] -- Using all available rosidl_typesupport_cpp: rosidl_typesupport_fastrtps_cpp;rosidl_typesupport_introspection_cpp
[1.300s] -- Found ament_cmake_ros: 0.10.0 (/opt/ros/humble/share/ament_cmake_ros/cmake)
[1.561s] -- Using all available rosidl_typesupport_c: rosidl_typesupport_fastrtps_c;rosidl_typesupport_introspection_c
[1.889s] -- Using all available rosidl_typesupport_cpp: rosidl_typesupport_fastrtps_cpp;rosidl_typesupport_introspection_cpp
[1.916s] -- Found PythonInterp: /usr/bin/python3 (found suitable version "3.10.12", minimum required is "3.6") 
[1.919s] -- Found python_cmake_module: 0.10.0 (/opt/ros/humble/share/python_cmake_module/cmake)
[1.949s] -- Found PythonLibs: /usr/lib/aarch64-linux-gnu/libpython3.10.so (found suitable version "3.10.12", minimum required is "3.5") 
[1.950s] -- Using PYTHON_EXECUTABLE: /usr/bin/python3
[1.950s] -- Using PYTHON_INCLUDE_DIRS: /usr/include/python3.10
[1.950s] -- Using PYTHON_LIBRARIES: /usr/lib/aarch64-linux-gnu/libpython3.10.so
[1.975s] -- Found PythonExtra: .so  
[2.121s] -- Configuring done
[2.169s] -- Generating done
[2.186s] -- Build files have been written to: /workspace/build/explore_lite_msgs
[2.204s] Invoked command in '/workspace/build/explore_lite_msgs' returned '0': CMAKE_PREFIX_PATH=/opt/ros/humble /usr/bin/cmake /workspace/src/m-explore-ros2/explore_lite_msgs -DCMAKE_INSTALL_PREFIX=/workspace/install/explore_lite_msgs
[2.208s] Invoking command in '/workspace/build/explore_lite_msgs': CMAKE_PREFIX_PATH=/opt/ros/humble /usr/bin/cmake --build /workspace/build/explore_lite_msgs -- -j8 -l8
[2.263s] [  3%] [34m[1mGenerating C code for ROS interfaces[0m
[2.277s] [  6%] [34m[1mGenerating C++ code for ROS interfaces[0m
[2.278s] [  9%] [34m[1mGenerating Rust code for ROS interfaces[0m
[2.291s] [  9%] Built target ament_cmake_python_copy_explore_lite_msgs
[2.608s] running egg_info
[2.609s] creating explore_lite_msgs.egg-info
[2.609s] writing explore_lite_msgs.egg-info/PKG-INFO
[2.609s] writing dependency_links to explore_lite_msgs.egg-info/dependency_links.txt
[2.610s] writing top-level names to explore_lite_msgs.egg-info/top_level.txt
[2.610s] writing manifest file 'explore_lite_msgs.egg-info/SOURCES.txt'
[2.613s] reading manifest file 'explore_lite_msgs.egg-info/SOURCES.txt'
[2.614s] writing manifest file 'explore_lite_msgs.egg-info/SOURCES.txt'
[2.683s] [  9%] Built target ament_cmake_python_build_explore_lite_msgs_egg
[2.721s] [  9%] Built target explore_lite_msgs__rs
[2.734s] [  9%] Built target explore_lite_msgs__cpp
[2.747s] [ 18%] [34m[1mGenerating C++ introspection for ROS interfaces[0m
[2.747s] [ 18%] [34m[1mGenerating C++ type support for eProsima Fast-RTPS[0m
[2.747s] [ 18%] [34m[1mGenerating C++ type support dispatch for ROS interfaces[0m
[2.761s] [ 21%] [32mBuilding C object CMakeFiles/explore_lite_msgs__rosidl_generator_c.dir/rosidl_generator_c/explore_lite_msgs/msg/detail/explore_status__functions.c.o[0m
[2.838s] [ 25%] [32m[1mLinking C shared library libexplore_lite_msgs__rosidl_generator_c.so[0m
[2.887s] [ 25%] Built target explore_lite_msgs__rosidl_generator_c
[2.901s] [ 34%] [34m[1mGenerating C introspection for ROS interfaces[0m
[2.901s] [ 34%] [34m[1mGenerating C type support for eProsima Fast-RTPS[0m
[2.901s] [ 34%] [34m[1mGenerating C type support dispatch for ROS interfaces[0m
[3.169s] [ 37%] [32mBuilding CXX object CMakeFiles/explore_lite_msgs__rosidl_typesupport_cpp.dir/rosidl_typesupport_cpp/explore_lite_msgs/msg/explore_status__type_support.cpp.o[0m
[3.193s] [ 40%] [32mBuilding CXX object CMakeFiles/explore_lite_msgs__rosidl_typesupport_introspection_cpp.dir/rosidl_typesupport_introspection_cpp/explore_lite_msgs/msg/detail/explore_status__type_support.cpp.o[0m
[3.208s] [ 43%] [32mBuilding CXX object CMakeFiles/explore_lite_msgs__rosidl_typesupport_fastrtps_cpp.dir/rosidl_typesupport_fastrtps_cpp/explore_lite_msgs/msg/detail/dds_fastrtps/explore_status__type_support.cpp.o[0m
[3.327s] [ 46%] [32mBuilding CXX object CMakeFiles/explore_lite_msgs__rosidl_typesupport_c.dir/rosidl_typesupport_c/explore_lite_msgs/msg/explore_status__type_support.cpp.o[0m
[3.366s] [ 53%] [32mBuilding C object CMakeFiles/explore_lite_msgs__rosidl_typesupport_introspection_c.dir/rosidl_typesupport_introspection_c/explore_lite_msgs/msg/detail/explore_status__type_support.c.o[0m
[3.366s] [ 53%] [32mBuilding CXX object CMakeFiles/explore_lite_msgs__rosidl_typesupport_fastrtps_c.dir/rosidl_typesupport_fastrtps_c/explore_lite_msgs/msg/detail/explore_status__type_support_c.cpp.o[0m
[3.375s] [ 56%] [32m[1mLinking CXX shared library libexplore_lite_msgs__rosidl_typesupport_c.so[0m
[3.422s] [ 59%] [32m[1mLinking C shared library libexplore_lite_msgs__rosidl_typesupport_introspection_c.so[0m
[3.433s] [ 59%] Built target explore_lite_msgs__rosidl_typesupport_c
[3.464s] [ 59%] Built target explore_lite_msgs__rosidl_typesupport_introspection_c
[3.644s] [ 62%] [32m[1mLinking CXX shared library libexplore_lite_msgs__rosidl_typesupport_cpp.so[0m
[3.700s] [ 62%] Built target explore_lite_msgs__rosidl_typesupport_cpp
[3.849s] [ 65%] [32m[1mLinking CXX shared library libexplore_lite_msgs__rosidl_typesupport_introspection_cpp.so[0m
[3.890s] [ 68%] [32m[1mLinking CXX shared library libexplore_lite_msgs__rosidl_typesupport_fastrtps_cpp.so[0m
[3.948s] [ 71%] [32m[1mLinking CXX shared library libexplore_lite_msgs__rosidl_typesupport_fastrtps_c.so[0m
[3.948s] [ 71%] Built target explore_lite_msgs__rosidl_typesupport_introspection_cpp
[4.020s] [ 71%] Built target explore_lite_msgs__rosidl_typesupport_fastrtps_cpp
[4.064s] [ 71%] Built target explore_lite_msgs__rosidl_typesupport_fastrtps_c
[4.095s] [ 71%] Built target explore_lite_msgs
[4.122s] [ 75%] [34m[1mGenerating Python code for ROS interfaces[0m
[4.668s] [ 75%] Built target explore_lite_msgs__py
[4.697s] [ 78%] [32mBuilding C object CMakeFiles/explore_lite_msgs__rosidl_generator_py.dir/rosidl_generator_py/explore_lite_msgs/msg/_explore_status_s.c.o[0m
[4.855s] [ 81%] [32m[1mLinking C shared library rosidl_generator_py/explore_lite_msgs/libexplore_lite_msgs__rosidl_generator_py.so[0m
[4.912s] [ 81%] Built target explore_lite_msgs__rosidl_generator_py
[4.940s] [ 90%] [32mBuilding C object CMakeFiles/explore_lite_msgs__rosidl_typesupport_fastrtps_c__pyext.dir/rosidl_generator_py/explore_lite_msgs/_explore_lite_msgs_s.ep.rosidl_typesupport_fastrtps_c.c.o[0m
[4.940s] [ 90%] [32mBuilding C object CMakeFiles/explore_lite_msgs__rosidl_typesupport_introspection_c__pyext.dir/rosidl_generator_py/explore_lite_msgs/_explore_lite_msgs_s.ep.rosidl_typesupport_introspection_c.c.o[0m
[4.940s] [ 90%] [32mBuilding C object CMakeFiles/explore_lite_msgs__rosidl_typesupport_c__pyext.dir/rosidl_generator_py/explore_lite_msgs/_explore_lite_msgs_s.ep.rosidl_typesupport_c.c.o[0m
[5.083s] [ 93%] [32m[1mLinking C shared library rosidl_generator_py/explore_lite_msgs/explore_lite_msgs_s__rosidl_typesupport_c.cpython-310-aarch64-linux-gnu.so[0m
[5.084s] [ 96%] [32m[1mLinking C shared library rosidl_generator_py/explore_lite_msgs/explore_lite_msgs_s__rosidl_typesupport_introspection_c.cpython-310-aarch64-linux-gnu.so[0m
[5.092s] [100%] [32m[1mLinking C shared library rosidl_generator_py/explore_lite_msgs/explore_lite_msgs_s__rosidl_typesupport_fastrtps_c.cpython-310-aarch64-linux-gnu.so[0m
[5.129s] [100%] Built target explore_lite_msgs__rosidl_typesupport_c__pyext
[5.129s] [100%] Built target explore_lite_msgs__rosidl_typesupport_introspection_c__pyext
[5.139s] [100%] Built target explore_lite_msgs__rosidl_typesupport_fastrtps_c__pyext
