[0.052s] Invoking command in '/workspace/build/explore_lite': AMENT_PREFIX_PATH=/workspace/install/explore_lite_msgs:${AMENT_PREFIX_PATH} CMAKE_PREFIX_PATH=/workspace/install/explore_lite_msgs:/opt/ros/humble LD_LIBRARY_PATH=/workspace/install/explore_lite_msgs/lib:${LD_LIBRARY_PATH} PYTHONPATH=/workspace/install/explore_lite_msgs/local/lib/python3.10/dist-packages:${PYTHONPATH} /usr/bin/cmake --build /workspace/build/explore_lite -- -j8 -l8
[0.115s] [35m[1mConsolidate compiler generated dependencies of target gtest_main[0m
[0.115s] [35m[1mConsolidate compiler generated dependencies of target gtest[0m
[0.119s] [35m[1mConsolidate compiler generated dependencies of target explore[0m
[0.139s] [ 30%] Built target gtest
[0.139s] [ 40%] Built target gtest_main
[0.156s] [35m[1mConsolidate compiler generated dependencies of target test_explore[0m
[0.165s] [ 80%] Built target explore
[0.177s] [100%] Built target test_explore
[0.195s] Invoked command in '/workspace/build/explore_lite' returned '0': AMENT_PREFIX_PATH=/workspace/install/explore_lite_msgs:${AMENT_PREFIX_PATH} CMAKE_PREFIX_PATH=/workspace/install/explore_lite_msgs:/opt/ros/humble LD_LIBRARY_PATH=/workspace/install/explore_lite_msgs/lib:${LD_LIBRARY_PATH} PYTHONPATH=/workspace/install/explore_lite_msgs/local/lib/python3.10/dist-packages:${PYTHONPATH} /usr/bin/cmake --build /workspace/build/explore_lite -- -j8 -l8
[0.197s] Invoking command in '/workspace/build/explore_lite': AMENT_PREFIX_PATH=/workspace/install/explore_lite_msgs:${AMENT_PREFIX_PATH} CMAKE_PREFIX_PATH=/workspace/install/explore_lite_msgs:/opt/ros/humble LD_LIBRARY_PATH=/workspace/install/explore_lite_msgs/lib:${LD_LIBRARY_PATH} PYTHONPATH=/workspace/install/explore_lite_msgs/local/lib/python3.10/dist-packages:${PYTHONPATH} /usr/bin/cmake --install /workspace/build/explore_lite
[0.207s] -- Install configuration: ""
[0.207s] -- Up-to-date: /workspace/install/explore_lite/include/explore/
[0.208s] -- Up-to-date: /workspace/install/explore_lite/include/explore//costmap_client.h
[0.208s] -- Up-to-date: /workspace/install/explore_lite/include/explore//explore.h
[0.208s] -- Up-to-date: /workspace/install/explore_lite/include/explore//costmap_tools.h
[0.208s] -- Up-to-date: /workspace/install/explore_lite/include/explore//frontier_search.h
[0.208s] -- Up-to-date: /workspace/install/explore_lite/share/explore_lite/config
[0.208s] -- Up-to-date: /workspace/install/explore_lite/share/explore_lite/config/params.yaml
[0.208s] -- Up-to-date: /workspace/install/explore_lite/share/explore_lite/config/params_costmap.yaml
[0.209s] -- Up-to-date: /workspace/install/explore_lite/share/explore_lite/launch
[0.209s] -- Up-to-date: /workspace/install/explore_lite/share/explore_lite/launch/explore.launch.py
[0.209s] -- Up-to-date: /workspace/install/explore_lite/lib/explore_lite/explore
[0.209s] -- Up-to-date: /workspace/install/explore_lite/share/ament_index/resource_index/package_run_dependencies/explore_lite
[0.209s] -- Up-to-date: /workspace/install/explore_lite/share/ament_index/resource_index/parent_prefix_path/explore_lite
[0.209s] -- Up-to-date: /workspace/install/explore_lite/share/explore_lite/environment/ament_prefix_path.sh
[0.209s] -- Up-to-date: /workspace/install/explore_lite/share/explore_lite/environment/ament_prefix_path.dsv
[0.209s] -- Up-to-date: /workspace/install/explore_lite/share/explore_lite/environment/path.sh
[0.209s] -- Up-to-date: /workspace/install/explore_lite/share/explore_lite/environment/path.dsv
[0.209s] -- Up-to-date: /workspace/install/explore_lite/share/explore_lite/local_setup.bash
[0.210s] -- Up-to-date: /workspace/install/explore_lite/share/explore_lite/local_setup.sh
[0.210s] -- Up-to-date: /workspace/install/explore_lite/share/explore_lite/local_setup.zsh
[0.210s] -- Up-to-date: /workspace/install/explore_lite/share/explore_lite/local_setup.dsv
[0.210s] -- Installing: /workspace/install/explore_lite/share/explore_lite/package.dsv
[0.210s] -- Up-to-date: /workspace/install/explore_lite/share/ament_index/resource_index/packages/explore_lite
[0.210s] -- Up-to-date: /workspace/install/explore_lite/share/explore_lite/cmake/ament_cmake_export_dependencies-extras.cmake
[0.210s] -- Up-to-date: /workspace/install/explore_lite/share/explore_lite/cmake/ament_cmake_export_include_directories-extras.cmake
[0.210s] -- Up-to-date: /workspace/install/explore_lite/share/explore_lite/cmake/explore_liteConfig.cmake
[0.210s] -- Up-to-date: /workspace/install/explore_lite/share/explore_lite/cmake/explore_liteConfig-version.cmake
[0.210s] -- Up-to-date: /workspace/install/explore_lite/share/explore_lite/package.xml
[0.213s] Invoked command in '/workspace/build/explore_lite' returned '0': AMENT_PREFIX_PATH=/workspace/install/explore_lite_msgs:${AMENT_PREFIX_PATH} CMAKE_PREFIX_PATH=/workspace/install/explore_lite_msgs:/opt/ros/humble LD_LIBRARY_PATH=/workspace/install/explore_lite_msgs/lib:${LD_LIBRARY_PATH} PYTHONPATH=/workspace/install/explore_lite_msgs/local/lib/python3.10/dist-packages:${PYTHONPATH} /usr/bin/cmake --install /workspace/build/explore_lite
