[0.672s] Invoking command in '/home/safal/Desktop/unitreego2nav/src/go2_nav': PYTHONPATH=/home/safal/Desktop/unitreego2nav/build/go2_nav/prefix_override:/usr/lib/python3/dist-packages/colcon_core/task/python/colcon_distutils_commands:/home/safal/Desktop/unitreego2nav/install/go2_nav/lib/python3.10/site-packages:${PYTHONPATH} /usr/bin/python3 -W ignore:setup.py install is deprecated -W ignore:easy_install command is deprecated setup.py egg_info --egg-base ../../build/go2_nav build --build-base /home/safal/Desktop/unitreego2nav/build/go2_nav/build install --record /home/safal/Desktop/unitreego2nav/build/go2_nav/install.log --single-version-externally-managed install_data
[0.892s] running egg_info
[0.893s] writing ../../build/go2_nav/go2_nav.egg-info/PKG-INFO
[0.903s] writing dependency_links to ../../build/go2_nav/go2_nav.egg-info/dependency_links.txt
[0.904s] writing entry points to ../../build/go2_nav/go2_nav.egg-info/entry_points.txt
[0.904s] writing requirements to ../../build/go2_nav/go2_nav.egg-info/requires.txt
[0.904s] writing top-level names to ../../build/go2_nav/go2_nav.egg-info/top_level.txt
[0.906s] reading manifest file '../../build/go2_nav/go2_nav.egg-info/SOURCES.txt'
[0.907s] writing manifest file '../../build/go2_nav/go2_nav.egg-info/SOURCES.txt'
[0.907s] running build
[0.907s] running build_py
[0.907s] running install
[0.908s] running install_lib
[0.909s] running install_data
[0.910s] copying launch/exploration.launch.py -> /home/safal/Desktop/unitreego2nav/install/go2_nav/share/go2_nav/launch
[0.910s] copying launch/slam.launch.py -> /home/safal/Desktop/unitreego2nav/install/go2_nav/share/go2_nav/launch
[0.910s] copying config/slam_params.yaml -> /home/safal/Desktop/unitreego2nav/install/go2_nav/share/go2_nav/config
[0.910s] running install_egg_info
[0.912s] removing '/home/safal/Desktop/unitreego2nav/install/go2_nav/lib/python3.10/site-packages/go2_nav-0.0.0-py3.10.egg-info' (and everything under it)
[0.913s] Copying ../../build/go2_nav/go2_nav.egg-info to /home/safal/Desktop/unitreego2nav/install/go2_nav/lib/python3.10/site-packages/go2_nav-0.0.0-py3.10.egg-info
[0.914s] running install_scripts
[0.931s] Installing go2_sport_bridge script to /home/safal/Desktop/unitreego2nav/install/go2_nav/lib/go2_nav
[0.931s] Installing odom_broadcast script to /home/safal/Desktop/unitreego2nav/install/go2_nav/lib/go2_nav
[0.931s] writing list of installed files to '/home/safal/Desktop/unitreego2nav/build/go2_nav/install.log'
[0.950s] Invoked command in '/home/safal/Desktop/unitreego2nav/src/go2_nav' returned '0': PYTHONPATH=/home/safal/Desktop/unitreego2nav/build/go2_nav/prefix_override:/usr/lib/python3/dist-packages/colcon_core/task/python/colcon_distutils_commands:/home/safal/Desktop/unitreego2nav/install/go2_nav/lib/python3.10/site-packages:${PYTHONPATH} /usr/bin/python3 -W ignore:setup.py install is deprecated -W ignore:easy_install command is deprecated setup.py egg_info --egg-base ../../build/go2_nav build --build-base /home/safal/Desktop/unitreego2nav/build/go2_nav/build install --record /home/safal/Desktop/unitreego2nav/build/go2_nav/install.log --single-version-externally-managed install_data
