[0mCMake Deprecation Warning at CMakeLists.txt:1 (cmake_minimum_required):
  Compatibility with CMake < 3.10 will be removed from a future version of
  CMake.

  Update the VERSION argument <min> value.  Or, use the <min>...<max> syntax
  to tell CMake that the project requires at least <min> but has been updated
  to work with policies introduced by <max> or earlier.

[0m
[33mCMake Warning (dev) at CMakeLists.txt:29 (find_package):
  Policy CMP0167 is not set: The FindBoost module is removed.  Run "cmake
  --help-policy CMP0167" for policy details.  Use the cmake_policy command to
  set the policy and suppress this warning.

This warning is for project developers.  Use -Wno-dev to suppress it.
[0m
--2026-07-01 19:02:16--  https://raw.githubusercontent.com/hrnr/m-explore-extra/master/map_merge/hector_maps/map00.pgm
Resolving raw.githubusercontent.com (raw.githubusercontent.com)... 2606:50c0:8003::154, 2606:50c0:8000::154, 2606:50c0:8001::154, ...
Connecting to raw.githubusercontent.com (raw.githubusercontent.com)|2606:50c0:8003::154|:443... connected.
HTTP request sent, awaiting response... 200 OK
Length: 4194362 (4.0M) [application/octet-stream]
Saving to: ‘/home/safal/Desktop/unitreego2nav/build/multirobot_map_merge/map00.pgm’

     0K .......... .......... .......... .......... ..........  1% 1.77M 2s
    50K .......... .......... .......... .......... ..........  2% 2.57M 2s
   100K .......... .......... .......... .......... ..........  3% 4.57M 2s
   150K .......... .......... .......... .......... ..........  4% 9.29M 1s
   200K .......... .......... .......... .......... ..........  6% 4.71M 1s
   250K .......... .......... .......... .......... ..........  7% 9.35M 1s
   300K .......... .......... .......... .......... ..........  8% 6.56M 1s
   350K .......... .......... .......... .......... ..........  9% 10.8M 1s
   400K .......... .......... .......... .......... .......... 10% 15.0M 1s
   450K .......... .......... .......... .......... .......... 12% 21.2M 1s
   500K .......... .......... .......... .......... .......... 13% 24.7M 1s
   550K .......... .......... .......... .......... .......... 14% 1.64M 1s
   600K .......... .......... .......... .......... .......... 15% 51.8M 1s
   650K .......... .......... .......... .......... .......... 17% 44.0M 1s
   700K .......... .......... .......... .......... .......... 18% 70.4M 1s
   750K .......... .......... .......... .......... .......... 19% 55.2M 1s
   800K .......... .......... .......... .......... .......... 20%  128M 1s
   850K .......... .......... .......... .......... .......... 21% 23.8M 0s
   900K .......... .......... .......... .......... .......... 23% 20.6M 0s
   950K .......... .......... .......... .......... .......... 24%  198M 0s
  1000K .......... .......... .......... .......... .......... 25% 75.8M 0s
  1050K .......... .......... .......... .......... .......... 26% 2.16M 0s
  1100K .......... .......... .......... .......... .......... 28% 7.31M 0s
  1150K .......... .......... .......... .......... .......... 29%  185M 0s
  1200K .......... .......... .......... .......... .......... 30% 4.43M 0s
  1250K .......... .......... .......... .......... .......... 31% 79.0M 0s
  1300K .......... .......... .......... .......... .......... 32% 19.1M 0s
  1350K .......... .......... .......... .......... .......... 34% 4.39M 0s
  1400K .......... .......... .......... .......... .......... 35% 14.1M 0s
  1450K .......... .......... .......... .......... .......... 36% 77.8M 0s
  1500K .......... .......... .......... .......... .......... 37% 21.3M 0s
  1550K .......... .......... .......... .......... .......... 39% 7.72M 0s
  1600K .......... .......... .......... .......... .......... 40% 53.1M 0s
  1650K .......... .......... .......... .......... .......... 41% 1.16M 0s
  1700K .......... .......... .......... .......... .......... 42% 1.13M 0s
  1750K .......... .......... .......... .......... .......... 43% 14.9M 0s
  1800K .......... .......... .......... .......... .......... 45% 44.3M 0s
  1850K .......... .......... .......... .......... .......... 46% 18.6M 0s
  1900K .......... .......... .......... .......... .......... 47% 51.6M 0s
  1950K .......... .......... .......... .......... .......... 48% 18.2M 0s
  2000K .......... .......... .......... .......... .......... 50% 18.6M 0s
  2050K .......... .......... .......... .......... .......... 51% 17.9M 0s
  2100K .......... .......... .......... .......... .......... 52% 59.5M 0s
  2150K .......... .......... .......... .......... .......... 53% 23.9M 0s
  2200K .......... .......... .......... .......... .......... 54% 2.12M 0s
  2250K .......... .......... .......... .......... .......... 56% 7.29M 0s
  2300K .......... .......... .......... .......... .......... 57% 9.16M 0s
  2350K .......... .......... .......... .......... .......... 58% 9.64M 0s
  2400K .......... .......... .......... .......... .......... 59% 22.2M 0s
  2450K .......... .......... .......... .......... .......... 61% 3.24M 0s
  2500K .......... .......... .......... .......... .......... 62% 54.5M 0s
  2550K .......... .......... .......... .......... .......... 63% 46.4M 0s
  2600K .......... .......... .......... .......... .......... 64% 59.9M 0s
  2650K .......... .......... .......... .......... .......... 65% 39.8M 0s
  2700K .......... .......... .......... .......... .......... 67% 88.7M 0s
  2750K .......... .......... .......... .......... .......... 68% 4.61M 0s
  2800K .......... .......... .......... .......... .......... 69%  199M 0s
  2850K .......... .......... .......... .......... .......... 70%  207M 0s
  2900K .......... .......... .......... .......... .......... 72% 8.39M 0s
  2950K .......... .......... .......... .......... .......... 73% 16.9M 0s
  3000K .......... .......... .......... .......... .......... 74% 10.3M 0s
  3050K .......... .......... .......... .......... .......... 75% 2.68M 0s
  3100K .......... .......... .......... .......... .......... 76% 46.9M 0s
  3150K .......... .......... .......... .......... .......... 78% 6.17M 0s
  3200K .......... .......... .......... .......... .......... 79% 4.57M 0s
  3250K .......... .......... .......... .......... .......... 80% 71.7M 0s
  3300K .......... .......... .......... .......... .......... 81%  142M 0s
  3350K .......... .......... .......... .......... .......... 83% 7.51M 0s
  3400K .......... .......... .......... .......... .......... 84% 15.2M 0s
  3450K .......... .......... .......... .......... .......... 85% 30.1M 0s
  3500K .......... .......... .......... .......... .......... 86%  188M 0s
  3550K .......... .......... .......... .......... .......... 87%  212M 0s
  3600K .......... .......... .......... .......... .......... 89%  206M 0s
  3650K .......... .......... .......... .......... .......... 90% 2.22M 0s
  3700K .......... .......... .......... .......... .......... 91% 14.6M 0s
  3750K .......... .......... .......... .......... .......... 92% 6.10M 0s
  3800K .......... .......... .......... .......... .......... 93% 29.1M 0s
  3850K .......... .......... .......... .......... .......... 95% 9.23M 0s
  3900K .......... .......... .......... .......... .......... 96% 13.7M 0s
  3950K .......... .......... .......... .......... .......... 97%  205M 0s
  4000K .......... .......... .......... .......... .......... 98% 20.8M 0s
  4050K .......... .......... .......... .......... ......    100% 28.0M=0.5s

2026-07-01 19:02:18 (8.08 MB/s) - ‘/home/safal/Desktop/unitreego2nav/build/multirobot_map_merge/map00.pgm’ saved [4194362/4194362]

--2026-07-01 19:02:18--  https://raw.githubusercontent.com/hrnr/m-explore-extra/master/map_merge/hector_maps/map05.pgm
Resolving raw.githubusercontent.com (raw.githubusercontent.com)... 2606:50c0:8000::154, 2606:50c0:8001::154, 2606:50c0:8002::154, ...
Connecting to raw.githubusercontent.com (raw.githubusercontent.com)|2606:50c0:8000::154|:443... connected.
HTTP request sent, awaiting response... 200 OK
Length: 4194362 (4.0M) [application/octet-stream]
Saving to: ‘/home/safal/Desktop/unitreego2nav/build/multirobot_map_merge/map05.pgm’

     0K .......... .......... .......... .......... ..........  1% 1.06M 4s
    50K .......... .......... .......... .......... ..........  2% 1.21M 3s
   100K .......... .......... .......... .......... ..........  3% 2.76M 3s
   150K .......... .......... .......... .......... ..........  4% 2.17M 2s
   200K .......... .......... .......... .......... ..........  6% 2.63M 2s
   250K .......... .......... .......... .......... ..........  7% 2.40M 2s
   300K .......... .......... .......... .......... ..........  8% 3.24M 2s
   350K .......... .......... .......... .......... ..........  9% 1.77M 2s
   400K .......... .......... .......... .......... .......... 10% 3.27M 2s
   450K .......... .......... .......... .......... .......... 12% 1.79M 2s
   500K .......... .......... .......... .......... .......... 13% 3.37M 2s
   550K .......... .......... .......... .......... .......... 14% 3.77M 2s
   600K .......... .......... .......... .......... .......... 15% 2.24M 2s
   650K .......... .......... .......... .......... .......... 17% 4.06M 2s
   700K .......... .......... .......... .......... .......... 18% 3.74M 1s
   750K .......... .......... .......... .......... .......... 19% 3.11M 1s
   800K .......... .......... .......... .......... .......... 20% 3.23M 1s
   850K .......... .......... .......... .......... .......... 21% 2.70M 1s
   900K .......... .......... .......... .......... .......... 23% 4.76M 1s
   950K .......... .......... .......... .......... .......... 24% 2.31M 1s
  1000K .......... .......... .......... .......... .......... 25% 5.03M 1s
  1050K .......... .......... .......... .......... .......... 26% 4.81M 1s
  1100K .......... .......... .......... .......... .......... 28% 2.06M 1s
  1150K .......... .......... .......... .......... .......... 29% 5.20M 1s
  1200K .......... .......... .......... .......... .......... 30% 4.45M 1s
  1250K .......... .......... .......... .......... .......... 31% 2.19M 1s
  1300K .......... .......... .......... .......... .......... 32% 5.44M 1s
  1350K .......... .......... .......... .......... .......... 34% 4.67M 1s
  1400K .......... .......... .......... .......... .......... 35% 3.07M 1s
  1450K .......... .......... .......... .......... .......... 36% 4.54M 1s
  1500K .......... .......... .......... .......... .......... 37% 4.51M 1s
  1550K .......... .......... .......... .......... .......... 39% 3.20M 1s
  1600K .......... .......... .......... .......... .......... 40% 7.21M 1s
  1650K .......... .......... .......... .......... .......... 41% 4.23M 1s
  1700K .......... .......... .......... .......... .......... 42% 3.15M 1s
  1750K .......... .......... .......... .......... .......... 43% 4.50M 1s
  1800K .......... .......... .......... .......... .......... 45% 6.76M 1s
  1850K .......... .......... .......... .......... .......... 46% 2.88M 1s
  1900K .......... .......... .......... .......... .......... 47% 5.31M 1s
  1950K .......... .......... .......... .......... .......... 48% 5.24M 1s
  2000K .......... .......... .......... .......... .......... 50% 3.42M 1s
  2050K .......... .......... .......... .......... .......... 51% 3.94M 1s
  2100K .......... .......... .......... .......... .......... 52% 6.19M 1s
  2150K .......... .......... .......... .......... .......... 53% 8.27M 1s
  2200K .......... .......... .......... .......... .......... 54% 3.05M 1s
  2250K .......... .......... .......... .......... .......... 56% 4.73M 1s
  2300K .......... .......... .......... .......... .......... 57% 9.88M 1s
  2350K .......... .......... .......... .......... .......... 58% 5.96M 1s
  2400K .......... .......... .......... .......... .......... 59% 3.77M 0s
  2450K .......... .......... .......... .......... .......... 61% 3.27M 0s
  2500K .......... .......... .......... .......... .......... 62% 7.11M 0s
  2550K .......... .......... .......... .......... .......... 63% 8.62M 0s
  2600K .......... .......... .......... .......... .......... 64% 6.94M 0s
  2650K .......... .......... .......... .......... .......... 65% 6.34M 0s
  2700K .......... .......... .......... .......... .......... 67% 2.75M 0s
  2750K .......... .......... .......... .......... .......... 68% 8.51M 0s
  2800K .......... .......... .......... .......... .......... 69% 5.81M 0s
  2850K .......... .......... .......... .......... .......... 70% 10.2M 0s
  2900K .......... .......... .......... .......... .......... 72% 2.16M 0s
  2950K .......... .......... .......... .......... .......... 73% 7.84M 0s
  3000K .......... .......... .......... .......... .......... 74% 6.55M 0s
  3050K .......... .......... .......... .......... .......... 75% 17.7M 0s
  3100K .......... .......... .......... .......... .......... 76% 8.72M 0s
  3150K .......... .......... .......... .......... .......... 78% 3.15M 0s
  3200K .......... .......... .......... .......... .......... 79% 3.04M 0s
  3250K .......... .......... .......... .......... .......... 80% 6.79M 0s
  3300K .......... .......... .......... .......... .......... 81% 10.4M 0s
  3350K .......... .......... .......... .......... .......... 83% 6.37M 0s
  3400K .......... .......... .......... .......... .......... 84% 15.4M 0s
  3450K .......... .......... .......... .......... .......... 85% 3.57M 0s
  3500K .......... .......... .......... .......... .......... 86% 16.2M 0s
  3550K .......... .......... .......... .......... .......... 87% 5.23M 0s
  3600K .......... .......... .......... .......... .......... 89% 8.25M 0s
  3650K .......... .......... .......... .......... .......... 90% 6.86M 0s
  3700K .......... .......... .......... .......... .......... 91% 4.78M 0s
  3750K .......... .......... .......... .......... .......... 92% 9.53M 0s
  3800K .......... .......... .......... .......... .......... 93% 6.83M 0s
  3850K .......... .......... .......... .......... .......... 95% 8.92M 0s
  3900K .......... .......... .......... .......... .......... 96% 8.85M 0s
  3950K .......... .......... .......... .......... .......... 97% 11.0M 0s
  4000K .......... .......... .......... .......... .......... 98% 3.99M 0s
  4050K .......... .......... .......... .......... ......    100% 7.59M=1.0s

2026-07-01 19:02:22 (3.93 MB/s) - ‘/home/safal/Desktop/unitreego2nav/build/multirobot_map_merge/map05.pgm’ saved [4194362/4194362]

--2026-07-01 19:02:22--  https://raw.githubusercontent.com/hrnr/m-explore-extra/master/map_merge/gmapping_maps/2011-08-09-12-22-52.pgm
Resolving raw.githubusercontent.com (raw.githubusercontent.com)... 2606:50c0:8003::154, 2606:50c0:8002::154, 2606:50c0:8001::154, ...
Connecting to raw.githubusercontent.com (raw.githubusercontent.com)|2606:50c0:8003::154|:443... connected.
HTTP request sent, awaiting response... 200 OK
Length: 16000058 (15M) [application/octet-stream]
Saving to: ‘/home/safal/Desktop/unitreego2nav/build/multirobot_map_merge/2011-08-09-12-22-52.pgm’

     0K .......... .......... .......... .......... ..........  0% 1.93M 8s
    50K .......... .......... .......... .......... ..........  0% 3.69M 6s
   100K .......... .......... .......... .......... ..........  0% 2.62M 6s
   150K .......... .......... .......... .......... ..........  1% 5.50M 5s
   200K .......... .......... .......... .......... ..........  1% 8.20M 4s
   250K .......... .......... .......... .......... ..........  1% 5.97M 4s
   300K .......... .......... .......... .......... ..........  2% 3.70M 4s
   350K .......... .......... .......... .......... ..........  2% 2.81M 4s
   400K .......... .......... .......... .......... ..........  2% 2.92M 4s
   450K .......... .......... .......... .......... ..........  3% 13.0M 4s
   500K .......... .......... .......... .......... ..........  3% 5.56M 4s
   550K .......... .......... .......... .......... ..........  3% 2.97M 4s
   600K .......... .......... .......... .......... ..........  4% 5.66M 4s
   650K .......... .......... .......... .......... ..........  4% 9.71M 4s
   700K .......... .......... .......... .......... ..........  4% 9.13M 3s
   750K .......... .......... .......... .......... ..........  5% 2.57M 4s
   800K .......... .......... .......... .......... ..........  5% 6.52M 4s
   850K .......... .......... .......... .......... ..........  5% 7.72M 3s
   900K .......... .......... .......... .......... ..........  6% 10.3M 3s
   950K .......... .......... .......... .......... ..........  6% 2.08M 3s
  1000K .......... .......... .......... .......... ..........  6% 6.84M 3s
  1050K .......... .......... .......... .......... ..........  7% 4.55M 3s
  1100K .......... .......... .......... .......... ..........  7% 8.30M 3s
  1150K .......... .......... .......... .......... ..........  7% 4.87M 3s
  1200K .......... .......... .......... .......... ..........  7% 6.83M 3s
  1250K .......... .......... .......... .......... ..........  8% 4.86M 3s
  1300K .......... .......... .......... .......... ..........  8% 6.94M 3s
  1350K .......... .......... .......... .......... ..........  8% 6.71M 3s
  1400K .......... .......... .......... .......... ..........  9% 6.31M 3s
  1450K .......... .......... .......... .......... ..........  9% 12.0M 3s
  1500K .......... .......... .......... .......... ..........  9% 3.40M 3s
  1550K .......... .......... .......... .......... .......... 10% 6.63M 3s
  1600K .......... .......... .......... .......... .......... 10% 8.31M 3s
  1650K .......... .......... .......... .......... .......... 10% 5.39M 3s
  1700K .......... .......... .......... .......... .......... 11% 6.49M 3s
  1750K .......... .......... .......... .......... .......... 11% 5.93M 3s
  1800K .......... .......... .......... .......... .......... 11% 6.97M 3s
  1850K .......... .......... .......... .......... .......... 12% 7.41M 3s
  1900K .......... .......... .......... .......... .......... 12% 84.4M 3s
  1950K .......... .......... .......... .......... .......... 12% 1.80M 3s
  2000K .......... .......... .......... .......... .......... 13% 35.5M 3s
  2050K .......... .......... .......... .......... .......... 13% 5.80M 3s
  2100K .......... .......... .......... .......... .......... 13% 58.3M 3s
  2150K .......... .......... .......... .......... .......... 14% 5.35M 3s
  2200K .......... .......... .......... .......... .......... 14% 1.91M 3s
  2250K .......... .......... .......... .......... .......... 14% 5.13M 3s
  2300K .......... .......... .......... .......... .......... 15% 40.1M 3s
  2350K .......... .......... .......... .......... .......... 15% 6.14M 3s
  2400K .......... .......... .......... .......... .......... 15% 7.42M 3s
  2450K .......... .......... .......... .......... .......... 15% 4.99M 3s
  2500K .......... .......... .......... .......... .......... 16% 8.14M 3s
  2550K .......... .......... .......... .......... .......... 16% 6.70M 3s
  2600K .......... .......... .......... .......... .......... 16%  179M 2s
  2650K .......... .......... .......... .......... .......... 17% 9.20M 2s
  2700K .......... .......... .......... .......... .......... 17% 17.6M 2s
  2750K .......... .......... .......... .......... .......... 17% 2.95M 2s
  2800K .......... .......... .......... .......... .......... 18% 6.04M 2s
  2850K .......... .......... .......... .......... .......... 18% 7.94M 2s
  2900K .......... .......... .......... .......... .......... 18%  132M 2s
  2950K .......... .......... .......... .......... .......... 19% 11.8M 2s
  3000K .......... .......... .......... .......... .......... 19% 15.5M 2s
  3050K .......... .......... .......... .......... .......... 19% 6.88M 2s
  3100K .......... .......... .......... .......... .......... 20% 5.71M 2s
  3150K .......... .......... .......... .......... .......... 20% 6.13M 2s
  3200K .......... .......... .......... .......... .......... 20% 7.88M 2s
  3250K .......... .......... .......... .......... .......... 21% 65.4M 2s
  3300K .......... .......... .......... .......... .......... 21% 11.9M 2s
  3350K .......... .......... .......... .......... .......... 21% 72.5M 2s
  3400K .......... .......... .......... .......... .......... 22% 5.59M 2s
  3450K .......... .......... .......... .......... .......... 22% 18.8M 2s
  3500K .......... .......... .......... .......... .......... 22% 3.93M 2s
  3550K .......... .......... .......... .......... .......... 23% 61.0M 2s
  3600K .......... .......... .......... .......... .......... 23% 8.41M 2s
  3650K .......... .......... .......... .......... .......... 23% 47.5M 2s
  3700K .......... .......... .......... .......... .......... 23% 8.72M 2s
  3750K .......... .......... .......... .......... .......... 24% 20.9M 2s
  3800K .......... .......... .......... .......... .......... 24% 10.6M 2s
  3850K .......... .......... .......... .......... .......... 24% 6.17M 2s
  3900K .......... .......... .......... .......... .......... 25% 6.03M 2s
  3950K .......... .......... .......... .......... .......... 25% 9.46M 2s
  4000K .......... .......... .......... .......... .......... 25% 18.5M 2s
  4050K .......... .......... .......... .......... .......... 26% 14.9M 2s
  4100K .......... .......... .......... .......... .......... 26% 15.6M 2s
  4150K .......... .......... .......... .......... .......... 26% 14.2M 2s
  4200K .......... .......... .......... .......... .......... 27% 14.4M 2s
  4250K .......... .......... .......... .......... .......... 27% 13.4M 2s
  4300K .......... .......... .......... .......... .......... 27% 2.29M 2s
  4350K .......... .......... .......... .......... .......... 28% 8.00M 2s
  4400K .......... .......... .......... .......... .......... 28% 60.2M 2s
  4450K .......... .......... .......... .......... .......... 28% 7.87M 2s
  4500K .......... .......... .......... .......... .......... 29% 62.9M 2s
  4550K .......... .......... .......... .......... .......... 29% 50.2M 2s
  4600K .......... .......... .......... .......... .......... 29% 17.8M 2s
  4650K .......... .......... .......... .......... .......... 30% 10.6M 2s
  4700K .......... .......... .......... .......... .......... 30% 2.33M 2s
  4750K .......... .......... .......... .......... .......... 30% 6.33M 2s
  4800K .......... .......... .......... .......... .......... 31% 60.4M 2s
  4850K .......... .......... .......... .......... .......... 31% 6.54M 2s
  4900K .......... .......... .......... .......... .......... 31% 4.44M 2s
  4950K .......... .......... .......... .......... .......... 31% 53.2M 2s
  5000K .......... .......... .......... .......... .......... 32% 50.3M 2s
  5050K .......... .......... .......... .......... .......... 32% 47.7M 2s
  5100K .......... .......... .......... .......... .......... 32% 6.46M 2s
  5150K .......... .......... .......... .......... .......... 33% 51.6M 2s
  5200K .......... .......... .......... .......... .......... 33% 8.39M 2s
  5250K .......... .......... .......... .......... .......... 33% 8.66M 2s
  5300K .......... .......... .......... .......... .......... 34% 5.48M 2s
  5350K .......... .......... .......... .......... .......... 34% 6.10M 2s
  5400K .......... .......... .......... .......... .......... 34% 50.2M 1s
  5450K .......... .......... .......... .......... .......... 35% 9.59M 1s
  5500K .......... .......... .......... .......... .......... 35% 5.67M 1s
  5550K .......... .......... .......... .......... .......... 35% 60.3M 1s
  5600K .......... .......... .......... .......... .......... 36% 50.7M 1s
  5650K .......... .......... .......... .......... .......... 36% 48.3M 1s
  5700K .......... .......... .......... .......... .......... 36% 3.54M 1s
  5750K .......... .......... .......... .......... .......... 37% 2.60M 1s
  5800K .......... .......... .......... .......... .......... 37% 64.9M 1s
  5850K .......... .......... .......... .......... .......... 37% 13.4M 1s
  5900K .......... .......... .......... .......... .......... 38% 14.3M 1s
  5950K .......... .......... .......... .......... .......... 38% 61.4M 1s
  6000K .......... .......... .......... .......... .......... 38% 10.6M 1s
  6050K .......... .......... .......... .......... .......... 39% 6.70M 1s
  6100K .......... .......... .......... .......... .......... 39% 62.0M 1s
  6150K .......... .......... .......... .......... .......... 39% 2.35M 1s
  6200K .......... .......... .......... .......... .......... 39% 4.02M 1s
  6250K .......... .......... .......... .......... .......... 40% 49.3M 1s
  6300K .......... .......... .......... .......... .......... 40% 49.6M 1s
  6350K .......... .......... .......... .......... .......... 40% 4.94M 1s
  6400K .......... .......... .......... .......... .......... 41% 59.6M 1s
  6450K .......... .......... .......... .......... .......... 41% 48.5M 1s
  6500K .......... .......... .......... .......... .......... 41% 58.9M 1s
  6550K .......... .......... .......... .......... .......... 42% 52.9M 1s
  6600K .......... .......... .......... .......... .......... 42% 3.40M 1s
  6650K .......... .......... .......... .......... .......... 42% 4.52M 1s
  6700K .......... .......... .......... .......... .......... 43% 17.3M 1s
  6750K .......... .......... .......... .......... .......... 43% 7.17M 1s
  6800K .......... .......... .......... .......... .......... 43% 77.0M 1s
  6850K .......... .......... .......... .......... .......... 44% 4.06M 1s
  6900K .......... .......... .......... .......... .......... 44% 40.0M 1s
  6950K .......... .......... .......... .......... .......... 44% 17.3M 1s
  7000K .......... .......... .......... .......... .......... 45%  162M 1s
  7050K .......... .......... .......... .......... .......... 45% 9.88M 1s
  7100K .......... .......... .......... .......... .......... 45% 5.57M 1s
  7150K .......... .......... .......... .......... .......... 46% 8.96M 1s
  7200K .......... .......... .......... .......... .......... 46% 42.5M 1s
  7250K .......... .......... .......... .......... .......... 46% 8.78M 1s
  7300K .......... .......... .......... .......... .......... 47% 40.7M 1s
  7350K .......... .......... .......... .......... .......... 47% 5.21M 1s
  7400K .......... .......... .......... .......... .......... 47% 7.80M 1s
  7450K .......... .......... .......... .......... .......... 47%  126M 1s
  7500K .......... .......... .......... .......... .......... 48% 50.7M 1s
  7550K .......... .......... .......... .......... .......... 48% 59.6M 1s
  7600K .......... .......... .......... .......... .......... 48% 1.62M 1s
  7650K .......... .......... .......... .......... .......... 49% 62.4M 1s
  7700K .......... .......... .......... .......... .......... 49% 2.79M 1s
  7750K .......... .......... .......... .......... .......... 49% 59.7M 1s
  7800K .......... .......... .......... .......... .......... 50% 18.1M 1s
  7850K .......... .......... .......... .......... .......... 50% 7.23M 1s
  7900K .......... .......... .......... .......... .......... 50% 48.8M 1s
  7950K .......... .......... .......... .......... .......... 51% 5.35M 1s
  8000K .......... .......... .......... .......... .......... 51% 47.6M 1s
  8050K .......... .......... .......... .......... .......... 51% 63.7M 1s
  8100K .......... .......... .......... .......... .......... 52% 50.7M 1s
  8150K .......... .......... .......... .......... .......... 52% 2.08M 1s
  8200K .......... .......... .......... .......... .......... 52% 4.29M 1s
  8250K .......... .......... .......... .......... .......... 53% 41.1M 1s
  8300K .......... .......... .......... .......... .......... 53% 3.95M 1s
  8350K .......... .......... .......... .......... .......... 53% 40.0M 1s
  8400K .......... .......... .......... .......... .......... 54% 8.37M 1s
  8450K .......... .......... .......... .......... .......... 54% 41.8M 1s
  8500K .......... .......... .......... .......... .......... 54% 13.8M 1s
  8550K .......... .......... .......... .......... .......... 55% 39.9M 1s
  8600K .......... .......... .......... .......... .......... 55% 4.97M 1s
  8650K .......... .......... .......... .......... .......... 55% 15.7M 1s
  8700K .......... .......... .......... .......... .......... 55% 41.0M 1s
  8750K .......... .......... .......... .......... .......... 56% 19.4M 1s
  8800K .......... .......... .......... .......... .......... 56% 3.80M 1s
  8850K .......... .......... .......... .......... .......... 56%  147M 1s
  8900K .......... .......... .......... .......... .......... 57% 14.3M 1s
  8950K .......... .......... .......... .......... .......... 57% 2.25M 1s
  9000K .......... .......... .......... .......... .......... 57% 16.8M 1s
  9050K .......... .......... .......... .......... .......... 58% 9.65M 1s
  9100K .......... .......... .......... .......... .......... 58% 11.2M 1s
  9150K .......... .......... .......... .......... .......... 58% 40.1M 1s
  9200K .......... .......... .......... .......... .......... 59% 6.30M 1s
  9250K .......... .......... .......... .......... .......... 59%  123M 1s
  9300K .......... .......... .......... .......... .......... 59% 6.34M 1s
  9350K .......... .......... .......... .......... .......... 60% 42.1M 1s
  9400K .......... .......... .......... .......... .......... 60% 46.9M 1s
  9450K .......... .......... .......... .......... .......... 60% 7.82M 1s
  9500K .......... .......... .......... .......... .......... 61% 25.7M 1s
  9550K .......... .......... .......... .......... .......... 61% 4.22M 1s
  9600K .......... .......... .......... .......... .......... 61% 15.1M 1s
  9650K .......... .......... .......... .......... .......... 62% 18.2M 1s
  9700K .......... .......... .......... .......... .......... 62% 14.0M 1s
  9750K .......... .......... .......... .......... .......... 62% 11.0M 1s
  9800K .......... .......... .......... .......... .......... 63% 44.9M 1s
  9850K .......... .......... .......... .......... .......... 63% 2.38M 1s
  9900K .......... .......... .......... .......... .......... 63%  155M 1s
  9950K .......... .......... .......... .......... .......... 63%  114M 1s
 10000K .......... .......... .......... .......... .......... 64% 47.1M 1s
 10050K .......... .......... .......... .......... .......... 64% 59.5M 1s
 10100K .......... .......... .......... .......... .......... 64% 50.2M 1s
 10150K .......... .......... .......... .......... .......... 65% 18.2M 1s
 10200K .......... .......... .......... .......... .......... 65%  173M 1s
 10250K .......... .......... .......... .......... .......... 65% 9.03M 1s
 10300K .......... .......... .......... .......... .......... 66% 4.49M 1s
 10350K .......... .......... .......... .......... .......... 66% 61.6M 1s
 10400K .......... .......... .......... .......... .......... 66% 50.4M 1s
 10450K .......... .......... .......... .......... .......... 67% 10.1M 1s
 10500K .......... .......... .......... .......... .......... 67% 5.69M 1s
 10550K .......... .......... .......... .......... .......... 67% 57.2M 1s
 10600K .......... .......... .......... .......... .......... 68% 50.6M 1s
 10650K .......... .......... .......... .......... .......... 68% 60.4M 1s
 10700K .......... .......... .......... .......... .......... 68% 1.77M 1s
 10750K .......... .......... .......... .......... .......... 69%  149M 1s
 10800K .......... .......... .......... .......... .......... 69% 15.8M 1s
 10850K .......... .......... .......... .......... .......... 69% 17.1M 1s
 10900K .......... .......... .......... .......... .......... 70%  110M 1s
 10950K .......... .......... .......... .......... .......... 70% 12.7M 1s
 11000K .......... .......... .......... .......... .......... 70% 8.04M 1s
 11050K .......... .......... .......... .......... .......... 71% 2.52M 1s
 11100K .......... .......... .......... .......... .......... 71% 5.06M 1s
 11150K .......... .......... .......... .......... .......... 71% 40.0M 1s
 11200K .......... .......... .......... .......... .......... 71% 1.69M 1s
 11250K .......... .......... .......... .......... .......... 72% 7.64M 1s
 11300K .......... .......... .......... .......... .......... 72% 21.2M 1s
 11350K .......... .......... .......... .......... .......... 72% 8.28M 1s
 11400K .......... .......... .......... .......... .......... 73% 6.35M 1s
 11450K .......... .......... .......... .......... .......... 73% 38.2M 1s
 11500K .......... .......... .......... .......... .......... 73% 13.7M 1s
 11550K .......... .......... .......... .......... .......... 74% 6.97M 1s
 11600K .......... .......... .......... .......... .......... 74% 5.83M 1s
 11650K .......... .......... .......... .......... .......... 74% 45.4M 0s
 11700K .......... .......... .......... .......... .......... 75% 9.85M 0s
 11750K .......... .......... .......... .......... .......... 75% 13.6M 0s
 11800K .......... .......... .......... .......... .......... 75% 3.95M 0s
 11850K .......... .......... .......... .......... .......... 76%  140M 0s
 11900K .......... .......... .......... .......... .......... 76% 21.0M 0s
 11950K .......... .......... .......... .......... .......... 76%  122M 0s
 12000K .......... .......... .......... .......... .......... 77% 28.1M 0s
 12050K .......... .......... .......... .......... .......... 77%  102M 0s
 12100K .......... .......... .......... .......... .......... 77% 4.41M 0s
 12150K .......... .......... .......... .......... .......... 78% 24.6M 0s
 12200K .......... .......... .......... .......... .......... 78%  148M 0s
 12250K .......... .......... .......... .......... .......... 78% 3.94M 0s
 12300K .......... .......... .......... .......... .......... 79% 9.74M 0s
 12350K .......... .......... .......... .......... .......... 79% 2.10M 0s
 12400K .......... .......... .......... .......... .......... 79%  157M 0s
 12450K .......... .......... .......... .......... .......... 79% 18.1M 0s
 12500K .......... .......... .......... .......... .......... 80%  160M 0s
 12550K .......... .......... .......... .......... .......... 80% 18.3M 0s
 12600K .......... .......... .......... .......... .......... 80% 30.3M 0s
 12650K .......... .......... .......... .......... .......... 81% 24.5M 0s
 12700K .......... .......... .......... .......... .......... 81%  101M 0s
 12750K .......... .......... .......... .......... .......... 81% 18.4M 0s
 12800K .......... .......... .......... .......... .......... 82%  135M 0s
 12850K .......... .......... .......... .......... .......... 82% 50.5M 0s
 12900K .......... .......... .......... .......... .......... 82% 6.04M 0s
 12950K .......... .......... .......... .......... .......... 83%  142M 0s
 13000K .......... .......... .......... .......... .......... 83% 3.68M 0s
 13050K .......... .......... .......... .......... .......... 83% 4.37M 0s
 13100K .......... .......... .......... .......... .......... 84% 2.47M 0s
 13150K .......... .......... .......... .......... .......... 84%  167M 0s
 13200K .......... .......... .......... .......... .......... 84% 16.8M 0s
 13250K .......... .......... .......... .......... .......... 85%  157M 0s
 13300K .......... .......... .......... .......... .......... 85% 5.24M 0s
 13350K .......... .......... .......... .......... .......... 85% 5.17M 0s
 13400K .......... .......... .......... .......... .......... 86% 61.5M 0s
 13450K .......... .......... .......... .......... .......... 86% 39.3M 0s
 13500K .......... .......... .......... .......... .......... 86% 53.9M 0s
 13550K .......... .......... .......... .......... .......... 87% 18.6M 0s
 13600K .......... .......... .......... .......... .......... 87% 44.3M 0s
 13650K .......... .......... .......... .......... .......... 87%  170M 0s
 13700K .......... .......... .......... .......... .......... 87% 23.8M 0s
 13750K .......... .......... .......... .......... .......... 88% 8.97M 0s
 13800K .......... .......... .......... .......... .......... 88% 22.5M 0s
 13850K .......... .......... .......... .......... .......... 88% 1.87M 0s
 13900K .......... .......... .......... .......... .......... 89% 17.1M 0s
 13950K .......... .......... .......... .......... .......... 89% 13.8M 0s
 14000K .......... .......... .......... .......... .......... 89% 6.41M 0s
 14050K .......... .......... .......... .......... .......... 90%  157M 0s
 14100K .......... .......... .......... .......... .......... 90% 7.76M 0s
 14150K .......... .......... .......... .......... .......... 90% 56.4M 0s
 14200K .......... .......... .......... .......... .......... 91% 17.8M 0s
 14250K .......... .......... .......... .......... .......... 91% 6.97M 0s
 14300K .......... .......... .......... .......... .......... 91% 53.9M 0s
 14350K .......... .......... .......... .......... .......... 92% 19.0M 0s
 14400K .......... .......... .......... .......... .......... 92%  130M 0s
 14450K .......... .......... .......... .......... .......... 92% 4.97M 0s
 14500K .......... .......... .......... .......... .......... 93% 53.1M 0s
 14550K .......... .......... .......... .......... .......... 93% 45.1M 0s
 14600K .......... .......... .......... .......... .......... 93% 54.8M 0s
 14650K .......... .......... .......... .......... .......... 94% 28.4M 0s
 14700K .......... .......... .......... .......... .......... 94% 70.6M 0s
 14750K .......... .......... .......... .......... .......... 94% 49.4M 0s
 14800K .......... .......... .......... .......... .......... 95% 4.86M 0s
 14850K .......... .......... .......... .......... .......... 95% 53.2M 0s
 14900K .......... .......... .......... .......... .......... 95% 45.6M 0s
 14950K .......... .......... .......... .......... .......... 95% 3.43M 0s
 15000K .......... .......... .......... .......... .......... 96% 11.4M 0s
 15050K .......... .......... .......... .......... .......... 96% 5.43M 0s
 15100K .......... .......... .......... .......... .......... 96% 60.5M 0s
 15150K .......... .......... .......... .......... .......... 97% 17.8M 0s
 15200K .......... .......... .......... .......... .......... 97%  204M 0s
 15250K .......... .......... .......... .......... .......... 97% 60.4M 0s
 15300K .......... .......... .......... .......... .......... 98% 5.21M 0s
 15350K .......... .......... .......... .......... .......... 98% 50.3M 0s
 15400K .......... .......... .......... .......... .......... 98% 46.3M 0s
 15450K .......... .......... .......... .......... .......... 99% 44.4M 0s
 15500K .......... .......... .......... .......... .......... 99% 21.6M 0s
 15550K .......... .......... .......... .......... .......... 99%  135M 0s
 15600K .......... .......... .....                           100% 59.9M=1.8s

2026-07-01 19:02:32 (8.47 MB/s) - ‘/home/safal/Desktop/unitreego2nav/build/multirobot_map_merge/2011-08-09-12-22-52.pgm’ saved [16000058/16000058]

--2026-07-01 19:02:32--  https://raw.githubusercontent.com/hrnr/m-explore-extra/master/map_merge/gmapping_maps/2012-01-28-11-12-01.pgm
Resolving raw.githubusercontent.com (raw.githubusercontent.com)... 2606:50c0:8000::154, 2606:50c0:8003::154, 2606:50c0:8001::154, ...
Connecting to raw.githubusercontent.com (raw.githubusercontent.com)|2606:50c0:8000::154|:443... connected.
HTTP request sent, awaiting response... 200 OK
Length: 16000058 (15M) [application/octet-stream]
Saving to: ‘/home/safal/Desktop/unitreego2nav/build/multirobot_map_merge/2012-01-28-11-12-01.pgm’

     0K .......... .......... .......... .......... ..........  0% 1.76M 9s
    50K .......... .......... .......... .......... ..........  0% 2.84M 7s
   100K .......... .......... .......... .......... ..........  0% 2.76M 6s
   150K .......... .......... .......... .......... ..........  1% 3.86M 6s
   200K .......... .......... .......... .......... ..........  1% 18.8M 5s
   250K .......... .......... .......... .......... ..........  1% 46.1M 4s
   300K .......... .......... .......... .......... ..........  2% 4.15M 4s
   350K .......... .......... .......... .......... ..........  2% 9.86M 4s
   400K .......... .......... .......... .......... ..........  2% 2.18M 4s
   450K .......... .......... .......... .......... ..........  3% 56.5M 4s
   500K .......... .......... .......... .......... ..........  3% 45.0M 3s
   550K .......... .......... .......... .......... ..........  3% 7.88M 3s
   600K .......... .......... .......... .......... ..........  4% 51.0M 3s
   650K .......... .......... .......... .......... ..........  4% 46.3M 3s
   700K .......... .......... .......... .......... ..........  4% 8.88M 3s
   750K .......... .......... .......... .......... ..........  5% 3.25M 3s
   800K .......... .......... .......... .......... ..........  5% 6.99M 3s
   850K .......... .......... .......... .......... ..........  5% 15.7M 3s
   900K .......... .......... .......... .......... ..........  6% 7.42M 3s
   950K .......... .......... .......... .......... ..........  6% 61.2M 2s
  1000K .......... .......... .......... .......... ..........  6% 13.0M 2s
  1050K .......... .......... .......... .......... ..........  7% 51.3M 2s
  1100K .......... .......... .......... .......... ..........  7% 10.5M 2s
  1150K .......... .......... .......... .......... ..........  7% 3.03M 2s
  1200K .......... .......... .......... .......... ..........  7% 10.4M 2s
  1250K .......... .......... .......... .......... ..........  8% 4.45M 2s
  1300K .......... .......... .......... .......... ..........  8% 52.1M 2s
  1350K .......... .......... .......... .......... ..........  8% 45.8M 2s
  1400K .......... .......... .......... .......... ..........  9% 4.74M 2s
  1450K .......... .......... .......... .......... ..........  9% 20.2M 2s
  1500K .......... .......... .......... .......... ..........  9% 2.62M 2s
  1550K .......... .......... .......... .......... .......... 10% 13.7M 2s
  1600K .......... .......... .......... .......... .......... 10% 5.42M 2s
  1650K .......... .......... .......... .......... .......... 10% 4.40M 2s
  1700K .......... .......... .......... .......... .......... 11% 27.0M 2s
  1750K .......... .......... .......... .......... .......... 11%  100M 2s
  1800K .......... .......... .......... .......... .......... 11% 8.02M 2s
  1850K .......... .......... .......... .......... .......... 12% 11.1M 2s
  1900K .......... .......... .......... .......... .......... 12% 46.3M 2s
  1950K .......... .......... .......... .......... .......... 12% 10.6M 2s
  2000K .......... .......... .......... .......... .......... 13% 8.37M 2s
  2050K .......... .......... .......... .......... .......... 13% 3.30M 2s
  2100K .......... .......... .......... .......... .......... 13% 2.25M 2s
  2150K .......... .......... .......... .......... .......... 14% 65.5M 2s
  2200K .......... .......... .......... .......... .......... 14% 35.1M 2s
  2250K .......... .......... .......... .......... .......... 14% 82.4M 2s
  2300K .......... .......... .......... .......... .......... 15% 50.6M 2s
  2350K .......... .......... .......... .......... .......... 15% 64.0M 2s
  2400K .......... .......... .......... .......... .......... 15% 12.0M 2s
  2450K .......... .......... .......... .......... .......... 15% 3.95M 2s
  2500K .......... .......... .......... .......... .......... 16% 65.1M 2s
  2550K .......... .......... .......... .......... .......... 16% 5.16M 2s
  2600K .......... .......... .......... .......... .......... 16% 1.72M 2s
  2650K .......... .......... .......... .......... .......... 17% 67.2M 2s
  2700K .......... .......... .......... .......... .......... 17% 11.2M 2s
  2750K .......... .......... .......... .......... .......... 17% 64.0M 2s
  2800K .......... .......... .......... .......... .......... 18% 46.0M 2s
  2850K .......... .......... .......... .......... .......... 18% 51.6M 2s
  2900K .......... .......... .......... .......... .......... 18% 60.7M 2s
  2950K .......... .......... .......... .......... .......... 19% 18.5M 2s
  3000K .......... .......... .......... .......... .......... 19% 1.85M 2s
  3050K .......... .......... .......... .......... .......... 19% 8.31M 2s
  3100K .......... .......... .......... .......... .......... 20% 11.7M 2s
  3150K .......... .......... .......... .......... .......... 20% 6.69M 2s
  3200K .......... .......... .......... .......... .......... 20% 60.4M 2s
  3250K .......... .......... .......... .......... .......... 21% 7.51M 2s
  3300K .......... .......... .......... .......... .......... 21% 59.7M 2s
  3350K .......... .......... .......... .......... .......... 21% 7.39M 2s
  3400K .......... .......... .......... .......... .......... 22% 11.4M 2s
  3450K .......... .......... .......... .......... .......... 22% 3.27M 2s
  3500K .......... .......... .......... .......... .......... 22% 15.7M 2s
  3550K .......... .......... .......... .......... .......... 23% 3.83M 2s
  3600K .......... .......... .......... .......... .......... 23% 56.0M 2s
  3650K .......... .......... .......... .......... .......... 23% 51.3M 2s
  3700K .......... .......... .......... .......... .......... 23% 12.1M 2s
  3750K .......... .......... .......... .......... .......... 24% 2.77M 2s
  3800K .......... .......... .......... .......... .......... 24% 49.0M 2s
  3850K .......... .......... .......... .......... .......... 24% 50.8M 2s
  3900K .......... .......... .......... .......... .......... 25% 60.4M 2s
  3950K .......... .......... .......... .......... .......... 25% 50.1M 2s
  4000K .......... .......... .......... .......... .......... 25% 7.65M 1s
  4050K .......... .......... .......... .......... .......... 26% 6.43M 1s
  4100K .......... .......... .......... .......... .......... 26% 51.5M 1s
  4150K .......... .......... .......... .......... .......... 26% 7.06M 1s
  4200K .......... .......... .......... .......... .......... 27% 5.14M 1s
  4250K .......... .......... .......... .......... .......... 27% 60.6M 1s
  4300K .......... .......... .......... .......... .......... 27% 51.0M 1s
  4350K .......... .......... .......... .......... .......... 28% 9.05M 1s
  4400K .......... .......... .......... .......... .......... 28% 56.5M 1s
  4450K .......... .......... .......... .......... .......... 28% 4.91M 1s
  4500K .......... .......... .......... .......... .......... 29% 62.5M 1s
  4550K .......... .......... .......... .......... .......... 29% 50.6M 1s
  4600K .......... .......... .......... .......... .......... 29% 46.8M 1s
  4650K .......... .......... .......... .......... .......... 30% 12.0M 1s
  4700K .......... .......... .......... .......... .......... 30% 2.48M 1s
  4750K .......... .......... .......... .......... .......... 30% 60.0M 1s
  4800K .......... .......... .......... .......... .......... 31% 3.13M 1s
  4850K .......... .......... .......... .......... .......... 31%  105M 1s
  4900K .......... .......... .......... .......... .......... 31% 91.1M 1s
  4950K .......... .......... .......... .......... .......... 31% 5.08M 1s
  5000K .......... .......... .......... .......... .......... 32% 46.6M 1s
  5050K .......... .......... .......... .......... .......... 32% 59.8M 1s
  5100K .......... .......... .......... .......... .......... 32% 50.2M 1s
  5150K .......... .......... .......... .......... .......... 33% 11.7M 1s
  5200K .......... .......... .......... .......... .......... 33% 38.9M 1s
  5250K .......... .......... .......... .......... .......... 33% 8.77M 1s
  5300K .......... .......... .......... .......... .......... 34% 58.3M 1s
  5350K .......... .......... .......... .......... .......... 34% 4.95M 1s
  5400K .......... .......... .......... .......... .......... 34% 16.8M 1s
  5450K .......... .......... .......... .......... .......... 35% 7.18M 1s
  5500K .......... .......... .......... .......... .......... 35% 60.6M 1s
  5550K .......... .......... .......... .......... .......... 35% 6.90M 1s
  5600K .......... .......... .......... .......... .......... 36% 58.7M 1s
  5650K .......... .......... .......... .......... .......... 36% 46.1M 1s
  5700K .......... .......... .......... .......... .......... 36% 4.06M 1s
  5750K .......... .......... .......... .......... .......... 37% 62.9M 1s
  5800K .......... .......... .......... .......... .......... 37% 47.5M 1s
  5850K .......... .......... .......... .......... .......... 37% 62.1M 1s
  5900K .......... .......... .......... .......... .......... 38% 50.1M 1s
  5950K .......... .......... .......... .......... .......... 38% 51.4M 1s
  6000K .......... .......... .......... .......... .......... 38% 1.87M 1s
  6050K .......... .......... .......... .......... .......... 39% 58.7M 1s
  6100K .......... .......... .......... .......... .......... 39% 6.76M 1s
  6150K .......... .......... .......... .......... .......... 39%  172M 1s
  6200K .......... .......... .......... .......... .......... 39% 6.35M 1s
  6250K .......... .......... .......... .......... .......... 40% 32.6M 1s
  6300K .......... .......... .......... .......... .......... 40% 90.2M 1s
  6350K .......... .......... .......... .......... .......... 40% 50.0M 1s
  6400K .......... .......... .......... .......... .......... 41% 5.41M 1s
  6450K .......... .......... .......... .......... .......... 41% 58.5M 1s
  6500K .......... .......... .......... .......... .......... 41% 48.8M 1s
  6550K .......... .......... .......... .......... .......... 42% 60.1M 1s
  6600K .......... .......... .......... .......... .......... 42% 48.7M 1s
  6650K .......... .......... .......... .......... .......... 42% 2.29M 1s
  6700K .......... .......... .......... .......... .......... 43% 3.02M 1s
  6750K .......... .......... .......... .......... .......... 43%  116M 1s
  6800K .......... .......... .......... .......... .......... 43% 74.5M 1s
  6850K .......... .......... .......... .......... .......... 44% 60.7M 1s
  6900K .......... .......... .......... .......... .......... 44% 17.2M 1s
  6950K .......... .......... .......... .......... .......... 44%  161M 1s
  7000K .......... .......... .......... .......... .......... 45% 6.23M 1s
  7050K .......... .......... .......... .......... .......... 45% 25.3M 1s
  7100K .......... .......... .......... .......... .......... 45%  155M 1s
  7150K .......... .......... .......... .......... .......... 46%  111M 1s
  7200K .......... .......... .......... .......... .......... 46% 29.8M 1s
  7250K .......... .......... .......... .......... .......... 46% 2.48M 1s
  7300K .......... .......... .......... .......... .......... 47% 6.06M 1s
  7350K .......... .......... .......... .......... .......... 47% 3.71M 1s
  7400K .......... .......... .......... .......... .......... 47% 20.0M 1s
  7450K .......... .......... .......... .......... .......... 47% 16.7M 1s
  7500K .......... .......... .......... .......... .......... 48%  173M 1s
  7550K .......... .......... .......... .......... .......... 48% 9.98M 1s
  7600K .......... .......... .......... .......... .......... 48% 3.44M 1s
  7650K .......... .......... .......... .......... .......... 49%  148M 1s
  7700K .......... .......... .......... .......... .......... 49% 33.2M 1s
  7750K .......... .......... .......... .......... .......... 49%  122M 1s
  7800K .......... .......... .......... .......... .......... 50% 80.1M 1s
  7850K .......... .......... .......... .......... .......... 50% 64.9M 1s
  7900K .......... .......... .......... .......... .......... 50% 26.1M 1s
  7950K .......... .......... .......... .......... .......... 51% 2.04M 1s
  8000K .......... .......... .......... .......... .......... 51% 9.73M 1s
  8050K .......... .......... .......... .......... .......... 51% 69.9M 1s
  8100K .......... .......... .......... .......... .......... 52% 7.43M 1s
  8150K .......... .......... .......... .......... .......... 52% 55.1M 1s
  8200K .......... .......... .......... .......... .......... 52% 54.0M 1s
  8250K .......... .......... .......... .......... .......... 53% 2.59M 1s
  8300K .......... .......... .......... .......... .......... 53% 51.6M 1s
  8350K .......... .......... .......... .......... .......... 53% 16.7M 1s
  8400K .......... .......... .......... .......... .......... 54% 4.31M 1s
  8450K .......... .......... .......... .......... .......... 54% 17.7M 1s
  8500K .......... .......... .......... .......... .......... 54% 60.4M 1s
  8550K .......... .......... .......... .......... .......... 55% 40.4M 1s
  8600K .......... .......... .......... .......... .......... 55% 50.5M 1s
  8650K .......... .......... .......... .......... .......... 55% 60.4M 1s
  8700K .......... .......... .......... .......... .......... 55% 13.4M 1s
  8750K .......... .......... .......... .......... .......... 56% 56.9M 1s
  8800K .......... .......... .......... .......... .......... 56% 20.0M 1s
  8850K .......... .......... .......... .......... .......... 56%  152M 1s
  8900K .......... .......... .......... .......... .......... 57% 65.3M 1s
  8950K .......... .......... .......... .......... .......... 57% 6.53M 1s
  9000K .......... .......... .......... .......... .......... 57% 13.8M 1s
  9050K .......... .......... .......... .......... .......... 58% 4.52M 1s
  9100K .......... .......... .......... .......... .......... 58% 16.7M 1s
  9150K .......... .......... .......... .......... .......... 58% 11.4M 1s
  9200K .......... .......... .......... .......... .......... 59% 2.80M 1s
  9250K .......... .......... .......... .......... .......... 59% 48.2M 1s
  9300K .......... .......... .......... .......... .......... 59% 48.7M 1s
  9350K .......... .......... .......... .......... .......... 60% 51.9M 1s
  9400K .......... .......... .......... .......... .......... 60% 27.7M 1s
  9450K .......... .......... .......... .......... .......... 60%  108M 1s
  9500K .......... .......... .......... .......... .......... 61%  111M 1s
  9550K .......... .......... .......... .......... .......... 61% 53.0M 1s
  9600K .......... .......... .......... .......... .......... 61% 8.36M 1s
  9650K .......... .......... .......... .......... .......... 62% 47.3M 1s
  9700K .......... .......... .......... .......... .......... 62% 51.0M 1s
  9750K .......... .......... .......... .......... .......... 62% 50.0M 1s
  9800K .......... .......... .......... .......... .......... 63% 2.48M 1s
  9850K .......... .......... .......... .......... .......... 63% 9.45M 1s
  9900K .......... .......... .......... .......... .......... 63% 64.2M 1s
  9950K .......... .......... .......... .......... .......... 63% 12.4M 1s
 10000K .......... .......... .......... .......... .......... 64% 65.8M 1s
 10050K .......... .......... .......... .......... .......... 64% 1.31M 1s
 10100K .......... .......... .......... .......... .......... 64%  156M 1s
 10150K .......... .......... .......... .......... .......... 65% 85.7M 1s
 10200K .......... .......... .......... .......... .......... 65% 54.8M 1s
 10250K .......... .......... .......... .......... .......... 65% 64.0M 1s
 10300K .......... .......... .......... .......... .......... 66% 55.2M 1s
 10350K .......... .......... .......... .......... .......... 66% 62.3M 1s
 10400K .......... .......... .......... .......... .......... 66% 54.6M 1s
 10450K .......... .......... .......... .......... .......... 67% 33.7M 1s
 10500K .......... .......... .......... .......... .......... 67% 70.0M 1s
 10550K .......... .......... .......... .......... .......... 67% 54.4M 1s
 10600K .......... .......... .......... .......... .......... 68% 44.5M 1s
 10650K .......... .......... .......... .......... .......... 68% 76.5M 1s
 10700K .......... .......... .......... .......... .......... 68% 20.9M 0s
 10750K .......... .......... .......... .......... .......... 69%  146M 0s
 10800K .......... .......... .......... .......... .......... 69% 2.22M 0s
 10850K .......... .......... .......... .......... .......... 69% 14.1M 0s
 10900K .......... .......... .......... .......... .......... 70% 8.34M 0s
 10950K .......... .......... .......... .......... .......... 70% 51.3M 0s
 11000K .......... .......... .......... .......... .......... 70% 5.98M 0s
 11050K .......... .......... .......... .......... .......... 71% 72.1M 0s
 11100K .......... .......... .......... .......... .......... 71% 22.1M 0s
 11150K .......... .......... .......... .......... .......... 71%  145M 0s
 11200K .......... .......... .......... .......... .......... 71% 4.08M 0s
 11250K .......... .......... .......... .......... .......... 72%  145M 0s
 11300K .......... .......... .......... .......... .......... 72% 92.0M 0s
 11350K .......... .......... .......... .......... .......... 72% 35.0M 0s
 11400K .......... .......... .......... .......... .......... 73%  149M 0s
 11450K .......... .......... .......... .......... .......... 73% 3.55M 0s
 11500K .......... .......... .......... .......... .......... 73% 58.1M 0s
 11550K .......... .......... .......... .......... .......... 74% 22.6M 0s
 11600K .......... .......... .......... .......... .......... 74%  160M 0s
 11650K .......... .......... .......... .......... .......... 74%  170M 0s
 11700K .......... .......... .......... .......... .......... 75% 69.5M 0s
 11750K .......... .......... .......... .......... .......... 75% 56.2M 0s
 11800K .......... .......... .......... .......... .......... 75% 65.6M 0s
 11850K .......... .......... .......... .......... .......... 76% 2.02M 0s
 11900K .......... .......... .......... .......... .......... 76% 4.77M 0s
 11950K .......... .......... .......... .......... .......... 76% 34.3M 0s
 12000K .......... .......... .......... .......... .......... 77%  184M 0s
 12050K .......... .......... .......... .......... .......... 77% 60.2M 0s
 12100K .......... .......... .......... .......... .......... 77% 64.5M 0s
 12150K .......... .......... .......... .......... .......... 78% 33.7M 0s
 12200K .......... .......... .......... .......... .......... 78% 2.75M 0s
 12250K .......... .......... .......... .......... .......... 78% 42.5M 0s
 12300K .......... .......... .......... .......... .......... 79% 5.41M 0s
 12350K .......... .......... .......... .......... .......... 79% 72.2M 0s
 12400K .......... .......... .......... .......... .......... 79% 54.0M 0s
 12450K .......... .......... .......... .......... .......... 79% 64.8M 0s
 12500K .......... .......... .......... .......... .......... 80% 12.2M 0s
 12550K .......... .......... .......... .......... .......... 80% 23.2M 0s
 12600K .......... .......... .......... .......... .......... 80% 55.4M 0s
 12650K .......... .......... .......... .......... .......... 81% 66.7M 0s
 12700K .......... .......... .......... .......... .......... 81% 44.0M 0s
 12750K .......... .......... .......... .......... .......... 81% 13.4M 0s
 12800K .......... .......... .......... .......... .......... 82% 4.57M 0s
 12850K .......... .......... .......... .......... .......... 82% 3.60M 0s
 12900K .......... .......... .......... .......... .......... 82% 18.0M 0s
 12950K .......... .......... .......... .......... .......... 83% 17.0M 0s
 13000K .......... .......... .......... .......... .......... 83% 1.84M 0s
 13050K .......... .......... .......... .......... .......... 83% 72.0M 0s
 13100K .......... .......... .......... .......... .......... 84% 44.8M 0s
 13150K .......... .......... .......... .......... .......... 84% 65.7M 0s
 13200K .......... .......... .......... .......... .......... 84% 26.3M 0s
 13250K .......... .......... .......... .......... .......... 85%  218M 0s
 13300K .......... .......... .......... .......... .......... 85% 77.7M 0s
 13350K .......... .......... .......... .......... .......... 85% 67.0M 0s
 13400K .......... .......... .......... .......... .......... 86% 5.92M 0s
 13450K .......... .......... .......... .......... .......... 86% 7.59M 0s
 13500K .......... .......... .......... .......... .......... 86%  145M 0s
 13550K .......... .......... .......... .......... .......... 87%  115M 0s
 13600K .......... .......... .......... .......... .......... 87% 92.9M 0s
 13650K .......... .......... .......... .......... .......... 87% 56.2M 0s
 13700K .......... .......... .......... .......... .......... 87% 16.1M 0s
 13750K .......... .......... .......... .......... .......... 88% 64.0M 0s
 13800K .......... .......... .......... .......... .......... 88% 54.3M 0s
 13850K .......... .......... .......... .......... .......... 88% 1.55M 0s
 13900K .......... .......... .......... .......... .......... 89% 5.02M 0s
 13950K .......... .......... .......... .......... .......... 89% 55.4M 0s
 14000K .......... .......... .......... .......... .......... 89% 65.7M 0s
 14050K .......... .......... .......... .......... .......... 90% 2.22M 0s
 14100K .......... .......... .......... .......... .......... 90% 72.3M 0s
 14150K .......... .......... .......... .......... .......... 90% 54.1M 0s
 14200K .......... .......... .......... .......... .......... 91% 65.6M 0s
 14250K .......... .......... .......... .......... .......... 91% 44.7M 0s
 14300K .......... .......... .......... .......... .......... 91% 55.5M 0s
 14350K .......... .......... .......... .......... .......... 92% 2.03M 0s
 14400K .......... .......... .......... .......... .......... 92% 32.0M 0s
 14450K .......... .......... .......... .......... .......... 92% 99.8M 0s
 14500K .......... .......... .......... .......... .......... 93% 55.1M 0s
 14550K .......... .......... .......... .......... .......... 93% 62.3M 0s
 14600K .......... .......... .......... .......... .......... 93% 55.1M 0s
 14650K .......... .......... .......... .......... .......... 94% 15.8M 0s
 14700K .......... .......... .......... .......... .......... 94% 63.6M 0s
 14750K .......... .......... .......... .......... .......... 94% 38.4M 0s
 14800K .......... .......... .......... .......... .......... 95% 86.2M 0s
 14850K .......... .......... .......... .......... .......... 95% 56.3M 0s
 14900K .......... .......... .......... .......... .......... 95% 76.2M 0s
 14950K .......... .......... .......... .......... .......... 95% 51.1M 0s
 15000K .......... .......... .......... .......... .......... 96% 20.3M 0s
 15050K .......... .......... .......... .......... .......... 96% 1.94M 0s
 15100K .......... .......... .......... .......... .......... 96% 20.8M 0s
 15150K .......... .......... .......... .......... .......... 97% 7.41M 0s
 15200K .......... .......... .......... .......... .......... 97% 63.8M 0s
 15250K .......... .......... .......... .......... .......... 97% 5.45M 0s
 15300K .......... .......... .......... .......... .......... 98% 67.3M 0s
 15350K .......... .......... .......... .......... .......... 98% 53.9M 0s
 15400K .......... .......... .......... .......... .......... 98% 6.45M 0s
 15450K .......... .......... .......... .......... .......... 99% 76.5M 0s
 15500K .......... .......... .......... .......... .......... 99% 22.7M 0s
 15550K .......... .......... .......... .......... .......... 99% 98.7M 0s
 15600K .......... .......... .....                           100%  169M=1.5s

2026-07-01 19:02:36 (10.2 MB/s) - ‘/home/safal/Desktop/unitreego2nav/build/multirobot_map_merge/2012-01-28-11-12-01.pgm’ saved [16000058/16000058]

[0mCMake Deprecation Warning at /opt/ros/humble/src/gtest_vendor/CMakeLists.txt:2 (cmake_minimum_required):
  Compatibility with CMake < 3.10 will be removed from a future version of
  CMake.

  Update the VERSION argument <min> value.  Or, use the <min>...<max> syntax
  to tell CMake that the project requires at least <min> but has been updated
  to work with policies introduced by <max> or earlier.

[0m
