[0.438s] Invoking command in '/home/safal/Desktop/unitreego2nav/build/multirobot_map_merge': CMAKE_PREFIX_PATH=${CMAKE_PREFIX_PATH}:/home/safal/Desktop/unitreego2nav/install/go2_nav:/opt/ros/humble /usr/bin/cmake /home/safal/Desktop/unitreego2nav/src/m-explore-ros2/map_merge -DCMAKE_INSTALL_PREFIX=/home/safal/Desktop/unitreego2nav/install/multirobot_map_merge
[0.442s] [0mCMake Deprecation Warning at CMakeLists.txt:1 (cmake_minimum_required):
[0.443s]   Compatibility with CMake < 3.10 will be removed from a future version of
[0.443s]   CMake.
[0.443s] 
[0.443s]   Update the VERSION argument <min> value.  Or, use the <min>...<max> syntax
[0.443s]   to tell CMake that the project requires at least <min> but has been updated
[0.443s]   to work with policies introduced by <max> or earlier.
[0.444s] 
[0.444s] [0m
[0.494s] -- The C compiler identification is GNU 11.4.0
[0.574s] -- The CXX compiler identification is GNU 11.4.0
[0.583s] -- Detecting C compiler ABI info
[0.649s] -- Detecting C compiler ABI info - done
[0.668s] -- Check for working C compiler: /usr/bin/cc - skipped
[0.668s] -- Detecting C compile features
[0.669s] -- Detecting C compile features - done
[0.682s] -- Detecting CXX compiler ABI info
[0.763s] -- Detecting CXX compiler ABI info - done
[0.783s] -- Check for working CXX compiler: /usr/bin/c++ - skipped
[0.783s] -- Detecting CXX compile features
[0.784s] -- Detecting CXX compile features - done
[0.793s] -- Found ament_cmake: 1.3.14 (/opt/ros/humble/share/ament_cmake/cmake)
[1.028s] -- Found Python3: /usr/bin/python3 (found version "3.10.12") found components: Interpreter
[1.194s] -- Found rclcpp: 16.0.19 (/opt/ros/humble/share/rclcpp/cmake)
[1.304s] -- Found rosidl_generator_c: 3.1.8 (/opt/ros/humble/share/rosidl_generator_c/cmake)
[1.313s] -- Found rosidl_adapter: 3.1.8 (/opt/ros/humble/share/rosidl_adapter/cmake)
[1.327s] -- Found rosidl_generator_cpp: 3.1.8 (/opt/ros/humble/share/rosidl_generator_cpp/cmake)
[1.347s] -- Using all available rosidl_typesupport_c: rosidl_typesupport_fastrtps_c;rosidl_typesupport_introspection_c
[1.374s] -- Using all available rosidl_typesupport_cpp: rosidl_typesupport_fastrtps_cpp;rosidl_typesupport_introspection_cpp
[1.464s] -- Found rmw_implementation_cmake: 6.1.2 (/opt/ros/humble/share/rmw_implementation_cmake/cmake)
[1.469s] -- Found rmw_cyclonedds_cpp: 1.3.4 (/opt/ros/humble/share/rmw_cyclonedds_cpp/cmake)
[1.518s] -- Using RMW implementation 'rmw_cyclonedds_cpp' as default
[1.535s] -- Performing Test CMAKE_HAVE_LIBC_PTHREAD
[1.607s] -- Performing Test CMAKE_HAVE_LIBC_PTHREAD - Success
[1.608s] -- Found Threads: TRUE
[1.727s] -- Found geometry_msgs: 4.9.1 (/opt/ros/humble/share/geometry_msgs/cmake)
[1.755s] -- Found image_geometry: 3.2.1 (/opt/ros/humble/share/image_geometry/cmake)
[1.809s] -- Found map_msgs: 2.1.0 (/opt/ros/humble/share/map_msgs/cmake)
[1.888s] -- Found tf2_geometry_msgs: 0.25.20 (/opt/ros/humble/share/tf2_geometry_msgs/cmake)
[1.913s] -- Found eigen3_cmake_module: 0.1.1 (/opt/ros/humble/share/eigen3_cmake_module/cmake)
[1.916s] -- Found Eigen3: TRUE (found version "3.4.0")
[1.916s] -- Ensuring Eigen3 include directory is part of orocos-kdl CMake target
[2.112s] [33mCMake Warning (dev) at CMakeLists.txt:29 (find_package):
[2.113s]   Policy CMP0167 is not set: The FindBoost module is removed.  Run "cmake
[2.113s]   --help-policy CMP0167" for policy details.  Use the cmake_policy command to
[2.113s]   set the policy and suppress this warning.
[2.113s] 
[2.113s] This warning is for project developers.  Use -Wno-dev to suppress it.
[2.113s] [0m
[2.144s] -- Found Boost: /usr/lib/x86_64-linux-gnu/cmake/Boost-1.74.0/BoostConfig.cmake (found version "1.74.0") found components: thread
[2.150s] -- Found OpenCV: /usr (found version "4.5.4")
[2.167s] -- Found ament_lint_auto: 0.12.15 (/opt/ros/humble/share/ament_lint_auto/cmake)
[2.280s] -- Found ament_cmake_gtest: 1.3.14 (/opt/ros/humble/share/ament_cmake_gtest/cmake)
[2.286s] --2026-07-01 19:02:16--  https://raw.githubusercontent.com/hrnr/m-explore-extra/master/map_merge/hector_maps/map00.pgm
[2.298s] Resolving raw.githubusercontent.com (raw.githubusercontent.com)... 2606:50c0:8003::154, 2606:50c0:8000::154, 2606:50c0:8001::154, ...
[2.319s] Connecting to raw.githubusercontent.com (raw.githubusercontent.com)|2606:50c0:8003::154|:443... connected.
[3.782s] HTTP request sent, awaiting response... 200 OK
[3.782s] Length: 4194362 (4.0M) [application/octet-stream]
[3.782s] Saving to: ‘/home/safal/Desktop/unitreego2nav/build/multirobot_map_merge/map00.pgm’
[3.783s] 
[3.810s]      0K .......... .......... .......... .......... ..........  1% 1.77M 2s
[3.828s]     50K .......... .......... .......... .......... ..........  2% 2.57M 2s
[3.839s]    100K .......... .......... .......... .......... ..........  3% 4.57M 2s
[3.844s]    150K .......... .......... .......... .......... ..........  4% 9.29M 1s
[3.855s]    200K .......... .......... .......... .......... ..........  6% 4.71M 1s
[3.860s]    250K .......... .......... .......... .......... ..........  7% 9.35M 1s
[3.867s]    300K .......... .......... .......... .......... ..........  8% 6.56M 1s
[3.875s]    350K .......... .......... .......... .......... ..........  9% 10.8M 1s
[3.875s]    400K .......... .......... .......... .......... .......... 10% 15.0M 1s
[3.877s]    450K .......... .......... .......... .......... .......... 12% 21.2M 1s
[3.879s]    500K .......... .......... .......... .......... .......... 13% 24.7M 1s
[3.909s]    550K .......... .......... .......... .......... .......... 14% 1.64M 1s
[3.910s]    600K .......... .......... .......... .......... .......... 15% 51.8M 1s
[3.911s]    650K .......... .......... .......... .......... .......... 17% 44.0M 1s
[3.912s]    700K .......... .......... .......... .......... .......... 18% 70.4M 1s
[3.913s]    750K .......... .......... .......... .......... .......... 19% 55.2M 1s
[3.913s]    800K .......... .......... .......... .......... .......... 20%  128M 1s
[3.915s]    850K .......... .......... .......... .......... .......... 21% 23.8M 0s
[3.918s]    900K .......... .......... .......... .......... .......... 23% 20.6M 0s
[3.918s]    950K .......... .......... .......... .......... .......... 24%  198M 0s
[3.918s]   1000K .......... .......... .......... .......... .......... 25% 75.8M 0s
[3.941s]   1050K .......... .......... .......... .......... .......... 26% 2.16M 0s
[3.948s]   1100K .......... .......... .......... .......... .......... 28% 7.31M 0s
[3.948s]   1150K .......... .......... .......... .......... .......... 29%  185M 0s
[3.959s]   1200K .......... .......... .......... .......... .......... 30% 4.43M 0s
[3.960s]   1250K .......... .......... .......... .......... .......... 31% 79.0M 0s
[3.962s]   1300K .......... .......... .......... .......... .......... 32% 19.1M 0s
[3.974s]   1350K .......... .......... .......... .......... .......... 34% 4.39M 0s
[3.977s]   1400K .......... .......... .......... .......... .......... 35% 14.1M 0s
[3.977s]   1450K .......... .......... .......... .......... .......... 36% 77.8M 0s
[3.980s]   1500K .......... .......... .......... .......... .......... 37% 21.3M 0s
[3.986s]   1550K .......... .......... .......... .......... .......... 39% 7.72M 0s
[3.987s]   1600K .......... .......... .......... .......... .......... 40% 53.1M 0s
[4.029s]   1650K .......... .......... .......... .......... .......... 41% 1.16M 0s
[4.072s]   1700K .......... .......... .......... .......... .......... 42% 1.13M 0s
[4.075s]   1750K .......... .......... .......... .......... .......... 43% 14.9M 0s
[4.077s]   1800K .......... .......... .......... .......... .......... 45% 44.3M 0s
[4.079s]   1850K .......... .......... .......... .......... .......... 46% 18.6M 0s
[4.080s]   1900K .......... .......... .......... .......... .......... 47% 51.6M 0s
[4.083s]   1950K .......... .......... .......... .......... .......... 48% 18.2M 0s
[4.085s]   2000K .......... .......... .......... .......... .......... 50% 18.6M 0s
[4.088s]   2050K .......... .......... .......... .......... .......... 51% 17.9M 0s
[4.089s]   2100K .......... .......... .......... .......... .......... 52% 59.5M 0s
[4.091s]   2150K .......... .......... .......... .......... .......... 53% 23.9M 0s
[4.114s]   2200K .......... .......... .......... .......... .......... 54% 2.12M 0s
[4.121s]   2250K .......... .......... .......... .......... .......... 56% 7.29M 0s
[4.126s]   2300K .......... .......... .......... .......... .......... 57% 9.16M 0s
[4.131s]   2350K .......... .......... .......... .......... .......... 58% 9.64M 0s
[4.133s]   2400K .......... .......... .......... .......... .......... 59% 22.2M 0s
[4.148s]   2450K .......... .......... .......... .......... .......... 61% 3.24M 0s
[4.149s]   2500K .......... .......... .......... .......... .......... 62% 54.5M 0s
[4.150s]   2550K .......... .......... .......... .......... .......... 63% 46.4M 0s
[4.151s]   2600K .......... .......... .......... .......... .......... 64% 59.9M 0s
[4.152s]   2650K .......... .......... .......... .......... .......... 65% 39.8M 0s
[4.153s]   2700K .......... .......... .......... .......... .......... 67% 88.7M 0s
[4.165s]   2750K .......... .......... .......... .......... .......... 68% 4.61M 0s
[4.165s]   2800K .......... .......... .......... .......... .......... 69%  199M 0s
[4.165s]   2850K .......... .......... .......... .......... .......... 70%  207M 0s
[4.171s]   2900K .......... .......... .......... .......... .......... 72% 8.39M 0s
[4.173s]   2950K .......... .......... .......... .......... .......... 73% 16.9M 0s
[4.193s]   3000K .......... .......... .......... .......... .......... 74% 10.3M 0s
[4.197s]   3050K .......... .......... .......... .......... .......... 75% 2.68M 0s
[4.198s]   3100K .......... .......... .......... .......... .......... 76% 46.9M 0s
[4.205s]   3150K .......... .......... .......... .......... .......... 78% 6.17M 0s
[4.220s]   3200K .......... .......... .......... .......... .......... 79% 4.57M 0s
[4.223s]   3250K .......... .......... .......... .......... .......... 80% 71.7M 0s
[4.225s]   3300K .......... .......... .......... .......... .......... 81%  142M 0s
[4.227s]   3350K .......... .......... .......... .......... .......... 83% 7.51M 0s
[4.229s]   3400K .......... .......... .......... .......... .......... 84% 15.2M 0s
[4.229s]   3450K .......... .......... .......... .......... .......... 85% 30.1M 0s
[4.230s]   3500K .......... .......... .......... .......... .......... 86%  188M 0s
[4.231s]   3550K .......... .......... .......... .......... .......... 87%  212M 0s
[4.232s]   3600K .......... .......... .......... .......... .......... 89%  206M 0s
[4.251s]   3650K .......... .......... .......... .......... .......... 90% 2.22M 0s
[4.254s]   3700K .......... .......... .......... .......... .......... 91% 14.6M 0s
[4.262s]   3750K .......... .......... .......... .......... .......... 92% 6.10M 0s
[4.264s]   3800K .......... .......... .......... .......... .......... 93% 29.1M 0s
[4.270s]   3850K .......... .......... .......... .......... .......... 95% 9.23M 0s
[4.273s]   3900K .......... .......... .......... .......... .......... 96% 13.7M 0s
[4.273s]   3950K .......... .......... .......... .......... .......... 97%  205M 0s
[4.276s]   4000K .......... .......... .......... .......... .......... 98% 20.8M 0s
[4.279s]   4050K .......... .......... .......... .......... ......    100% 28.0M=0.5s
[4.279s] 
[4.279s] 2026-07-01 19:02:18 (8.08 MB/s) - ‘/home/safal/Desktop/unitreego2nav/build/multirobot_map_merge/map00.pgm’ saved [4194362/4194362]
[4.279s] 
[4.280s] Checking MD5 sum of /home/safal/Desktop/unitreego2nav/build/multirobot_map_merge/map00.pgm
[4.291s] /home/safal/Desktop/unitreego2nav/build/multirobot_map_merge/map00.pgm: OK
[4.299s] --2026-07-01 19:02:18--  https://raw.githubusercontent.com/hrnr/m-explore-extra/master/map_merge/hector_maps/map05.pgm
[4.304s] Resolving raw.githubusercontent.com (raw.githubusercontent.com)... 2606:50c0:8000::154, 2606:50c0:8001::154, 2606:50c0:8002::154, ...
[4.337s] Connecting to raw.githubusercontent.com (raw.githubusercontent.com)|2606:50c0:8000::154|:443... connected.
[7.663s] HTTP request sent, awaiting response... 200 OK
[7.663s] Length: 4194362 (4.0M) [application/octet-stream]
[7.664s] Saving to: ‘/home/safal/Desktop/unitreego2nav/build/multirobot_map_merge/map05.pgm’
[7.664s] 
[7.710s]      0K .......... .......... .......... .......... ..........  1% 1.06M 4s
[7.750s]     50K .......... .......... .......... .......... ..........  2% 1.21M 3s
[7.767s]    100K .......... .......... .......... .......... ..........  3% 2.76M 3s
[7.790s]    150K .......... .......... .......... .......... ..........  4% 2.17M 2s
[7.808s]    200K .......... .......... .......... .......... ..........  6% 2.63M 2s
[7.829s]    250K .......... .......... .......... .......... ..........  7% 2.40M 2s
[7.844s]    300K .......... .......... .......... .......... ..........  8% 3.24M 2s
[7.872s]    350K .......... .......... .......... .......... ..........  9% 1.77M 2s
[7.886s]    400K .......... .......... .......... .......... .......... 10% 3.27M 2s
[7.914s]    450K .......... .......... .......... .......... .......... 12% 1.79M 2s
[7.928s]    500K .......... .......... .......... .......... .......... 13% 3.37M 2s
[7.941s]    550K .......... .......... .......... .......... .......... 14% 3.77M 2s
[7.963s]    600K .......... .......... .......... .......... .......... 15% 2.24M 2s
[7.975s]    650K .......... .......... .......... .......... .......... 17% 4.06M 2s
[7.988s]    700K .......... .......... .......... .......... .......... 18% 3.74M 1s
[8.004s]    750K .......... .......... .......... .......... .......... 19% 3.11M 1s
[8.019s]    800K .......... .......... .......... .......... .......... 20% 3.23M 1s
[8.037s]    850K .......... .......... .......... .......... .......... 21% 2.70M 1s
[8.047s]    900K .......... .......... .......... .......... .......... 23% 4.76M 1s
[8.068s]    950K .......... .......... .......... .......... .......... 24% 2.31M 1s
[8.078s]   1000K .......... .......... .......... .......... .......... 25% 5.03M 1s
[8.088s]   1050K .......... .......... .......... .......... .......... 26% 4.81M 1s
[8.112s]   1100K .......... .......... .......... .......... .......... 28% 2.06M 1s
[8.121s]   1150K .......... .......... .......... .......... .......... 29% 5.20M 1s
[8.132s]   1200K .......... .......... .......... .......... .......... 30% 4.45M 1s
[8.155s]   1250K .......... .......... .......... .......... .......... 31% 2.19M 1s
[8.163s]   1300K .......... .......... .......... .......... .......... 32% 5.44M 1s
[8.174s]   1350K .......... .......... .......... .......... .......... 34% 4.67M 1s
[8.190s]   1400K .......... .......... .......... .......... .......... 35% 3.07M 1s
[8.201s]   1450K .......... .......... .......... .......... .......... 36% 4.54M 1s
[8.211s]   1500K .......... .......... .......... .......... .......... 37% 4.51M 1s
[8.227s]   1550K .......... .......... .......... .......... .......... 39% 3.20M 1s
[8.235s]   1600K .......... .......... .......... .......... .......... 40% 7.21M 1s
[8.245s]   1650K .......... .......... .......... .......... .......... 41% 4.23M 1s
[8.260s]   1700K .......... .......... .......... .......... .......... 42% 3.15M 1s
[8.272s]   1750K .......... .......... .......... .......... .......... 43% 4.50M 1s
[8.281s]   1800K .......... .......... .......... .......... .......... 45% 6.76M 1s
[8.296s]   1850K .......... .......... .......... .......... .......... 46% 2.88M 1s
[8.305s]   1900K .......... .......... .......... .......... .......... 47% 5.31M 1s
[8.314s]   1950K .......... .......... .......... .......... .......... 48% 5.24M 1s
[8.332s]   2000K .......... .......... .......... .......... .......... 50% 3.42M 1s
[8.342s]   2050K .......... .......... .......... .......... .......... 51% 3.94M 1s
[8.350s]   2100K .......... .......... .......... .......... .......... 52% 6.19M 1s
[8.355s]   2150K .......... .......... .......... .......... .......... 53% 8.27M 1s
[8.372s]   2200K .......... .......... .......... .......... .......... 54% 3.05M 1s
[8.383s]   2250K .......... .......... .......... .......... .......... 56% 4.73M 1s
[8.389s]   2300K .......... .......... .......... .......... .......... 57% 9.88M 1s
[8.394s]   2350K .......... .......... .......... .......... .......... 58% 5.96M 1s
[8.410s]   2400K .......... .......... .......... .......... .......... 59% 3.77M 0s
[8.422s]   2450K .......... .......... .......... .......... .......... 61% 3.27M 0s
[8.429s]   2500K .......... .......... .......... .......... .......... 62% 7.11M 0s
[8.434s]   2550K .......... .......... .......... .......... .......... 63% 8.62M 0s
[8.442s]   2600K .......... .......... .......... .......... .......... 64% 6.94M 0s
[8.449s]   2650K .......... .......... .......... .......... .......... 65% 6.34M 0s
[8.467s]   2700K .......... .......... .......... .......... .......... 67% 2.75M 0s
[8.479s]   2750K .......... .......... .......... .......... .......... 68% 8.51M 0s
[8.481s]   2800K .......... .......... .......... .......... .......... 69% 5.81M 0s
[8.486s]   2850K .......... .......... .......... .......... .......... 70% 10.2M 0s
[8.509s]   2900K .......... .......... .......... .......... .......... 72% 2.16M 0s
[8.515s]   2950K .......... .......... .......... .......... .......... 73% 7.84M 0s
[8.523s]   3000K .......... .......... .......... .......... .......... 74% 6.55M 0s
[8.525s]   3050K .......... .......... .......... .......... .......... 75% 17.7M 0s
[8.531s]   3100K .......... .......... .......... .......... .......... 76% 8.72M 0s
[8.547s]   3150K .......... .......... .......... .......... .......... 78% 3.15M 0s
[8.568s]   3200K .......... .......... .......... .......... .......... 79% 3.04M 0s
[8.578s]   3250K .......... .......... .......... .......... .......... 80% 6.79M 0s
[8.579s]   3300K .......... .......... .......... .......... .......... 81% 10.4M 0s
[8.585s]   3350K .......... .......... .......... .......... .......... 83% 6.37M 0s
[8.589s]   3400K .......... .......... .......... .......... .......... 84% 15.4M 0s
[8.598s]   3450K .......... .......... .......... .......... .......... 85% 3.57M 0s
[8.602s]   3500K .......... .......... .......... .......... .......... 86% 16.2M 0s
[8.611s]   3550K .......... .......... .......... .......... .......... 87% 5.23M 0s
[8.618s]   3600K .......... .......... .......... .......... .......... 89% 8.25M 0s
[8.627s]   3650K .......... .......... .......... .......... .......... 90% 6.86M 0s
[8.634s]   3700K .......... .......... .......... .......... .......... 91% 4.78M 0s
[8.639s]   3750K .......... .......... .......... .......... .......... 92% 9.53M 0s
[8.646s]   3800K .......... .......... .......... .......... .......... 93% 6.83M 0s
[8.652s]   3850K .......... .......... .......... .......... .......... 95% 8.92M 0s
[8.658s]   3900K .......... .......... .......... .......... .......... 96% 8.85M 0s
[8.672s]   3950K .......... .......... .......... .......... .......... 97% 11.0M 0s
[8.674s]   4000K .......... .......... .......... .......... .......... 98% 3.99M 0s
[8.682s] Checking MD5 sum of /home/safal/Desktop/unitreego2nav/build/multirobot_map_merge/map05.pgm
[8.682s]   4050K .......... .......... .......... .......... ......    100% 7.59M=1.0s
[8.682s] 
[8.682s] 2026-07-01 19:02:22 (3.93 MB/s) - ‘/home/safal/Desktop/unitreego2nav/build/multirobot_map_merge/map05.pgm’ saved [4194362/4194362]
[8.682s] 
[8.692s] /home/safal/Desktop/unitreego2nav/build/multirobot_map_merge/map05.pgm: OK
[8.704s] --2026-07-01 19:02:22--  https://raw.githubusercontent.com/hrnr/m-explore-extra/master/map_merge/gmapping_maps/2011-08-09-12-22-52.pgm
[8.705s] Resolving raw.githubusercontent.com (raw.githubusercontent.com)... 2606:50c0:8003::154, 2606:50c0:8002::154, 2606:50c0:8001::154, ...
[8.725s] Connecting to raw.githubusercontent.com (raw.githubusercontent.com)|2606:50c0:8003::154|:443... connected.
[16.691s] HTTP request sent, awaiting response... 200 OK
[16.691s] Length: 16000058 (15M) [application/octet-stream]
[16.691s] Saving to: ‘/home/safal/Desktop/unitreego2nav/build/multirobot_map_merge/2011-08-09-12-22-52.pgm’
[16.692s] 
[16.716s]      0K .......... .......... .......... .......... ..........  0% 1.93M 8s
[16.729s]     50K .......... .......... .......... .......... ..........  0% 3.69M 6s
[16.748s]    100K .......... .......... .......... .......... ..........  0% 2.62M 6s
[16.757s]    150K .......... .......... .......... .......... ..........  1% 5.50M 5s
[16.763s]    200K .......... .......... .......... .......... ..........  1% 8.20M 4s
[16.771s]    250K .......... .......... .......... .......... ..........  1% 5.97M 4s
[16.784s]    300K .......... .......... .......... .......... ..........  2% 3.70M 4s
[16.806s]    350K .......... .......... .......... .......... ..........  2% 2.81M 4s
[16.818s]    400K .......... .......... .......... .......... ..........  2% 2.92M 4s
[16.822s]    450K .......... .......... .......... .......... ..........  3% 13.0M 4s
[16.831s]    500K .......... .......... .......... .......... ..........  3% 5.56M 4s
[16.847s]    550K .......... .......... .......... .......... ..........  3% 2.97M 4s
[16.856s]    600K .......... .......... .......... .......... ..........  4% 5.66M 4s
[16.861s]    650K .......... .......... .......... .......... ..........  4% 9.71M 4s
[16.866s]    700K .......... .......... .......... .......... ..........  4% 9.13M 3s
[16.885s]    750K .......... .......... .......... .......... ..........  5% 2.57M 4s
[16.893s]    800K .......... .......... .......... .......... ..........  5% 6.52M 4s
[16.899s]    850K .......... .......... .......... .......... ..........  5% 7.72M 3s
[16.904s]    900K .......... .......... .......... .......... ..........  6% 10.3M 3s
[16.927s]    950K .......... .......... .......... .......... ..........  6% 2.08M 3s
[16.934s]   1000K .......... .......... .......... .......... ..........  6% 6.84M 3s
[16.945s]   1050K .......... .......... .......... .......... ..........  7% 4.55M 3s
[16.951s]   1100K .......... .......... .......... .......... ..........  7% 8.30M 3s
[16.963s]   1150K .......... .......... .......... .......... ..........  7% 4.87M 3s
[16.968s]   1200K .......... .......... .......... .......... ..........  7% 6.83M 3s
[16.978s]   1250K .......... .......... .......... .......... ..........  8% 4.86M 3s
[16.985s]   1300K .......... .......... .......... .......... ..........  8% 6.94M 3s
[16.992s]   1350K .......... .......... .......... .......... ..........  8% 6.71M 3s
[17.000s]   1400K .......... .......... .......... .......... ..........  9% 6.31M 3s
[17.004s]   1450K .......... .......... .......... .......... ..........  9% 12.0M 3s
[17.019s]   1500K .......... .......... .......... .......... ..........  9% 3.40M 3s
[17.026s]   1550K .......... .......... .......... .......... .......... 10% 6.63M 3s
[17.032s]   1600K .......... .......... .......... .......... .......... 10% 8.31M 3s
[17.041s]   1650K .......... .......... .......... .......... .......... 10% 5.39M 3s
[17.048s]   1700K .......... .......... .......... .......... .......... 11% 6.49M 3s
[17.057s]   1750K .......... .......... .......... .......... .......... 11% 5.93M 3s
[17.064s]   1800K .......... .......... .......... .......... .......... 11% 6.97M 3s
[17.070s]   1850K .......... .......... .......... .......... .......... 12% 7.41M 3s
[17.071s]   1900K .......... .......... .......... .......... .......... 12% 84.4M 3s
[17.098s]   1950K .......... .......... .......... .......... .......... 12% 1.80M 3s
[17.099s]   2000K .......... .......... .......... .......... .......... 13% 35.5M 3s
[17.108s]   2050K .......... .......... .......... .......... .......... 13% 5.80M 3s
[17.108s]   2100K .......... .......... .......... .......... .......... 13% 58.3M 3s
[17.118s]   2150K .......... .......... .......... .......... .......... 14% 5.35M 3s
[17.143s]   2200K .......... .......... .......... .......... .......... 14% 1.91M 3s
[17.153s]   2250K .......... .......... .......... .......... .......... 14% 5.13M 3s
[17.154s]   2300K .......... .......... .......... .......... .......... 15% 40.1M 3s
[17.162s]   2350K .......... .......... .......... .......... .......... 15% 6.14M 3s
[17.169s]   2400K .......... .......... .......... .......... .......... 15% 7.42M 3s
[17.178s]   2450K .......... .......... .......... .......... .......... 15% 4.99M 3s
[17.184s]   2500K .......... .......... .......... .......... .......... 16% 8.14M 3s
[17.191s]   2550K .......... .......... .......... .......... .......... 16% 6.70M 3s
[17.192s]   2600K .......... .......... .......... .......... .......... 16%  179M 2s
[17.197s]   2650K .......... .......... .......... .......... .......... 17% 9.20M 2s
[17.200s]   2700K .......... .......... .......... .......... .......... 17% 17.6M 2s
[17.216s]   2750K .......... .......... .......... .......... .......... 17% 2.95M 2s
[17.225s]   2800K .......... .......... .......... .......... .......... 18% 6.04M 2s
[17.231s]   2850K .......... .......... .......... .......... .......... 18% 7.94M 2s
[17.231s]   2900K .......... .......... .......... .......... .......... 18%  132M 2s
[17.235s]   2950K .......... .......... .......... .......... .......... 19% 11.8M 2s
[17.238s]   3000K .......... .......... .......... .......... .......... 19% 15.5M 2s
[17.246s]   3050K .......... .......... .......... .......... .......... 19% 6.88M 2s
[17.254s]   3100K .......... .......... .......... .......... .......... 20% 5.71M 2s
[17.262s]   3150K .......... .......... .......... .......... .......... 20% 6.13M 2s
[17.268s]   3200K .......... .......... .......... .......... .......... 20% 7.88M 2s
[17.269s]   3250K .......... .......... .......... .......... .......... 21% 65.4M 2s
[17.273s]   3300K .......... .......... .......... .......... .......... 21% 11.9M 2s
[17.274s]   3350K .......... .......... .......... .......... .......... 21% 72.5M 2s
[17.283s]   3400K .......... .......... .......... .......... .......... 22% 5.59M 2s
[17.285s]   3450K .......... .......... .......... .......... .......... 22% 18.8M 2s
[17.297s]   3500K .......... .......... .......... .......... .......... 22% 3.93M 2s
[17.298s]   3550K .......... .......... .......... .......... .......... 23% 61.0M 2s
[17.304s]   3600K .......... .......... .......... .......... .......... 23% 8.41M 2s
[17.305s]   3650K .......... .......... .......... .......... .......... 23% 47.5M 2s
[17.311s]   3700K .......... .......... .......... .......... .......... 23% 8.72M 2s
[17.313s]   3750K .......... .......... .......... .......... .......... 24% 20.9M 2s
[17.318s]   3800K .......... .......... .......... .......... .......... 24% 10.6M 2s
[17.326s]   3850K .......... .......... .......... .......... .......... 24% 6.17M 2s
[17.334s]   3900K .......... .......... .......... .......... .......... 25% 6.03M 2s
[17.339s]   3950K .......... .......... .......... .......... .......... 25% 9.46M 2s
[17.341s]   4000K .......... .......... .......... .......... .......... 25% 18.5M 2s
[17.345s]   4050K .......... .......... .......... .......... .......... 26% 14.9M 2s
[17.348s]   4100K .......... .......... .......... .......... .......... 26% 15.6M 2s
[17.351s]   4150K .......... .......... .......... .......... .......... 26% 14.2M 2s
[17.355s]   4200K .......... .......... .......... .......... .......... 27% 14.4M 2s
[17.358s]   4250K .......... .......... .......... .......... .......... 27% 13.4M 2s
[17.380s]   4300K .......... .......... .......... .......... .......... 27% 2.29M 2s
[17.386s]   4350K .......... .......... .......... .......... .......... 28% 8.00M 2s
[17.387s]   4400K .......... .......... .......... .......... .......... 28% 60.2M 2s
[17.393s]   4450K .......... .......... .......... .......... .......... 28% 7.87M 2s
[17.393s]   4500K .......... .......... .......... .......... .......... 29% 62.9M 2s
[17.394s]   4550K .......... .......... .......... .......... .......... 29% 50.2M 2s
[17.397s]   4600K .......... .......... .......... .......... .......... 29% 17.8M 2s
[17.402s]   4650K .......... .......... .......... .......... .......... 30% 10.6M 2s
[17.423s]   4700K .......... .......... .......... .......... .......... 30% 2.33M 2s
[17.431s]   4750K .......... .......... .......... .......... .......... 30% 6.33M 2s
[17.431s]   4800K .......... .......... .......... .......... .......... 31% 60.4M 2s
[17.439s]   4850K .......... .......... .......... .......... .......... 31% 6.54M 2s
[17.450s]   4900K .......... .......... .......... .......... .......... 31% 4.44M 2s
[17.451s]   4950K .......... .......... .......... .......... .......... 31% 53.2M 2s
[17.452s]   5000K .......... .......... .......... .......... .......... 32% 50.3M 2s
[17.453s]   5050K .......... .......... .......... .......... .......... 32% 47.7M 2s
[17.460s]   5100K .......... .......... .......... .......... .......... 32% 6.46M 2s
[17.461s]   5150K .......... .......... .......... .......... .......... 33% 51.6M 2s
[17.467s]   5200K .......... .......... .......... .......... .......... 33% 8.39M 2s
[17.473s]   5250K .......... .......... .......... .......... .......... 33% 8.66M 2s
[17.482s]   5300K .......... .......... .......... .......... .......... 34% 5.48M 2s
[17.490s]   5350K .......... .......... .......... .......... .......... 34% 6.10M 2s
[17.490s]   5400K .......... .......... .......... .......... .......... 34% 50.2M 1s
[17.496s]   5450K .......... .......... .......... .......... .......... 35% 9.59M 1s
[17.504s]   5500K .......... .......... .......... .......... .......... 35% 5.67M 1s
[17.505s]   5550K .......... .......... .......... .......... .......... 35% 60.3M 1s
[17.506s]   5600K .......... .......... .......... .......... .......... 36% 50.7M 1s
[17.507s]   5650K .......... .......... .......... .......... .......... 36% 48.3M 1s
[17.521s]   5700K .......... .......... .......... .......... .......... 36% 3.54M 1s
[17.540s]   5750K .......... .......... .......... .......... .......... 37% 2.60M 1s
[17.540s]   5800K .......... .......... .......... .......... .......... 37% 64.9M 1s
[17.544s]   5850K .......... .......... .......... .......... .......... 37% 13.4M 1s
[17.547s]   5900K .......... .......... .......... .......... .......... 38% 14.3M 1s
[17.548s]   5950K .......... .......... .......... .......... .......... 38% 61.4M 1s
[17.553s]   6000K .......... .......... .......... .......... .......... 38% 10.6M 1s
[17.560s]   6050K .......... .......... .......... .......... .......... 39% 6.70M 1s
[17.561s]   6100K .......... .......... .......... .......... .......... 39% 62.0M 1s
[17.582s]   6150K .......... .......... .......... .......... .......... 39% 2.35M 1s
[17.594s]   6200K .......... .......... .......... .......... .......... 39% 4.02M 1s
[17.595s]   6250K .......... .......... .......... .......... .......... 40% 49.3M 1s
[17.596s]   6300K .......... .......... .......... .......... .......... 40% 49.6M 1s
[17.606s]   6350K .......... .......... .......... .......... .......... 40% 4.94M 1s
[17.607s]   6400K .......... .......... .......... .......... .......... 41% 59.6M 1s
[17.607s]   6450K .......... .......... .......... .......... .......... 41% 48.5M 1s
[17.608s]   6500K .......... .......... .......... .......... .......... 41% 58.9M 1s
[17.609s]   6550K .......... .......... .......... .......... .......... 42% 52.9M 1s
[17.624s]   6600K .......... .......... .......... .......... .......... 42% 3.40M 1s
[17.634s]   6650K .......... .......... .......... .......... .......... 42% 4.52M 1s
[17.637s]   6700K .......... .......... .......... .......... .......... 43% 17.3M 1s
[17.644s]   6750K .......... .......... .......... .......... .......... 43% 7.17M 1s
[17.645s]   6800K .......... .......... .......... .......... .......... 43% 77.0M 1s
[17.657s]   6850K .......... .......... .......... .......... .......... 44% 4.06M 1s
[17.658s]   6900K .......... .......... .......... .......... .......... 44% 40.0M 1s
[17.661s]   6950K .......... .......... .......... .......... .......... 44% 17.3M 1s
[17.661s]   7000K .......... .......... .......... .......... .......... 45%  162M 1s
[17.666s]   7050K .......... .......... .......... .......... .......... 45% 9.88M 1s
[17.675s]   7100K .......... .......... .......... .......... .......... 45% 5.57M 1s
[17.680s]   7150K .......... .......... .......... .......... .......... 46% 8.96M 1s
[17.681s]   7200K .......... .......... .......... .......... .......... 46% 42.5M 1s
[17.687s]   7250K .......... .......... .......... .......... .......... 46% 8.78M 1s
[17.688s]   7300K .......... .......... .......... .......... .......... 47% 40.7M 1s
[17.703s]   7350K .......... .......... .......... .......... .......... 47% 5.21M 1s
[17.704s]   7400K .......... .......... .......... .......... .......... 47% 7.80M 1s
[17.704s]   7450K .......... .......... .......... .......... .......... 47%  126M 1s
[17.705s]   7500K .......... .......... .......... .......... .......... 48% 50.7M 1s
[17.706s]   7550K .......... .......... .......... .......... .......... 48% 59.6M 1s
[17.736s]   7600K .......... .......... .......... .......... .......... 48% 1.62M 1s
[17.737s]   7650K .......... .......... .......... .......... .......... 49% 62.4M 1s
[17.754s]   7700K .......... .......... .......... .......... .......... 49% 2.79M 1s
[17.755s]   7750K .......... .......... .......... .......... .......... 49% 59.7M 1s
[17.758s]   7800K .......... .......... .......... .......... .......... 50% 18.1M 1s
[17.765s]   7850K .......... .......... .......... .......... .......... 50% 7.23M 1s
[17.766s]   7900K .......... .......... .......... .......... .......... 50% 48.8M 1s
[17.775s]   7950K .......... .......... .......... .......... .......... 51% 5.35M 1s
[17.776s]   8000K .......... .......... .......... .......... .......... 51% 47.6M 1s
[17.777s]   8050K .......... .......... .......... .......... .......... 51% 63.7M 1s
[17.777s]   8100K .......... .......... .......... .......... .......... 52% 50.7M 1s
[17.804s]   8150K .......... .......... .......... .......... .......... 52% 2.08M 1s
[17.813s]   8200K .......... .......... .......... .......... .......... 52% 4.29M 1s
[17.813s]   8250K .......... .......... .......... .......... .......... 53% 41.1M 1s
[17.826s]   8300K .......... .......... .......... .......... .......... 53% 3.95M 1s
[17.827s]   8350K .......... .......... .......... .......... .......... 53% 40.0M 1s
[17.833s]   8400K .......... .......... .......... .......... .......... 54% 8.37M 1s
[17.834s]   8450K .......... .......... .......... .......... .......... 54% 41.8M 1s
[17.838s]   8500K .......... .......... .......... .......... .......... 54% 13.8M 1s
[17.848s]   8550K .......... .......... .......... .......... .......... 55% 39.9M 1s
[17.849s]   8600K .......... .......... .......... .......... .......... 55% 4.97M 1s
[17.852s]   8650K .......... .......... .......... .......... .......... 55% 15.7M 1s
[17.853s]   8700K .......... .......... .......... .......... .......... 55% 41.0M 1s
[17.856s]   8750K .......... .......... .......... .......... .......... 56% 19.4M 1s
[17.868s]   8800K .......... .......... .......... .......... .......... 56% 3.80M 1s
[17.869s]   8850K .......... .......... .......... .......... .......... 56%  147M 1s
[17.872s]   8900K .......... .......... .......... .......... .......... 57% 14.3M 1s
[17.894s]   8950K .......... .......... .......... .......... .......... 57% 2.25M 1s
[17.897s]   9000K .......... .......... .......... .......... .......... 57% 16.8M 1s
[17.902s]   9050K .......... .......... .......... .......... .......... 58% 9.65M 1s
[17.906s]   9100K .......... .......... .......... .......... .......... 58% 11.2M 1s
[17.907s]   9150K .......... .......... .......... .......... .......... 58% 40.1M 1s
[17.916s]   9200K .......... .......... .......... .......... .......... 59% 6.30M 1s
[17.916s]   9250K .......... .......... .......... .......... .......... 59%  123M 1s
[17.923s]   9300K .......... .......... .......... .......... .......... 59% 6.34M 1s
[17.924s]   9350K .......... .......... .......... .......... .......... 60% 42.1M 1s
[17.925s]   9400K .......... .......... .......... .......... .......... 60% 46.9M 1s
[17.932s]   9450K .......... .......... .......... .......... .......... 60% 7.82M 1s
[17.934s]   9500K .......... .......... .......... .......... .......... 61% 25.7M 1s
[17.945s]   9550K .......... .......... .......... .......... .......... 61% 4.22M 1s
[17.949s]   9600K .......... .......... .......... .......... .......... 61% 15.1M 1s
[17.951s]   9650K .......... .......... .......... .......... .......... 62% 18.2M 1s
[17.955s]   9700K .......... .......... .......... .......... .......... 62% 14.0M 1s
[17.959s]   9750K .......... .......... .......... .......... .......... 62% 11.0M 1s
[17.960s]   9800K .......... .......... .......... .......... .......... 63% 44.9M 1s
[17.981s]   9850K .......... .......... .......... .......... .......... 63% 2.38M 1s
[17.981s]   9900K .......... .......... .......... .......... .......... 63%  155M 1s
[17.981s]   9950K .......... .......... .......... .......... .......... 63%  114M 1s
[17.982s]  10000K .......... .......... .......... .......... .......... 64% 47.1M 1s
[17.983s]  10050K .......... .......... .......... .......... .......... 64% 59.5M 1s
[17.984s]  10100K .......... .......... .......... .......... .......... 64% 50.2M 1s
[17.987s]  10150K .......... .......... .......... .......... .......... 65% 18.2M 1s
[17.987s]  10200K .......... .......... .......... .......... .......... 65%  173M 1s
[17.993s]  10250K .......... .......... .......... .......... .......... 65% 9.03M 1s
[18.004s]  10300K .......... .......... .......... .......... .......... 66% 4.49M 1s
[18.004s]  10350K .......... .......... .......... .......... .......... 66% 61.6M 1s
[18.005s]  10400K .......... .......... .......... .......... .......... 66% 50.4M 1s
[18.010s]  10450K .......... .......... .......... .......... .......... 67% 10.1M 1s
[18.019s]  10500K .......... .......... .......... .......... .......... 67% 5.69M 1s
[18.020s]  10550K .......... .......... .......... .......... .......... 67% 57.2M 1s
[18.021s]  10600K .......... .......... .......... .......... .......... 68% 50.6M 1s
[18.021s]  10650K .......... .......... .......... .......... .......... 68% 60.4M 1s
[18.049s]  10700K .......... .......... .......... .......... .......... 68% 1.77M 1s
[18.050s]  10750K .......... .......... .......... .......... .......... 69%  149M 1s
[18.052s]  10800K .......... .......... .......... .......... .......... 69% 15.8M 1s
[18.055s]  10850K .......... .......... .......... .......... .......... 69% 17.1M 1s
[18.056s]  10900K .......... .......... .......... .......... .......... 70%  110M 1s
[18.060s]  10950K .......... .......... .......... .......... .......... 70% 12.7M 1s
[18.066s]  11000K .......... .......... .......... .......... .......... 70% 8.04M 1s
[18.085s]  11050K .......... .......... .......... .......... .......... 71% 2.52M 1s
[18.095s]  11100K .......... .......... .......... .......... .......... 71% 5.06M 1s
[18.096s]  11150K .......... .......... .......... .......... .......... 71% 40.0M 1s
[18.125s]  11200K .......... .......... .......... .......... .......... 71% 1.69M 1s
[18.131s]  11250K .......... .......... .......... .......... .......... 72% 7.64M 1s
[18.133s]  11300K .......... .......... .......... .......... .......... 72% 21.2M 1s
[18.140s]  11350K .......... .......... .......... .......... .......... 72% 8.28M 1s
[18.147s]  11400K .......... .......... .......... .......... .......... 73% 6.35M 1s
[18.148s]  11450K .......... .......... .......... .......... .......... 73% 38.2M 1s
[18.152s]  11500K .......... .......... .......... .......... .......... 73% 13.7M 1s
[18.159s]  11550K .......... .......... .......... .......... .......... 74% 6.97M 1s
[18.167s]  11600K .......... .......... .......... .......... .......... 74% 5.83M 1s
[18.168s]  11650K .......... .......... .......... .......... .......... 74% 45.4M 0s
[18.173s]  11700K .......... .......... .......... .......... .......... 75% 9.85M 0s
[18.177s]  11750K .......... .......... .......... .......... .......... 75% 13.6M 0s
[18.189s]  11800K .......... .......... .......... .......... .......... 75% 3.95M 0s
[18.190s]  11850K .......... .......... .......... .......... .......... 76%  140M 0s
[18.192s]  11900K .......... .......... .......... .......... .......... 76% 21.0M 0s
[18.192s]  11950K .......... .......... .......... .......... .......... 76%  122M 0s
[18.194s]  12000K .......... .......... .......... .......... .......... 77% 28.1M 0s
[18.194s]  12050K .......... .......... .......... .......... .......... 77%  102M 0s
[18.206s]  12100K .......... .......... .......... .......... .......... 77% 4.41M 0s
[18.208s]  12150K .......... .......... .......... .......... .......... 78% 24.6M 0s
[18.208s]  12200K .......... .......... .......... .......... .......... 78%  148M 0s
[18.220s]  12250K .......... .......... .......... .......... .......... 78% 3.94M 0s
[18.225s]  12300K .......... .......... .......... .......... .......... 79% 9.74M 0s
[18.249s]  12350K .......... .......... .......... .......... .......... 79% 2.10M 0s
[18.249s]  12400K .......... .......... .......... .......... .......... 79%  157M 0s
[18.252s]  12450K .......... .......... .......... .......... .......... 79% 18.1M 0s
[18.252s]  12500K .......... .......... .......... .......... .......... 80%  160M 0s
[18.255s]  12550K .......... .......... .......... .......... .......... 80% 18.3M 0s
[18.256s]  12600K .......... .......... .......... .......... .......... 80% 30.3M 0s
[18.258s]  12650K .......... .......... .......... .......... .......... 81% 24.5M 0s
[18.259s]  12700K .......... .......... .......... .......... .......... 81%  101M 0s
[18.264s]  12750K .......... .......... .......... .......... .......... 81% 18.4M 0s
[18.265s]  12800K .......... .......... .......... .......... .......... 82%  135M 0s
[18.269s]  12850K .......... .......... .......... .......... .......... 82% 50.5M 0s
[18.271s]  12900K .......... .......... .......... .......... .......... 82% 6.04M 0s
[18.271s]  12950K .......... .......... .......... .......... .......... 83%  142M 0s
[18.284s]  13000K .......... .......... .......... .......... .......... 83% 3.68M 0s
[18.296s]  13050K .......... .......... .......... .......... .......... 83% 4.37M 0s
[18.315s]  13100K .......... .......... .......... .......... .......... 84% 2.47M 0s
[18.316s]  13150K .......... .......... .......... .......... .......... 84%  167M 0s
[18.318s]  13200K .......... .......... .......... .......... .......... 84% 16.8M 0s
[18.319s]  13250K .......... .......... .......... .......... .......... 85%  157M 0s
[18.328s]  13300K .......... .......... .......... .......... .......... 85% 5.24M 0s
[18.338s]  13350K .......... .......... .......... .......... .......... 85% 5.17M 0s
[18.338s]  13400K .......... .......... .......... .......... .......... 86% 61.5M 0s
[18.340s]  13450K .......... .......... .......... .......... .......... 86% 39.3M 0s
[18.341s]  13500K .......... .......... .......... .......... .......... 86% 53.9M 0s
[18.343s]  13550K .......... .......... .......... .......... .......... 87% 18.6M 0s
[18.344s]  13600K .......... .......... .......... .......... .......... 87% 44.3M 0s
[18.344s]  13650K .......... .......... .......... .......... .......... 87%  170M 0s
[18.347s]  13700K .......... .......... .......... .......... .......... 87% 23.8M 0s
[18.352s]  13750K .......... .......... .......... .......... .......... 88% 8.97M 0s
[18.354s]  13800K .......... .......... .......... .......... .......... 88% 22.5M 0s
[18.380s]  13850K .......... .......... .......... .......... .......... 88% 1.87M 0s
[18.383s]  13900K .......... .......... .......... .......... .......... 89% 17.1M 0s
[18.387s]  13950K .......... .......... .......... .......... .......... 89% 13.8M 0s
[18.394s]  14000K .......... .......... .......... .......... .......... 89% 6.41M 0s
[18.395s]  14050K .......... .......... .......... .......... .......... 90%  157M 0s
[18.401s]  14100K .......... .......... .......... .......... .......... 90% 7.76M 0s
[18.402s]  14150K .......... .......... .......... .......... .......... 90% 56.4M 0s
[18.405s]  14200K .......... .......... .......... .......... .......... 91% 17.8M 0s
[18.412s]  14250K .......... .......... .......... .......... .......... 91% 6.97M 0s
[18.412s]  14300K .......... .......... .......... .......... .......... 91% 53.9M 0s
[18.416s]  14350K .......... .......... .......... .......... .......... 92% 19.0M 0s
[18.416s]  14400K .......... .......... .......... .......... .......... 92%  130M 0s
[18.425s]  14450K .......... .......... .......... .......... .......... 92% 4.97M 0s
[18.426s]  14500K .......... .......... .......... .......... .......... 93% 53.1M 0s
[18.427s]  14550K .......... .......... .......... .......... .......... 93% 45.1M 0s
[18.428s]  14600K .......... .......... .......... .......... .......... 93% 54.8M 0s
[18.430s]  14650K .......... .......... .......... .......... .......... 94% 28.4M 0s
[18.430s]  14700K .......... .......... .......... .......... .......... 94% 70.6M 0s
[18.431s]  14750K .......... .......... .......... .......... .......... 94% 49.4M 0s
[18.442s]  14800K .......... .......... .......... .......... .......... 95% 4.86M 0s
[18.442s]  14850K .......... .......... .......... .......... .......... 95% 53.2M 0s
[18.443s]  14900K .......... .......... .......... .......... .......... 95% 45.6M 0s
[18.458s]  14950K .......... .......... .......... .......... .......... 95% 3.43M 0s
[18.462s]  15000K .......... .......... .......... .......... .......... 96% 11.4M 0s
[18.471s]  15050K .......... .......... .......... .......... .......... 96% 5.43M 0s
[18.472s]  15100K .......... .......... .......... .......... .......... 96% 60.5M 0s
[18.475s]  15150K .......... .......... .......... .......... .......... 97% 17.8M 0s
[18.475s]  15200K .......... .......... .......... .......... .......... 97%  204M 0s
[18.476s]  15250K .......... .......... .......... .......... .......... 97% 60.4M 0s
[18.485s]  15300K .......... .......... .......... .......... .......... 98% 5.21M 0s
[18.486s]  15350K .......... .......... .......... .......... .......... 98% 50.3M 0s
[18.487s]  15400K .......... .......... .......... .......... .......... 98% 46.3M 0s
[18.488s]  15450K .......... .......... .......... .......... .......... 99% 44.4M 0s
[18.490s]  15500K .......... .......... .......... .......... .......... 99% 21.6M 0s
[18.491s]  15550K .......... .......... .......... .......... .......... 99%  135M 0s
[18.491s]  15600K .......... .......... .....                           100% 59.9M=1.8s
[18.491s] 
[18.491s] 2026-07-01 19:02:32 (8.47 MB/s) - ‘/home/safal/Desktop/unitreego2nav/build/multirobot_map_merge/2011-08-09-12-22-52.pgm’ saved [16000058/16000058]
[18.492s] 
[18.505s] Checking MD5 sum of /home/safal/Desktop/unitreego2nav/build/multirobot_map_merge/2011-08-09-12-22-52.pgm
[18.541s] /home/safal/Desktop/unitreego2nav/build/multirobot_map_merge/2011-08-09-12-22-52.pgm: OK
[18.550s] --2026-07-01 19:02:32--  https://raw.githubusercontent.com/hrnr/m-explore-extra/master/map_merge/gmapping_maps/2012-01-28-11-12-01.pgm
[18.555s] Resolving raw.githubusercontent.com (raw.githubusercontent.com)... 2606:50c0:8000::154, 2606:50c0:8003::154, 2606:50c0:8001::154, ...
[18.576s] Connecting to raw.githubusercontent.com (raw.githubusercontent.com)|2606:50c0:8000::154|:443... connected.
[20.983s] HTTP request sent, awaiting response... 200 OK
[20.983s] Length: 16000058 (15M) [application/octet-stream]
[20.983s] Saving to: ‘/home/safal/Desktop/unitreego2nav/build/multirobot_map_merge/2012-01-28-11-12-01.pgm’
[20.983s] 
[21.015s]      0K .......... .......... .......... .......... ..........  0% 1.76M 9s
[21.028s]     50K .......... .......... .......... .......... ..........  0% 2.84M 7s
[21.045s]    100K .......... .......... .......... .......... ..........  0% 2.76M 6s
[21.058s]    150K .......... .......... .......... .......... ..........  1% 3.86M 6s
[21.061s]    200K .......... .......... .......... .......... ..........  1% 18.8M 5s
[21.062s]    250K .......... .......... .......... .......... ..........  1% 46.1M 4s
[21.073s]    300K .......... .......... .......... .......... ..........  2% 4.15M 4s
[21.089s]    350K .......... .......... .......... .......... ..........  2% 9.86M 4s
[21.101s]    400K .......... .......... .......... .......... ..........  2% 2.18M 4s
[21.102s]    450K .......... .......... .......... .......... ..........  3% 56.5M 4s
[21.103s]    500K .......... .......... .......... .......... ..........  3% 45.0M 3s
[21.109s]    550K .......... .......... .......... .......... ..........  3% 7.88M 3s
[21.110s]    600K .......... .......... .......... .......... ..........  4% 51.0M 3s
[21.111s]    650K .......... .......... .......... .......... ..........  4% 46.3M 3s
[21.116s]    700K .......... .......... .......... .......... ..........  4% 8.88M 3s
[21.132s]    750K .......... .......... .......... .......... ..........  5% 3.25M 3s
[21.138s]    800K .......... .......... .......... .......... ..........  5% 6.99M 3s
[21.142s]    850K .......... .......... .......... .......... ..........  5% 15.7M 3s
[21.148s]    900K .......... .......... .......... .......... ..........  6% 7.42M 3s
[21.149s]    950K .......... .......... .......... .......... ..........  6% 61.2M 2s
[21.153s]   1000K .......... .......... .......... .......... ..........  6% 13.0M 2s
[21.154s]   1050K .......... .......... .......... .......... ..........  7% 51.3M 2s
[21.158s]   1100K .......... .......... .......... .......... ..........  7% 10.5M 2s
[21.178s]   1150K .......... .......... .......... .......... ..........  7% 3.03M 2s
[21.179s]   1200K .......... .......... .......... .......... ..........  7% 10.4M 2s
[21.190s]   1250K .......... .......... .......... .......... ..........  8% 4.45M 2s
[21.191s]   1300K .......... .......... .......... .......... ..........  8% 52.1M 2s
[21.192s]   1350K .......... .......... .......... .......... ..........  8% 45.8M 2s
[21.202s]   1400K .......... .......... .......... .......... ..........  9% 4.74M 2s
[21.205s]   1450K .......... .......... .......... .......... ..........  9% 20.2M 2s
[21.224s]   1500K .......... .......... .......... .......... ..........  9% 2.62M 2s
[21.227s]   1550K .......... .......... .......... .......... .......... 10% 13.7M 2s
[21.236s]   1600K .......... .......... .......... .......... .......... 10% 5.42M 2s
[21.247s]   1650K .......... .......... .......... .......... .......... 10% 4.40M 2s
[21.249s]   1700K .......... .......... .......... .......... .......... 11% 27.0M 2s
[21.249s]   1750K .......... .......... .......... .......... .......... 11%  100M 2s
[21.256s]   1800K .......... .......... .......... .......... .......... 11% 8.02M 2s
[21.260s]   1850K .......... .......... .......... .......... .......... 12% 11.1M 2s
[21.261s]   1900K .......... .......... .......... .......... .......... 12% 46.3M 2s
[21.266s]   1950K .......... .......... .......... .......... .......... 12% 10.6M 2s
[21.272s]   2000K .......... .......... .......... .......... .......... 13% 8.37M 2s
[21.286s]   2050K .......... .......... .......... .......... .......... 13% 3.30M 2s
[21.308s]   2100K .......... .......... .......... .......... .......... 13% 2.25M 2s
[21.309s]   2150K .......... .......... .......... .......... .......... 14% 65.5M 2s
[21.310s]   2200K .......... .......... .......... .......... .......... 14% 35.1M 2s
[21.311s]   2250K .......... .......... .......... .......... .......... 14% 82.4M 2s
[21.311s]   2300K .......... .......... .......... .......... .......... 15% 50.6M 2s
[21.312s]   2350K .......... .......... .......... .......... .......... 15% 64.0M 2s
[21.316s]   2400K .......... .......... .......... .......... .......... 15% 12.0M 2s
[21.329s]   2450K .......... .......... .......... .......... .......... 15% 3.95M 2s
[21.329s]   2500K .......... .......... .......... .......... .......... 16% 65.1M 2s
[21.344s]   2550K .......... .......... .......... .......... .......... 16% 5.16M 2s
[21.368s]   2600K .......... .......... .......... .......... .......... 16% 1.72M 2s
[21.368s]   2650K .......... .......... .......... .......... .......... 17% 67.2M 2s
[21.373s]   2700K .......... .......... .......... .......... .......... 17% 11.2M 2s
[21.373s]   2750K .......... .......... .......... .......... .......... 17% 64.0M 2s
[21.374s]   2800K .......... .......... .......... .......... .......... 18% 46.0M 2s
[21.375s]   2850K .......... .......... .......... .......... .......... 18% 51.6M 2s
[21.376s]   2900K .......... .......... .......... .......... .......... 18% 60.7M 2s
[21.379s]   2950K .......... .......... .......... .......... .......... 19% 18.5M 2s
[21.405s]   3000K .......... .......... .......... .......... .......... 19% 1.85M 2s
[21.411s]   3050K .......... .......... .......... .......... .......... 19% 8.31M 2s
[21.415s]   3100K .......... .......... .......... .......... .......... 20% 11.7M 2s
[21.423s]   3150K .......... .......... .......... .......... .......... 20% 6.69M 2s
[21.423s]   3200K .......... .......... .......... .......... .......... 20% 60.4M 2s
[21.430s]   3250K .......... .......... .......... .......... .......... 21% 7.51M 2s
[21.431s]   3300K .......... .......... .......... .......... .......... 21% 59.7M 2s
[21.438s]   3350K .......... .......... .......... .......... .......... 21% 7.39M 2s
[21.442s]   3400K .......... .......... .......... .......... .......... 22% 11.4M 2s
[21.456s]   3450K .......... .......... .......... .......... .......... 22% 3.27M 2s
[21.459s]   3500K .......... .......... .......... .......... .......... 22% 15.7M 2s
[21.473s]   3550K .......... .......... .......... .......... .......... 23% 3.83M 2s
[21.473s]   3600K .......... .......... .......... .......... .......... 23% 56.0M 2s
[21.474s]   3650K .......... .......... .......... .......... .......... 23% 51.3M 2s
[21.478s]   3700K .......... .......... .......... .......... .......... 23% 12.1M 2s
[21.496s]   3750K .......... .......... .......... .......... .......... 24% 2.77M 2s
[21.497s]   3800K .......... .......... .......... .......... .......... 24% 49.0M 2s
[21.498s]   3850K .......... .......... .......... .......... .......... 24% 50.8M 2s
[21.498s]   3900K .......... .......... .......... .......... .......... 25% 60.4M 2s
[21.500s]   3950K .......... .......... .......... .......... .......... 25% 50.1M 2s
[21.506s]   4000K .......... .......... .......... .......... .......... 25% 7.65M 1s
[21.514s]   4050K .......... .......... .......... .......... .......... 26% 6.43M 1s
[21.514s]   4100K .......... .......... .......... .......... .......... 26% 51.5M 1s
[21.522s]   4150K .......... .......... .......... .......... .......... 26% 7.06M 1s
[21.531s]   4200K .......... .......... .......... .......... .......... 27% 5.14M 1s
[21.532s]   4250K .......... .......... .......... .......... .......... 27% 60.6M 1s
[21.533s]   4300K .......... .......... .......... .......... .......... 27% 51.0M 1s
[21.538s]   4350K .......... .......... .......... .......... .......... 28% 9.05M 1s
[21.539s]   4400K .......... .......... .......... .......... .......... 28% 56.5M 1s
[21.549s]   4450K .......... .......... .......... .......... .......... 28% 4.91M 1s
[21.550s]   4500K .......... .......... .......... .......... .......... 29% 62.5M 1s
[21.551s]   4550K .......... .......... .......... .......... .......... 29% 50.6M 1s
[21.552s]   4600K .......... .......... .......... .......... .......... 29% 46.8M 1s
[21.556s]   4650K .......... .......... .......... .......... .......... 30% 12.0M 1s
[21.576s]   4700K .......... .......... .......... .......... .......... 30% 2.48M 1s
[21.576s]   4750K .......... .......... .......... .......... .......... 30% 60.0M 1s
[21.592s]   4800K .......... .......... .......... .......... .......... 31% 3.13M 1s
[21.592s]   4850K .......... .......... .......... .......... .......... 31%  105M 1s
[21.593s]   4900K .......... .......... .......... .......... .......... 31% 91.1M 1s
[21.603s]   4950K .......... .......... .......... .......... .......... 31% 5.08M 1s
[21.603s]   5000K .......... .......... .......... .......... .......... 32% 46.6M 1s
[21.604s]   5050K .......... .......... .......... .......... .......... 32% 59.8M 1s
[21.605s]   5100K .......... .......... .......... .......... .......... 32% 50.2M 1s
[21.609s]   5150K .......... .......... .......... .......... .......... 33% 11.7M 1s
[21.611s]   5200K .......... .......... .......... .......... .......... 33% 38.9M 1s
[21.616s]   5250K .......... .......... .......... .......... .......... 33% 8.77M 1s
[21.617s]   5300K .......... .......... .......... .......... .......... 34% 58.3M 1s
[21.627s]   5350K .......... .......... .......... .......... .......... 34% 4.95M 1s
[21.630s]   5400K .......... .......... .......... .......... .......... 34% 16.8M 1s
[21.637s]   5450K .......... .......... .......... .......... .......... 35% 7.18M 1s
[21.638s]   5500K .......... .......... .......... .......... .......... 35% 60.6M 1s
[21.645s]   5550K .......... .......... .......... .......... .......... 35% 6.90M 1s
[21.645s]   5600K .......... .......... .......... .......... .......... 36% 58.7M 1s
[21.646s]   5650K .......... .......... .......... .......... .......... 36% 46.1M 1s
[21.659s]   5700K .......... .......... .......... .......... .......... 36% 4.06M 1s
[21.660s]   5750K .......... .......... .......... .......... .......... 37% 62.9M 1s
[21.660s]   5800K .......... .......... .......... .......... .......... 37% 47.5M 1s
[21.661s]   5850K .......... .......... .......... .......... .......... 37% 62.1M 1s
[21.662s]   5900K .......... .......... .......... .......... .......... 38% 50.1M 1s
[21.663s]   5950K .......... .......... .......... .......... .......... 38% 51.4M 1s
[21.689s]   6000K .......... .......... .......... .......... .......... 38% 1.87M 1s
[21.690s]   6050K .......... .......... .......... .......... .......... 39% 58.7M 1s
[21.697s]   6100K .......... .......... .......... .......... .......... 39% 6.76M 1s
[21.697s]   6150K .......... .......... .......... .......... .......... 39%  172M 1s
[21.705s]   6200K .......... .......... .......... .......... .......... 39% 6.35M 1s
[21.707s]   6250K .......... .......... .......... .......... .......... 40% 32.6M 1s
[21.707s]   6300K .......... .......... .......... .......... .......... 40% 90.2M 1s
[21.708s]   6350K .......... .......... .......... .......... .......... 40% 50.0M 1s
[21.717s]   6400K .......... .......... .......... .......... .......... 41% 5.41M 1s
[21.718s]   6450K .......... .......... .......... .......... .......... 41% 58.5M 1s
[21.719s]   6500K .......... .......... .......... .......... .......... 41% 48.8M 1s
[21.720s]   6550K .......... .......... .......... .......... .......... 42% 60.1M 1s
[21.721s]   6600K .......... .......... .......... .......... .......... 42% 48.7M 1s
[21.742s]   6650K .......... .......... .......... .......... .......... 42% 2.29M 1s
[21.758s]   6700K .......... .......... .......... .......... .......... 43% 3.02M 1s
[21.759s]   6750K .......... .......... .......... .......... .......... 43%  116M 1s
[21.759s]   6800K .......... .......... .......... .......... .......... 43% 74.5M 1s
[21.760s]   6850K .......... .......... .......... .......... .......... 44% 60.7M 1s
[21.763s]   6900K .......... .......... .......... .......... .......... 44% 17.2M 1s
[21.763s]   6950K .......... .......... .......... .......... .......... 44%  161M 1s
[21.771s]   7000K .......... .......... .......... .......... .......... 45% 6.23M 1s
[21.773s]   7050K .......... .......... .......... .......... .......... 45% 25.3M 1s
[21.773s]   7100K .......... .......... .......... .......... .......... 45%  155M 1s
[21.774s]   7150K .......... .......... .......... .......... .......... 46%  111M 1s
[21.776s]   7200K .......... .......... .......... .......... .......... 46% 29.8M 1s
[21.795s]   7250K .......... .......... .......... .......... .......... 46% 2.48M 1s
[21.803s]   7300K .......... .......... .......... .......... .......... 47% 6.06M 1s
[21.817s]   7350K .......... .......... .......... .......... .......... 47% 3.71M 1s
[21.819s]   7400K .......... .......... .......... .......... .......... 47% 20.0M 1s
[21.822s]   7450K .......... .......... .......... .......... .......... 47% 16.7M 1s
[21.822s]   7500K .......... .......... .......... .......... .......... 48%  173M 1s
[21.827s]   7550K .......... .......... .......... .......... .......... 48% 9.98M 1s
[21.841s]   7600K .......... .......... .......... .......... .......... 48% 3.44M 1s
[21.842s]   7650K .......... .......... .......... .......... .......... 49%  148M 1s
[21.843s]   7700K .......... .......... .......... .......... .......... 49% 33.2M 1s
[21.843s]   7750K .......... .......... .......... .......... .......... 49%  122M 1s
[21.844s]   7800K .......... .......... .......... .......... .......... 50% 80.1M 1s
[21.845s]   7850K .......... .......... .......... .......... .......... 50% 64.9M 1s
[21.847s]   7900K .......... .......... .......... .......... .......... 50% 26.1M 1s
[21.871s]   7950K .......... .......... .......... .......... .......... 51% 2.04M 1s
[21.876s]   8000K .......... .......... .......... .......... .......... 51% 9.73M 1s
[21.876s]   8050K .......... .......... .......... .......... .......... 51% 69.9M 1s
[21.883s]   8100K .......... .......... .......... .......... .......... 52% 7.43M 1s
[21.884s]   8150K .......... .......... .......... .......... .......... 52% 55.1M 1s
[21.885s]   8200K .......... .......... .......... .......... .......... 52% 54.0M 1s
[21.904s]   8250K .......... .......... .......... .......... .......... 53% 2.59M 1s
[21.904s]   8300K .......... .......... .......... .......... .......... 53% 51.6M 1s
[21.907s]   8350K .......... .......... .......... .......... .......... 53% 16.7M 1s
[21.919s]   8400K .......... .......... .......... .......... .......... 54% 4.31M 1s
[21.921s]   8450K .......... .......... .......... .......... .......... 54% 17.7M 1s
[21.922s]   8500K .......... .......... .......... .......... .......... 54% 60.4M 1s
[21.924s]   8550K .......... .......... .......... .......... .......... 55% 40.4M 1s
[21.924s]   8600K .......... .......... .......... .......... .......... 55% 50.5M 1s
[21.925s]   8650K .......... .......... .......... .......... .......... 55% 60.4M 1s
[21.929s]   8700K .......... .......... .......... .......... .......... 55% 13.4M 1s
[21.930s]   8750K .......... .......... .......... .......... .......... 56% 56.9M 1s
[21.932s]   8800K .......... .......... .......... .......... .......... 56% 20.0M 1s
[21.933s]   8850K .......... .......... .......... .......... .......... 56%  152M 1s
[21.933s]   8900K .......... .......... .......... .......... .......... 57% 65.3M 1s
[21.941s]   8950K .......... .......... .......... .......... .......... 57% 6.53M 1s
[21.944s]   9000K .......... .......... .......... .......... .......... 57% 13.8M 1s
[21.955s]   9050K .......... .......... .......... .......... .......... 58% 4.52M 1s
[21.958s]   9100K .......... .......... .......... .......... .......... 58% 16.7M 1s
[21.962s]   9150K .......... .......... .......... .......... .......... 58% 11.4M 1s
[21.980s]   9200K .......... .......... .......... .......... .......... 59% 2.80M 1s
[21.981s]   9250K .......... .......... .......... .......... .......... 59% 48.2M 1s
[21.982s]   9300K .......... .......... .......... .......... .......... 59% 48.7M 1s
[21.983s]   9350K .......... .......... .......... .......... .......... 60% 51.9M 1s
[21.985s]   9400K .......... .......... .......... .......... .......... 60% 27.7M 1s
[21.985s]   9450K .......... .......... .......... .......... .......... 60%  108M 1s
[21.986s]   9500K .......... .......... .......... .......... .......... 61%  111M 1s
[21.986s]   9550K .......... .......... .......... .......... .......... 61% 53.0M 1s
[21.992s]   9600K .......... .......... .......... .......... .......... 61% 8.36M 1s
[21.993s]   9650K .......... .......... .......... .......... .......... 62% 47.3M 1s
[21.994s]   9700K .......... .......... .......... .......... .......... 62% 51.0M 1s
[21.995s]   9750K .......... .......... .......... .......... .......... 62% 50.0M 1s
[22.015s]   9800K .......... .......... .......... .......... .......... 63% 2.48M 1s
[22.020s]   9850K .......... .......... .......... .......... .......... 63% 9.45M 1s
[22.021s]   9900K .......... .......... .......... .......... .......... 63% 64.2M 1s
[22.025s]   9950K .......... .......... .......... .......... .......... 63% 12.4M 1s
[22.062s]  10000K .......... .......... .......... .......... .......... 64% 65.8M 1s
[22.063s]  10050K .......... .......... .......... .......... .......... 64% 1.31M 1s
[22.063s]  10100K .......... .......... .......... .......... .......... 64%  156M 1s
[22.063s]  10150K .......... .......... .......... .......... .......... 65% 85.7M 1s
[22.064s]  10200K .......... .......... .......... .......... .......... 65% 54.8M 1s
[22.065s]  10250K .......... .......... .......... .......... .......... 65% 64.0M 1s
[22.066s]  10300K .......... .......... .......... .......... .......... 66% 55.2M 1s
[22.067s]  10350K .......... .......... .......... .......... .......... 66% 62.3M 1s
[22.068s]  10400K .......... .......... .......... .......... .......... 66% 54.6M 1s
[22.069s]  10450K .......... .......... .......... .......... .......... 67% 33.7M 1s
[22.070s]  10500K .......... .......... .......... .......... .......... 67% 70.0M 1s
[22.071s]  10550K .......... .......... .......... .......... .......... 67% 54.4M 1s
[22.072s]  10600K .......... .......... .......... .......... .......... 68% 44.5M 1s
[22.072s]  10650K .......... .......... .......... .......... .......... 68% 76.5M 1s
[22.075s]  10700K .......... .......... .......... .......... .......... 68% 20.9M 0s
[22.076s]  10750K .......... .......... .......... .......... .......... 69%  146M 0s
[22.097s]  10800K .......... .......... .......... .......... .......... 69% 2.22M 0s
[22.101s]  10850K .......... .......... .......... .......... .......... 69% 14.1M 0s
[22.107s]  10900K .......... .......... .......... .......... .......... 70% 8.34M 0s
[22.108s]  10950K .......... .......... .......... .......... .......... 70% 51.3M 0s
[22.116s]  11000K .......... .......... .......... .......... .......... 70% 5.98M 0s
[22.116s]  11050K .......... .......... .......... .......... .......... 71% 72.1M 0s
[22.119s]  11100K .......... .......... .......... .......... .......... 71% 22.1M 0s
[22.119s]  11150K .......... .......... .......... .......... .......... 71%  145M 0s
[22.131s]  11200K .......... .......... .......... .......... .......... 71% 4.08M 0s
[22.131s]  11250K .......... .......... .......... .......... .......... 72%  145M 0s
[22.132s]  11300K .......... .......... .......... .......... .......... 72% 92.0M 0s
[22.133s]  11350K .......... .......... .......... .......... .......... 72% 35.0M 0s
[22.133s]  11400K .......... .......... .......... .......... .......... 73%  149M 0s
[22.147s]  11450K .......... .......... .......... .......... .......... 73% 3.55M 0s
[22.148s]  11500K .......... .......... .......... .......... .......... 73% 58.1M 0s
[22.150s]  11550K .......... .......... .......... .......... .......... 74% 22.6M 0s
[22.151s]  11600K .......... .......... .......... .......... .......... 74%  160M 0s
[22.151s]  11650K .......... .......... .......... .......... .......... 74%  170M 0s
[22.151s]  11700K .......... .......... .......... .......... .......... 75% 69.5M 0s
[22.152s]  11750K .......... .......... .......... .......... .......... 75% 56.2M 0s
[22.154s]  11800K .......... .......... .......... .......... .......... 75% 65.6M 0s
[22.177s]  11850K .......... .......... .......... .......... .......... 76% 2.02M 0s
[22.188s]  11900K .......... .......... .......... .......... .......... 76% 4.77M 0s
[22.189s]  11950K .......... .......... .......... .......... .......... 76% 34.3M 0s
[22.189s]  12000K .......... .......... .......... .......... .......... 77%  184M 0s
[22.190s]  12050K .......... .......... .......... .......... .......... 77% 60.2M 0s
[22.191s]  12100K .......... .......... .......... .......... .......... 77% 64.5M 0s
[22.192s]  12150K .......... .......... .......... .......... .......... 78% 33.7M 0s
[22.210s]  12200K .......... .......... .......... .......... .......... 78% 2.75M 0s
[22.211s]  12250K .......... .......... .......... .......... .......... 78% 42.5M 0s
[22.220s]  12300K .......... .......... .......... .......... .......... 79% 5.41M 0s
[22.221s]  12350K .......... .......... .......... .......... .......... 79% 72.2M 0s
[22.222s]  12400K .......... .......... .......... .......... .......... 79% 54.0M 0s
[22.222s]  12450K .......... .......... .......... .......... .......... 79% 64.8M 0s
[22.226s]  12500K .......... .......... .......... .......... .......... 80% 12.2M 0s
[22.228s]  12550K .......... .......... .......... .......... .......... 80% 23.2M 0s
[22.229s]  12600K .......... .......... .......... .......... .......... 80% 55.4M 0s
[22.230s]  12650K .......... .......... .......... .......... .......... 81% 66.7M 0s
[22.231s]  12700K .......... .......... .......... .......... .......... 81% 44.0M 0s
[22.237s]  12750K .......... .......... .......... .......... .......... 81% 13.4M 0s
[22.246s]  12800K .......... .......... .......... .......... .......... 82% 4.57M 0s
[22.259s]  12850K .......... .......... .......... .......... .......... 82% 3.60M 0s
[22.262s]  12900K .......... .......... .......... .......... .......... 82% 18.0M 0s
[22.265s]  12950K .......... .......... .......... .......... .......... 83% 17.0M 0s
[22.291s]  13000K .......... .......... .......... .......... .......... 83% 1.84M 0s
[22.292s]  13050K .......... .......... .......... .......... .......... 83% 72.0M 0s
[22.293s]  13100K .......... .......... .......... .......... .......... 84% 44.8M 0s
[22.294s]  13150K .......... .......... .......... .......... .......... 84% 65.7M 0s
[22.296s]  13200K .......... .......... .......... .......... .......... 84% 26.3M 0s
[22.296s]  13250K .......... .......... .......... .......... .......... 85%  218M 0s
[22.296s]  13300K .......... .......... .......... .......... .......... 85% 77.7M 0s
[22.297s]  13350K .......... .......... .......... .......... .......... 85% 67.0M 0s
[22.305s]  13400K .......... .......... .......... .......... .......... 86% 5.92M 0s
[22.312s]  13450K .......... .......... .......... .......... .......... 86% 7.59M 0s
[22.312s]  13500K .......... .......... .......... .......... .......... 86%  145M 0s
[22.313s]  13550K .......... .......... .......... .......... .......... 87%  115M 0s
[22.313s]  13600K .......... .......... .......... .......... .......... 87% 92.9M 0s
[22.314s]  13650K .......... .......... .......... .......... .......... 87% 56.2M 0s
[22.317s]  13700K .......... .......... .......... .......... .......... 87% 16.1M 0s
[22.318s]  13750K .......... .......... .......... .......... .......... 88% 64.0M 0s
[22.319s]  13800K .......... .......... .......... .......... .......... 88% 54.3M 0s
[22.350s]  13850K .......... .......... .......... .......... .......... 88% 1.55M 0s
[22.360s]  13900K .......... .......... .......... .......... .......... 89% 5.02M 0s
[22.361s]  13950K .......... .......... .......... .......... .......... 89% 55.4M 0s
[22.362s]  14000K .......... .......... .......... .......... .......... 89% 65.7M 0s
[22.384s]  14050K .......... .......... .......... .......... .......... 90% 2.22M 0s
[22.384s]  14100K .......... .......... .......... .......... .......... 90% 72.3M 0s
[22.385s]  14150K .......... .......... .......... .......... .......... 90% 54.1M 0s
[22.386s]  14200K .......... .......... .......... .......... .......... 91% 65.6M 0s
[22.387s]  14250K .......... .......... .......... .......... .......... 91% 44.7M 0s
[22.388s]  14300K .......... .......... .......... .......... .......... 91% 55.5M 0s
[22.412s]  14350K .......... .......... .......... .......... .......... 92% 2.03M 0s
[22.413s]  14400K .......... .......... .......... .......... .......... 92% 32.0M 0s
[22.414s]  14450K .......... .......... .......... .......... .......... 92% 99.8M 0s
[22.415s]  14500K .......... .......... .......... .......... .......... 93% 55.1M 0s
[22.416s]  14550K .......... .......... .......... .......... .......... 93% 62.3M 0s
[22.416s]  14600K .......... .......... .......... .......... .......... 93% 55.1M 0s
[22.420s]  14650K .......... .......... .......... .......... .......... 94% 15.8M 0s
[22.420s]  14700K .......... .......... .......... .......... .......... 94% 63.6M 0s
[22.422s]  14750K .......... .......... .......... .......... .......... 94% 38.4M 0s
[22.422s]  14800K .......... .......... .......... .......... .......... 95% 86.2M 0s
[22.423s]  14850K .......... .......... .......... .......... .......... 95% 56.3M 0s
[22.424s]  14900K .......... .......... .......... .......... .......... 95% 76.2M 0s
[22.425s]  14950K .......... .......... .......... .......... .......... 95% 51.1M 0s
[22.427s]  15000K .......... .......... .......... .......... .......... 96% 20.3M 0s
[22.452s]  15050K .......... .......... .......... .......... .......... 96% 1.94M 0s
[22.455s]  15100K .......... .......... .......... .......... .......... 96% 20.8M 0s
[22.461s]  15150K .......... .......... .......... .......... .......... 97% 7.41M 0s
[22.462s]  15200K .......... .......... .......... .......... .......... 97% 63.8M 0s
[22.471s]  15250K .......... .......... .......... .......... .......... 97% 5.45M 0s
[22.472s]  15300K .......... .......... .......... .......... .......... 98% 67.3M 0s
[22.473s]  15350K .......... .......... .......... .......... .......... 98% 53.9M 0s
[22.480s]  15400K .......... .......... .......... .......... .......... 98% 6.45M 0s
[22.481s]  15450K .......... .......... .......... .......... .......... 99% 76.5M 0s
[22.483s]  15500K .......... .......... .......... .......... .......... 99% 22.7M 0s
[22.483s]  15550K .......... .......... .......... .......... .......... 99% 98.7M 0s
[22.484s]  15600K .......... .......... .....                           100%  169M=1.5s
[22.484s] 
[22.484s] 2026-07-01 19:02:36 (10.2 MB/s) - ‘/home/safal/Desktop/unitreego2nav/build/multirobot_map_merge/2012-01-28-11-12-01.pgm’ saved [16000058/16000058]
[22.484s] 
[22.487s] Checking MD5 sum of /home/safal/Desktop/unitreego2nav/build/multirobot_map_merge/2012-01-28-11-12-01.pgm
[22.528s] /home/safal/Desktop/unitreego2nav/build/multirobot_map_merge/2012-01-28-11-12-01.pgm: OK
[22.541s] -- Found gtest sources under '/opt/ros/humble/src/gtest_vendor': C++ tests using 'Google Test' will be built
[22.545s] [0mCMake Deprecation Warning at /opt/ros/humble/src/gtest_vendor/CMakeLists.txt:2 (cmake_minimum_required):
[22.545s]   Compatibility with CMake < 3.10 will be removed from a future version of
[22.545s]   CMake.
[22.545s] 
[22.546s]   Update the VERSION argument <min> value.  Or, use the <min>...<max> syntax
[22.546s]   to tell CMake that the project requires at least <min> but has been updated
[22.546s]   to work with policies introduced by <max> or earlier.
[22.546s] 
[22.546s] [0m
[22.562s] -- Added test 'cppcheck' to perform static code analysis on C / C++ code
[22.563s] -- Configured cppcheck include dirs: /home/safal/Desktop/unitreego2nav/src/m-explore-ros2/map_merge/include;$<BUILD_INTERFACE:/home/safal/Desktop/unitreego2nav/src/m-explore-ros2/map_merge/include>
[22.563s] -- Configured cppcheck exclude dirs and/or files: 
[22.565s] -- Added test 'flake8' to check Python code syntax and style conventions
[22.566s] -- Added test 'lint_cmake' to check CMake code style
[22.567s] -- Added test 'pep257' to check Python code against some of the docstring style conventions in PEP 257
[22.571s] -- Added test 'uncrustify' to check C / C++ code style
[22.571s] -- Configured uncrustify additional arguments: 
[22.573s] -- Added test 'xmllint' to check XML markup files
[22.578s] -- Configuring done (22.1s)
[22.727s] -- Generating done (0.1s)
[22.830s] -- Build files have been written to: /home/safal/Desktop/unitreego2nav/build/multirobot_map_merge
[22.849s] Invoked command in '/home/safal/Desktop/unitreego2nav/build/multirobot_map_merge' returned '0': CMAKE_PREFIX_PATH=${CMAKE_PREFIX_PATH}:/home/safal/Desktop/unitreego2nav/install/go2_nav:/opt/ros/humble /usr/bin/cmake /home/safal/Desktop/unitreego2nav/src/m-explore-ros2/map_merge -DCMAKE_INSTALL_PREFIX=/home/safal/Desktop/unitreego2nav/install/multirobot_map_merge
[22.851s] Invoking command in '/home/safal/Desktop/unitreego2nav/build/multirobot_map_merge': CMAKE_PREFIX_PATH=${CMAKE_PREFIX_PATH}:/home/safal/Desktop/unitreego2nav/install/go2_nav:/opt/ros/humble /usr/bin/cmake --build /home/safal/Desktop/unitreego2nav/build/multirobot_map_merge -- -j8 -l8
[22.888s] [  8%] [32mBuilding CXX object gtest/CMakeFiles/gtest_main.dir/src/gtest_main.cc.o[0m
[22.888s] [ 16%] [32mBuilding CXX object CMakeFiles/combine_grids.dir/src/combine_grids/grid_warper.cpp.o[0m
[22.888s] [ 33%] [32mBuilding CXX object CMakeFiles/combine_grids.dir/src/combine_grids/grid_compositor.cpp.o[0m
[22.889s] [ 33%] [32mBuilding CXX object CMakeFiles/combine_grids.dir/src/combine_grids/merging_pipeline.cpp.o[0m
[22.890s] [ 41%] [32mBuilding CXX object gtest/CMakeFiles/gtest.dir/src/gtest-all.cc.o[0m
[25.255s] [ 50%] [1m[32mLinking CXX static library libgtest_main.a[0m
[25.356s] [ 50%] Built target gtest_main
[29.019s] [ 58%] [1m[32mLinking CXX static library libgtest.a[0m
[29.125s] [ 58%] Built target gtest
[30.036s] [ 66%] [1m[32mLinking CXX static library libcombine_grids.a[0m
[30.108s] [ 66%] Built target combine_grids
[30.122s] [ 75%] [32mBuilding CXX object CMakeFiles/test_merging_pipeline.dir/test/test_merging_pipeline.cpp.o[0m
[30.122s] [ 83%] [32mBuilding CXX object CMakeFiles/map_merge.dir/src/map_merge.cpp.o[0m
[35.850s] [ 91%] [1m[32mLinking CXX executable test_merging_pipeline[0m
[36.718s] [ 91%] Built target test_merging_pipeline
[45.842s] [100%] [1m[32mLinking CXX executable map_merge[0m
[47.058s] [100%] Built target map_merge
[47.071s] Invoked command in '/home/safal/Desktop/unitreego2nav/build/multirobot_map_merge' returned '0': CMAKE_PREFIX_PATH=${CMAKE_PREFIX_PATH}:/home/safal/Desktop/unitreego2nav/install/go2_nav:/opt/ros/humble /usr/bin/cmake --build /home/safal/Desktop/unitreego2nav/build/multirobot_map_merge -- -j8 -l8
[47.074s] Invoking command in '/home/safal/Desktop/unitreego2nav/build/multirobot_map_merge': CMAKE_PREFIX_PATH=${CMAKE_PREFIX_PATH}:/home/safal/Desktop/unitreego2nav/install/go2_nav:/opt/ros/humble /usr/bin/cmake --install /home/safal/Desktop/unitreego2nav/build/multirobot_map_merge
[47.078s] -- Install configuration: ""
[47.078s] -- Installing: /home/safal/Desktop/unitreego2nav/install/multirobot_map_merge/include/map_merge/
[47.078s] -- Installing: /home/safal/Desktop/unitreego2nav/install/multirobot_map_merge/include/map_merge//map_merge.h
[47.078s] -- Installing: /home/safal/Desktop/unitreego2nav/install/multirobot_map_merge/include/map_merge//ros1_names.hpp
[47.079s] -- Installing: /home/safal/Desktop/unitreego2nav/install/multirobot_map_merge/share/multirobot_map_merge/launch
[47.079s] -- Installing: /home/safal/Desktop/unitreego2nav/install/multirobot_map_merge/share/multirobot_map_merge/launch/from_map_server.launch.py
[47.079s] -- Installing: /home/safal/Desktop/unitreego2nav/install/multirobot_map_merge/share/multirobot_map_merge/launch/map_merge.launch.py
[47.079s] -- Installing: /home/safal/Desktop/unitreego2nav/install/multirobot_map_merge/share/multirobot_map_merge/launch/map_merge.rviz
[47.079s] -- Installing: /home/safal/Desktop/unitreego2nav/install/multirobot_map_merge/share/multirobot_map_merge/launch/tb3_simulation
[47.079s] -- Installing: /home/safal/Desktop/unitreego2nav/install/multirobot_map_merge/share/multirobot_map_merge/launch/tb3_simulation/bringup_launch.py
[47.080s] -- Installing: /home/safal/Desktop/unitreego2nav/install/multirobot_map_merge/share/multirobot_map_merge/launch/tb3_simulation/slam_toolbox.py
[47.080s] -- Installing: /home/safal/Desktop/unitreego2nav/install/multirobot_map_merge/share/multirobot_map_merge/launch/tb3_simulation/config
[47.080s] -- Installing: /home/safal/Desktop/unitreego2nav/install/multirobot_map_merge/share/multirobot_map_merge/launch/tb3_simulation/config/nav2_multirobot_params_1.yaml
[47.080s] -- Installing: /home/safal/Desktop/unitreego2nav/install/multirobot_map_merge/share/multirobot_map_merge/launch/tb3_simulation/config/nav2_multirobot_params_2.yaml
[47.080s] -- Installing: /home/safal/Desktop/unitreego2nav/install/multirobot_map_merge/share/multirobot_map_merge/launch/tb3_simulation/tb3_simulation_launch.py
[47.081s] -- Installing: /home/safal/Desktop/unitreego2nav/install/multirobot_map_merge/share/multirobot_map_merge/launch/tb3_simulation/multi_tb3_simulation_launch.py
[47.081s] -- Installing: /home/safal/Desktop/unitreego2nav/install/multirobot_map_merge/share/multirobot_map_merge/launch/tb3_simulation/worlds
[47.081s] -- Installing: /home/safal/Desktop/unitreego2nav/install/multirobot_map_merge/share/multirobot_map_merge/launch/tb3_simulation/worlds/world_only.model
[47.081s] -- Installing: /home/safal/Desktop/unitreego2nav/install/multirobot_map_merge/share/multirobot_map_merge/config
[47.081s] -- Installing: /home/safal/Desktop/unitreego2nav/install/multirobot_map_merge/share/multirobot_map_merge/config/params.yaml
[47.081s] -- Installing: /home/safal/Desktop/unitreego2nav/install/multirobot_map_merge/lib/libcombine_grids.a
[47.083s] -- Installing: /home/safal/Desktop/unitreego2nav/install/multirobot_map_merge/lib/multirobot_map_merge/map_merge
[47.091s] -- Set non-toolchain portion of runtime path of "/home/safal/Desktop/unitreego2nav/install/multirobot_map_merge/lib/multirobot_map_merge/map_merge" to ""
[47.091s] -- Installing: /home/safal/Desktop/unitreego2nav/install/multirobot_map_merge/share/multirobot_map_merge/environment/library_path.sh
[47.091s] -- Installing: /home/safal/Desktop/unitreego2nav/install/multirobot_map_merge/share/multirobot_map_merge/environment/library_path.dsv
[47.091s] -- Installing: /home/safal/Desktop/unitreego2nav/install/multirobot_map_merge/share/ament_index/resource_index/package_run_dependencies/multirobot_map_merge
[47.091s] -- Installing: /home/safal/Desktop/unitreego2nav/install/multirobot_map_merge/share/ament_index/resource_index/parent_prefix_path/multirobot_map_merge
[47.092s] -- Installing: /home/safal/Desktop/unitreego2nav/install/multirobot_map_merge/share/multirobot_map_merge/environment/ament_prefix_path.sh
[47.092s] -- Installing: /home/safal/Desktop/unitreego2nav/install/multirobot_map_merge/share/multirobot_map_merge/environment/ament_prefix_path.dsv
[47.092s] -- Installing: /home/safal/Desktop/unitreego2nav/install/multirobot_map_merge/share/multirobot_map_merge/environment/path.sh
[47.092s] -- Installing: /home/safal/Desktop/unitreego2nav/install/multirobot_map_merge/share/multirobot_map_merge/environment/path.dsv
[47.092s] -- Installing: /home/safal/Desktop/unitreego2nav/install/multirobot_map_merge/share/multirobot_map_merge/local_setup.bash
[47.092s] -- Installing: /home/safal/Desktop/unitreego2nav/install/multirobot_map_merge/share/multirobot_map_merge/local_setup.sh
[47.093s] -- Installing: /home/safal/Desktop/unitreego2nav/install/multirobot_map_merge/share/multirobot_map_merge/local_setup.zsh
[47.093s] -- Installing: /home/safal/Desktop/unitreego2nav/install/multirobot_map_merge/share/multirobot_map_merge/local_setup.dsv
[47.093s] -- Installing: /home/safal/Desktop/unitreego2nav/install/multirobot_map_merge/share/multirobot_map_merge/package.dsv
[47.093s] -- Installing: /home/safal/Desktop/unitreego2nav/install/multirobot_map_merge/share/ament_index/resource_index/packages/multirobot_map_merge
[47.093s] -- Installing: /home/safal/Desktop/unitreego2nav/install/multirobot_map_merge/share/multirobot_map_merge/cmake/ament_cmake_export_include_directories-extras.cmake
[47.093s] -- Installing: /home/safal/Desktop/unitreego2nav/install/multirobot_map_merge/share/multirobot_map_merge/cmake/ament_cmake_export_libraries-extras.cmake
[47.094s] -- Installing: /home/safal/Desktop/unitreego2nav/install/multirobot_map_merge/share/multirobot_map_merge/cmake/multirobot_map_mergeConfig.cmake
[47.094s] -- Installing: /home/safal/Desktop/unitreego2nav/install/multirobot_map_merge/share/multirobot_map_merge/cmake/multirobot_map_mergeConfig-version.cmake
[47.094s] -- Installing: /home/safal/Desktop/unitreego2nav/install/multirobot_map_merge/share/multirobot_map_merge/package.xml
[47.097s] Invoked command in '/home/safal/Desktop/unitreego2nav/build/multirobot_map_merge' returned '0': CMAKE_PREFIX_PATH=${CMAKE_PREFIX_PATH}:/home/safal/Desktop/unitreego2nav/install/go2_nav:/opt/ros/humble /usr/bin/cmake --install /home/safal/Desktop/unitreego2nav/build/multirobot_map_merge
