/home/safal/Desktop/unitreego2nav/install/go2_nav/lib/python3.10/site-packages/go2_nav/moveapicall.py
/home/safal/Desktop/unitreego2nav/install/go2_nav/lib/python3.10/site-packages/go2_nav/odomBroadcast.py
/home/safal/Desktop/unitreego2nav/install/go2_nav/lib/python3.10/site-packages/go2_nav/__init__.py
/home/safal/Desktop/unitreego2nav/install/go2_nav/lib/python3.10/site-packages/go2_nav/moveapinode.py
/home/safal/Desktop/unitreego2nav/install/go2_nav/lib/python3.10/site-packages/go2_nav/__pycache__/moveapicall.cpython-310.pyc
/home/safal/Desktop/unitreego2nav/install/go2_nav/lib/python3.10/site-packages/go2_nav/__pycache__/odomBroadcast.cpython-310.pyc
/home/safal/Desktop/unitreego2nav/install/go2_nav/lib/python3.10/site-packages/go2_nav/__pycache__/__init__.cpython-310.pyc
/home/safal/Desktop/unitreego2nav/install/go2_nav/lib/python3.10/site-packages/go2_nav/__pycache__/moveapinode.cpython-310.pyc
/home/safal/Desktop/unitreego2nav/install/go2_nav/share/ament_index/resource_index/packages/go2_nav
/home/safal/Desktop/unitreego2nav/install/go2_nav/share/go2_nav/package.xml
/home/safal/Desktop/unitreego2nav/install/go2_nav/share/go2_nav/launch/slam_explore_sim.launch.py
/home/safal/Desktop/unitreego2nav/install/go2_nav/share/go2_nav/launch/explore_slam_sim.launch.py
/home/safal/Desktop/unitreego2nav/install/go2_nav/share/go2_nav/launch/navigatio.launch.py
/home/safal/Desktop/unitreego2nav/install/go2_nav/share/go2_nav/config/nav2_slam_params.yaml
/home/safal/Desktop/unitreego2nav/install/go2_nav/share/go2_nav/config/nav2_params.yaml
/home/safal/Desktop/unitreego2nav/install/go2_nav/share/go2_nav/config/explore_lite_params.yaml
/home/safal/Desktop/unitreego2nav/install/go2_nav/share/go2_nav/maps/rtabmap.db
/home/safal/Desktop/unitreego2nav/install/go2_nav/share/go2_nav/maps/rtabmap.pgm
/home/safal/Desktop/unitreego2nav/install/go2_nav/share/go2_nav/maps/rtabmap.yaml
/home/safal/Desktop/unitreego2nav/install/go2_nav/lib/python3.10/site-packages/go2_nav-0.0.0-py3.10.egg-info/SOURCES.txt
/home/safal/Desktop/unitreego2nav/install/go2_nav/lib/python3.10/site-packages/go2_nav-0.0.0-py3.10.egg-info/dependency_links.txt
/home/safal/Desktop/unitreego2nav/install/go2_nav/lib/python3.10/site-packages/go2_nav-0.0.0-py3.10.egg-info/top_level.txt
/home/safal/Desktop/unitreego2nav/install/go2_nav/lib/python3.10/site-packages/go2_nav-0.0.0-py3.10.egg-info/requires.txt
/home/safal/Desktop/unitreego2nav/install/go2_nav/lib/python3.10/site-packages/go2_nav-0.0.0-py3.10.egg-info/PKG-INFO
/home/safal/Desktop/unitreego2nav/install/go2_nav/lib/python3.10/site-packages/go2_nav-0.0.0-py3.10.egg-info/zip-safe
/home/safal/Desktop/unitreego2nav/install/go2_nav/lib/python3.10/site-packages/go2_nav-0.0.0-py3.10.egg-info/entry_points.txt
/home/safal/Desktop/unitreego2nav/install/go2_nav/lib/go2_nav/go2_sport_bridge
/home/safal/Desktop/unitreego2nav/install/go2_nav/lib/go2_nav/odom_broadcast
