[1.444s] Invoking command in '/workspace/src/go2_nav': PYTHONPATH=/workspace/build/go2_nav/prefix_override:/usr/lib/python3/dist-packages/colcon_core/task/python/colcon_distutils_commands:/workspace/install/go2_nav/lib/python3.10/site-packages:${PYTHONPATH} /usr/bin/python3 -W ignore:setup.py install is deprecated -W ignore:easy_install command is deprecated setup.py egg_info --egg-base ../../build/go2_nav build --build-base /workspace/build/go2_nav/build install --record /workspace/build/go2_nav/install.log --install-scripts $base/lib/go2_nav --single-version-externally-managed install_data
[1.778s] running egg_info
[1.780s] writing ../../build/go2_nav/go2_nav.egg-info/PKG-INFO
[1.780s] writing dependency_links to ../../build/go2_nav/go2_nav.egg-info/dependency_links.txt
[1.780s] writing entry points to ../../build/go2_nav/go2_nav.egg-info/entry_points.txt
[1.781s] writing requirements to ../../build/go2_nav/go2_nav.egg-info/requires.txt
[1.781s] writing top-level names to ../../build/go2_nav/go2_nav.egg-info/top_level.txt
[1.784s] reading manifest file '../../build/go2_nav/go2_nav.egg-info/SOURCES.txt'
[1.786s] writing manifest file '../../build/go2_nav/go2_nav.egg-info/SOURCES.txt'
[1.786s] running build
[1.786s] running build_py
[1.788s] running install
[1.788s] running install_lib
[1.791s] running install_data
[1.792s] running install_egg_info
[1.796s] removing '/workspace/install/go2_nav/lib/python3.10/site-packages/go2_nav-0.0.0-py3.10.egg-info' (and everything under it)
[1.796s] Copying ../../build/go2_nav/go2_nav.egg-info to /workspace/install/go2_nav/lib/python3.10/site-packages/go2_nav-0.0.0-py3.10.egg-info
[1.798s] running install_scripts
[1.835s] Installing go2_sport_bridge script to /workspace/install/go2_nav/lib/go2_nav
[1.836s] Installing odom_broadcast script to /workspace/install/go2_nav/lib/go2_nav
[1.836s] Installing restamp_node script to /workspace/install/go2_nav/lib/go2_nav
[1.837s] writing list of installed files to '/workspace/build/go2_nav/install.log'
[1.912s] Invoked command in '/workspace/src/go2_nav' returned '0': PYTHONPATH=/workspace/build/go2_nav/prefix_override:/usr/lib/python3/dist-packages/colcon_core/task/python/colcon_distutils_commands:/workspace/install/go2_nav/lib/python3.10/site-packages:${PYTHONPATH} /usr/bin/python3 -W ignore:setup.py install is deprecated -W ignore:easy_install command is deprecated setup.py egg_info --egg-base ../../build/go2_nav build --build-base /workspace/build/go2_nav/build install --record /workspace/build/go2_nav/install.log --install-scripts $base/lib/go2_nav --single-version-externally-managed install_data
